Traceback (most recent call last):
  File "/home/rhobtor/PHD/ARGOJ8_IA/ARGOSJ8_IA_/src/test_gui_j8/src/j8_gui/setup.py", line 1, in <module>
    from setuptools import find_packages, setup
  File "/home/rhobtor/.local/lib/python3.10/site-packages/setuptools/__init__.py", line 26, in <module>
    from .dist import Distribution
  File "/home/rhobtor/.local/lib/python3.10/site-packages/setuptools/dist.py", line 20, in <module>
    from . import (
  File "/home/rhobtor/.local/lib/python3.10/site-packages/setuptools/_entry_points.py", line 6, in <module>
    from jaraco.text import yield_lines
  File "/home/rhobtor/.local/lib/python3.10/site-packages/setuptools/_vendor/jaraco/text/__init__.py", line 12, in <module>
    from jaraco.context import ExceptionTrap
  File "/home/rhobtor/.local/lib/python3.10/site-packages/setuptools/_vendor/jaraco/context.py", line 11, in <module>
    import urllib.request
  File "/usr/lib/python3.10/urllib/request.py", line 88, in <module>
    import http.client
  File "/usr/lib/python3.10/http/__init__.py", line 6, in <module>
    class HTTPStatus(IntEnum):
  File "/usr/lib/python3.10/enum.py", line 302, in __new__
    if canonical_member._value_ == enum_member._value_:
KeyboardInterrupt
