[0.324s] Invoking command in '/home/rhobtor/PHD/ARGOSJ8_IA/ARGOSJ8_IA_/build/fixposition_driver_ros2': CMAKE_PREFIX_PATH=/home/rhobtor/PHD/ARGOSJ8_IA/ARGOSJ8_IA_/install/fixposition_driver_lib:/home/rhobtor/PHD/ARGOSJ8_IA/ARGOSJ8_IA_/install/fixposition_gnss_tf:/home/rhobtor/reactive/Reactive-Navegation/workspace_full_conected/install/octomap_mapping:/home/rhobtor/reactive/Reactive-Navegation/workspace_full_conected/install/octomap_server:/home/rhobtor/reactive/Reactive-Navegation/workspace_full_conected/install/octomap_rviz_plugins:/home/rhobtor/reactive/Reactive-Navegation/workspace_full_conected/install/hector_gazebo_plugins:/home/rhobtor/reactive/Reactive-Navegation/workspace_full_conected/install/car_cpp:/home/rhobtor/reactive/Reactive-Navegation/workspace_full_conected/install/car_interfaces:/home/rhobtor/reactive/Reactive-Navegation/workspace_full_conected/install/car:/opt/ros/humble LD_LIBRARY_PATH=/home/rhobtor/PHD/ARGOSJ8_IA/ARGOSJ8_IA_/install/fixposition_driver_lib/lib:/home/rhobtor/PHD/ARGOSJ8_IA/ARGOSJ8_IA_/install/fixposition_gnss_tf/lib:${LD_LIBRARY_PATH} PKG_CONFIG_PATH=/home/rhobtor/PHD/ARGOSJ8_IA/ARGOSJ8_IA_/install/fixposition_driver_lib/lib/x86_64-linux-gnu/pkgconfig:/home/rhobtor/PHD/ARGOSJ8_IA/ARGOSJ8_IA_/install/fixposition_driver_lib/lib/pkgconfig:/home/rhobtor/PHD/ARGOSJ8_IA/ARGOSJ8_IA_/install/fixposition_gnss_tf/lib/x86_64-linux-gnu/pkgconfig:/home/rhobtor/PHD/ARGOSJ8_IA/ARGOSJ8_IA_/install/fixposition_gnss_tf/lib/pkgconfig /usr/bin/cmake --build /home/rhobtor/PHD/ARGOSJ8_IA/ARGOSJ8_IA_/build/fixposition_driver_ros2 -- -j20 -l20
[0.704s] [  2%] Built target fixposition_driver_ros2__rs
[0.751s] [  4%] Built target fixposition_driver_ros2__cpp
[0.784s] [ 13%] Built target fixposition_driver_ros2__rosidl_generator_c
[0.822s] [ 22%] Built target fixposition_driver_ros2__rosidl_typesupport_cpp
[0.900s] [ 31%] Built target fixposition_driver_ros2__rosidl_typesupport_fastrtps_cpp
[0.926s] [ 40%] Built target fixposition_driver_ros2__rosidl_typesupport_c
[0.928s] [ 50%] Built target fixposition_driver_ros2__rosidl_typesupport_introspection_c
[0.936s] [ 50%] Built target ament_cmake_python_copy_fixposition_driver_ros2
[0.992s] [35m[1mConsolidate compiler generated dependencies of target fixposition_driver_ros2_exec[0m
[1.012s] [ 59%] Built target fixposition_driver_ros2_exec
[1.034s] [ 68%] Built target fixposition_driver_ros2__rosidl_typesupport_introspection_cpp
[1.047s] [ 77%] Built target fixposition_driver_ros2__rosidl_typesupport_fastrtps_c
[1.093s] [ 77%] Built target fixposition_driver_ros2
[1.116s] running egg_info
[1.126s] writing fixposition_driver_ros2.egg-info/PKG-INFO
[1.126s] writing dependency_links to fixposition_driver_ros2.egg-info/dependency_links.txt
[1.126s] writing top-level names to fixposition_driver_ros2.egg-info/top_level.txt
[1.152s] [ 79%] Built target fixposition_driver_ros2__py
[1.155s] reading manifest file 'fixposition_driver_ros2.egg-info/SOURCES.txt'
[1.155s] writing manifest file 'fixposition_driver_ros2.egg-info/SOURCES.txt'
[1.174s] [ 79%] Built target ament_cmake_python_build_fixposition_driver_ros2_egg
[1.256s] [ 86%] Built target fixposition_driver_ros2__rosidl_generator_py
[1.453s] [ 90%] Built target fixposition_driver_ros2__rosidl_typesupport_c__pyext
[1.504s] [ 95%] Built target fixposition_driver_ros2__rosidl_typesupport_introspection_c__pyext
[1.541s] [100%] Built target fixposition_driver_ros2__rosidl_typesupport_fastrtps_c__pyext
[1.550s] Invoked command in '/home/rhobtor/PHD/ARGOSJ8_IA/ARGOSJ8_IA_/build/fixposition_driver_ros2' returned '0': CMAKE_PREFIX_PATH=/home/rhobtor/PHD/ARGOSJ8_IA/ARGOSJ8_IA_/install/fixposition_driver_lib:/home/rhobtor/PHD/ARGOSJ8_IA/ARGOSJ8_IA_/install/fixposition_gnss_tf:/home/rhobtor/reactive/Reactive-Navegation/workspace_full_conected/install/octomap_mapping:/home/rhobtor/reactive/Reactive-Navegation/workspace_full_conected/install/octomap_server:/home/rhobtor/reactive/Reactive-Navegation/workspace_full_conected/install/octomap_rviz_plugins:/home/rhobtor/reactive/Reactive-Navegation/workspace_full_conected/install/hector_gazebo_plugins:/home/rhobtor/reactive/Reactive-Navegation/workspace_full_conected/install/car_cpp:/home/rhobtor/reactive/Reactive-Navegation/workspace_full_conected/install/car_interfaces:/home/rhobtor/reactive/Reactive-Navegation/workspace_full_conected/install/car:/opt/ros/humble LD_LIBRARY_PATH=/home/rhobtor/PHD/ARGOSJ8_IA/ARGOSJ8_IA_/install/fixposition_driver_lib/lib:/home/rhobtor/PHD/ARGOSJ8_IA/ARGOSJ8_IA_/install/fixposition_gnss_tf/lib:${LD_LIBRARY_PATH} PKG_CONFIG_PATH=/home/rhobtor/PHD/ARGOSJ8_IA/ARGOSJ8_IA_/install/fixposition_driver_lib/lib/x86_64-linux-gnu/pkgconfig:/home/rhobtor/PHD/ARGOSJ8_IA/ARGOSJ8_IA_/install/fixposition_driver_lib/lib/pkgconfig:/home/rhobtor/PHD/ARGOSJ8_IA/ARGOSJ8_IA_/install/fixposition_gnss_tf/lib/x86_64-linux-gnu/pkgconfig:/home/rhobtor/PHD/ARGOSJ8_IA/ARGOSJ8_IA_/install/fixposition_gnss_tf/lib/pkgconfig /usr/bin/cmake --build /home/rhobtor/PHD/ARGOSJ8_IA/ARGOSJ8_IA_/build/fixposition_driver_ros2 -- -j20 -l20
[1.551s] Invoking command in '/home/rhobtor/PHD/ARGOSJ8_IA/ARGOSJ8_IA_/build/fixposition_driver_ros2': CMAKE_PREFIX_PATH=/home/rhobtor/PHD/ARGOSJ8_IA/ARGOSJ8_IA_/install/fixposition_driver_lib:/home/rhobtor/PHD/ARGOSJ8_IA/ARGOSJ8_IA_/install/fixposition_gnss_tf:/home/rhobtor/reactive/Reactive-Navegation/workspace_full_conected/install/octomap_mapping:/home/rhobtor/reactive/Reactive-Navegation/workspace_full_conected/install/octomap_server:/home/rhobtor/reactive/Reactive-Navegation/workspace_full_conected/install/octomap_rviz_plugins:/home/rhobtor/reactive/Reactive-Navegation/workspace_full_conected/install/hector_gazebo_plugins:/home/rhobtor/reactive/Reactive-Navegation/workspace_full_conected/install/car_cpp:/home/rhobtor/reactive/Reactive-Navegation/workspace_full_conected/install/car_interfaces:/home/rhobtor/reactive/Reactive-Navegation/workspace_full_conected/install/car:/opt/ros/humble LD_LIBRARY_PATH=/home/rhobtor/PHD/ARGOSJ8_IA/ARGOSJ8_IA_/install/fixposition_driver_lib/lib:/home/rhobtor/PHD/ARGOSJ8_IA/ARGOSJ8_IA_/install/fixposition_gnss_tf/lib:${LD_LIBRARY_PATH} PKG_CONFIG_PATH=/home/rhobtor/PHD/ARGOSJ8_IA/ARGOSJ8_IA_/install/fixposition_driver_lib/lib/x86_64-linux-gnu/pkgconfig:/home/rhobtor/PHD/ARGOSJ8_IA/ARGOSJ8_IA_/install/fixposition_driver_lib/lib/pkgconfig:/home/rhobtor/PHD/ARGOSJ8_IA/ARGOSJ8_IA_/install/fixposition_gnss_tf/lib/x86_64-linux-gnu/pkgconfig:/home/rhobtor/PHD/ARGOSJ8_IA/ARGOSJ8_IA_/install/fixposition_gnss_tf/lib/pkgconfig /usr/bin/cmake --install /home/rhobtor/PHD/ARGOSJ8_IA/ARGOSJ8_IA_/build/fixposition_driver_ros2
[1.557s] -- Install configuration: "Release"
[1.557s] -- Up-to-date: /home/rhobtor/PHD/ARGOSJ8_IA/ARGOSJ8_IA_/install/fixposition_driver_ros2/share/ament_index/resource_index/rosidl_interfaces/fixposition_driver_ros2
[1.557s] -- Up-to-date: /home/rhobtor/PHD/ARGOSJ8_IA/ARGOSJ8_IA_/install/fixposition_driver_ros2/include/fixposition_driver_ros2/fixposition_driver_ros2
[1.557s] -- Up-to-date: /home/rhobtor/PHD/ARGOSJ8_IA/ARGOSJ8_IA_/install/fixposition_driver_ros2/include/fixposition_driver_ros2/fixposition_driver_ros2/msg
[1.557s] -- Up-to-date: /home/rhobtor/PHD/ARGOSJ8_IA/ARGOSJ8_IA_/install/fixposition_driver_ros2/include/fixposition_driver_ros2/fixposition_driver_ros2/msg/speed.h
[1.557s] -- Up-to-date: /home/rhobtor/PHD/ARGOSJ8_IA/ARGOSJ8_IA_/install/fixposition_driver_ros2/include/fixposition_driver_ros2/fixposition_driver_ros2/msg/rosidl_generator_c__visibility_control.h
[1.558s] -- Up-to-date: /home/rhobtor/PHD/ARGOSJ8_IA/ARGOSJ8_IA_/install/fixposition_driver_ros2/include/fixposition_driver_ros2/fixposition_driver_ros2/msg/vrtk.h
[1.558s] -- Up-to-date: /home/rhobtor/PHD/ARGOSJ8_IA/ARGOSJ8_IA_/install/fixposition_driver_ros2/include/fixposition_driver_ros2/fixposition_driver_ros2/msg/detail
[1.558s] -- Up-to-date: /home/rhobtor/PHD/ARGOSJ8_IA/ARGOSJ8_IA_/install/fixposition_driver_ros2/include/fixposition_driver_ros2/fixposition_driver_ros2/msg/detail/vrtk__functions.c
[1.558s] -- Up-to-date: /home/rhobtor/PHD/ARGOSJ8_IA/ARGOSJ8_IA_/install/fixposition_driver_ros2/include/fixposition_driver_ros2/fixposition_driver_ros2/msg/detail/speed__struct.h
[1.558s] -- Up-to-date: /home/rhobtor/PHD/ARGOSJ8_IA/ARGOSJ8_IA_/install/fixposition_driver_ros2/include/fixposition_driver_ros2/fixposition_driver_ros2/msg/detail/speed__functions.c
[1.558s] -- Up-to-date: /home/rhobtor/PHD/ARGOSJ8_IA/ARGOSJ8_IA_/install/fixposition_driver_ros2/include/fixposition_driver_ros2/fixposition_driver_ros2/msg/detail/speed__type_support.h
[1.558s] -- Up-to-date: /home/rhobtor/PHD/ARGOSJ8_IA/ARGOSJ8_IA_/install/fixposition_driver_ros2/include/fixposition_driver_ros2/fixposition_driver_ros2/msg/detail/vrtk__type_support.h
[1.558s] -- Up-to-date: /home/rhobtor/PHD/ARGOSJ8_IA/ARGOSJ8_IA_/install/fixposition_driver_ros2/include/fixposition_driver_ros2/fixposition_driver_ros2/msg/detail/vrtk__functions.h
[1.558s] -- Up-to-date: /home/rhobtor/PHD/ARGOSJ8_IA/ARGOSJ8_IA_/install/fixposition_driver_ros2/include/fixposition_driver_ros2/fixposition_driver_ros2/msg/detail/vrtk__struct.h
[1.558s] -- Up-to-date: /home/rhobtor/PHD/ARGOSJ8_IA/ARGOSJ8_IA_/install/fixposition_driver_ros2/include/fixposition_driver_ros2/fixposition_driver_ros2/msg/detail/speed__functions.h
[1.558s] -- Up-to-date: /home/rhobtor/PHD/ARGOSJ8_IA/ARGOSJ8_IA_/install/fixposition_driver_ros2/share/fixposition_driver_ros2/environment/library_path.sh
[1.558s] -- Up-to-date: /home/rhobtor/PHD/ARGOSJ8_IA/ARGOSJ8_IA_/install/fixposition_driver_ros2/share/fixposition_driver_ros2/environment/library_path.dsv
[1.558s] -- Up-to-date: /home/rhobtor/PHD/ARGOSJ8_IA/ARGOSJ8_IA_/install/fixposition_driver_ros2/lib/libfixposition_driver_ros2__rosidl_generator_c.so
[1.559s] -- Up-to-date: /home/rhobtor/PHD/ARGOSJ8_IA/ARGOSJ8_IA_/install/fixposition_driver_ros2/include/fixposition_driver_ros2/fixposition_driver_ros2
[1.559s] -- Up-to-date: /home/rhobtor/PHD/ARGOSJ8_IA/ARGOSJ8_IA_/install/fixposition_driver_ros2/include/fixposition_driver_ros2/fixposition_driver_ros2/msg
[1.559s] -- Up-to-date: /home/rhobtor/PHD/ARGOSJ8_IA/ARGOSJ8_IA_/install/fixposition_driver_ros2/include/fixposition_driver_ros2/fixposition_driver_ros2/msg/rosidl_typesupport_fastrtps_c__visibility_control.h
[1.559s] -- Up-to-date: /home/rhobtor/PHD/ARGOSJ8_IA/ARGOSJ8_IA_/install/fixposition_driver_ros2/include/fixposition_driver_ros2/fixposition_driver_ros2/msg/detail
[1.559s] -- Up-to-date: /home/rhobtor/PHD/ARGOSJ8_IA/ARGOSJ8_IA_/install/fixposition_driver_ros2/include/fixposition_driver_ros2/fixposition_driver_ros2/msg/detail/vrtk__rosidl_typesupport_fastrtps_c.h
[1.559s] -- Up-to-date: /home/rhobtor/PHD/ARGOSJ8_IA/ARGOSJ8_IA_/install/fixposition_driver_ros2/include/fixposition_driver_ros2/fixposition_driver_ros2/msg/detail/speed__rosidl_typesupport_fastrtps_c.h
[1.559s] -- Up-to-date: /home/rhobtor/PHD/ARGOSJ8_IA/ARGOSJ8_IA_/install/fixposition_driver_ros2/lib/libfixposition_driver_ros2__rosidl_typesupport_fastrtps_c.so
[1.559s] -- Up-to-date: /home/rhobtor/PHD/ARGOSJ8_IA/ARGOSJ8_IA_/install/fixposition_driver_ros2/include/fixposition_driver_ros2/fixposition_driver_ros2
[1.559s] -- Up-to-date: /home/rhobtor/PHD/ARGOSJ8_IA/ARGOSJ8_IA_/install/fixposition_driver_ros2/include/fixposition_driver_ros2/fixposition_driver_ros2/msg
[1.559s] -- Up-to-date: /home/rhobtor/PHD/ARGOSJ8_IA/ARGOSJ8_IA_/install/fixposition_driver_ros2/include/fixposition_driver_ros2/fixposition_driver_ros2/msg/vrtk.hpp
[1.559s] -- Up-to-date: /home/rhobtor/PHD/ARGOSJ8_IA/ARGOSJ8_IA_/install/fixposition_driver_ros2/include/fixposition_driver_ros2/fixposition_driver_ros2/msg/detail
[1.559s] -- Up-to-date: /home/rhobtor/PHD/ARGOSJ8_IA/ARGOSJ8_IA_/install/fixposition_driver_ros2/include/fixposition_driver_ros2/fixposition_driver_ros2/msg/detail/speed__struct.hpp
[1.559s] -- Up-to-date: /home/rhobtor/PHD/ARGOSJ8_IA/ARGOSJ8_IA_/install/fixposition_driver_ros2/include/fixposition_driver_ros2/fixposition_driver_ros2/msg/detail/vrtk__builder.hpp
[1.559s] -- Up-to-date: /home/rhobtor/PHD/ARGOSJ8_IA/ARGOSJ8_IA_/install/fixposition_driver_ros2/include/fixposition_driver_ros2/fixposition_driver_ros2/msg/detail/vrtk__type_support.hpp
[1.559s] -- Up-to-date: /home/rhobtor/PHD/ARGOSJ8_IA/ARGOSJ8_IA_/install/fixposition_driver_ros2/include/fixposition_driver_ros2/fixposition_driver_ros2/msg/detail/vrtk__struct.hpp
[1.560s] -- Up-to-date: /home/rhobtor/PHD/ARGOSJ8_IA/ARGOSJ8_IA_/install/fixposition_driver_ros2/include/fixposition_driver_ros2/fixposition_driver_ros2/msg/detail/speed__type_support.hpp
[1.560s] -- Up-to-date: /home/rhobtor/PHD/ARGOSJ8_IA/ARGOSJ8_IA_/install/fixposition_driver_ros2/include/fixposition_driver_ros2/fixposition_driver_ros2/msg/detail/vrtk__traits.hpp
[1.560s] -- Up-to-date: /home/rhobtor/PHD/ARGOSJ8_IA/ARGOSJ8_IA_/install/fixposition_driver_ros2/include/fixposition_driver_ros2/fixposition_driver_ros2/msg/detail/speed__builder.hpp
[1.560s] -- Up-to-date: /home/rhobtor/PHD/ARGOSJ8_IA/ARGOSJ8_IA_/install/fixposition_driver_ros2/include/fixposition_driver_ros2/fixposition_driver_ros2/msg/detail/speed__traits.hpp
[1.560s] -- Up-to-date: /home/rhobtor/PHD/ARGOSJ8_IA/ARGOSJ8_IA_/install/fixposition_driver_ros2/include/fixposition_driver_ros2/fixposition_driver_ros2/msg/rosidl_generator_cpp__visibility_control.hpp
[1.560s] -- Up-to-date: /home/rhobtor/PHD/ARGOSJ8_IA/ARGOSJ8_IA_/install/fixposition_driver_ros2/include/fixposition_driver_ros2/fixposition_driver_ros2/msg/speed.hpp
[1.560s] -- Up-to-date: /home/rhobtor/PHD/ARGOSJ8_IA/ARGOSJ8_IA_/install/fixposition_driver_ros2/include/fixposition_driver_ros2/fixposition_driver_ros2
[1.560s] -- Up-to-date: /home/rhobtor/PHD/ARGOSJ8_IA/ARGOSJ8_IA_/install/fixposition_driver_ros2/include/fixposition_driver_ros2/fixposition_driver_ros2/msg
[1.560s] -- Up-to-date: /home/rhobtor/PHD/ARGOSJ8_IA/ARGOSJ8_IA_/install/fixposition_driver_ros2/include/fixposition_driver_ros2/fixposition_driver_ros2/msg/rosidl_typesupport_fastrtps_cpp__visibility_control.h
[1.560s] -- Up-to-date: /home/rhobtor/PHD/ARGOSJ8_IA/ARGOSJ8_IA_/install/fixposition_driver_ros2/include/fixposition_driver_ros2/fixposition_driver_ros2/msg/detail
[1.560s] -- Up-to-date: /home/rhobtor/PHD/ARGOSJ8_IA/ARGOSJ8_IA_/install/fixposition_driver_ros2/include/fixposition_driver_ros2/fixposition_driver_ros2/msg/detail/speed__rosidl_typesupport_fastrtps_cpp.hpp
[1.560s] -- Up-to-date: /home/rhobtor/PHD/ARGOSJ8_IA/ARGOSJ8_IA_/install/fixposition_driver_ros2/include/fixposition_driver_ros2/fixposition_driver_ros2/msg/detail/dds_fastrtps
[1.560s] -- Up-to-date: /home/rhobtor/PHD/ARGOSJ8_IA/ARGOSJ8_IA_/install/fixposition_driver_ros2/include/fixposition_driver_ros2/fixposition_driver_ros2/msg/detail/vrtk__rosidl_typesupport_fastrtps_cpp.hpp
[1.560s] -- Up-to-date: /home/rhobtor/PHD/ARGOSJ8_IA/ARGOSJ8_IA_/install/fixposition_driver_ros2/lib/libfixposition_driver_ros2__rosidl_typesupport_fastrtps_cpp.so
[1.561s] -- Up-to-date: /home/rhobtor/PHD/ARGOSJ8_IA/ARGOSJ8_IA_/install/fixposition_driver_ros2/include/fixposition_driver_ros2/fixposition_driver_ros2
[1.561s] -- Up-to-date: /home/rhobtor/PHD/ARGOSJ8_IA/ARGOSJ8_IA_/install/fixposition_driver_ros2/include/fixposition_driver_ros2/fixposition_driver_ros2/msg
[1.561s] -- Up-to-date: /home/rhobtor/PHD/ARGOSJ8_IA/ARGOSJ8_IA_/install/fixposition_driver_ros2/include/fixposition_driver_ros2/fixposition_driver_ros2/msg/rosidl_typesupport_introspection_c__visibility_control.h
[1.561s] -- Up-to-date: /home/rhobtor/PHD/ARGOSJ8_IA/ARGOSJ8_IA_/install/fixposition_driver_ros2/include/fixposition_driver_ros2/fixposition_driver_ros2/msg/detail
[1.561s] -- Up-to-date: /home/rhobtor/PHD/ARGOSJ8_IA/ARGOSJ8_IA_/install/fixposition_driver_ros2/include/fixposition_driver_ros2/fixposition_driver_ros2/msg/detail/speed__rosidl_typesupport_introspection_c.h
[1.561s] -- Up-to-date: /home/rhobtor/PHD/ARGOSJ8_IA/ARGOSJ8_IA_/install/fixposition_driver_ros2/include/fixposition_driver_ros2/fixposition_driver_ros2/msg/detail/vrtk__type_support.c
[1.561s] -- Up-to-date: /home/rhobtor/PHD/ARGOSJ8_IA/ARGOSJ8_IA_/install/fixposition_driver_ros2/include/fixposition_driver_ros2/fixposition_driver_ros2/msg/detail/speed__type_support.c
[1.561s] -- Up-to-date: /home/rhobtor/PHD/ARGOSJ8_IA/ARGOSJ8_IA_/install/fixposition_driver_ros2/include/fixposition_driver_ros2/fixposition_driver_ros2/msg/detail/vrtk__rosidl_typesupport_introspection_c.h
[1.561s] -- Up-to-date: /home/rhobtor/PHD/ARGOSJ8_IA/ARGOSJ8_IA_/install/fixposition_driver_ros2/lib/libfixposition_driver_ros2__rosidl_typesupport_introspection_c.so
[1.561s] -- Up-to-date: /home/rhobtor/PHD/ARGOSJ8_IA/ARGOSJ8_IA_/install/fixposition_driver_ros2/lib/libfixposition_driver_ros2__rosidl_typesupport_c.so
[1.561s] -- Up-to-date: /home/rhobtor/PHD/ARGOSJ8_IA/ARGOSJ8_IA_/install/fixposition_driver_ros2/include/fixposition_driver_ros2/fixposition_driver_ros2
[1.561s] -- Up-to-date: /home/rhobtor/PHD/ARGOSJ8_IA/ARGOSJ8_IA_/install/fixposition_driver_ros2/include/fixposition_driver_ros2/fixposition_driver_ros2/msg
[1.561s] -- Up-to-date: /home/rhobtor/PHD/ARGOSJ8_IA/ARGOSJ8_IA_/install/fixposition_driver_ros2/include/fixposition_driver_ros2/fixposition_driver_ros2/msg/detail
[1.561s] -- Up-to-date: /home/rhobtor/PHD/ARGOSJ8_IA/ARGOSJ8_IA_/install/fixposition_driver_ros2/include/fixposition_driver_ros2/fixposition_driver_ros2/msg/detail/speed__rosidl_typesupport_introspection_cpp.hpp
[1.561s] -- Up-to-date: /home/rhobtor/PHD/ARGOSJ8_IA/ARGOSJ8_IA_/install/fixposition_driver_ros2/include/fixposition_driver_ros2/fixposition_driver_ros2/msg/detail/vrtk__type_support.cpp
[1.561s] -- Up-to-date: /home/rhobtor/PHD/ARGOSJ8_IA/ARGOSJ8_IA_/install/fixposition_driver_ros2/include/fixposition_driver_ros2/fixposition_driver_ros2/msg/detail/speed__type_support.cpp
[1.561s] -- Up-to-date: /home/rhobtor/PHD/ARGOSJ8_IA/ARGOSJ8_IA_/install/fixposition_driver_ros2/include/fixposition_driver_ros2/fixposition_driver_ros2/msg/detail/vrtk__rosidl_typesupport_introspection_cpp.hpp
[1.561s] -- Up-to-date: /home/rhobtor/PHD/ARGOSJ8_IA/ARGOSJ8_IA_/install/fixposition_driver_ros2/lib/libfixposition_driver_ros2__rosidl_typesupport_introspection_cpp.so
[1.561s] -- Up-to-date: /home/rhobtor/PHD/ARGOSJ8_IA/ARGOSJ8_IA_/install/fixposition_driver_ros2/lib/libfixposition_driver_ros2__rosidl_typesupport_cpp.so
[1.561s] -- Up-to-date: /home/rhobtor/PHD/ARGOSJ8_IA/ARGOSJ8_IA_/install/fixposition_driver_ros2/share/fixposition_driver_ros2/environment/pythonpath.sh
[1.561s] -- Up-to-date: /home/rhobtor/PHD/ARGOSJ8_IA/ARGOSJ8_IA_/install/fixposition_driver_ros2/share/fixposition_driver_ros2/environment/pythonpath.dsv
[1.561s] -- Up-to-date: /home/rhobtor/PHD/ARGOSJ8_IA/ARGOSJ8_IA_/install/fixposition_driver_ros2/local/lib/python3.10/dist-packages/fixposition_driver_ros2-5.0.0-py3.10.egg-info
[1.561s] -- Installing: /home/rhobtor/PHD/ARGOSJ8_IA/ARGOSJ8_IA_/install/fixposition_driver_ros2/local/lib/python3.10/dist-packages/fixposition_driver_ros2-5.0.0-py3.10.egg-info/dependency_links.txt
[1.561s] -- Installing: /home/rhobtor/PHD/ARGOSJ8_IA/ARGOSJ8_IA_/install/fixposition_driver_ros2/local/lib/python3.10/dist-packages/fixposition_driver_ros2-5.0.0-py3.10.egg-info/top_level.txt
[1.561s] -- Installing: /home/rhobtor/PHD/ARGOSJ8_IA/ARGOSJ8_IA_/install/fixposition_driver_ros2/local/lib/python3.10/dist-packages/fixposition_driver_ros2-5.0.0-py3.10.egg-info/PKG-INFO
[1.561s] -- Installing: /home/rhobtor/PHD/ARGOSJ8_IA/ARGOSJ8_IA_/install/fixposition_driver_ros2/local/lib/python3.10/dist-packages/fixposition_driver_ros2-5.0.0-py3.10.egg-info/SOURCES.txt
[1.561s] -- Up-to-date: /home/rhobtor/PHD/ARGOSJ8_IA/ARGOSJ8_IA_/install/fixposition_driver_ros2/local/lib/python3.10/dist-packages/fixposition_driver_ros2
[1.561s] -- Up-to-date: /home/rhobtor/PHD/ARGOSJ8_IA/ARGOSJ8_IA_/install/fixposition_driver_ros2/local/lib/python3.10/dist-packages/fixposition_driver_ros2/_fixposition_driver_ros2_s.ep.rosidl_typesupport_c.c
[1.561s] -- Up-to-date: /home/rhobtor/PHD/ARGOSJ8_IA/ARGOSJ8_IA_/install/fixposition_driver_ros2/local/lib/python3.10/dist-packages/fixposition_driver_ros2/__init__.py
[1.561s] -- Up-to-date: /home/rhobtor/PHD/ARGOSJ8_IA/ARGOSJ8_IA_/install/fixposition_driver_ros2/local/lib/python3.10/dist-packages/fixposition_driver_ros2/fixposition_driver_ros2_s__rosidl_typesupport_introspection_c.cpython-310-x86_64-linux-gnu.so
[1.561s] -- Up-to-date: /home/rhobtor/PHD/ARGOSJ8_IA/ARGOSJ8_IA_/install/fixposition_driver_ros2/local/lib/python3.10/dist-packages/fixposition_driver_ros2/_fixposition_driver_ros2_s.ep.rosidl_typesupport_introspection_c.c
[1.561s] -- Up-to-date: /home/rhobtor/PHD/ARGOSJ8_IA/ARGOSJ8_IA_/install/fixposition_driver_ros2/local/lib/python3.10/dist-packages/fixposition_driver_ros2/_fixposition_driver_ros2_s.ep.rosidl_typesupport_fastrtps_c.c
[1.561s] -- Up-to-date: /home/rhobtor/PHD/ARGOSJ8_IA/ARGOSJ8_IA_/install/fixposition_driver_ros2/local/lib/python3.10/dist-packages/fixposition_driver_ros2/libfixposition_driver_ros2__rosidl_generator_py.so
[1.561s] -- Up-to-date: /home/rhobtor/PHD/ARGOSJ8_IA/ARGOSJ8_IA_/install/fixposition_driver_ros2/local/lib/python3.10/dist-packages/fixposition_driver_ros2/msg
[1.562s] -- Up-to-date: /home/rhobtor/PHD/ARGOSJ8_IA/ARGOSJ8_IA_/install/fixposition_driver_ros2/local/lib/python3.10/dist-packages/fixposition_driver_ros2/msg/__init__.py
[1.562s] -- Up-to-date: /home/rhobtor/PHD/ARGOSJ8_IA/ARGOSJ8_IA_/install/fixposition_driver_ros2/local/lib/python3.10/dist-packages/fixposition_driver_ros2/msg/_speed.py
[1.562s] -- Up-to-date: /home/rhobtor/PHD/ARGOSJ8_IA/ARGOSJ8_IA_/install/fixposition_driver_ros2/local/lib/python3.10/dist-packages/fixposition_driver_ros2/msg/_vrtk.py
[1.562s] -- Up-to-date: /home/rhobtor/PHD/ARGOSJ8_IA/ARGOSJ8_IA_/install/fixposition_driver_ros2/local/lib/python3.10/dist-packages/fixposition_driver_ros2/msg/_speed_s.c
[1.562s] -- Up-to-date: /home/rhobtor/PHD/ARGOSJ8_IA/ARGOSJ8_IA_/install/fixposition_driver_ros2/local/lib/python3.10/dist-packages/fixposition_driver_ros2/msg/_vrtk_s.c
[1.562s] -- Up-to-date: /home/rhobtor/PHD/ARGOSJ8_IA/ARGOSJ8_IA_/install/fixposition_driver_ros2/local/lib/python3.10/dist-packages/fixposition_driver_ros2/fixposition_driver_ros2_s__rosidl_typesupport_fastrtps_c.cpython-310-x86_64-linux-gnu.so
[1.562s] -- Up-to-date: /home/rhobtor/PHD/ARGOSJ8_IA/ARGOSJ8_IA_/install/fixposition_driver_ros2/local/lib/python3.10/dist-packages/fixposition_driver_ros2/fixposition_driver_ros2_s__rosidl_typesupport_c.cpython-310-x86_64-linux-gnu.so
[1.581s] Listing '/home/rhobtor/PHD/ARGOSJ8_IA/ARGOSJ8_IA_/install/fixposition_driver_ros2/local/lib/python3.10/dist-packages/fixposition_driver_ros2'...
[1.581s] Listing '/home/rhobtor/PHD/ARGOSJ8_IA/ARGOSJ8_IA_/install/fixposition_driver_ros2/local/lib/python3.10/dist-packages/fixposition_driver_ros2/msg'...
[1.584s] -- Up-to-date: /home/rhobtor/PHD/ARGOSJ8_IA/ARGOSJ8_IA_/install/fixposition_driver_ros2/local/lib/python3.10/dist-packages/fixposition_driver_ros2/fixposition_driver_ros2_s__rosidl_typesupport_fastrtps_c.cpython-310-x86_64-linux-gnu.so
[1.584s] -- Up-to-date: /home/rhobtor/PHD/ARGOSJ8_IA/ARGOSJ8_IA_/install/fixposition_driver_ros2/local/lib/python3.10/dist-packages/fixposition_driver_ros2/fixposition_driver_ros2_s__rosidl_typesupport_introspection_c.cpython-310-x86_64-linux-gnu.so
[1.584s] -- Up-to-date: /home/rhobtor/PHD/ARGOSJ8_IA/ARGOSJ8_IA_/install/fixposition_driver_ros2/local/lib/python3.10/dist-packages/fixposition_driver_ros2/fixposition_driver_ros2_s__rosidl_typesupport_c.cpython-310-x86_64-linux-gnu.so
[1.585s] -- Up-to-date: /home/rhobtor/PHD/ARGOSJ8_IA/ARGOSJ8_IA_/install/fixposition_driver_ros2/lib/libfixposition_driver_ros2__rosidl_generator_py.so
[1.585s] -- Up-to-date: /home/rhobtor/PHD/ARGOSJ8_IA/ARGOSJ8_IA_/install/fixposition_driver_ros2/share/ament_index/resource_index/rust_packages/fixposition_driver_ros2
[1.585s] -- Up-to-date: /home/rhobtor/PHD/ARGOSJ8_IA/ARGOSJ8_IA_/install/fixposition_driver_ros2/share/fixposition_driver_ros2/rust
[1.585s] -- Up-to-date: /home/rhobtor/PHD/ARGOSJ8_IA/ARGOSJ8_IA_/install/fixposition_driver_ros2/share/fixposition_driver_ros2/rust/build.rs
[1.585s] -- Up-to-date: /home/rhobtor/PHD/ARGOSJ8_IA/ARGOSJ8_IA_/install/fixposition_driver_ros2/share/fixposition_driver_ros2/rust/src
[1.585s] -- Up-to-date: /home/rhobtor/PHD/ARGOSJ8_IA/ARGOSJ8_IA_/install/fixposition_driver_ros2/share/fixposition_driver_ros2/rust/src/msg.rs
[1.585s] -- Up-to-date: /home/rhobtor/PHD/ARGOSJ8_IA/ARGOSJ8_IA_/install/fixposition_driver_ros2/share/fixposition_driver_ros2/rust/src/msg
[1.585s] -- Up-to-date: /home/rhobtor/PHD/ARGOSJ8_IA/ARGOSJ8_IA_/install/fixposition_driver_ros2/share/fixposition_driver_ros2/rust/src/msg/rmw.rs
[1.585s] -- Up-to-date: /home/rhobtor/PHD/ARGOSJ8_IA/ARGOSJ8_IA_/install/fixposition_driver_ros2/share/fixposition_driver_ros2/rust/src/lib.rs
[1.585s] -- Up-to-date: /home/rhobtor/PHD/ARGOSJ8_IA/ARGOSJ8_IA_/install/fixposition_driver_ros2/share/fixposition_driver_ros2/rust/Cargo.toml
[1.585s] -- Up-to-date: /home/rhobtor/PHD/ARGOSJ8_IA/ARGOSJ8_IA_/install/fixposition_driver_ros2/share/fixposition_driver_ros2/msg/VRTK.idl
[1.585s] -- Up-to-date: /home/rhobtor/PHD/ARGOSJ8_IA/ARGOSJ8_IA_/install/fixposition_driver_ros2/share/fixposition_driver_ros2/msg/Speed.idl
[1.585s] -- Up-to-date: /home/rhobtor/PHD/ARGOSJ8_IA/ARGOSJ8_IA_/install/fixposition_driver_ros2/share/fixposition_driver_ros2/msg/VRTK.msg
[1.585s] -- Up-to-date: /home/rhobtor/PHD/ARGOSJ8_IA/ARGOSJ8_IA_/install/fixposition_driver_ros2/share/fixposition_driver_ros2/msg/Speed.msg
[1.585s] -- Up-to-date: /home/rhobtor/PHD/ARGOSJ8_IA/ARGOSJ8_IA_/install/fixposition_driver_ros2/.
[1.585s] -- Up-to-date: /home/rhobtor/PHD/ARGOSJ8_IA/ARGOSJ8_IA_/install/fixposition_driver_ros2/./fixposition_driver_ros2
[1.585s] -- Up-to-date: /home/rhobtor/PHD/ARGOSJ8_IA/ARGOSJ8_IA_/install/fixposition_driver_ros2/./fixposition_driver_ros2/data_to_ros2.hpp
[1.585s] -- Up-to-date: /home/rhobtor/PHD/ARGOSJ8_IA/ARGOSJ8_IA_/install/fixposition_driver_ros2/./fixposition_driver_ros2/params.hpp
[1.585s] -- Up-to-date: /home/rhobtor/PHD/ARGOSJ8_IA/ARGOSJ8_IA_/install/fixposition_driver_ros2/./fixposition_driver_ros2/fixposition_driver_node.hpp
[1.585s] -- Up-to-date: /home/rhobtor/PHD/ARGOSJ8_IA/ARGOSJ8_IA_/install/fixposition_driver_ros2/lib/fixposition_driver_ros2/fixposition_driver_ros2_exec
[1.585s] -- Up-to-date: /home/rhobtor/PHD/ARGOSJ8_IA/ARGOSJ8_IA_/install/fixposition_driver_ros2/share/fixposition_driver_ros2//launch
[1.585s] -- Up-to-date: /home/rhobtor/PHD/ARGOSJ8_IA/ARGOSJ8_IA_/install/fixposition_driver_ros2/share/fixposition_driver_ros2//launch/serial.yaml
[1.586s] -- Up-to-date: /home/rhobtor/PHD/ARGOSJ8_IA/ARGOSJ8_IA_/install/fixposition_driver_ros2/share/fixposition_driver_ros2//launch/tcp.yaml
[1.586s] -- Up-to-date: /home/rhobtor/PHD/ARGOSJ8_IA/ARGOSJ8_IA_/install/fixposition_driver_ros2/share/fixposition_driver_ros2//launch/tcp.launch
[1.586s] -- Up-to-date: /home/rhobtor/PHD/ARGOSJ8_IA/ARGOSJ8_IA_/install/fixposition_driver_ros2/share/fixposition_driver_ros2//launch/serial.launch
[1.586s] -- Up-to-date: /home/rhobtor/PHD/ARGOSJ8_IA/ARGOSJ8_IA_/install/fixposition_driver_ros2/share/ament_index/resource_index/package_run_dependencies/fixposition_driver_ros2
[1.586s] -- Up-to-date: /home/rhobtor/PHD/ARGOSJ8_IA/ARGOSJ8_IA_/install/fixposition_driver_ros2/share/ament_index/resource_index/parent_prefix_path/fixposition_driver_ros2
[1.586s] -- Up-to-date: /home/rhobtor/PHD/ARGOSJ8_IA/ARGOSJ8_IA_/install/fixposition_driver_ros2/share/fixposition_driver_ros2/environment/ament_prefix_path.sh
[1.586s] -- Up-to-date: /home/rhobtor/PHD/ARGOSJ8_IA/ARGOSJ8_IA_/install/fixposition_driver_ros2/share/fixposition_driver_ros2/environment/ament_prefix_path.dsv
[1.586s] -- Up-to-date: /home/rhobtor/PHD/ARGOSJ8_IA/ARGOSJ8_IA_/install/fixposition_driver_ros2/share/fixposition_driver_ros2/environment/path.sh
[1.586s] -- Up-to-date: /home/rhobtor/PHD/ARGOSJ8_IA/ARGOSJ8_IA_/install/fixposition_driver_ros2/share/fixposition_driver_ros2/environment/path.dsv
[1.586s] -- Up-to-date: /home/rhobtor/PHD/ARGOSJ8_IA/ARGOSJ8_IA_/install/fixposition_driver_ros2/share/fixposition_driver_ros2/local_setup.bash
[1.586s] -- Up-to-date: /home/rhobtor/PHD/ARGOSJ8_IA/ARGOSJ8_IA_/install/fixposition_driver_ros2/share/fixposition_driver_ros2/local_setup.sh
[1.586s] -- Up-to-date: /home/rhobtor/PHD/ARGOSJ8_IA/ARGOSJ8_IA_/install/fixposition_driver_ros2/share/fixposition_driver_ros2/local_setup.zsh
[1.586s] -- Up-to-date: /home/rhobtor/PHD/ARGOSJ8_IA/ARGOSJ8_IA_/install/fixposition_driver_ros2/share/fixposition_driver_ros2/local_setup.dsv
[1.586s] -- Installing: /home/rhobtor/PHD/ARGOSJ8_IA/ARGOSJ8_IA_/install/fixposition_driver_ros2/share/fixposition_driver_ros2/package.dsv
[1.586s] -- Up-to-date: /home/rhobtor/PHD/ARGOSJ8_IA/ARGOSJ8_IA_/install/fixposition_driver_ros2/share/ament_index/resource_index/packages/fixposition_driver_ros2
[1.586s] -- Up-to-date: /home/rhobtor/PHD/ARGOSJ8_IA/ARGOSJ8_IA_/install/fixposition_driver_ros2/share/fixposition_driver_ros2/cmake/export_fixposition_driver_ros2__rosidl_generator_cExport.cmake
[1.586s] -- Up-to-date: /home/rhobtor/PHD/ARGOSJ8_IA/ARGOSJ8_IA_/install/fixposition_driver_ros2/share/fixposition_driver_ros2/cmake/export_fixposition_driver_ros2__rosidl_generator_cExport-release.cmake
[1.586s] -- Up-to-date: /home/rhobtor/PHD/ARGOSJ8_IA/ARGOSJ8_IA_/install/fixposition_driver_ros2/share/fixposition_driver_ros2/cmake/export_fixposition_driver_ros2__rosidl_typesupport_fastrtps_cExport.cmake
[1.586s] -- Up-to-date: /home/rhobtor/PHD/ARGOSJ8_IA/ARGOSJ8_IA_/install/fixposition_driver_ros2/share/fixposition_driver_ros2/cmake/export_fixposition_driver_ros2__rosidl_typesupport_fastrtps_cExport-release.cmake
[1.586s] -- Up-to-date: /home/rhobtor/PHD/ARGOSJ8_IA/ARGOSJ8_IA_/install/fixposition_driver_ros2/share/fixposition_driver_ros2/cmake/export_fixposition_driver_ros2__rosidl_generator_cppExport.cmake
[1.587s] -- Up-to-date: /home/rhobtor/PHD/ARGOSJ8_IA/ARGOSJ8_IA_/install/fixposition_driver_ros2/share/fixposition_driver_ros2/cmake/export_fixposition_driver_ros2__rosidl_typesupport_fastrtps_cppExport.cmake
[1.587s] -- Up-to-date: /home/rhobtor/PHD/ARGOSJ8_IA/ARGOSJ8_IA_/install/fixposition_driver_ros2/share/fixposition_driver_ros2/cmake/export_fixposition_driver_ros2__rosidl_typesupport_fastrtps_cppExport-release.cmake
[1.587s] -- Up-to-date: /home/rhobtor/PHD/ARGOSJ8_IA/ARGOSJ8_IA_/install/fixposition_driver_ros2/share/fixposition_driver_ros2/cmake/fixposition_driver_ros2__rosidl_typesupport_introspection_cExport.cmake
[1.587s] -- Up-to-date: /home/rhobtor/PHD/ARGOSJ8_IA/ARGOSJ8_IA_/install/fixposition_driver_ros2/share/fixposition_driver_ros2/cmake/fixposition_driver_ros2__rosidl_typesupport_introspection_cExport-release.cmake
[1.587s] -- Up-to-date: /home/rhobtor/PHD/ARGOSJ8_IA/ARGOSJ8_IA_/install/fixposition_driver_ros2/share/fixposition_driver_ros2/cmake/fixposition_driver_ros2__rosidl_typesupport_cExport.cmake
[1.587s] -- Up-to-date: /home/rhobtor/PHD/ARGOSJ8_IA/ARGOSJ8_IA_/install/fixposition_driver_ros2/share/fixposition_driver_ros2/cmake/fixposition_driver_ros2__rosidl_typesupport_cExport-release.cmake
[1.587s] -- Up-to-date: /home/rhobtor/PHD/ARGOSJ8_IA/ARGOSJ8_IA_/install/fixposition_driver_ros2/share/fixposition_driver_ros2/cmake/fixposition_driver_ros2__rosidl_typesupport_introspection_cppExport.cmake
[1.587s] -- Up-to-date: /home/rhobtor/PHD/ARGOSJ8_IA/ARGOSJ8_IA_/install/fixposition_driver_ros2/share/fixposition_driver_ros2/cmake/fixposition_driver_ros2__rosidl_typesupport_introspection_cppExport-release.cmake
[1.587s] -- Up-to-date: /home/rhobtor/PHD/ARGOSJ8_IA/ARGOSJ8_IA_/install/fixposition_driver_ros2/share/fixposition_driver_ros2/cmake/fixposition_driver_ros2__rosidl_typesupport_cppExport.cmake
[1.587s] -- Up-to-date: /home/rhobtor/PHD/ARGOSJ8_IA/ARGOSJ8_IA_/install/fixposition_driver_ros2/share/fixposition_driver_ros2/cmake/fixposition_driver_ros2__rosidl_typesupport_cppExport-release.cmake
[1.587s] -- Up-to-date: /home/rhobtor/PHD/ARGOSJ8_IA/ARGOSJ8_IA_/install/fixposition_driver_ros2/share/fixposition_driver_ros2/cmake/export_fixposition_driver_ros2__rosidl_generator_pyExport.cmake
[1.587s] -- Up-to-date: /home/rhobtor/PHD/ARGOSJ8_IA/ARGOSJ8_IA_/install/fixposition_driver_ros2/share/fixposition_driver_ros2/cmake/export_fixposition_driver_ros2__rosidl_generator_pyExport-release.cmake
[1.587s] -- Up-to-date: /home/rhobtor/PHD/ARGOSJ8_IA/ARGOSJ8_IA_/install/fixposition_driver_ros2/share/fixposition_driver_ros2/cmake/rosidl_cmake-extras.cmake
[1.587s] -- Up-to-date: /home/rhobtor/PHD/ARGOSJ8_IA/ARGOSJ8_IA_/install/fixposition_driver_ros2/share/fixposition_driver_ros2/cmake/ament_cmake_export_dependencies-extras.cmake
[1.587s] -- Up-to-date: /home/rhobtor/PHD/ARGOSJ8_IA/ARGOSJ8_IA_/install/fixposition_driver_ros2/share/fixposition_driver_ros2/cmake/ament_cmake_export_include_directories-extras.cmake
[1.587s] -- Up-to-date: /home/rhobtor/PHD/ARGOSJ8_IA/ARGOSJ8_IA_/install/fixposition_driver_ros2/share/fixposition_driver_ros2/cmake/ament_cmake_export_libraries-extras.cmake
[1.587s] -- Up-to-date: /home/rhobtor/PHD/ARGOSJ8_IA/ARGOSJ8_IA_/install/fixposition_driver_ros2/share/fixposition_driver_ros2/cmake/ament_cmake_export_targets-extras.cmake
[1.587s] -- Up-to-date: /home/rhobtor/PHD/ARGOSJ8_IA/ARGOSJ8_IA_/install/fixposition_driver_ros2/share/fixposition_driver_ros2/cmake/rosidl_cmake_export_typesupport_targets-extras.cmake
[1.587s] -- Up-to-date: /home/rhobtor/PHD/ARGOSJ8_IA/ARGOSJ8_IA_/install/fixposition_driver_ros2/share/fixposition_driver_ros2/cmake/rosidl_cmake_export_typesupport_libraries-extras.cmake
[1.587s] -- Up-to-date: /home/rhobtor/PHD/ARGOSJ8_IA/ARGOSJ8_IA_/install/fixposition_driver_ros2/share/fixposition_driver_ros2/cmake/fixposition_driver_ros2Config.cmake
[1.587s] -- Up-to-date: /home/rhobtor/PHD/ARGOSJ8_IA/ARGOSJ8_IA_/install/fixposition_driver_ros2/share/fixposition_driver_ros2/cmake/fixposition_driver_ros2Config-version.cmake
[1.587s] -- Up-to-date: /home/rhobtor/PHD/ARGOSJ8_IA/ARGOSJ8_IA_/install/fixposition_driver_ros2/share/fixposition_driver_ros2/package.xml
[1.589s] Invoked command in '/home/rhobtor/PHD/ARGOSJ8_IA/ARGOSJ8_IA_/build/fixposition_driver_ros2' returned '0': CMAKE_PREFIX_PATH=/home/rhobtor/PHD/ARGOSJ8_IA/ARGOSJ8_IA_/install/fixposition_driver_lib:/home/rhobtor/PHD/ARGOSJ8_IA/ARGOSJ8_IA_/install/fixposition_gnss_tf:/home/rhobtor/reactive/Reactive-Navegation/workspace_full_conected/install/octomap_mapping:/home/rhobtor/reactive/Reactive-Navegation/workspace_full_conected/install/octomap_server:/home/rhobtor/reactive/Reactive-Navegation/workspace_full_conected/install/octomap_rviz_plugins:/home/rhobtor/reactive/Reactive-Navegation/workspace_full_conected/install/hector_gazebo_plugins:/home/rhobtor/reactive/Reactive-Navegation/workspace_full_conected/install/car_cpp:/home/rhobtor/reactive/Reactive-Navegation/workspace_full_conected/install/car_interfaces:/home/rhobtor/reactive/Reactive-Navegation/workspace_full_conected/install/car:/opt/ros/humble LD_LIBRARY_PATH=/home/rhobtor/PHD/ARGOSJ8_IA/ARGOSJ8_IA_/install/fixposition_driver_lib/lib:/home/rhobtor/PHD/ARGOSJ8_IA/ARGOSJ8_IA_/install/fixposition_gnss_tf/lib:${LD_LIBRARY_PATH} PKG_CONFIG_PATH=/home/rhobtor/PHD/ARGOSJ8_IA/ARGOSJ8_IA_/install/fixposition_driver_lib/lib/x86_64-linux-gnu/pkgconfig:/home/rhobtor/PHD/ARGOSJ8_IA/ARGOSJ8_IA_/install/fixposition_driver_lib/lib/pkgconfig:/home/rhobtor/PHD/ARGOSJ8_IA/ARGOSJ8_IA_/install/fixposition_gnss_tf/lib/x86_64-linux-gnu/pkgconfig:/home/rhobtor/PHD/ARGOSJ8_IA/ARGOSJ8_IA_/install/fixposition_gnss_tf/lib/pkgconfig /usr/bin/cmake --install /home/rhobtor/PHD/ARGOSJ8_IA/ARGOSJ8_IA_/build/fixposition_driver_ros2
