[6.303s] Invoking command in '/home/rhobtor/PHD/ARGOJ8_IA/ARGOSJ8_IA_/src/GUI_pkg': PYTHONPATH=/home/rhobtor/PHD/ARGOJ8_IA/ARGOSJ8_IA_/build/GUI_pkg/prefix_override:/usr/lib/python3/dist-packages/colcon_core/task/python/colcon_distutils_commands:/home/rhobtor/PHD/ARGOJ8_IA/ARGOSJ8_IA_/install/GUI_pkg/lib/python3.10/site-packages:${PYTHONPATH} /usr/bin/python3 -W ignore:setup.py install is deprecated -W ignore:easy_install command is deprecated setup.py egg_info --egg-base ../../build/GUI_pkg build --build-base /home/rhobtor/PHD/ARGOJ8_IA/ARGOSJ8_IA_/build/GUI_pkg/build install --record /home/rhobtor/PHD/ARGOJ8_IA/ARGOSJ8_IA_/build/GUI_pkg/install.log --single-version-externally-managed
[7.177s] /home/rhobtor/.local/lib/python3.10/site-packages/setuptools/_distutils/dist.py:289: UserWarning: Unknown distribution option: 'tests_require'
[7.178s]   warnings.warn(msg)
[7.352s] running egg_info
[7.450s] writing ../../build/GUI_pkg/GUI_pkg.egg-info/PKG-INFO
[7.451s] writing dependency_links to ../../build/GUI_pkg/GUI_pkg.egg-info/dependency_links.txt
[7.455s] writing entry points to ../../build/GUI_pkg/GUI_pkg.egg-info/entry_points.txt
[7.455s] writing requirements to ../../build/GUI_pkg/GUI_pkg.egg-info/requires.txt
[7.455s] writing top-level names to ../../build/GUI_pkg/GUI_pkg.egg-info/top_level.txt
[7.583s] reading manifest file '../../build/GUI_pkg/GUI_pkg.egg-info/SOURCES.txt'
[7.592s] writing manifest file '../../build/GUI_pkg/GUI_pkg.egg-info/SOURCES.txt'
[7.602s] running build
[7.602s] running build_py
[7.603s] copying GUI_pkg/tabs.py -> /home/rhobtor/PHD/ARGOJ8_IA/ARGOSJ8_IA_/build/GUI_pkg/build/lib/GUI_pkg
[7.603s] copying GUI_pkg/profiler.py -> /home/rhobtor/PHD/ARGOJ8_IA/ARGOSJ8_IA_/build/GUI_pkg/build/lib/GUI_pkg
[7.603s] copying GUI_pkg/profile_analisys.py -> /home/rhobtor/PHD/ARGOJ8_IA/ARGOSJ8_IA_/build/GUI_pkg/build/lib/GUI_pkg
[7.603s] copying GUI_pkg/ui_form.py -> /home/rhobtor/PHD/ARGOJ8_IA/ARGOSJ8_IA_/build/GUI_pkg/build/lib/GUI_pkg
[7.603s] copying GUI_pkg/path_utils.py -> /home/rhobtor/PHD/ARGOJ8_IA/ARGOSJ8_IA_/build/GUI_pkg/build/lib/GUI_pkg
[7.604s] copying GUI_pkg/__init__.py -> /home/rhobtor/PHD/ARGOJ8_IA/ARGOSJ8_IA_/build/GUI_pkg/build/lib/GUI_pkg
[7.604s] copying GUI_pkg/ros_classes.py -> /home/rhobtor/PHD/ARGOJ8_IA/ARGOSJ8_IA_/build/GUI_pkg/build/lib/GUI_pkg
[7.604s] copying GUI_pkg/mainwindow.py -> /home/rhobtor/PHD/ARGOJ8_IA/ARGOSJ8_IA_/build/GUI_pkg/build/lib/GUI_pkg
[7.604s] copying GUI_pkg/ui_tabs.py -> /home/rhobtor/PHD/ARGOJ8_IA/ARGOSJ8_IA_/build/GUI_pkg/build/lib/GUI_pkg
[7.604s] copying GUI_pkg/geonav_conversions.py -> /home/rhobtor/PHD/ARGOJ8_IA/ARGOSJ8_IA_/build/GUI_pkg/build/lib/GUI_pkg
[7.615s] copying GUI_pkg/zoom_image_handler.py -> /home/rhobtor/PHD/ARGOJ8_IA/ARGOSJ8_IA_/build/GUI_pkg/build/lib/GUI_pkg
[7.618s] copying GUI_pkg/gui_node.py -> /home/rhobtor/PHD/ARGOJ8_IA/ARGOSJ8_IA_/build/GUI_pkg/build/lib/GUI_pkg
[7.619s] copying GUI_pkg/cythonized_code/setup.py -> /home/rhobtor/PHD/ARGOJ8_IA/ARGOSJ8_IA_/build/GUI_pkg/build/lib/GUI_pkg/cythonized_code
[7.619s] copying GUI_pkg/cythonized_code/__init__.py -> /home/rhobtor/PHD/ARGOJ8_IA/ARGOSJ8_IA_/build/GUI_pkg/build/lib/GUI_pkg/cythonized_code
[7.619s] running install
[7.619s] running install_lib
[7.694s] byte-compiling /home/rhobtor/PHD/ARGOJ8_IA/ARGOSJ8_IA_/install/GUI_pkg/lib/python3.10/site-packages/GUI_pkg/tabs.py to tabs.cpython-310.pyc
[7.714s] Sorry: IndentationError: unexpected indent (tabs.py, line 415)
[7.715s] running install_egg_info
[7.801s] removing '/home/rhobtor/PHD/ARGOJ8_IA/ARGOSJ8_IA_/install/GUI_pkg/lib/python3.10/site-packages/GUI_pkg-0.0.0-py3.10.egg-info' (and everything under it)
[7.802s] Copying ../../build/GUI_pkg/GUI_pkg.egg-info to /home/rhobtor/PHD/ARGOJ8_IA/ARGOSJ8_IA_/install/GUI_pkg/lib/python3.10/site-packages/GUI_pkg-0.0.0-py3.10.egg-info
[7.805s] running install_scripts
[7.969s] Installing gui_node script to /home/rhobtor/PHD/ARGOJ8_IA/ARGOSJ8_IA_/install/GUI_pkg/lib/GUI_pkg
[7.969s] writing list of installed files to '/home/rhobtor/PHD/ARGOJ8_IA/ARGOSJ8_IA_/build/GUI_pkg/install.log'
[8.148s] Invoked command in '/home/rhobtor/PHD/ARGOJ8_IA/ARGOSJ8_IA_/src/GUI_pkg' returned '0': PYTHONPATH=/home/rhobtor/PHD/ARGOJ8_IA/ARGOSJ8_IA_/build/GUI_pkg/prefix_override:/usr/lib/python3/dist-packages/colcon_core/task/python/colcon_distutils_commands:/home/rhobtor/PHD/ARGOJ8_IA/ARGOSJ8_IA_/install/GUI_pkg/lib/python3.10/site-packages:${PYTHONPATH} /usr/bin/python3 -W ignore:setup.py install is deprecated -W ignore:easy_install command is deprecated setup.py egg_info --egg-base ../../build/GUI_pkg build --build-base /home/rhobtor/PHD/ARGOJ8_IA/ARGOSJ8_IA_/build/GUI_pkg/build install --record /home/rhobtor/PHD/ARGOJ8_IA/ARGOSJ8_IA_/build/GUI_pkg/install.log --single-version-externally-managed
