[1.973s] Invoking command in '/home/rhobtor/PHD/ARGOJ8_IA/ARGOSJ8_IA_/src/car_python': CMAKE_PREFIX_PATH=/home/rhobtor/PHD/ARGOJ8_IA/ARGOSJ8_IA_/install/car_interfaces:/home/rhobtor/PHD/ARGOJ8_IA/ARGOSJ8_IA_/install/argj801_ctl_platform_interfaces:/home/rhobtor/PHD/ARGOJ8_IA/ARGOSJ8_IA_/install/wiimote_msgs:/home/rhobtor/PHD/ARGOJ8_IA/ARGOSJ8_IA_/install/ublox:/home/rhobtor/PHD/ARGOJ8_IA/ARGOSJ8_IA_/install/ublox_gps:/home/rhobtor/PHD/ARGOJ8_IA/ARGOSJ8_IA_/install/security_check:/home/rhobtor/PHD/ARGOJ8_IA/ARGOSJ8_IA_/install/ctl_mission:/home/rhobtor/PHD/ARGOJ8_IA/ARGOSJ8_IA_/install/ublox_msgs:/home/rhobtor/PHD/ARGOJ8_IA/ARGOSJ8_IA_/install/ublox_serialization:/home/rhobtor/PHD/ARGOJ8_IA/ARGOSJ8_IA_/install/spacenav:/home/rhobtor/PHD/ARGOJ8_IA/ARGOSJ8_IA_/install/laser_segmentation:/home/rhobtor/PHD/ARGOJ8_IA/ARGOSJ8_IA_/install/slg_msgs:/home/rhobtor/PHD/ARGOJ8_IA/ARGOSJ8_IA_/install/security_check_interfaces:/home/rhobtor/PHD/ARGOJ8_IA/ARGOSJ8_IA_/install/joy:/home/rhobtor/PHD/ARGOJ8_IA/ARGOSJ8_IA_/install/sdl2_vendor:/home/rhobtor/PHD/ARGOJ8_IA/ARGOSJ8_IA_/install/path_manager:/home/rhobtor/PHD/ARGOJ8_IA/ARGOSJ8_IA_/install/path_manager_interfaces:/home/rhobtor/PHD/ARGOJ8_IA/ARGOSJ8_IA_/install/joy_linux:/home/rhobtor/PHD/ARGOJ8_IA/ARGOSJ8_IA_/install/j8_xacro_model:/home/rhobtor/PHD/ARGOJ8_IA/ARGOSJ8_IA_/install/hector_gazebo_plugins:/home/rhobtor/PHD/ARGOJ8_IA/ARGOSJ8_IA_/install/fixposition_sensor_pkg:/home/rhobtor/PHD/ARGOJ8_IA/ARGOSJ8_IA_/install/fixposition_odometry_converter_ros2:/home/rhobtor/PHD/ARGOJ8_IA/ARGOSJ8_IA_/install/fixposition_driver_ros2:/home/rhobtor/PHD/ARGOJ8_IA/ARGOSJ8_IA_/install/fixposition_driver_lib:/home/rhobtor/PHD/ARGOJ8_IA/ARGOSJ8_IA_/install/fixposition_gnss_tf:/home/rhobtor/PHD/ARGOJ8_IA/ARGOSJ8_IA_/install/ctl_mission_interfaces:/home/rhobtor/PHD/ARGOJ8_IA/ARGOSJ8_IA_/install/car_cpp:/home/rhobtor/PHD/ARGOJ8_IA/ARGOSJ8_IA_/install/argj801_setup:/home/rhobtor/PHD/ARGOJ8_IA/ARGOSJ8_IA_/install/argj801_sensors:/home/rhobtor/PHD/ARGOJ8_IA/ARGOSJ8_IA_/install/argj801_sensors_msgs:/home/rhobtor/PHD/ARGOJ8_IA/ARGOSJ8_IA_/install/argj801_ctl_platform:/home/rhobtor/zed/install/zed_ros2:/home/rhobtor/zed/install/zed_wrapper:/home/rhobtor/zed/install/zed_components:/home/rhobtor/zed/install/zed_interfaces LD_LIBRARY_PATH=/home/rhobtor/PHD/ARGOJ8_IA/ARGOSJ8_IA_/install/car_interfaces/lib:/home/rhobtor/PHD/ARGOJ8_IA/ARGOSJ8_IA_/install/argj801_ctl_platform_interfaces/lib:/home/rhobtor/PHD/ARGOJ8_IA/ARGOSJ8_IA_/install/wiimote_msgs/lib:/home/rhobtor/PHD/ARGOJ8_IA/ARGOSJ8_IA_/install/ublox_gps/lib:/home/rhobtor/PHD/ARGOJ8_IA/ARGOSJ8_IA_/install/ublox_msgs/lib:/home/rhobtor/PHD/ARGOJ8_IA/ARGOSJ8_IA_/install/spacenav/lib:/home/rhobtor/PHD/ARGOJ8_IA/ARGOSJ8_IA_/install/laser_segmentation/lib:/home/rhobtor/PHD/ARGOJ8_IA/ARGOSJ8_IA_/install/slg_msgs/lib:/home/rhobtor/PHD/ARGOJ8_IA/ARGOSJ8_IA_/install/security_check_interfaces/lib:/home/rhobtor/PHD/ARGOJ8_IA/ARGOSJ8_IA_/install/joy/lib:/home/rhobtor/PHD/ARGOJ8_IA/ARGOSJ8_IA_/install/path_manager_interfaces/lib:/home/rhobtor/PHD/ARGOJ8_IA/ARGOSJ8_IA_/install/j8_xacro_model/lib:/home/rhobtor/PHD/ARGOJ8_IA/ARGOSJ8_IA_/install/hector_gazebo_plugins/lib:/home/rhobtor/PHD/ARGOJ8_IA/ARGOSJ8_IA_/install/fixposition_sensor_pkg/lib:/home/rhobtor/PHD/ARGOJ8_IA/ARGOSJ8_IA_/install/fixposition_odometry_converter_ros2/lib:/home/rhobtor/PHD/ARGOJ8_IA/ARGOSJ8_IA_/install/fixposition_driver_ros2/lib:/home/rhobtor/PHD/ARGOJ8_IA/ARGOSJ8_IA_/install/fixposition_driver_lib/lib:/home/rhobtor/PHD/ARGOJ8_IA/ARGOSJ8_IA_/install/fixposition_gnss_tf/lib:/home/rhobtor/PHD/ARGOJ8_IA/ARGOSJ8_IA_/install/ctl_mission_interfaces/lib:/home/rhobtor/PHD/ARGOJ8_IA/ARGOSJ8_IA_/install/car_cpp/lib:/home/rhobtor/PHD/ARGOJ8_IA/ARGOSJ8_IA_/install/argj801_sensors_msgs/lib:/usr/local/cuda/lib64:/usr/local/cuda/lib64:/usr/local/cuda-12.1/lib64:/usr/local/cuda-11.8/lib64:/home/rhobtor/zed/install/zed_components/lib:/home/rhobtor/zed/install/zed_interfaces/lib:/usr/lib/x86_64-linux-gnu/gazebo-11/plugins:/opt/ros/humble/opt/rviz_ogre_vendor/lib:/opt/ros/humble/lib/x86_64-linux-gnu:/opt/ros/humble/lib PYTHONPATH=/home/rhobtor/PHD/ARGOJ8_IA/ARGOSJ8_IA_/build/car/prefix_override:/usr/lib/python3/dist-packages/colcon_core/task/python/colcon_distutils_commands:/home/rhobtor/PHD/ARGOJ8_IA/ARGOSJ8_IA_/install/car/lib/python3.10/site-packages:${PYTHONPATH} /usr/bin/python3 -W ignore:setup.py install is deprecated -W ignore:easy_install command is deprecated setup.py egg_info --egg-base ../../build/car build --build-base /home/rhobtor/PHD/ARGOJ8_IA/ARGOSJ8_IA_/build/car/build install --record /home/rhobtor/PHD/ARGOJ8_IA/ARGOSJ8_IA_/build/car/install.log --single-version-externally-managed install_data
[2.256s] /home/rhobtor/.local/lib/python3.10/site-packages/setuptools/_distutils/dist.py:289: UserWarning: Unknown distribution option: 'tests_require'
[2.256s]   warnings.warn(msg)
[2.362s] running egg_info
[2.378s] writing ../../build/car/car.egg-info/PKG-INFO
[2.378s] writing dependency_links to ../../build/car/car.egg-info/dependency_links.txt
[2.378s] writing entry points to ../../build/car/car.egg-info/entry_points.txt
[2.378s] writing requirements to ../../build/car/car.egg-info/requires.txt
[2.379s] writing top-level names to ../../build/car/car.egg-info/top_level.txt
[2.414s] reading manifest file '../../build/car/car.egg-info/SOURCES.txt'
[2.419s] writing manifest file '../../build/car/car.egg-info/SOURCES.txt'
[2.419s] running build
[2.419s] running build_py
[2.420s] copying car/latlon_circuit.py -> /home/rhobtor/PHD/ARGOJ8_IA/ARGOSJ8_IA_/build/car/build/lib/car
[2.420s] copying car/points_goal_old.py -> /home/rhobtor/PHD/ARGOJ8_IA/ARGOSJ8_IA_/build/car/build/lib/car
[2.420s] copying car/keyboard_control.py -> /home/rhobtor/PHD/ARGOJ8_IA/ARGOSJ8_IA_/build/car/build/lib/car
[2.420s] copying car/memory_map.py -> /home/rhobtor/PHD/ARGOJ8_IA/ARGOSJ8_IA_/build/car/build/lib/car
[2.421s] copying car/path_ppo_cnn_lstm_full_model.py -> /home/rhobtor/PHD/ARGOJ8_IA/ARGOSJ8_IA_/build/car/build/lib/car
[2.421s] copying car/j8_test_ppo.py -> /home/rhobtor/PHD/ARGOJ8_IA/ARGOSJ8_IA_/build/car/build/lib/car
[2.421s] copying car/scape_test.py -> /home/rhobtor/PHD/ARGOJ8_IA/ARGOSJ8_IA_/build/car/build/lib/car
[2.421s] copying car/movement_predictive.py -> /home/rhobtor/PHD/ARGOJ8_IA/ARGOSJ8_IA_/build/car/build/lib/car
[2.422s] copying car/cmd_vel_to_throttle.py -> /home/rhobtor/PHD/ARGOJ8_IA/ARGOSJ8_IA_/build/car/build/lib/car
[2.422s] copying car/goal_local_marker.py -> /home/rhobtor/PHD/ARGOJ8_IA/ARGOSJ8_IA_/build/car/build/lib/car
[2.422s] copying car/gnss_goal_circuit.py -> /home/rhobtor/PHD/ARGOJ8_IA/ARGOSJ8_IA_/build/car/build/lib/car
[2.422s] copying car/navsatfix_to_ecef.py -> /home/rhobtor/PHD/ARGOJ8_IA/ARGOSJ8_IA_/build/car/build/lib/car
[2.423s] copying car/lidar_obstacle_detection.py -> /home/rhobtor/PHD/ARGOJ8_IA/ARGOSJ8_IA_/build/car/build/lib/car
[2.423s] copying car/voxel_unity.py -> /home/rhobtor/PHD/ARGOJ8_IA/ARGOSJ8_IA_/build/car/build/lib/car
[2.423s] copying car/check_goal_gnss.py -> /home/rhobtor/PHD/ARGOJ8_IA/ARGOSJ8_IA_/build/car/build/lib/car
[2.423s] copying car/test_octomap.py -> /home/rhobtor/PHD/ARGOJ8_IA/ARGOSJ8_IA_/build/car/build/lib/car
[2.423s] copying car/fp_poi_map_odom_static_test.py -> /home/rhobtor/PHD/ARGOJ8_IA/ARGOSJ8_IA_/build/car/build/lib/car
[2.424s] copying car/frontier_centroid.py -> /home/rhobtor/PHD/ARGOJ8_IA/ARGOSJ8_IA_/build/car/build/lib/car
[2.424s] copying car/fixposition_map_anchor.py -> /home/rhobtor/PHD/ARGOJ8_IA/ARGOSJ8_IA_/build/car/build/lib/car
[2.424s] copying car/fixposition_local_tf_from_odom.py -> /home/rhobtor/PHD/ARGOJ8_IA/ARGOSJ8_IA_/build/car/build/lib/car
[2.424s] copying car/j8_bueno.py -> /home/rhobtor/PHD/ARGOJ8_IA/ARGOSJ8_IA_/build/car/build/lib/car
[2.425s] copying car/colision_zone.py -> /home/rhobtor/PHD/ARGOJ8_IA/ARGOSJ8_IA_/build/car/build/lib/car
[2.425s] copying car/supervisor_circuit.py -> /home/rhobtor/PHD/ARGOJ8_IA/ARGOSJ8_IA_/build/car/build/lib/car
[2.425s] copying car/backup_model_ppo_cnn_lstm.py -> /home/rhobtor/PHD/ARGOJ8_IA/ARGOSJ8_IA_/build/car/build/lib/car
[2.425s] copying car/odom_to_tf.py -> /home/rhobtor/PHD/ARGOJ8_IA/ARGOSJ8_IA_/build/car/build/lib/car
[2.426s] copying car/fp_poi_map_static_from_start.py -> /home/rhobtor/PHD/ARGOJ8_IA/ARGOSJ8_IA_/build/car/build/lib/car
[2.426s] copying car/inference_full_model.py -> /home/rhobtor/PHD/ARGOJ8_IA/ARGOSJ8_IA_/build/car/build/lib/car
[2.426s] copying car/prior_map_builder.py -> /home/rhobtor/PHD/ARGOJ8_IA/ARGOSJ8_IA_/build/car/build/lib/car
[2.426s] copying car/inference_j8.py -> /home/rhobtor/PHD/ARGOJ8_IA/ARGOSJ8_IA_/build/car/build/lib/car
[2.426s] copying car/__init__.py -> /home/rhobtor/PHD/ARGOJ8_IA/ARGOSJ8_IA_/build/car/build/lib/car
[2.427s] copying car/latlon_posearray_to_local.py -> /home/rhobtor/PHD/ARGOJ8_IA/ARGOSJ8_IA_/build/car/build/lib/car
[2.427s] copying car/fixposition_map_odom_static_from_odom.py -> /home/rhobtor/PHD/ARGOJ8_IA/ARGOSJ8_IA_/build/car/build/lib/car
[2.427s] copying car/inference_training_mode_simple.py -> /home/rhobtor/PHD/ARGOJ8_IA/ARGOSJ8_IA_/build/car/build/lib/car
[2.427s] copying car/joystick_control.py -> /home/rhobtor/PHD/ARGOJ8_IA/ARGOSJ8_IA_/build/car/build/lib/car
[2.428s] copying car/planificador_script.py -> /home/rhobtor/PHD/ARGOJ8_IA/ARGOSJ8_IA_/build/car/build/lib/car
[2.428s] copying car/map_test_navigation_hgh.py -> /home/rhobtor/PHD/ARGOJ8_IA/ARGOSJ8_IA_/build/car/build/lib/car
[2.428s] copying car/circuit1.py -> /home/rhobtor/PHD/ARGOJ8_IA/ARGOSJ8_IA_/build/car/build/lib/car
[2.428s] copying car/fixposition_reframe.py -> /home/rhobtor/PHD/ARGOJ8_IA/ARGOSJ8_IA_/build/car/build/lib/car
[2.429s] copying car/points_goal.py -> /home/rhobtor/PHD/ARGOJ8_IA/ARGOSJ8_IA_/build/car/build/lib/car
[2.429s] copying car/path_ppo_cnn_lstm_training_init_mode_j8.py -> /home/rhobtor/PHD/ARGOJ8_IA/ARGOSJ8_IA_/build/car/build/lib/car
[2.429s] copying car/fixposition_tf_tree_for_zed.py -> /home/rhobtor/PHD/ARGOJ8_IA/ARGOSJ8_IA_/build/car/build/lib/car
[2.429s] copying car/map_navegation.py -> /home/rhobtor/PHD/ARGOJ8_IA/ARGOSJ8_IA_/build/car/build/lib/car
[2.430s] copying car/fixposition_odom_to_base_link_tf.py -> /home/rhobtor/PHD/ARGOJ8_IA/ARGOSJ8_IA_/build/car/build/lib/car
[2.430s] copying car/test_vel.py -> /home/rhobtor/PHD/ARGOJ8_IA/ARGOSJ8_IA_/build/car/build/lib/car
[2.430s] copying car/zed_static_tf_tree.py -> /home/rhobtor/PHD/ARGOJ8_IA/ARGOSJ8_IA_/build/car/build/lib/car
[2.430s] copying car/supervisor.py -> /home/rhobtor/PHD/ARGOJ8_IA/ARGOSJ8_IA_/build/car/build/lib/car
[2.430s] copying car/costmap.py -> /home/rhobtor/PHD/ARGOJ8_IA/ARGOSJ8_IA_/build/car/build/lib/car
[2.431s] copying car/navsatfix_goal_to_map_pose.py -> /home/rhobtor/PHD/ARGOJ8_IA/ARGOSJ8_IA_/build/car/build/lib/car
[2.431s] copying car/unity_goal.py -> /home/rhobtor/PHD/ARGOJ8_IA/ARGOSJ8_IA_/build/car/build/lib/car
[2.431s] copying car/path_ppo_cnn_lstm_training_init_mode.py -> /home/rhobtor/PHD/ARGOJ8_IA/ARGOSJ8_IA_/build/car/build/lib/car
[2.431s] copying car/path_ppo_cnn_lstm_training_init_mode_simple.py -> /home/rhobtor/PHD/ARGOJ8_IA/ARGOSJ8_IA_/build/car/build/lib/car
[2.432s] copying car/latlon_posearray_to_local_utm.py -> /home/rhobtor/PHD/ARGOJ8_IA/ARGOSJ8_IA_/build/car/build/lib/car
[2.432s] copying car/inference_test_j8.py -> /home/rhobtor/PHD/ARGOJ8_IA/ARGOSJ8_IA_/build/car/build/lib/car
[2.432s] copying car/filter_points_cloud.py -> /home/rhobtor/PHD/ARGOJ8_IA/ARGOSJ8_IA_/build/car/build/lib/car
[2.432s] copying car/test_j8_old.py -> /home/rhobtor/PHD/ARGOJ8_IA/ARGOSJ8_IA_/build/car/build/lib/car
[2.433s] copying car/fusion.py -> /home/rhobtor/PHD/ARGOJ8_IA/ARGOSJ8_IA_/build/car/build/lib/car
[2.433s] copying car/j8_policy.py -> /home/rhobtor/PHD/ARGOJ8_IA/ARGOSJ8_IA_/build/car/build/lib/car
[2.435s] running install
[2.440s] running install_lib
[2.467s] running install_data
[2.467s] copying resource/car -> /home/rhobtor/PHD/ARGOJ8_IA/ARGOSJ8_IA_/install/car/share/ament_index/resource_index/packages
[2.467s] copying package.xml -> /home/rhobtor/PHD/ARGOJ8_IA/ARGOSJ8_IA_/install/car/share/car
[2.467s] copying launch/gazebo.launch.py -> /home/rhobtor/PHD/ARGOJ8_IA/ARGOSJ8_IA_/install/car/share/car/launch
[2.468s] copying launch/ekf.launch.py -> /home/rhobtor/PHD/ARGOJ8_IA/ARGOSJ8_IA_/install/car/share/car/launch
[2.468s] copying launch/fixposition_local_j8_urdf.launch.py -> /home/rhobtor/PHD/ARGOJ8_IA/ARGOSJ8_IA_/install/car/share/car/launch
[2.468s] copying launch/fp_poi_map_odom_base_link_camera_test.launch.py -> /home/rhobtor/PHD/ARGOJ8_IA/ARGOSJ8_IA_/install/car/share/car/launch
[2.468s] copying launch/control.launch.py -> /home/rhobtor/PHD/ARGOJ8_IA/ARGOSJ8_IA_/install/car/share/car/launch
[2.468s] copying launch/gazebo_mountain.launch.py -> /home/rhobtor/PHD/ARGOJ8_IA/ARGOSJ8_IA_/install/car/share/car/launch
[2.468s] copying launch/world_1_b.launch.py -> /home/rhobtor/PHD/ARGOJ8_IA/ARGOSJ8_IA_/install/car/share/car/launch
[2.468s] copying launch/circuit1.launch.py -> /home/rhobtor/PHD/ARGOJ8_IA/ARGOSJ8_IA_/install/car/share/car/launch
[2.468s] copying launch/gazebo_empty_world.launch.py -> /home/rhobtor/PHD/ARGOJ8_IA/ARGOSJ8_IA_/install/car/share/car/launch
[2.468s] copying launch/gazebo_simple5.launch.py -> /home/rhobtor/PHD/ARGOJ8_IA/ARGOSJ8_IA_/install/car/share/car/launch
[2.469s] copying launch/gazebo_simple2.launch.py -> /home/rhobtor/PHD/ARGOJ8_IA/ARGOSJ8_IA_/install/car/share/car/launch
[2.469s] copying launch/gnss_goals.launch.py -> /home/rhobtor/PHD/ARGOJ8_IA/ARGOSJ8_IA_/install/car/share/car/launch
[2.469s] copying launch/gazebo_simple7.launch.py -> /home/rhobtor/PHD/ARGOJ8_IA/ARGOSJ8_IA_/install/car/share/car/launch
[2.469s] copying launch/fixposition_local_j8_urdf_fixposition.launch.py -> /home/rhobtor/PHD/ARGOJ8_IA/ARGOSJ8_IA_/install/car/share/car/launch
[2.469s] copying launch/fixposition_with_zed_fixposition_tf.launch.py -> /home/rhobtor/PHD/ARGOJ8_IA/ARGOSJ8_IA_/install/car/share/car/launch
[2.469s] copying launch/joystick.launch.py -> /home/rhobtor/PHD/ARGOJ8_IA/ARGOSJ8_IA_/install/car/share/car/launch
[2.469s] copying launch/display.launch.py -> /home/rhobtor/PHD/ARGOJ8_IA/ARGOSJ8_IA_/install/car/share/car/launch
[2.469s] copying launch/circuit4.launch.py -> /home/rhobtor/PHD/ARGOJ8_IA/ARGOSJ8_IA_/install/car/share/car/launch
[2.469s] copying launch/river_and_forest.launch.py -> /home/rhobtor/PHD/ARGOJ8_IA/ARGOSJ8_IA_/install/car/share/car/launch
[2.469s] copying launch/gazebo_simple8.launch.py -> /home/rhobtor/PHD/ARGOJ8_IA/ARGOSJ8_IA_/install/car/share/car/launch
[2.470s] copying launch/rtamap_test.launch.py -> /home/rhobtor/PHD/ARGOJ8_IA/ARGOSJ8_IA_/install/car/share/car/launch
[2.470s] copying launch/fp_poi_map_odom_static_test.launch.py -> /home/rhobtor/PHD/ARGOJ8_IA/ARGOSJ8_IA_/install/car/share/car/launch
[2.470s] copying launch/gazebo_simple_world.launch.py -> /home/rhobtor/PHD/ARGOJ8_IA/ARGOSJ8_IA_/install/car/share/car/launch
[2.470s] copying launch/fixposition_with_zed_no_tf.launch.py -> /home/rhobtor/PHD/ARGOJ8_IA/ARGOSJ8_IA_/install/car/share/car/launch
[2.470s] copying launch/fp_poi_map_odom_base_link_test.launch.py -> /home/rhobtor/PHD/ARGOJ8_IA/ARGOSJ8_IA_/install/car/share/car/launch
[2.470s] copying launch/fixposition_reframe.launch.py -> /home/rhobtor/PHD/ARGOJ8_IA/ARGOSJ8_IA_/install/car/share/car/launch
[2.470s] copying launch/gazebo_simple9.launch.py -> /home/rhobtor/PHD/ARGOJ8_IA/ARGOSJ8_IA_/install/car/share/car/launch
[2.470s] copying launch/circuit3.launch.py -> /home/rhobtor/PHD/ARGOJ8_IA/ARGOSJ8_IA_/install/car/share/car/launch
[2.470s] copying launch/rviz_fixposition_j8.launch.py -> /home/rhobtor/PHD/ARGOJ8_IA/ARGOSJ8_IA_/install/car/share/car/launch
[2.471s] copying launch/object_move_gazebo.launch.py -> /home/rhobtor/PHD/ARGOJ8_IA/ARGOSJ8_IA_/install/car/share/car/launch
[2.471s] copying launch/world_1.launch.py -> /home/rhobtor/PHD/ARGOJ8_IA/ARGOSJ8_IA_/install/car/share/car/launch
[2.471s] copying launch/circuit2.launch.py -> /home/rhobtor/PHD/ARGOJ8_IA/ARGOSJ8_IA_/install/car/share/car/launch
[2.471s] copying launch/gazebo_simple3.launch.py -> /home/rhobtor/PHD/ARGOJ8_IA/ARGOSJ8_IA_/install/car/share/car/launch
[2.471s] copying launch/gazebo_no_gui.launch.py -> /home/rhobtor/PHD/ARGOJ8_IA/ARGOSJ8_IA_/install/car/share/car/launch
[2.471s] copying launch/easy_world.launch.py -> /home/rhobtor/PHD/ARGOJ8_IA/ARGOSJ8_IA_/install/car/share/car/launch
[2.471s] copying launch/gazebo_simple6.launch.py -> /home/rhobtor/PHD/ARGOJ8_IA/ARGOSJ8_IA_/install/car/share/car/launch
[2.471s] copying launch/fp_poi_map_odom_base_link_camera_zed_wrapper_urdf_test.launch.py -> /home/rhobtor/PHD/ARGOJ8_IA/ARGOSJ8_IA_/install/car/share/car/launch
[2.471s] copying launch/fp_poi_map_odom_base_link_camera_zed_wrapper_test.launch.py -> /home/rhobtor/PHD/ARGOJ8_IA/ARGOSJ8_IA_/install/car/share/car/launch
[2.472s] copying launch/gazebo_simple4.launch.py -> /home/rhobtor/PHD/ARGOJ8_IA/ARGOSJ8_IA_/install/car/share/car/launch
[2.472s] copying launch/forest.launch.py -> /home/rhobtor/PHD/ARGOJ8_IA/ARGOSJ8_IA_/install/car/share/car/launch
[2.472s] copying launch/J8_unity.launch.py -> /home/rhobtor/PHD/ARGOJ8_IA/ARGOSJ8_IA_/install/car/share/car/launch
[2.472s] copying launch/goals_unity.launch.py -> /home/rhobtor/PHD/ARGOJ8_IA/ARGOSJ8_IA_/install/car/share/car/launch
[2.472s] copying launch/control_with_gazebo.launch.py -> /home/rhobtor/PHD/ARGOJ8_IA/ARGOSJ8_IA_/install/car/share/car/launch
[2.472s] copying launch/tf_fixposition_j8.launch.py -> /home/rhobtor/PHD/ARGOJ8_IA/ARGOSJ8_IA_/install/car/share/car/launch
[2.472s] copying launch/rviz_fixposition_urdf.launch.py -> /home/rhobtor/PHD/ARGOJ8_IA/ARGOSJ8_IA_/install/car/share/car/launch
[2.472s] copying launch/j8.launch.py -> /home/rhobtor/PHD/ARGOJ8_IA/ARGOSJ8_IA_/install/car/share/car/launch
[2.472s] copying launch/fp_poi_map_static_from_start.launch.py -> /home/rhobtor/PHD/ARGOJ8_IA/ARGOSJ8_IA_/install/car/share/car/launch
[2.473s] copying launch/tf_fixposition_map_odom_static_j8.launch.py -> /home/rhobtor/PHD/ARGOJ8_IA/ARGOSJ8_IA_/install/car/share/car/launch
[2.473s] copying urdf/object_movement.sdf -> /home/rhobtor/PHD/ARGOJ8_IA/ARGOSJ8_IA_/install/car/share/car/urdf
[2.473s] copying urdf/materials.xacro -> /home/rhobtor/PHD/ARGOJ8_IA/ARGOSJ8_IA_/install/car/share/car/urdf
[2.473s] copying urdf/car.xacro -> /home/rhobtor/PHD/ARGOJ8_IA/ARGOSJ8_IA_/install/car/share/car/urdf
[2.473s] copying urdf/camara.plugin.xacro -> /home/rhobtor/PHD/ARGOJ8_IA/ARGOSJ8_IA_/install/car/share/car/urdf
[2.473s] copying urdf/car.gazebo -> /home/rhobtor/PHD/ARGOJ8_IA/ARGOSJ8_IA_/install/car/share/car/urdf
[2.473s] copying urdf/lidar.plugin.xacro -> /home/rhobtor/PHD/ARGOJ8_IA/ARGOSJ8_IA_/install/car/share/car/urdf
[2.473s] copying urdf/control.plugin.xacro -> /home/rhobtor/PHD/ARGOJ8_IA/ARGOSJ8_IA_/install/car/share/car/urdf
[2.474s] copying urdf/virt_lidar.xacro -> /home/rhobtor/PHD/ARGOJ8_IA/ARGOSJ8_IA_/install/car/share/car/urdf
[2.474s] copying urdf/car.trans -> /home/rhobtor/PHD/ARGOJ8_IA/ARGOSJ8_IA_/install/car/share/car/urdf
[2.474s] copying worlds/grass.world -> /home/rhobtor/PHD/ARGOJ8_IA/ARGOSJ8_IA_/install/car/share/car/worlds
[2.474s] copying worlds/world_simple_object.world -> /home/rhobtor/PHD/ARGOJ8_IA/ARGOSJ8_IA_/install/car/share/car/worlds
[2.474s] copying worlds/hill_tagged.world -> /home/rhobtor/PHD/ARGOJ8_IA/ARGOSJ8_IA_/install/car/share/car/worlds
[2.475s] copying worlds/world_simple3.world -> /home/rhobtor/PHD/ARGOJ8_IA/ARGOSJ8_IA_/install/car/share/car/worlds
[2.475s] copying worlds/world_simple9.world -> /home/rhobtor/PHD/ARGOJ8_IA/ARGOSJ8_IA_/install/car/share/car/worlds
[2.475s] copying worlds/world_simple6.world -> /home/rhobtor/PHD/ARGOJ8_IA/ARGOSJ8_IA_/install/car/share/car/worlds
[2.476s] copying worlds/forest.world -> /home/rhobtor/PHD/ARGOJ8_IA/ARGOSJ8_IA_/install/car/share/car/worlds
[2.477s] copying worlds/map1_test.world -> /home/rhobtor/PHD/ARGOJ8_IA/ARGOSJ8_IA_/install/car/share/car/worlds
[2.477s] copying worlds/world_1.world -> /home/rhobtor/PHD/ARGOJ8_IA/ARGOSJ8_IA_/install/car/share/car/worlds
[2.477s] copying worlds/world_simple8.world -> /home/rhobtor/PHD/ARGOJ8_IA/ARGOSJ8_IA_/install/car/share/car/worlds
[2.478s] copying worlds/blender_builder.world -> /home/rhobtor/PHD/ARGOJ8_IA/ARGOSJ8_IA_/install/car/share/car/worlds
[2.478s] copying worlds/mountain.world -> /home/rhobtor/PHD/ARGOJ8_IA/ARGOSJ8_IA_/install/car/share/car/worlds
[2.478s] copying worlds/world_1_b1.world -> /home/rhobtor/PHD/ARGOJ8_IA/ARGOSJ8_IA_/install/car/share/car/worlds
[2.478s] copying worlds/world_1_b.world -> /home/rhobtor/PHD/ARGOJ8_IA/ARGOSJ8_IA_/install/car/share/car/worlds
[2.478s] copying worlds/empty.world -> /home/rhobtor/PHD/ARGOJ8_IA/ARGOSJ8_IA_/install/car/share/car/worlds
[2.478s] copying worlds/easy_world.world -> /home/rhobtor/PHD/ARGOJ8_IA/ARGOSJ8_IA_/install/car/share/car/worlds
[2.478s] copying worlds/grass_test.world -> /home/rhobtor/PHD/ARGOJ8_IA/ARGOSJ8_IA_/install/car/share/car/worlds
[2.478s] copying worlds/park.world -> /home/rhobtor/PHD/ARGOJ8_IA/ARGOSJ8_IA_/install/car/share/car/worlds
[2.479s] copying worlds/obstacles_and_traps.world -> /home/rhobtor/PHD/ARGOJ8_IA/ARGOSJ8_IA_/install/car/share/car/worlds
[2.479s] copying worlds/world_simple5.world -> /home/rhobtor/PHD/ARGOJ8_IA/ARGOSJ8_IA_/install/car/share/car/worlds
[2.479s] copying worlds/obstacles.world -> /home/rhobtor/PHD/ARGOJ8_IA/ARGOSJ8_IA_/install/car/share/car/worlds
[2.479s] copying worlds/hill.world -> /home/rhobtor/PHD/ARGOJ8_IA/ARGOSJ8_IA_/install/car/share/car/worlds
[2.480s] copying worlds/world_simple7.world -> /home/rhobtor/PHD/ARGOJ8_IA/ARGOSJ8_IA_/install/car/share/car/worlds
[2.480s] copying worlds/test.world -> /home/rhobtor/PHD/ARGOJ8_IA/ARGOSJ8_IA_/install/car/share/car/worlds
[2.481s] copying worlds/lake.world -> /home/rhobtor/PHD/ARGOJ8_IA/ARGOSJ8_IA_/install/car/share/car/worlds
[2.481s] copying worlds/forest_tagged.world -> /home/rhobtor/PHD/ARGOJ8_IA/ARGOSJ8_IA_/install/car/share/car/worlds
[2.483s] copying worlds/heightmap_world.world -> /home/rhobtor/PHD/ARGOJ8_IA/ARGOSJ8_IA_/install/car/share/car/worlds
[2.483s] copying worlds/world_simple2.world -> /home/rhobtor/PHD/ARGOJ8_IA/ARGOSJ8_IA_/install/car/share/car/worlds
[2.483s] copying worlds/park_tagged.world -> /home/rhobtor/PHD/ARGOJ8_IA/ARGOSJ8_IA_/install/car/share/car/worlds
[2.484s] copying worlds/river_and_forest.world -> /home/rhobtor/PHD/ARGOJ8_IA/ARGOSJ8_IA_/install/car/share/car/worlds
[2.484s] copying worlds/world_simple4.world -> /home/rhobtor/PHD/ARGOJ8_IA/ARGOSJ8_IA_/install/car/share/car/worlds
[2.484s] copying worlds/lake_tagged.world -> /home/rhobtor/PHD/ARGOJ8_IA/ARGOSJ8_IA_/install/car/share/car/worlds
[2.485s] copying meshes/tire.stl -> /home/rhobtor/PHD/ARGOJ8_IA/ARGOSJ8_IA_/install/car/share/car/meshes
[2.485s] copying meshes/rim_front_right_1.stl -> /home/rhobtor/PHD/ARGOJ8_IA/ARGOSJ8_IA_/install/car/share/car/meshes
[2.486s] copying meshes/tire_front_left_1.stl -> /home/rhobtor/PHD/ARGOJ8_IA/ARGOSJ8_IA_/install/car/share/car/meshes
[2.487s] copying meshes/rim_back_right_1.stl -> /home/rhobtor/PHD/ARGOJ8_IA/ARGOSJ8_IA_/install/car/share/car/meshes
[2.488s] copying meshes/direction_front_left_1.stl -> /home/rhobtor/PHD/ARGOJ8_IA/ARGOSJ8_IA_/install/car/share/car/meshes
[2.488s] copying meshes/rim.stl -> /home/rhobtor/PHD/ARGOJ8_IA/ARGOSJ8_IA_/install/car/share/car/meshes
[2.489s] copying meshes/Lidar.stl -> /home/rhobtor/PHD/ARGOJ8_IA/ARGOSJ8_IA_/install/car/share/car/meshes
[2.489s] copying meshes/Camara.stl -> /home/rhobtor/PHD/ARGOJ8_IA/ARGOSJ8_IA_/install/car/share/car/meshes
[2.489s] copying meshes/tire_front_right_1.stl -> /home/rhobtor/PHD/ARGOJ8_IA/ARGOSJ8_IA_/install/car/share/car/meshes
[2.490s] copying meshes/base_link.stl -> /home/rhobtor/PHD/ARGOJ8_IA/ARGOSJ8_IA_/install/car/share/car/meshes
[2.490s] copying meshes/tire_back_right_1.stl -> /home/rhobtor/PHD/ARGOJ8_IA/ARGOSJ8_IA_/install/car/share/car/meshes
[2.491s] copying meshes/tire_back_left_1.stl -> /home/rhobtor/PHD/ARGOJ8_IA/ARGOSJ8_IA_/install/car/share/car/meshes
[2.491s] copying meshes/suspension_front_left__1.stl -> /home/rhobtor/PHD/ARGOJ8_IA/ARGOSJ8_IA_/install/car/share/car/meshes
[2.492s] copying meshes/direction_front_right_1.stl -> /home/rhobtor/PHD/ARGOJ8_IA/ARGOSJ8_IA_/install/car/share/car/meshes
[2.492s] copying meshes/suspension_back_right_1.stl -> /home/rhobtor/PHD/ARGOJ8_IA/ARGOSJ8_IA_/install/car/share/car/meshes
[2.492s] copying meshes/chasis_1.stl -> /home/rhobtor/PHD/ARGOJ8_IA/ARGOSJ8_IA_/install/car/share/car/meshes
[2.492s] copying meshes/rim_front_left_1.stl -> /home/rhobtor/PHD/ARGOJ8_IA/ARGOSJ8_IA_/install/car/share/car/meshes
[2.493s] copying meshes/direction_back_right_1.stl -> /home/rhobtor/PHD/ARGOJ8_IA/ARGOSJ8_IA_/install/car/share/car/meshes
[2.493s] copying meshes/direction_back_left_1.stl -> /home/rhobtor/PHD/ARGOJ8_IA/ARGOSJ8_IA_/install/car/share/car/meshes
[2.493s] copying meshes/rim_back_left_1.stl -> /home/rhobtor/PHD/ARGOJ8_IA/ARGOSJ8_IA_/install/car/share/car/meshes
[2.494s] copying meshes/suspension_front_right_1.stl -> /home/rhobtor/PHD/ARGOJ8_IA/ARGOSJ8_IA_/install/car/share/car/meshes
[2.494s] copying meshes/suspension_back_left_1.stl -> /home/rhobtor/PHD/ARGOJ8_IA/ARGOSJ8_IA_/install/car/share/car/meshes
[2.494s] copying config/world_1_b.yaml -> /home/rhobtor/PHD/ARGOJ8_IA/ARGOSJ8_IA_/install/car/share/car/config
[2.495s] copying config/nav2.yaml -> /home/rhobtor/PHD/ARGOJ8_IA/ARGOSJ8_IA_/install/car/share/car/config
[2.495s] copying config/circuit_1.yaml -> /home/rhobtor/PHD/ARGOJ8_IA/ARGOSJ8_IA_/install/car/share/car/config
[2.495s] copying config/circuit_4.yaml -> /home/rhobtor/PHD/ARGOJ8_IA/ARGOSJ8_IA_/install/car/share/car/config
[2.495s] copying config/circuit_3.yaml -> /home/rhobtor/PHD/ARGOJ8_IA/ARGOSJ8_IA_/install/car/share/car/config
[2.495s] copying config/ekf_params.yaml -> /home/rhobtor/PHD/ARGOJ8_IA/ARGOSJ8_IA_/install/car/share/car/config
[2.495s] copying config/display.rviz -> /home/rhobtor/PHD/ARGOJ8_IA/ARGOSJ8_IA_/install/car/share/car/config
[2.495s] copying config/world1.yaml -> /home/rhobtor/PHD/ARGOJ8_IA/ARGOSJ8_IA_/install/car/share/car/config
[2.495s] copying config/circuit_2.yaml -> /home/rhobtor/PHD/ARGOJ8_IA/ARGOSJ8_IA_/install/car/share/car/config
[2.495s] copying config/mapper_params_online_async.yaml -> /home/rhobtor/PHD/ARGOJ8_IA/ARGOSJ8_IA_/install/car/share/car/config
[2.496s] copying config/goal.yaml -> /home/rhobtor/PHD/ARGOJ8_IA/ARGOSJ8_IA_/install/car/share/car/config
[2.496s] copying config/river_and_forest.yaml -> /home/rhobtor/PHD/ARGOJ8_IA/ARGOSJ8_IA_/install/car/share/car/config
[2.496s] copying config/gnss_goals.yaml -> /home/rhobtor/PHD/ARGOJ8_IA/ARGOSJ8_IA_/install/car/share/car/config
[2.496s] copying config/octomap.yaml -> /home/rhobtor/PHD/ARGOJ8_IA/ARGOSJ8_IA_/install/car/share/car/config
[2.496s] running install_egg_info
[2.514s] removing '/home/rhobtor/PHD/ARGOJ8_IA/ARGOSJ8_IA_/install/car/lib/python3.10/site-packages/car-0.0.0-py3.10.egg-info' (and everything under it)
[2.515s] Copying ../../build/car/car.egg-info to /home/rhobtor/PHD/ARGOJ8_IA/ARGOSJ8_IA_/install/car/lib/python3.10/site-packages/car-0.0.0-py3.10.egg-info
[2.515s] running install_scripts
[2.552s] Installing check_goal_gnss script to /home/rhobtor/PHD/ARGOJ8_IA/ARGOSJ8_IA_/install/car/lib/car
[2.552s] Installing circuit1 script to /home/rhobtor/PHD/ARGOJ8_IA/ARGOSJ8_IA_/install/car/lib/car
[2.553s] Installing circuit_supervisor script to /home/rhobtor/PHD/ARGOJ8_IA/ARGOSJ8_IA_/install/car/lib/car
[2.553s] Installing cmd_vel_to_throttle script to /home/rhobtor/PHD/ARGOJ8_IA/ARGOSJ8_IA_/install/car/lib/car
[2.553s] Installing colision_zone script to /home/rhobtor/PHD/ARGOJ8_IA/ARGOSJ8_IA_/install/car/lib/car
[2.553s] Installing filter_points_cloud script to /home/rhobtor/PHD/ARGOJ8_IA/ARGOSJ8_IA_/install/car/lib/car
[2.554s] Installing fixposition_local_tf_from_odom script to /home/rhobtor/PHD/ARGOJ8_IA/ARGOSJ8_IA_/install/car/lib/car
[2.554s] Installing fixposition_map_anchor script to /home/rhobtor/PHD/ARGOJ8_IA/ARGOSJ8_IA_/install/car/lib/car
[2.554s] Installing fixposition_map_odom_static_from_odom script to /home/rhobtor/PHD/ARGOJ8_IA/ARGOSJ8_IA_/install/car/lib/car
[2.554s] Installing fixposition_odom_to_base_link_tf script to /home/rhobtor/PHD/ARGOJ8_IA/ARGOSJ8_IA_/install/car/lib/car
[2.555s] Installing fixposition_reframe script to /home/rhobtor/PHD/ARGOJ8_IA/ARGOSJ8_IA_/install/car/lib/car
[2.555s] Installing fixposition_tf_tree_for_zed script to /home/rhobtor/PHD/ARGOJ8_IA/ARGOSJ8_IA_/install/car/lib/car
[2.555s] Installing fp_poi_map_odom_static_test script to /home/rhobtor/PHD/ARGOJ8_IA/ARGOSJ8_IA_/install/car/lib/car
[2.555s] Installing fp_poi_map_static_from_start script to /home/rhobtor/PHD/ARGOJ8_IA/ARGOSJ8_IA_/install/car/lib/car
[2.555s] Installing frontier_centroid script to /home/rhobtor/PHD/ARGOJ8_IA/ARGOSJ8_IA_/install/car/lib/car
[2.556s] Installing fusion script to /home/rhobtor/PHD/ARGOJ8_IA/ARGOSJ8_IA_/install/car/lib/car
[2.556s] Installing gnss_goal_circuit script to /home/rhobtor/PHD/ARGOJ8_IA/ARGOSJ8_IA_/install/car/lib/car
[2.556s] Installing goal_local_marker script to /home/rhobtor/PHD/ARGOJ8_IA/ARGOSJ8_IA_/install/car/lib/car
[2.556s] Installing inference_full_model script to /home/rhobtor/PHD/ARGOJ8_IA/ARGOSJ8_IA_/install/car/lib/car
[2.556s] Installing inference_j8 script to /home/rhobtor/PHD/ARGOJ8_IA/ARGOSJ8_IA_/install/car/lib/car
[2.557s] Installing inference_test_j8 script to /home/rhobtor/PHD/ARGOJ8_IA/ARGOSJ8_IA_/install/car/lib/car
[2.557s] Installing inference_training_mode_simple script to /home/rhobtor/PHD/ARGOJ8_IA/ARGOSJ8_IA_/install/car/lib/car
[2.557s] Installing j8_bueno script to /home/rhobtor/PHD/ARGOJ8_IA/ARGOSJ8_IA_/install/car/lib/car
[2.557s] Installing j8_policy script to /home/rhobtor/PHD/ARGOJ8_IA/ARGOSJ8_IA_/install/car/lib/car
[2.557s] Installing j8_test_ppo script to /home/rhobtor/PHD/ARGOJ8_IA/ARGOSJ8_IA_/install/car/lib/car
[2.558s] Installing joystick_control script to /home/rhobtor/PHD/ARGOJ8_IA/ARGOSJ8_IA_/install/car/lib/car
[2.558s] Installing keyboard_control script to /home/rhobtor/PHD/ARGOJ8_IA/ARGOSJ8_IA_/install/car/lib/car
[2.558s] Installing latlon_circuit script to /home/rhobtor/PHD/ARGOJ8_IA/ARGOSJ8_IA_/install/car/lib/car
[2.558s] Installing latlon_posearray_to_local script to /home/rhobtor/PHD/ARGOJ8_IA/ARGOSJ8_IA_/install/car/lib/car
[2.558s] Installing latlon_posearray_to_local_utm script to /home/rhobtor/PHD/ARGOJ8_IA/ARGOSJ8_IA_/install/car/lib/car
[2.558s] Installing lidar_detection script to /home/rhobtor/PHD/ARGOJ8_IA/ARGOSJ8_IA_/install/car/lib/car
[2.559s] Installing map_navegation script to /home/rhobtor/PHD/ARGOJ8_IA/ARGOSJ8_IA_/install/car/lib/car
[2.559s] Installing map_navegation_test script to /home/rhobtor/PHD/ARGOJ8_IA/ARGOSJ8_IA_/install/car/lib/car
[2.559s] Installing memory_map script to /home/rhobtor/PHD/ARGOJ8_IA/ARGOSJ8_IA_/install/car/lib/car
[2.559s] Installing movement_predictive script to /home/rhobtor/PHD/ARGOJ8_IA/ARGOSJ8_IA_/install/car/lib/car
[2.559s] Installing navsatfix_goal_to_map_pose script to /home/rhobtor/PHD/ARGOJ8_IA/ARGOSJ8_IA_/install/car/lib/car
[2.559s] Installing navsatfix_to_ecef script to /home/rhobtor/PHD/ARGOJ8_IA/ARGOSJ8_IA_/install/car/lib/car
[2.560s] Installing odom_to_tf script to /home/rhobtor/PHD/ARGOJ8_IA/ARGOSJ8_IA_/install/car/lib/car
[2.560s] Installing path_ppo_cnn_lstm_full_model script to /home/rhobtor/PHD/ARGOJ8_IA/ARGOSJ8_IA_/install/car/lib/car
[2.560s] Installing path_ppo_cnn_lstm_training_init_mode script to /home/rhobtor/PHD/ARGOJ8_IA/ARGOSJ8_IA_/install/car/lib/car
[2.560s] Installing path_ppo_cnn_lstm_training_init_mode_j8 script to /home/rhobtor/PHD/ARGOJ8_IA/ARGOSJ8_IA_/install/car/lib/car
[2.560s] Installing path_ppo_cnn_lstm_training_init_mode_simple script to /home/rhobtor/PHD/ARGOJ8_IA/ARGOSJ8_IA_/install/car/lib/car
[2.561s] Installing points_goal script to /home/rhobtor/PHD/ARGOJ8_IA/ARGOSJ8_IA_/install/car/lib/car
[2.561s] Installing points_goal_old script to /home/rhobtor/PHD/ARGOJ8_IA/ARGOSJ8_IA_/install/car/lib/car
[2.561s] Installing prior_map_builder script to /home/rhobtor/PHD/ARGOJ8_IA/ARGOSJ8_IA_/install/car/lib/car
[2.561s] Installing scape_test script to /home/rhobtor/PHD/ARGOJ8_IA/ARGOSJ8_IA_/install/car/lib/car
[2.561s] Installing supervisor_node script to /home/rhobtor/PHD/ARGOJ8_IA/ARGOSJ8_IA_/install/car/lib/car
[2.562s] Installing test_j8_old script to /home/rhobtor/PHD/ARGOJ8_IA/ARGOSJ8_IA_/install/car/lib/car
[2.562s] Installing test_octomap script to /home/rhobtor/PHD/ARGOJ8_IA/ARGOSJ8_IA_/install/car/lib/car
[2.562s] Installing test_vel script to /home/rhobtor/PHD/ARGOJ8_IA/ARGOSJ8_IA_/install/car/lib/car
[2.562s] Installing unity_goal script to /home/rhobtor/PHD/ARGOJ8_IA/ARGOSJ8_IA_/install/car/lib/car
[2.563s] Installing voxel_unity script to /home/rhobtor/PHD/ARGOJ8_IA/ARGOSJ8_IA_/install/car/lib/car
[2.563s] Installing zed_static_tf_tree script to /home/rhobtor/PHD/ARGOJ8_IA/ARGOSJ8_IA_/install/car/lib/car
[2.566s] writing list of installed files to '/home/rhobtor/PHD/ARGOJ8_IA/ARGOSJ8_IA_/build/car/install.log'
[2.598s] Invoked command in '/home/rhobtor/PHD/ARGOJ8_IA/ARGOSJ8_IA_/src/car_python' returned '0': CMAKE_PREFIX_PATH=/home/rhobtor/PHD/ARGOJ8_IA/ARGOSJ8_IA_/install/car_interfaces:/home/rhobtor/PHD/ARGOJ8_IA/ARGOSJ8_IA_/install/argj801_ctl_platform_interfaces:/home/rhobtor/PHD/ARGOJ8_IA/ARGOSJ8_IA_/install/wiimote_msgs:/home/rhobtor/PHD/ARGOJ8_IA/ARGOSJ8_IA_/install/ublox:/home/rhobtor/PHD/ARGOJ8_IA/ARGOSJ8_IA_/install/ublox_gps:/home/rhobtor/PHD/ARGOJ8_IA/ARGOSJ8_IA_/install/security_check:/home/rhobtor/PHD/ARGOJ8_IA/ARGOSJ8_IA_/install/ctl_mission:/home/rhobtor/PHD/ARGOJ8_IA/ARGOSJ8_IA_/install/ublox_msgs:/home/rhobtor/PHD/ARGOJ8_IA/ARGOSJ8_IA_/install/ublox_serialization:/home/rhobtor/PHD/ARGOJ8_IA/ARGOSJ8_IA_/install/spacenav:/home/rhobtor/PHD/ARGOJ8_IA/ARGOSJ8_IA_/install/laser_segmentation:/home/rhobtor/PHD/ARGOJ8_IA/ARGOSJ8_IA_/install/slg_msgs:/home/rhobtor/PHD/ARGOJ8_IA/ARGOSJ8_IA_/install/security_check_interfaces:/home/rhobtor/PHD/ARGOJ8_IA/ARGOSJ8_IA_/install/joy:/home/rhobtor/PHD/ARGOJ8_IA/ARGOSJ8_IA_/install/sdl2_vendor:/home/rhobtor/PHD/ARGOJ8_IA/ARGOSJ8_IA_/install/path_manager:/home/rhobtor/PHD/ARGOJ8_IA/ARGOSJ8_IA_/install/path_manager_interfaces:/home/rhobtor/PHD/ARGOJ8_IA/ARGOSJ8_IA_/install/joy_linux:/home/rhobtor/PHD/ARGOJ8_IA/ARGOSJ8_IA_/install/j8_xacro_model:/home/rhobtor/PHD/ARGOJ8_IA/ARGOSJ8_IA_/install/hector_gazebo_plugins:/home/rhobtor/PHD/ARGOJ8_IA/ARGOSJ8_IA_/install/fixposition_sensor_pkg:/home/rhobtor/PHD/ARGOJ8_IA/ARGOSJ8_IA_/install/fixposition_odometry_converter_ros2:/home/rhobtor/PHD/ARGOJ8_IA/ARGOSJ8_IA_/install/fixposition_driver_ros2:/home/rhobtor/PHD/ARGOJ8_IA/ARGOSJ8_IA_/install/fixposition_driver_lib:/home/rhobtor/PHD/ARGOJ8_IA/ARGOSJ8_IA_/install/fixposition_gnss_tf:/home/rhobtor/PHD/ARGOJ8_IA/ARGOSJ8_IA_/install/ctl_mission_interfaces:/home/rhobtor/PHD/ARGOJ8_IA/ARGOSJ8_IA_/install/car_cpp:/home/rhobtor/PHD/ARGOJ8_IA/ARGOSJ8_IA_/install/argj801_setup:/home/rhobtor/PHD/ARGOJ8_IA/ARGOSJ8_IA_/install/argj801_sensors:/home/rhobtor/PHD/ARGOJ8_IA/ARGOSJ8_IA_/install/argj801_sensors_msgs:/home/rhobtor/PHD/ARGOJ8_IA/ARGOSJ8_IA_/install/argj801_ctl_platform:/home/rhobtor/zed/install/zed_ros2:/home/rhobtor/zed/install/zed_wrapper:/home/rhobtor/zed/install/zed_components:/home/rhobtor/zed/install/zed_interfaces LD_LIBRARY_PATH=/home/rhobtor/PHD/ARGOJ8_IA/ARGOSJ8_IA_/install/car_interfaces/lib:/home/rhobtor/PHD/ARGOJ8_IA/ARGOSJ8_IA_/install/argj801_ctl_platform_interfaces/lib:/home/rhobtor/PHD/ARGOJ8_IA/ARGOSJ8_IA_/install/wiimote_msgs/lib:/home/rhobtor/PHD/ARGOJ8_IA/ARGOSJ8_IA_/install/ublox_gps/lib:/home/rhobtor/PHD/ARGOJ8_IA/ARGOSJ8_IA_/install/ublox_msgs/lib:/home/rhobtor/PHD/ARGOJ8_IA/ARGOSJ8_IA_/install/spacenav/lib:/home/rhobtor/PHD/ARGOJ8_IA/ARGOSJ8_IA_/install/laser_segmentation/lib:/home/rhobtor/PHD/ARGOJ8_IA/ARGOSJ8_IA_/install/slg_msgs/lib:/home/rhobtor/PHD/ARGOJ8_IA/ARGOSJ8_IA_/install/security_check_interfaces/lib:/home/rhobtor/PHD/ARGOJ8_IA/ARGOSJ8_IA_/install/joy/lib:/home/rhobtor/PHD/ARGOJ8_IA/ARGOSJ8_IA_/install/path_manager_interfaces/lib:/home/rhobtor/PHD/ARGOJ8_IA/ARGOSJ8_IA_/install/j8_xacro_model/lib:/home/rhobtor/PHD/ARGOJ8_IA/ARGOSJ8_IA_/install/hector_gazebo_plugins/lib:/home/rhobtor/PHD/ARGOJ8_IA/ARGOSJ8_IA_/install/fixposition_sensor_pkg/lib:/home/rhobtor/PHD/ARGOJ8_IA/ARGOSJ8_IA_/install/fixposition_odometry_converter_ros2/lib:/home/rhobtor/PHD/ARGOJ8_IA/ARGOSJ8_IA_/install/fixposition_driver_ros2/lib:/home/rhobtor/PHD/ARGOJ8_IA/ARGOSJ8_IA_/install/fixposition_driver_lib/lib:/home/rhobtor/PHD/ARGOJ8_IA/ARGOSJ8_IA_/install/fixposition_gnss_tf/lib:/home/rhobtor/PHD/ARGOJ8_IA/ARGOSJ8_IA_/install/ctl_mission_interfaces/lib:/home/rhobtor/PHD/ARGOJ8_IA/ARGOSJ8_IA_/install/car_cpp/lib:/home/rhobtor/PHD/ARGOJ8_IA/ARGOSJ8_IA_/install/argj801_sensors_msgs/lib:/usr/local/cuda/lib64:/usr/local/cuda/lib64:/usr/local/cuda-12.1/lib64:/usr/local/cuda-11.8/lib64:/home/rhobtor/zed/install/zed_components/lib:/home/rhobtor/zed/install/zed_interfaces/lib:/usr/lib/x86_64-linux-gnu/gazebo-11/plugins:/opt/ros/humble/opt/rviz_ogre_vendor/lib:/opt/ros/humble/lib/x86_64-linux-gnu:/opt/ros/humble/lib PYTHONPATH=/home/rhobtor/PHD/ARGOJ8_IA/ARGOSJ8_IA_/build/car/prefix_override:/usr/lib/python3/dist-packages/colcon_core/task/python/colcon_distutils_commands:/home/rhobtor/PHD/ARGOJ8_IA/ARGOSJ8_IA_/install/car/lib/python3.10/site-packages:${PYTHONPATH} /usr/bin/python3 -W ignore:setup.py install is deprecated -W ignore:easy_install command is deprecated setup.py egg_info --egg-base ../../build/car build --build-base /home/rhobtor/PHD/ARGOJ8_IA/ARGOSJ8_IA_/build/car/build install --record /home/rhobtor/PHD/ARGOJ8_IA/ARGOSJ8_IA_/build/car/install.log --single-version-externally-managed install_data
