[0.045s] Invoking command in '/home/rhobtor/PHD/ARGOJ8_IA/ARGOSJ8_IA_/build/slg_msgs': CMAKE_PREFIX_PATH=${CMAKE_PREFIX_PATH}:/home/rhobtor/PHD/ARGOJ8_IA/ARGOSJ8_IA_/install/ntrip_client:/home/rhobtor/PHD/ARGOJ8_IA/ARGOSJ8_IA_/install/j8_gui:/home/rhobtor/PHD/ARGOJ8_IA/ARGOSJ8_IA_/install/car:/home/rhobtor/PHD/ARGOJ8_IA/ARGOSJ8_IA_/install/android_ros2_server:/home/rhobtor/PHD/ARGOJ8_IA/ARGOSJ8_IA_/install/GUI_pkg:/opt/ros/humble /opt/st/stm32cubeclt_1.18.0/CMake/bin/cmake /home/rhobtor/PHD/ARGOJ8_IA/ARGOSJ8_IA_/src/lidar_process_pkgs/slg_msgs -DCMAKE_INSTALL_PREFIX=/home/rhobtor/PHD/ARGOJ8_IA/ARGOSJ8_IA_/install/slg_msgs
[0.434s] -- The C compiler identification is GNU 11.4.0
[0.434s] -- The CXX compiler identification is GNU 11.4.0
[0.434s] -- Detecting C compiler ABI info
[0.434s] -- Detecting C compiler ABI info - done
[0.434s] -- Check for working C compiler: /usr/bin/cc - skipped
[0.434s] -- Detecting C compile features
[0.434s] -- Detecting C compile features - done
[0.435s] -- Detecting CXX compiler ABI info
[0.435s] -- Detecting CXX compiler ABI info - done
[0.435s] -- Check for working CXX compiler: /usr/bin/c++ - skipped
[0.435s] -- Detecting CXX compile features
[0.435s] -- Detecting CXX compile features - done
[0.435s] -- Setting build type to Release as none was specified.
[0.435s] -- Found ament_cmake: 1.3.12 (/opt/ros/humble/share/ament_cmake/cmake)
[0.514s] -- Found Python3: /usr/bin/python3 (found version "3.10.12") found components: Interpreter 
[0.630s] -- Found rosidl_default_generators: 1.2.0 (/opt/ros/humble/share/rosidl_default_generators/cmake)
[0.640s] -- Using all available rosidl_typesupport_c: rosidl_typesupport_fastrtps_c;rosidl_typesupport_introspection_c
[0.650s] -- Found rosidl_adapter: 3.1.7 (/opt/ros/humble/share/rosidl_adapter/cmake)
[0.739s] -- Using all available rosidl_typesupport_cpp: rosidl_typesupport_fastrtps_cpp;rosidl_typesupport_introspection_cpp
[0.805s] -- Found std_msgs: 4.9.0 (/opt/ros/humble/share/std_msgs/cmake)
[0.860s] -- Found geometry_msgs: 4.9.0 (/opt/ros/humble/share/geometry_msgs/cmake)
[1.507s] -- Found ament_cmake_ros: 0.10.0 (/opt/ros/humble/share/ament_cmake_ros/cmake)
[2.098s] -- Using all available rosidl_typesupport_c: rosidl_typesupport_fastrtps_c;rosidl_typesupport_introspection_c
[2.811s] -- Using all available rosidl_typesupport_cpp: rosidl_typesupport_fastrtps_cpp;rosidl_typesupport_introspection_cpp
[2.813s] [33mCMake Warning (dev) at /opt/ros/humble/share/rosidl_generator_py/cmake/rosidl_generator_py_generate_interfaces.cmake:20 (find_package):
[2.813s]   Policy CMP0148 is not set: The FindPythonInterp and FindPythonLibs modules
[2.813s]   are removed.  Run "cmake --help-policy CMP0148" for policy details.  Use
[2.813s]   the cmake_policy command to set the policy and suppress this warning.
[2.814s] 
[2.814s] Call Stack (most recent call first):
[2.814s]   /opt/ros/humble/share/ament_cmake_core/cmake/core/ament_execute_extensions.cmake:48 (include)
[2.814s]   /opt/ros/humble/share/rosidl_cmake/cmake/rosidl_generate_interfaces.cmake:286 (ament_execute_extensions)
[2.814s]   CMakeLists.txt:65 (rosidl_generate_interfaces)
[2.814s] This warning is for project developers.  Use -Wno-dev to suppress it.
[2.814s] [0m
[2.838s] -- Found PythonInterp: /usr/bin/python3 (found suitable version "3.10.12", minimum required is "3.6") 
[2.841s] -- Found python_cmake_module: 0.10.0 (/opt/ros/humble/share/python_cmake_module/cmake)
[2.841s] [33mCMake Warning (dev) at /opt/ros/humble/share/python_cmake_module/cmake/Modules/FindPythonExtra.cmake:52 (find_package):
[2.841s]   Policy CMP0148 is not set: The FindPythonInterp and FindPythonLibs modules
[2.841s]   are removed.  Run "cmake --help-policy CMP0148" for policy details.  Use
[2.841s]   the cmake_policy command to set the policy and suppress this warning.
[2.842s] 
[2.842s] Call Stack (most recent call first):
[2.842s]   /opt/ros/humble/share/rosidl_generator_py/cmake/rosidl_generator_py_generate_interfaces.cmake:23 (find_package)
[2.842s]   /opt/ros/humble/share/ament_cmake_core/cmake/core/ament_execute_extensions.cmake:48 (include)
[2.842s]   /opt/ros/humble/share/rosidl_cmake/cmake/rosidl_generate_interfaces.cmake:286 (ament_execute_extensions)
[2.842s]   CMakeLists.txt:65 (rosidl_generate_interfaces)
[2.842s] This warning is for project developers.  Use -Wno-dev to suppress it.
[2.842s] [0m
[2.864s] [33mCMake Warning (dev) at /opt/ros/humble/share/python_cmake_module/cmake/Modules/FindPythonExtra.cmake:140 (find_package):
[2.864s]   Policy CMP0148 is not set: The FindPythonInterp and FindPythonLibs modules
[2.864s]   are removed.  Run "cmake --help-policy CMP0148" for policy details.  Use
[2.864s]   the cmake_policy command to set the policy and suppress this warning.
[2.864s] 
[2.864s] Call Stack (most recent call first):
[2.864s]   /opt/ros/humble/share/rosidl_generator_py/cmake/rosidl_generator_py_generate_interfaces.cmake:23 (find_package)
[2.864s]   /opt/ros/humble/share/ament_cmake_core/cmake/core/ament_execute_extensions.cmake:48 (include)
[2.864s]   /opt/ros/humble/share/rosidl_cmake/cmake/rosidl_generate_interfaces.cmake:286 (ament_execute_extensions)
[2.864s]   CMakeLists.txt:65 (rosidl_generate_interfaces)
[2.864s] This warning is for project developers.  Use -Wno-dev to suppress it.
[2.864s] [0m
[2.872s] -- Found PythonLibs: /usr/lib/x86_64-linux-gnu/libpython3.10.so (found suitable version "3.10.12", minimum required is "3.5") 
[2.873s] -- Using PYTHON_EXECUTABLE: /usr/bin/python3
[2.873s] -- Using PYTHON_INCLUDE_DIRS: /usr/include/python3.10
[2.873s] -- Using PYTHON_LIBRARIES: /usr/lib/x86_64-linux-gnu/libpython3.10.so
[2.897s] -- Found PythonExtra: .so  
[3.087s] -- Found ament_lint_auto: 0.12.14 (/opt/ros/humble/share/ament_lint_auto/cmake)
[3.180s] -- Found gtest sources under '/opt/ros/humble/src/gtest_vendor': C++ tests using 'Google Test' will be built
[3.186s] -- Performing Test CMAKE_HAVE_LIBC_PTHREAD
[3.350s] -- Performing Test CMAKE_HAVE_LIBC_PTHREAD - Success
[3.350s] -- Found Threads: TRUE  
[3.399s] -- Added test 'cppcheck' to perform static code analysis on C / C++ code
[3.400s] -- Configured cppcheck include dirs: /home/rhobtor/PHD/ARGOJ8_IA/ARGOSJ8_IA_/src/lidar_process_pkgs/slg_msgs/include;$<BUILD_INTERFACE:/home/rhobtor/PHD/ARGOJ8_IA/ARGOSJ8_IA_/src/lidar_process_pkgs/slg_msgs/include>
[3.400s] -- Configured cppcheck exclude dirs and/or files: 
[3.407s] -- Added test 'cpplint' to check C / C++ code against the Google style
[3.407s] -- Configured cpplint exclude dirs and/or files: 
[3.411s] -- Added test 'lint_cmake' to check CMake code style
[3.424s] -- Added test 'uncrustify' to check C / C++ code style
[3.424s] -- Configured uncrustify additional arguments: 
[3.424s] -- Added test 'xmllint' to check XML markup files
[3.430s] -- Configuring done (3.4s)
[3.562s] -- Generating done (0.1s)
[3.652s] -- Build files have been written to: /home/rhobtor/PHD/ARGOJ8_IA/ARGOSJ8_IA_/build/slg_msgs
[3.684s] Invoked command in '/home/rhobtor/PHD/ARGOJ8_IA/ARGOSJ8_IA_/build/slg_msgs' returned '0': CMAKE_PREFIX_PATH=${CMAKE_PREFIX_PATH}:/home/rhobtor/PHD/ARGOJ8_IA/ARGOSJ8_IA_/install/ntrip_client:/home/rhobtor/PHD/ARGOJ8_IA/ARGOSJ8_IA_/install/j8_gui:/home/rhobtor/PHD/ARGOJ8_IA/ARGOSJ8_IA_/install/car:/home/rhobtor/PHD/ARGOJ8_IA/ARGOSJ8_IA_/install/android_ros2_server:/home/rhobtor/PHD/ARGOJ8_IA/ARGOSJ8_IA_/install/GUI_pkg:/opt/ros/humble /opt/st/stm32cubeclt_1.18.0/CMake/bin/cmake /home/rhobtor/PHD/ARGOJ8_IA/ARGOSJ8_IA_/src/lidar_process_pkgs/slg_msgs -DCMAKE_INSTALL_PREFIX=/home/rhobtor/PHD/ARGOJ8_IA/ARGOSJ8_IA_/install/slg_msgs
[3.684s] Invoking command in '/home/rhobtor/PHD/ARGOJ8_IA/ARGOSJ8_IA_/build/slg_msgs': CMAKE_PREFIX_PATH=${CMAKE_PREFIX_PATH}:/home/rhobtor/PHD/ARGOJ8_IA/ARGOSJ8_IA_/install/ntrip_client:/home/rhobtor/PHD/ARGOJ8_IA/ARGOSJ8_IA_/install/j8_gui:/home/rhobtor/PHD/ARGOJ8_IA/ARGOSJ8_IA_/install/car:/home/rhobtor/PHD/ARGOJ8_IA/ARGOSJ8_IA_/install/android_ros2_server:/home/rhobtor/PHD/ARGOJ8_IA/ARGOSJ8_IA_/install/GUI_pkg:/opt/ros/humble /opt/st/stm32cubeclt_1.18.0/CMake/bin/cmake --build /home/rhobtor/PHD/ARGOJ8_IA/ARGOSJ8_IA_/build/slg_msgs -- -j16 -l16
[9.778s] [  2%] [34m[1mGenerating C code for ROS interfaces[0m
[9.778s] [  4%] [34m[1mGenerating C++ code for ROS interfaces[0m
[9.778s] [  4%] Built target ament_cmake_python_copy_slg_msgs
[9.778s] [  6%] [32mBuilding CXX object gtest/CMakeFiles/gtest_main.dir/src/gtest_main.cc.o[0m
[9.779s] [  8%] [32mBuilding CXX object gtest/CMakeFiles/gtest.dir/src/gtest-all.cc.o[0m
[9.779s] running egg_info
[9.780s] creating slg_msgs.egg-info
[9.780s] writing slg_msgs.egg-info/PKG-INFO
[9.780s] writing dependency_links to slg_msgs.egg-info/dependency_links.txt
[9.782s] writing top-level names to slg_msgs.egg-info/top_level.txt
[9.783s] writing manifest file 'slg_msgs.egg-info/SOURCES.txt'
[9.783s] reading manifest file 'slg_msgs.egg-info/SOURCES.txt'
[9.783s] writing manifest file 'slg_msgs.egg-info/SOURCES.txt'
[9.783s] [  8%] Built target ament_cmake_python_build_slg_msgs_egg
[9.784s] [ 10%] [32mBuilding C object CMakeFiles/slg_msgs__rosidl_generator_c.dir/rosidl_generator_c/slg_msgs/msg/detail/segment__functions.c.o[0m
[9.784s] [ 12%] [32mBuilding C object CMakeFiles/slg_msgs__rosidl_generator_c.dir/rosidl_generator_c/slg_msgs/msg/detail/segment_array__functions.c.o[0m
[9.784s] [ 12%] Built target slg_msgs__cpp
[9.785s] [ 14%] [34m[1mGenerating C++ type support dispatch for ROS interfaces[0m
[9.785s] [ 16%] [34m[1mGenerating C++ type support for eProsima Fast-RTPS[0m
[9.786s] [ 18%] [34m[1mGenerating C++ introspection for ROS interfaces[0m
[9.787s] [ 20%] [32m[1mLinking C shared library libslg_msgs__rosidl_generator_c.so[0m
[9.788s] [ 20%] Built target slg_msgs__rosidl_generator_c
[9.789s] [ 22%] [34m[1mGenerating C type support for eProsima Fast-RTPS[0m
[9.789s] [ 24%] [34m[1mGenerating C introspection for ROS interfaces[0m
[9.789s] [ 26%] [34m[1mGenerating C type support dispatch for ROS interfaces[0m
[9.789s] [ 28%] [32mBuilding CXX object CMakeFiles/slg_msgs__rosidl_typesupport_fastrtps_c.dir/rosidl_typesupport_fastrtps_c/slg_msgs/msg/detail/segment__type_support_c.cpp.o[0m
[9.789s] [ 30%] [32mBuilding CXX object CMakeFiles/slg_msgs__rosidl_typesupport_fastrtps_c.dir/rosidl_typesupport_fastrtps_c/slg_msgs/msg/detail/segment_array__type_support_c.cpp.o[0m
[9.789s] [ 32%] [32m[1mLinking CXX shared library libslg_msgs__rosidl_typesupport_fastrtps_c.so[0m
[9.789s] [ 34%] [32mBuilding CXX object CMakeFiles/slg_msgs__rosidl_typesupport_introspection_cpp.dir/rosidl_typesupport_introspection_cpp/slg_msgs/msg/detail/segment__type_support.cpp.o[0m
[9.789s] [ 36%] [32mBuilding CXX object CMakeFiles/slg_msgs__rosidl_typesupport_introspection_cpp.dir/rosidl_typesupport_introspection_cpp/slg_msgs/msg/detail/segment_array__type_support.cpp.o[0m
[9.790s] [ 38%] [32mBuilding CXX object CMakeFiles/slg_msgs__rosidl_typesupport_cpp.dir/rosidl_typesupport_cpp/slg_msgs/msg/segment__type_support.cpp.o[0m
[9.790s] [ 40%] [32mBuilding CXX object CMakeFiles/slg_msgs__rosidl_typesupport_cpp.dir/rosidl_typesupport_cpp/slg_msgs/msg/segment_array__type_support.cpp.o[0m
[9.790s] [ 42%] [32mBuilding CXX object CMakeFiles/slg_msgs__rosidl_typesupport_c.dir/rosidl_typesupport_c/slg_msgs/msg/segment__type_support.cpp.o[0m
[9.790s] [ 44%] [32mBuilding CXX object CMakeFiles/slg_msgs__rosidl_typesupport_c.dir/rosidl_typesupport_c/slg_msgs/msg/segment_array__type_support.cpp.o[0m
[9.790s] [ 46%] [32mBuilding C object CMakeFiles/slg_msgs__rosidl_typesupport_introspection_c.dir/rosidl_typesupport_introspection_c/slg_msgs/msg/detail/segment_array__type_support.c.o[0m
[9.790s] [ 48%] [32mBuilding C object CMakeFiles/slg_msgs__rosidl_typesupport_introspection_c.dir/rosidl_typesupport_introspection_c/slg_msgs/msg/detail/segment__type_support.c.o[0m
[9.790s] [ 51%] [32m[1mLinking CXX shared library libslg_msgs__rosidl_typesupport_c.so[0m
[9.790s] [ 53%] [32m[1mLinking CXX static library libgtest_main.a[0m
[9.790s] [ 53%] Built target slg_msgs__rosidl_typesupport_fastrtps_c
[9.792s] [ 53%] Built target gtest_main
[9.792s] [ 55%] [32m[1mLinking C shared library libslg_msgs__rosidl_typesupport_introspection_c.so[0m
[9.792s] [ 55%] Built target slg_msgs__rosidl_typesupport_c
[9.792s] [ 55%] Built target slg_msgs__rosidl_typesupport_introspection_c
[9.792s] [ 59%] [32mBuilding CXX object CMakeFiles/slg_msgs__rosidl_typesupport_fastrtps_cpp.dir/rosidl_typesupport_fastrtps_cpp/slg_msgs/msg/detail/dds_fastrtps/segment_array__type_support.cpp.o[0m
[9.792s] [ 59%] [32mBuilding CXX object CMakeFiles/slg_msgs__rosidl_typesupport_fastrtps_cpp.dir/rosidl_typesupport_fastrtps_cpp/slg_msgs/msg/detail/dds_fastrtps/segment__type_support.cpp.o[0m
[9.792s] [ 61%] [32m[1mLinking CXX shared library libslg_msgs__rosidl_typesupport_cpp.so[0m
[9.792s] [ 61%] Built target slg_msgs__rosidl_typesupport_cpp
[9.792s] [ 63%] [32m[1mLinking CXX shared library libslg_msgs__rosidl_typesupport_introspection_cpp.so[0m
[9.841s] [ 63%] Built target slg_msgs__rosidl_typesupport_introspection_cpp
[10.302s] [ 65%] [32m[1mLinking CXX shared library libslg_msgs__rosidl_typesupport_fastrtps_cpp.so[0m
[10.598s] [ 65%] Built target slg_msgs__rosidl_typesupport_fastrtps_cpp
[10.630s] [ 65%] Built target slg_msgs
[10.652s] [ 67%] [34m[1mGenerating Python code for ROS interfaces[0m
[13.702s] [ 67%] Built target slg_msgs__py
[13.725s] [ 69%] [32mBuilding C object CMakeFiles/slg_msgs__rosidl_generator_py.dir/rosidl_generator_py/slg_msgs/msg/_segment_s.c.o[0m
[13.734s] [ 71%] [32mBuilding C object CMakeFiles/slg_msgs__rosidl_generator_py.dir/rosidl_generator_py/slg_msgs/msg/_segment_array_s.c.o[0m
[14.186s] [ 73%] [32m[1mLinking C shared library rosidl_generator_py/slg_msgs/libslg_msgs__rosidl_generator_py.so[0m
[14.250s] [ 73%] Built target slg_msgs__rosidl_generator_py
[14.276s] [ 75%] [32mBuilding C object CMakeFiles/slg_msgs__rosidl_typesupport_c__pyext.dir/rosidl_generator_py/slg_msgs/_slg_msgs_s.ep.rosidl_typesupport_c.c.o[0m
[14.276s] [ 77%] [32mBuilding C object CMakeFiles/slg_msgs__rosidl_typesupport_fastrtps_c__pyext.dir/rosidl_generator_py/slg_msgs/_slg_msgs_s.ep.rosidl_typesupport_fastrtps_c.c.o[0m
[14.276s] [ 79%] [32mBuilding C object CMakeFiles/slg_msgs__rosidl_typesupport_introspection_c__pyext.dir/rosidl_generator_py/slg_msgs/_slg_msgs_s.ep.rosidl_typesupport_introspection_c.c.o[0m
[14.604s] [ 81%] [32m[1mLinking C shared library rosidl_generator_py/slg_msgs/slg_msgs_s__rosidl_typesupport_introspection_c.cpython-310-x86_64-linux-gnu.so[0m
[14.657s] [ 83%] [32m[1mLinking C shared library rosidl_generator_py/slg_msgs/slg_msgs_s__rosidl_typesupport_c.cpython-310-x86_64-linux-gnu.so[0m
[14.668s] [ 85%] [32m[1mLinking C shared library rosidl_generator_py/slg_msgs/slg_msgs_s__rosidl_typesupport_fastrtps_c.cpython-310-x86_64-linux-gnu.so[0m
[14.721s] [ 85%] Built target slg_msgs__rosidl_typesupport_introspection_c__pyext
[14.734s] [ 85%] Built target slg_msgs__rosidl_typesupport_fastrtps_c__pyext
[14.761s] [ 85%] Built target slg_msgs__rosidl_typesupport_c__pyext
[24.946s] [ 87%] [32m[1mLinking CXX static library libgtest.a[0m
[24.971s] [ 87%] Built target gtest
[24.993s] [ 89%] [32mBuilding CXX object test/CMakeFiles/test_polygon.dir/test_polygon.cpp.o[0m
[25.003s] [ 91%] [32mBuilding CXX object test/CMakeFiles/test_point2d.dir/test_point2d.cpp.o[0m
[28.059s] [ 93%] [32m[1mLinking CXX executable test_point2d[0m
[28.259s] [ 93%] Built target test_point2d
[28.288s] [ 95%] [32mBuilding CXX object test/CMakeFiles/test_segment2d.dir/test_segment2d.cpp.o[0m
[29.373s] [ 97%] [32m[1mLinking CXX executable test_polygon[0m
[29.577s] [ 97%] Built target test_polygon
[32.863s] [100%] [32m[1mLinking CXX executable test_segment2d[0m
[32.981s] [100%] Built target test_segment2d
[32.996s] Invoked command in '/home/rhobtor/PHD/ARGOJ8_IA/ARGOSJ8_IA_/build/slg_msgs' returned '0': CMAKE_PREFIX_PATH=${CMAKE_PREFIX_PATH}:/home/rhobtor/PHD/ARGOJ8_IA/ARGOSJ8_IA_/install/ntrip_client:/home/rhobtor/PHD/ARGOJ8_IA/ARGOSJ8_IA_/install/j8_gui:/home/rhobtor/PHD/ARGOJ8_IA/ARGOSJ8_IA_/install/car:/home/rhobtor/PHD/ARGOJ8_IA/ARGOSJ8_IA_/install/android_ros2_server:/home/rhobtor/PHD/ARGOJ8_IA/ARGOSJ8_IA_/install/GUI_pkg:/opt/ros/humble /opt/st/stm32cubeclt_1.18.0/CMake/bin/cmake --build /home/rhobtor/PHD/ARGOJ8_IA/ARGOSJ8_IA_/build/slg_msgs -- -j16 -l16
[32.996s] Invoking command in '/home/rhobtor/PHD/ARGOJ8_IA/ARGOSJ8_IA_/build/slg_msgs': CMAKE_PREFIX_PATH=${CMAKE_PREFIX_PATH}:/home/rhobtor/PHD/ARGOJ8_IA/ARGOSJ8_IA_/install/ntrip_client:/home/rhobtor/PHD/ARGOJ8_IA/ARGOSJ8_IA_/install/j8_gui:/home/rhobtor/PHD/ARGOJ8_IA/ARGOSJ8_IA_/install/car:/home/rhobtor/PHD/ARGOJ8_IA/ARGOSJ8_IA_/install/android_ros2_server:/home/rhobtor/PHD/ARGOJ8_IA/ARGOSJ8_IA_/install/GUI_pkg:/opt/ros/humble /opt/st/stm32cubeclt_1.18.0/CMake/bin/cmake --install /home/rhobtor/PHD/ARGOJ8_IA/ARGOSJ8_IA_/build/slg_msgs
[32.997s] -- Install configuration: "Release"
[32.997s] -- Installing: /home/rhobtor/PHD/ARGOJ8_IA/ARGOSJ8_IA_/install/slg_msgs/share/ament_index/resource_index/rosidl_interfaces/slg_msgs
[32.998s] -- Installing: /home/rhobtor/PHD/ARGOJ8_IA/ARGOSJ8_IA_/install/slg_msgs/include/slg_msgs/slg_msgs
[32.998s] -- Installing: /home/rhobtor/PHD/ARGOJ8_IA/ARGOSJ8_IA_/install/slg_msgs/include/slg_msgs/slg_msgs/msg
[32.998s] -- Installing: /home/rhobtor/PHD/ARGOJ8_IA/ARGOSJ8_IA_/install/slg_msgs/include/slg_msgs/slg_msgs/msg/segment_array.h
[32.998s] -- Installing: /home/rhobtor/PHD/ARGOJ8_IA/ARGOSJ8_IA_/install/slg_msgs/include/slg_msgs/slg_msgs/msg/segment.h
[32.998s] -- Installing: /home/rhobtor/PHD/ARGOJ8_IA/ARGOSJ8_IA_/install/slg_msgs/include/slg_msgs/slg_msgs/msg/rosidl_generator_c__visibility_control.h
[32.998s] -- Installing: /home/rhobtor/PHD/ARGOJ8_IA/ARGOSJ8_IA_/install/slg_msgs/include/slg_msgs/slg_msgs/msg/detail
[32.998s] -- Installing: /home/rhobtor/PHD/ARGOJ8_IA/ARGOSJ8_IA_/install/slg_msgs/include/slg_msgs/slg_msgs/msg/detail/segment__functions.c
[32.998s] -- Installing: /home/rhobtor/PHD/ARGOJ8_IA/ARGOSJ8_IA_/install/slg_msgs/include/slg_msgs/slg_msgs/msg/detail/segment__type_support.h
[32.998s] -- Installing: /home/rhobtor/PHD/ARGOJ8_IA/ARGOSJ8_IA_/install/slg_msgs/include/slg_msgs/slg_msgs/msg/detail/segment_array__functions.h
[32.998s] -- Installing: /home/rhobtor/PHD/ARGOJ8_IA/ARGOSJ8_IA_/install/slg_msgs/include/slg_msgs/slg_msgs/msg/detail/segment_array__functions.c
[32.998s] -- Installing: /home/rhobtor/PHD/ARGOJ8_IA/ARGOSJ8_IA_/install/slg_msgs/include/slg_msgs/slg_msgs/msg/detail/segment_array__type_support.h
[32.998s] -- Installing: /home/rhobtor/PHD/ARGOJ8_IA/ARGOSJ8_IA_/install/slg_msgs/include/slg_msgs/slg_msgs/msg/detail/segment__struct.h
[32.998s] -- Installing: /home/rhobtor/PHD/ARGOJ8_IA/ARGOSJ8_IA_/install/slg_msgs/include/slg_msgs/slg_msgs/msg/detail/segment__functions.h
[32.999s] -- Installing: /home/rhobtor/PHD/ARGOJ8_IA/ARGOSJ8_IA_/install/slg_msgs/include/slg_msgs/slg_msgs/msg/detail/segment_array__struct.h
[32.999s] -- Installing: /home/rhobtor/PHD/ARGOJ8_IA/ARGOSJ8_IA_/install/slg_msgs/share/slg_msgs/environment/library_path.sh
[32.999s] -- Installing: /home/rhobtor/PHD/ARGOJ8_IA/ARGOSJ8_IA_/install/slg_msgs/share/slg_msgs/environment/library_path.dsv
[32.999s] -- Installing: /home/rhobtor/PHD/ARGOJ8_IA/ARGOSJ8_IA_/install/slg_msgs/lib/libslg_msgs__rosidl_generator_c.so
[32.999s] -- Set non-toolchain portion of runtime path of "/home/rhobtor/PHD/ARGOJ8_IA/ARGOSJ8_IA_/install/slg_msgs/lib/libslg_msgs__rosidl_generator_c.so" to ""
[32.999s] -- Up-to-date: /home/rhobtor/PHD/ARGOJ8_IA/ARGOSJ8_IA_/install/slg_msgs/include/slg_msgs/slg_msgs
[32.999s] -- Up-to-date: /home/rhobtor/PHD/ARGOJ8_IA/ARGOSJ8_IA_/install/slg_msgs/include/slg_msgs/slg_msgs/msg
[33.000s] -- Up-to-date: /home/rhobtor/PHD/ARGOJ8_IA/ARGOSJ8_IA_/install/slg_msgs/include/slg_msgs/slg_msgs/msg/detail
[33.000s] -- Installing: /home/rhobtor/PHD/ARGOJ8_IA/ARGOSJ8_IA_/install/slg_msgs/include/slg_msgs/slg_msgs/msg/detail/segment_array__rosidl_typesupport_fastrtps_c.h
[33.000s] -- Installing: /home/rhobtor/PHD/ARGOJ8_IA/ARGOSJ8_IA_/install/slg_msgs/include/slg_msgs/slg_msgs/msg/detail/segment__rosidl_typesupport_fastrtps_c.h
[33.000s] -- Installing: /home/rhobtor/PHD/ARGOJ8_IA/ARGOSJ8_IA_/install/slg_msgs/include/slg_msgs/slg_msgs/msg/rosidl_typesupport_fastrtps_c__visibility_control.h
[33.000s] -- Installing: /home/rhobtor/PHD/ARGOJ8_IA/ARGOSJ8_IA_/install/slg_msgs/lib/libslg_msgs__rosidl_typesupport_fastrtps_c.so
[33.000s] -- Set non-toolchain portion of runtime path of "/home/rhobtor/PHD/ARGOJ8_IA/ARGOSJ8_IA_/install/slg_msgs/lib/libslg_msgs__rosidl_typesupport_fastrtps_c.so" to ""
[33.000s] -- Up-to-date: /home/rhobtor/PHD/ARGOJ8_IA/ARGOSJ8_IA_/install/slg_msgs/include/slg_msgs/slg_msgs
[33.000s] -- Up-to-date: /home/rhobtor/PHD/ARGOJ8_IA/ARGOSJ8_IA_/install/slg_msgs/include/slg_msgs/slg_msgs/msg
[33.000s] -- Installing: /home/rhobtor/PHD/ARGOJ8_IA/ARGOSJ8_IA_/install/slg_msgs/include/slg_msgs/slg_msgs/msg/rosidl_typesupport_introspection_c__visibility_control.h
[33.000s] -- Up-to-date: /home/rhobtor/PHD/ARGOJ8_IA/ARGOSJ8_IA_/install/slg_msgs/include/slg_msgs/slg_msgs/msg/detail
[33.001s] -- Installing: /home/rhobtor/PHD/ARGOJ8_IA/ARGOSJ8_IA_/install/slg_msgs/include/slg_msgs/slg_msgs/msg/detail/segment__type_support.c
[33.001s] -- Installing: /home/rhobtor/PHD/ARGOJ8_IA/ARGOSJ8_IA_/install/slg_msgs/include/slg_msgs/slg_msgs/msg/detail/segment_array__type_support.c
[33.001s] -- Installing: /home/rhobtor/PHD/ARGOJ8_IA/ARGOSJ8_IA_/install/slg_msgs/include/slg_msgs/slg_msgs/msg/detail/segment_array__rosidl_typesupport_introspection_c.h
[33.001s] -- Installing: /home/rhobtor/PHD/ARGOJ8_IA/ARGOSJ8_IA_/install/slg_msgs/include/slg_msgs/slg_msgs/msg/detail/segment__rosidl_typesupport_introspection_c.h
[33.001s] -- Installing: /home/rhobtor/PHD/ARGOJ8_IA/ARGOSJ8_IA_/install/slg_msgs/lib/libslg_msgs__rosidl_typesupport_introspection_c.so
[33.001s] -- Set non-toolchain portion of runtime path of "/home/rhobtor/PHD/ARGOJ8_IA/ARGOSJ8_IA_/install/slg_msgs/lib/libslg_msgs__rosidl_typesupport_introspection_c.so" to ""
[33.001s] -- Installing: /home/rhobtor/PHD/ARGOJ8_IA/ARGOSJ8_IA_/install/slg_msgs/lib/libslg_msgs__rosidl_typesupport_c.so
[33.002s] -- Set non-toolchain portion of runtime path of "/home/rhobtor/PHD/ARGOJ8_IA/ARGOSJ8_IA_/install/slg_msgs/lib/libslg_msgs__rosidl_typesupport_c.so" to ""
[33.002s] -- Up-to-date: /home/rhobtor/PHD/ARGOJ8_IA/ARGOSJ8_IA_/install/slg_msgs/include/slg_msgs/slg_msgs
[33.002s] -- Up-to-date: /home/rhobtor/PHD/ARGOJ8_IA/ARGOSJ8_IA_/install/slg_msgs/include/slg_msgs/slg_msgs/msg
[33.002s] -- Installing: /home/rhobtor/PHD/ARGOJ8_IA/ARGOSJ8_IA_/install/slg_msgs/include/slg_msgs/slg_msgs/msg/rosidl_generator_cpp__visibility_control.hpp
[33.002s] -- Installing: /home/rhobtor/PHD/ARGOJ8_IA/ARGOSJ8_IA_/install/slg_msgs/include/slg_msgs/slg_msgs/msg/segment_array.hpp
[33.002s] -- Up-to-date: /home/rhobtor/PHD/ARGOJ8_IA/ARGOSJ8_IA_/install/slg_msgs/include/slg_msgs/slg_msgs/msg/detail
[33.002s] -- Installing: /home/rhobtor/PHD/ARGOJ8_IA/ARGOSJ8_IA_/install/slg_msgs/include/slg_msgs/slg_msgs/msg/detail/segment_array__type_support.hpp
[33.002s] -- Installing: /home/rhobtor/PHD/ARGOJ8_IA/ARGOSJ8_IA_/install/slg_msgs/include/slg_msgs/slg_msgs/msg/detail/segment__struct.hpp
[33.002s] -- Installing: /home/rhobtor/PHD/ARGOJ8_IA/ARGOSJ8_IA_/install/slg_msgs/include/slg_msgs/slg_msgs/msg/detail/segment_array__builder.hpp
[33.002s] -- Installing: /home/rhobtor/PHD/ARGOJ8_IA/ARGOSJ8_IA_/install/slg_msgs/include/slg_msgs/slg_msgs/msg/detail/segment__builder.hpp
[33.003s] -- Installing: /home/rhobtor/PHD/ARGOJ8_IA/ARGOSJ8_IA_/install/slg_msgs/include/slg_msgs/slg_msgs/msg/detail/segment_array__struct.hpp
[33.003s] -- Installing: /home/rhobtor/PHD/ARGOJ8_IA/ARGOSJ8_IA_/install/slg_msgs/include/slg_msgs/slg_msgs/msg/detail/segment__type_support.hpp
[33.003s] -- Installing: /home/rhobtor/PHD/ARGOJ8_IA/ARGOSJ8_IA_/install/slg_msgs/include/slg_msgs/slg_msgs/msg/detail/segment_array__traits.hpp
[33.003s] -- Installing: /home/rhobtor/PHD/ARGOJ8_IA/ARGOSJ8_IA_/install/slg_msgs/include/slg_msgs/slg_msgs/msg/detail/segment__traits.hpp
[33.003s] -- Installing: /home/rhobtor/PHD/ARGOJ8_IA/ARGOSJ8_IA_/install/slg_msgs/include/slg_msgs/slg_msgs/msg/segment.hpp
[33.003s] -- Up-to-date: /home/rhobtor/PHD/ARGOJ8_IA/ARGOSJ8_IA_/install/slg_msgs/include/slg_msgs/slg_msgs
[33.004s] -- Up-to-date: /home/rhobtor/PHD/ARGOJ8_IA/ARGOSJ8_IA_/install/slg_msgs/include/slg_msgs/slg_msgs/msg
[33.004s] -- Installing: /home/rhobtor/PHD/ARGOJ8_IA/ARGOSJ8_IA_/install/slg_msgs/include/slg_msgs/slg_msgs/msg/rosidl_typesupport_fastrtps_cpp__visibility_control.h
[33.004s] -- Up-to-date: /home/rhobtor/PHD/ARGOJ8_IA/ARGOSJ8_IA_/install/slg_msgs/include/slg_msgs/slg_msgs/msg/detail
[33.004s] -- Installing: /home/rhobtor/PHD/ARGOJ8_IA/ARGOSJ8_IA_/install/slg_msgs/include/slg_msgs/slg_msgs/msg/detail/segment_array__rosidl_typesupport_fastrtps_cpp.hpp
[33.004s] -- Installing: /home/rhobtor/PHD/ARGOJ8_IA/ARGOSJ8_IA_/install/slg_msgs/include/slg_msgs/slg_msgs/msg/detail/segment__rosidl_typesupport_fastrtps_cpp.hpp
[33.004s] -- Installing: /home/rhobtor/PHD/ARGOJ8_IA/ARGOSJ8_IA_/install/slg_msgs/include/slg_msgs/slg_msgs/msg/detail/dds_fastrtps
[33.004s] -- Installing: /home/rhobtor/PHD/ARGOJ8_IA/ARGOSJ8_IA_/install/slg_msgs/lib/libslg_msgs__rosidl_typesupport_fastrtps_cpp.so
[33.005s] -- Set non-toolchain portion of runtime path of "/home/rhobtor/PHD/ARGOJ8_IA/ARGOSJ8_IA_/install/slg_msgs/lib/libslg_msgs__rosidl_typesupport_fastrtps_cpp.so" to ""
[33.005s] -- Up-to-date: /home/rhobtor/PHD/ARGOJ8_IA/ARGOSJ8_IA_/install/slg_msgs/include/slg_msgs/slg_msgs
[33.006s] -- Up-to-date: /home/rhobtor/PHD/ARGOJ8_IA/ARGOSJ8_IA_/install/slg_msgs/include/slg_msgs/slg_msgs/msg
[33.006s] -- Up-to-date: /home/rhobtor/PHD/ARGOJ8_IA/ARGOSJ8_IA_/install/slg_msgs/include/slg_msgs/slg_msgs/msg/detail
[33.006s] -- Installing: /home/rhobtor/PHD/ARGOJ8_IA/ARGOSJ8_IA_/install/slg_msgs/include/slg_msgs/slg_msgs/msg/detail/segment_array__type_support.cpp
[33.006s] -- Installing: /home/rhobtor/PHD/ARGOJ8_IA/ARGOSJ8_IA_/install/slg_msgs/include/slg_msgs/slg_msgs/msg/detail/segment__rosidl_typesupport_introspection_cpp.hpp
[33.006s] -- Installing: /home/rhobtor/PHD/ARGOJ8_IA/ARGOSJ8_IA_/install/slg_msgs/include/slg_msgs/slg_msgs/msg/detail/segment_array__rosidl_typesupport_introspection_cpp.hpp
[33.006s] -- Installing: /home/rhobtor/PHD/ARGOJ8_IA/ARGOSJ8_IA_/install/slg_msgs/include/slg_msgs/slg_msgs/msg/detail/segment__type_support.cpp
[33.006s] -- Installing: /home/rhobtor/PHD/ARGOJ8_IA/ARGOSJ8_IA_/install/slg_msgs/lib/libslg_msgs__rosidl_typesupport_introspection_cpp.so
[33.006s] -- Set non-toolchain portion of runtime path of "/home/rhobtor/PHD/ARGOJ8_IA/ARGOSJ8_IA_/install/slg_msgs/lib/libslg_msgs__rosidl_typesupport_introspection_cpp.so" to ""
[33.006s] -- Installing: /home/rhobtor/PHD/ARGOJ8_IA/ARGOSJ8_IA_/install/slg_msgs/lib/libslg_msgs__rosidl_typesupport_cpp.so
[33.006s] -- Set non-toolchain portion of runtime path of "/home/rhobtor/PHD/ARGOJ8_IA/ARGOSJ8_IA_/install/slg_msgs/lib/libslg_msgs__rosidl_typesupport_cpp.so" to ""
[33.008s] -- Installing: /home/rhobtor/PHD/ARGOJ8_IA/ARGOSJ8_IA_/install/slg_msgs/share/slg_msgs/environment/pythonpath.sh
[33.008s] -- Installing: /home/rhobtor/PHD/ARGOJ8_IA/ARGOSJ8_IA_/install/slg_msgs/share/slg_msgs/environment/pythonpath.dsv
[33.009s] -- Installing: /home/rhobtor/PHD/ARGOJ8_IA/ARGOSJ8_IA_/install/slg_msgs/local/lib/python3.10/dist-packages/slg_msgs-3.8.0-py3.10.egg-info
[33.009s] -- Installing: /home/rhobtor/PHD/ARGOJ8_IA/ARGOSJ8_IA_/install/slg_msgs/local/lib/python3.10/dist-packages/slg_msgs-3.8.0-py3.10.egg-info/top_level.txt
[33.009s] -- Installing: /home/rhobtor/PHD/ARGOJ8_IA/ARGOSJ8_IA_/install/slg_msgs/local/lib/python3.10/dist-packages/slg_msgs-3.8.0-py3.10.egg-info/SOURCES.txt
[33.009s] -- Installing: /home/rhobtor/PHD/ARGOJ8_IA/ARGOSJ8_IA_/install/slg_msgs/local/lib/python3.10/dist-packages/slg_msgs-3.8.0-py3.10.egg-info/PKG-INFO
[33.011s] -- Installing: /home/rhobtor/PHD/ARGOJ8_IA/ARGOSJ8_IA_/install/slg_msgs/local/lib/python3.10/dist-packages/slg_msgs-3.8.0-py3.10.egg-info/dependency_links.txt
[33.012s] -- Installing: /home/rhobtor/PHD/ARGOJ8_IA/ARGOSJ8_IA_/install/slg_msgs/local/lib/python3.10/dist-packages/slg_msgs
[33.012s] -- Installing: /home/rhobtor/PHD/ARGOJ8_IA/ARGOSJ8_IA_/install/slg_msgs/local/lib/python3.10/dist-packages/slg_msgs/slg_msgs_s__rosidl_typesupport_introspection_c.cpython-310-x86_64-linux-gnu.so
[33.012s] -- Installing: /home/rhobtor/PHD/ARGOJ8_IA/ARGOSJ8_IA_/install/slg_msgs/local/lib/python3.10/dist-packages/slg_msgs/_slg_msgs_s.ep.rosidl_typesupport_fastrtps_c.c
[33.013s] -- Installing: /home/rhobtor/PHD/ARGOJ8_IA/ARGOSJ8_IA_/install/slg_msgs/local/lib/python3.10/dist-packages/slg_msgs/_slg_msgs_s.ep.rosidl_typesupport_c.c
[33.013s] -- Installing: /home/rhobtor/PHD/ARGOJ8_IA/ARGOSJ8_IA_/install/slg_msgs/local/lib/python3.10/dist-packages/slg_msgs/_slg_msgs_s.ep.rosidl_typesupport_introspection_c.c
[33.013s] -- Installing: /home/rhobtor/PHD/ARGOJ8_IA/ARGOSJ8_IA_/install/slg_msgs/local/lib/python3.10/dist-packages/slg_msgs/__init__.py
[33.013s] -- Installing: /home/rhobtor/PHD/ARGOJ8_IA/ARGOSJ8_IA_/install/slg_msgs/local/lib/python3.10/dist-packages/slg_msgs/slg_msgs_s__rosidl_typesupport_fastrtps_c.cpython-310-x86_64-linux-gnu.so
[33.014s] -- Installing: /home/rhobtor/PHD/ARGOJ8_IA/ARGOSJ8_IA_/install/slg_msgs/local/lib/python3.10/dist-packages/slg_msgs/slg_msgs_s__rosidl_typesupport_c.cpython-310-x86_64-linux-gnu.so
[33.014s] -- Installing: /home/rhobtor/PHD/ARGOJ8_IA/ARGOSJ8_IA_/install/slg_msgs/local/lib/python3.10/dist-packages/slg_msgs/msg
[33.015s] -- Installing: /home/rhobtor/PHD/ARGOJ8_IA/ARGOSJ8_IA_/install/slg_msgs/local/lib/python3.10/dist-packages/slg_msgs/msg/_segment_array_s.c
[33.015s] -- Installing: /home/rhobtor/PHD/ARGOJ8_IA/ARGOSJ8_IA_/install/slg_msgs/local/lib/python3.10/dist-packages/slg_msgs/msg/__init__.py
[33.016s] -- Installing: /home/rhobtor/PHD/ARGOJ8_IA/ARGOSJ8_IA_/install/slg_msgs/local/lib/python3.10/dist-packages/slg_msgs/msg/_segment_array.py
[33.016s] -- Installing: /home/rhobtor/PHD/ARGOJ8_IA/ARGOSJ8_IA_/install/slg_msgs/local/lib/python3.10/dist-packages/slg_msgs/msg/_segment_s.c
[33.016s] -- Installing: /home/rhobtor/PHD/ARGOJ8_IA/ARGOSJ8_IA_/install/slg_msgs/local/lib/python3.10/dist-packages/slg_msgs/msg/_segment.py
[33.016s] -- Installing: /home/rhobtor/PHD/ARGOJ8_IA/ARGOSJ8_IA_/install/slg_msgs/local/lib/python3.10/dist-packages/slg_msgs/libslg_msgs__rosidl_generator_py.so
[33.077s] Listing '/home/rhobtor/PHD/ARGOJ8_IA/ARGOSJ8_IA_/install/slg_msgs/local/lib/python3.10/dist-packages/slg_msgs'...
[33.077s] Compiling '/home/rhobtor/PHD/ARGOJ8_IA/ARGOSJ8_IA_/install/slg_msgs/local/lib/python3.10/dist-packages/slg_msgs/__init__.py'...
[33.077s] Listing '/home/rhobtor/PHD/ARGOJ8_IA/ARGOSJ8_IA_/install/slg_msgs/local/lib/python3.10/dist-packages/slg_msgs/msg'...
[33.077s] Compiling '/home/rhobtor/PHD/ARGOJ8_IA/ARGOSJ8_IA_/install/slg_msgs/local/lib/python3.10/dist-packages/slg_msgs/msg/__init__.py'...
[33.077s] Compiling '/home/rhobtor/PHD/ARGOJ8_IA/ARGOSJ8_IA_/install/slg_msgs/local/lib/python3.10/dist-packages/slg_msgs/msg/_segment.py'...
[33.077s] Compiling '/home/rhobtor/PHD/ARGOJ8_IA/ARGOSJ8_IA_/install/slg_msgs/local/lib/python3.10/dist-packages/slg_msgs/msg/_segment_array.py'...
[33.085s] -- Installing: /home/rhobtor/PHD/ARGOJ8_IA/ARGOSJ8_IA_/install/slg_msgs/local/lib/python3.10/dist-packages/slg_msgs/slg_msgs_s__rosidl_typesupport_fastrtps_c.cpython-310-x86_64-linux-gnu.so
[33.085s] -- Set non-toolchain portion of runtime path of "/home/rhobtor/PHD/ARGOJ8_IA/ARGOSJ8_IA_/install/slg_msgs/local/lib/python3.10/dist-packages/slg_msgs/slg_msgs_s__rosidl_typesupport_fastrtps_c.cpython-310-x86_64-linux-gnu.so" to ""
[33.085s] -- Installing: /home/rhobtor/PHD/ARGOJ8_IA/ARGOSJ8_IA_/install/slg_msgs/local/lib/python3.10/dist-packages/slg_msgs/slg_msgs_s__rosidl_typesupport_introspection_c.cpython-310-x86_64-linux-gnu.so
[33.085s] -- Set non-toolchain portion of runtime path of "/home/rhobtor/PHD/ARGOJ8_IA/ARGOSJ8_IA_/install/slg_msgs/local/lib/python3.10/dist-packages/slg_msgs/slg_msgs_s__rosidl_typesupport_introspection_c.cpython-310-x86_64-linux-gnu.so" to ""
[33.085s] -- Installing: /home/rhobtor/PHD/ARGOJ8_IA/ARGOSJ8_IA_/install/slg_msgs/local/lib/python3.10/dist-packages/slg_msgs/slg_msgs_s__rosidl_typesupport_c.cpython-310-x86_64-linux-gnu.so
[33.085s] -- Set non-toolchain portion of runtime path of "/home/rhobtor/PHD/ARGOJ8_IA/ARGOSJ8_IA_/install/slg_msgs/local/lib/python3.10/dist-packages/slg_msgs/slg_msgs_s__rosidl_typesupport_c.cpython-310-x86_64-linux-gnu.so" to ""
[33.086s] -- Installing: /home/rhobtor/PHD/ARGOJ8_IA/ARGOSJ8_IA_/install/slg_msgs/lib/libslg_msgs__rosidl_generator_py.so
[33.086s] -- Set non-toolchain portion of runtime path of "/home/rhobtor/PHD/ARGOJ8_IA/ARGOSJ8_IA_/install/slg_msgs/lib/libslg_msgs__rosidl_generator_py.so" to ""
[33.086s] -- Installing: /home/rhobtor/PHD/ARGOJ8_IA/ARGOSJ8_IA_/install/slg_msgs/share/slg_msgs/msg/Segment.idl
[33.086s] -- Installing: /home/rhobtor/PHD/ARGOJ8_IA/ARGOSJ8_IA_/install/slg_msgs/share/slg_msgs/msg/SegmentArray.idl
[33.086s] -- Installing: /home/rhobtor/PHD/ARGOJ8_IA/ARGOSJ8_IA_/install/slg_msgs/share/slg_msgs/msg/Segment.msg
[33.086s] -- Installing: /home/rhobtor/PHD/ARGOJ8_IA/ARGOSJ8_IA_/install/slg_msgs/share/slg_msgs/msg/SegmentArray.msg
[33.086s] -- Up-to-date: /home/rhobtor/PHD/ARGOJ8_IA/ARGOSJ8_IA_/install/slg_msgs/include/slg_msgs
[33.086s] -- Installing: /home/rhobtor/PHD/ARGOJ8_IA/ARGOSJ8_IA_/install/slg_msgs/include/slg_msgs/segment2D.hpp
[33.086s] -- Installing: /home/rhobtor/PHD/ARGOJ8_IA/ARGOSJ8_IA_/install/slg_msgs/include/slg_msgs/polygon.hpp
[33.087s] -- Installing: /home/rhobtor/PHD/ARGOJ8_IA/ARGOSJ8_IA_/install/slg_msgs/include/slg_msgs/point2D.hpp
[33.087s] -- Installing: /home/rhobtor/PHD/ARGOJ8_IA/ARGOSJ8_IA_/install/slg_msgs/share/ament_index/resource_index/package_run_dependencies/slg_msgs
[33.087s] -- Installing: /home/rhobtor/PHD/ARGOJ8_IA/ARGOSJ8_IA_/install/slg_msgs/share/ament_index/resource_index/parent_prefix_path/slg_msgs
[33.088s] -- Installing: /home/rhobtor/PHD/ARGOJ8_IA/ARGOSJ8_IA_/install/slg_msgs/share/slg_msgs/environment/ament_prefix_path.sh
[33.088s] -- Installing: /home/rhobtor/PHD/ARGOJ8_IA/ARGOSJ8_IA_/install/slg_msgs/share/slg_msgs/environment/ament_prefix_path.dsv
[33.088s] -- Installing: /home/rhobtor/PHD/ARGOJ8_IA/ARGOSJ8_IA_/install/slg_msgs/share/slg_msgs/environment/path.sh
[33.092s] -- Installing: /home/rhobtor/PHD/ARGOJ8_IA/ARGOSJ8_IA_/install/slg_msgs/share/slg_msgs/environment/path.dsv
[33.092s] -- Installing: /home/rhobtor/PHD/ARGOJ8_IA/ARGOSJ8_IA_/install/slg_msgs/share/slg_msgs/local_setup.bash
[33.092s] -- Installing: /home/rhobtor/PHD/ARGOJ8_IA/ARGOSJ8_IA_/install/slg_msgs/share/slg_msgs/local_setup.sh
[33.092s] -- Installing: /home/rhobtor/PHD/ARGOJ8_IA/ARGOSJ8_IA_/install/slg_msgs/share/slg_msgs/local_setup.zsh
[33.094s] -- Installing: /home/rhobtor/PHD/ARGOJ8_IA/ARGOSJ8_IA_/install/slg_msgs/share/slg_msgs/local_setup.dsv
[33.094s] -- Installing: /home/rhobtor/PHD/ARGOJ8_IA/ARGOSJ8_IA_/install/slg_msgs/share/slg_msgs/package.dsv
[33.094s] -- Installing: /home/rhobtor/PHD/ARGOJ8_IA/ARGOSJ8_IA_/install/slg_msgs/share/ament_index/resource_index/packages/slg_msgs
[33.094s] -- Installing: /home/rhobtor/PHD/ARGOJ8_IA/ARGOSJ8_IA_/install/slg_msgs/share/slg_msgs/cmake/export_slg_msgs__rosidl_generator_cExport.cmake
[33.094s] -- Installing: /home/rhobtor/PHD/ARGOJ8_IA/ARGOSJ8_IA_/install/slg_msgs/share/slg_msgs/cmake/export_slg_msgs__rosidl_generator_cExport-release.cmake
[33.095s] -- Installing: /home/rhobtor/PHD/ARGOJ8_IA/ARGOSJ8_IA_/install/slg_msgs/share/slg_msgs/cmake/export_slg_msgs__rosidl_typesupport_fastrtps_cExport.cmake
[33.095s] -- Installing: /home/rhobtor/PHD/ARGOJ8_IA/ARGOSJ8_IA_/install/slg_msgs/share/slg_msgs/cmake/export_slg_msgs__rosidl_typesupport_fastrtps_cExport-release.cmake
[33.095s] -- Installing: /home/rhobtor/PHD/ARGOJ8_IA/ARGOSJ8_IA_/install/slg_msgs/share/slg_msgs/cmake/slg_msgs__rosidl_typesupport_introspection_cExport.cmake
[33.096s] -- Installing: /home/rhobtor/PHD/ARGOJ8_IA/ARGOSJ8_IA_/install/slg_msgs/share/slg_msgs/cmake/slg_msgs__rosidl_typesupport_introspection_cExport-release.cmake
[33.096s] -- Installing: /home/rhobtor/PHD/ARGOJ8_IA/ARGOSJ8_IA_/install/slg_msgs/share/slg_msgs/cmake/slg_msgs__rosidl_typesupport_cExport.cmake
[33.097s] -- Installing: /home/rhobtor/PHD/ARGOJ8_IA/ARGOSJ8_IA_/install/slg_msgs/share/slg_msgs/cmake/slg_msgs__rosidl_typesupport_cExport-release.cmake
[33.097s] -- Installing: /home/rhobtor/PHD/ARGOJ8_IA/ARGOSJ8_IA_/install/slg_msgs/share/slg_msgs/cmake/export_slg_msgs__rosidl_generator_cppExport.cmake
[33.098s] -- Installing: /home/rhobtor/PHD/ARGOJ8_IA/ARGOSJ8_IA_/install/slg_msgs/share/slg_msgs/cmake/export_slg_msgs__rosidl_typesupport_fastrtps_cppExport.cmake
[33.105s] -- Installing: /home/rhobtor/PHD/ARGOJ8_IA/ARGOSJ8_IA_/install/slg_msgs/share/slg_msgs/cmake/export_slg_msgs__rosidl_typesupport_fastrtps_cppExport-release.cmake
[33.105s] -- Installing: /home/rhobtor/PHD/ARGOJ8_IA/ARGOSJ8_IA_/install/slg_msgs/share/slg_msgs/cmake/slg_msgs__rosidl_typesupport_introspection_cppExport.cmake
[33.105s] -- Installing: /home/rhobtor/PHD/ARGOJ8_IA/ARGOSJ8_IA_/install/slg_msgs/share/slg_msgs/cmake/slg_msgs__rosidl_typesupport_introspection_cppExport-release.cmake
[33.106s] -- Installing: /home/rhobtor/PHD/ARGOJ8_IA/ARGOSJ8_IA_/install/slg_msgs/share/slg_msgs/cmake/slg_msgs__rosidl_typesupport_cppExport.cmake
[33.106s] -- Installing: /home/rhobtor/PHD/ARGOJ8_IA/ARGOSJ8_IA_/install/slg_msgs/share/slg_msgs/cmake/slg_msgs__rosidl_typesupport_cppExport-release.cmake
[33.107s] -- Installing: /home/rhobtor/PHD/ARGOJ8_IA/ARGOSJ8_IA_/install/slg_msgs/share/slg_msgs/cmake/export_slg_msgs__rosidl_generator_pyExport.cmake
[33.107s] -- Installing: /home/rhobtor/PHD/ARGOJ8_IA/ARGOSJ8_IA_/install/slg_msgs/share/slg_msgs/cmake/export_slg_msgs__rosidl_generator_pyExport-release.cmake
[33.107s] -- Installing: /home/rhobtor/PHD/ARGOJ8_IA/ARGOSJ8_IA_/install/slg_msgs/share/slg_msgs/cmake/export_slg_msgsExport.cmake
[33.107s] -- Installing: /home/rhobtor/PHD/ARGOJ8_IA/ARGOSJ8_IA_/install/slg_msgs/share/slg_msgs/cmake/rosidl_cmake-extras.cmake
[33.107s] -- Installing: /home/rhobtor/PHD/ARGOJ8_IA/ARGOSJ8_IA_/install/slg_msgs/share/slg_msgs/cmake/ament_cmake_export_dependencies-extras.cmake
[33.107s] -- Installing: /home/rhobtor/PHD/ARGOJ8_IA/ARGOSJ8_IA_/install/slg_msgs/share/slg_msgs/cmake/ament_cmake_export_include_directories-extras.cmake
[33.107s] -- Installing: /home/rhobtor/PHD/ARGOJ8_IA/ARGOSJ8_IA_/install/slg_msgs/share/slg_msgs/cmake/ament_cmake_export_libraries-extras.cmake
[33.107s] -- Installing: /home/rhobtor/PHD/ARGOJ8_IA/ARGOSJ8_IA_/install/slg_msgs/share/slg_msgs/cmake/ament_cmake_export_targets-extras.cmake
[33.107s] -- Installing: /home/rhobtor/PHD/ARGOJ8_IA/ARGOSJ8_IA_/install/slg_msgs/share/slg_msgs/cmake/rosidl_cmake_export_typesupport_targets-extras.cmake
[33.107s] -- Installing: /home/rhobtor/PHD/ARGOJ8_IA/ARGOSJ8_IA_/install/slg_msgs/share/slg_msgs/cmake/rosidl_cmake_export_typesupport_libraries-extras.cmake
[33.107s] -- Installing: /home/rhobtor/PHD/ARGOJ8_IA/ARGOSJ8_IA_/install/slg_msgs/share/slg_msgs/cmake/slg_msgsConfig.cmake
[33.107s] -- Installing: /home/rhobtor/PHD/ARGOJ8_IA/ARGOSJ8_IA_/install/slg_msgs/share/slg_msgs/cmake/slg_msgsConfig-version.cmake
[33.107s] -- Installing: /home/rhobtor/PHD/ARGOJ8_IA/ARGOSJ8_IA_/install/slg_msgs/share/slg_msgs/package.xml
[33.114s] Invoked command in '/home/rhobtor/PHD/ARGOJ8_IA/ARGOSJ8_IA_/build/slg_msgs' returned '0': CMAKE_PREFIX_PATH=${CMAKE_PREFIX_PATH}:/home/rhobtor/PHD/ARGOJ8_IA/ARGOSJ8_IA_/install/ntrip_client:/home/rhobtor/PHD/ARGOJ8_IA/ARGOSJ8_IA_/install/j8_gui:/home/rhobtor/PHD/ARGOJ8_IA/ARGOSJ8_IA_/install/car:/home/rhobtor/PHD/ARGOJ8_IA/ARGOSJ8_IA_/install/android_ros2_server:/home/rhobtor/PHD/ARGOJ8_IA/ARGOSJ8_IA_/install/GUI_pkg:/opt/ros/humble /opt/st/stm32cubeclt_1.18.0/CMake/bin/cmake --install /home/rhobtor/PHD/ARGOJ8_IA/ARGOSJ8_IA_/build/slg_msgs
