[2.489s] Invoking command in '/home/rhobtor/PHD/ARGOJ8_IA/ARGOSJ8_IA_/src/android_ros2_server': PYTHONPATH=/home/rhobtor/PHD/ARGOJ8_IA/ARGOSJ8_IA_/build/android_ros2_server/prefix_override:/usr/lib/python3/dist-packages/colcon_core/task/python/colcon_distutils_commands:/home/rhobtor/PHD/ARGOJ8_IA/ARGOSJ8_IA_/install/android_ros2_server/lib/python3.10/site-packages:${PYTHONPATH} /usr/bin/python3 -W ignore:setup.py install is deprecated -W ignore:easy_install command is deprecated setup.py egg_info --egg-base ../../build/android_ros2_server build --build-base /home/rhobtor/PHD/ARGOJ8_IA/ARGOSJ8_IA_/build/android_ros2_server/build install --record /home/rhobtor/PHD/ARGOJ8_IA/ARGOSJ8_IA_/build/android_ros2_server/install.log --single-version-externally-managed install_data
[2.796s] /home/rhobtor/.local/lib/python3.10/site-packages/setuptools/_distutils/dist.py:289: UserWarning: Unknown distribution option: 'tests_require'
[2.796s]   warnings.warn(msg)
[2.942s] running egg_info
[2.968s] writing ../../build/android_ros2_server/android_ros2_server.egg-info/PKG-INFO
[2.969s] writing dependency_links to ../../build/android_ros2_server/android_ros2_server.egg-info/dependency_links.txt
[2.969s] writing entry points to ../../build/android_ros2_server/android_ros2_server.egg-info/entry_points.txt
[2.972s] writing requirements to ../../build/android_ros2_server/android_ros2_server.egg-info/requires.txt
[2.972s] writing top-level names to ../../build/android_ros2_server/android_ros2_server.egg-info/top_level.txt
[3.025s] reading manifest file '../../build/android_ros2_server/android_ros2_server.egg-info/SOURCES.txt'
[3.028s] writing manifest file '../../build/android_ros2_server/android_ros2_server.egg-info/SOURCES.txt'
[3.028s] running build
[3.028s] running build_py
[3.029s] copying android_ros2_server/server.py -> /home/rhobtor/PHD/ARGOJ8_IA/ARGOSJ8_IA_/build/android_ros2_server/build/lib/android_ros2_server
[3.029s] copying android_ros2_server/__init__.py -> /home/rhobtor/PHD/ARGOJ8_IA/ARGOSJ8_IA_/build/android_ros2_server/build/lib/android_ros2_server
[3.030s] running install
[3.036s] running install_lib
[3.061s] running install_data
[3.061s] copying resource/android_ros2_server -> /home/rhobtor/PHD/ARGOJ8_IA/ARGOSJ8_IA_/install/android_ros2_server/share/ament_index/resource_index/packages
[3.062s] copying package.xml -> /home/rhobtor/PHD/ARGOJ8_IA/ARGOSJ8_IA_/install/android_ros2_server/share/android_ros2_server
[3.062s] running install_egg_info
[3.087s] removing '/home/rhobtor/PHD/ARGOJ8_IA/ARGOSJ8_IA_/install/android_ros2_server/lib/python3.10/site-packages/android_ros2_server-0.0.0-py3.10.egg-info' (and everything under it)
[3.088s] Copying ../../build/android_ros2_server/android_ros2_server.egg-info to /home/rhobtor/PHD/ARGOJ8_IA/ARGOSJ8_IA_/install/android_ros2_server/lib/python3.10/site-packages/android_ros2_server-0.0.0-py3.10.egg-info
[3.088s] running install_scripts
[3.138s] Installing tcp_server_node script to /home/rhobtor/PHD/ARGOJ8_IA/ARGOSJ8_IA_/install/android_ros2_server/lib/android_ros2_server
[3.139s] writing list of installed files to '/home/rhobtor/PHD/ARGOJ8_IA/ARGOSJ8_IA_/build/android_ros2_server/install.log'
[3.399s] Invoked command in '/home/rhobtor/PHD/ARGOJ8_IA/ARGOSJ8_IA_/src/android_ros2_server' returned '0': PYTHONPATH=/home/rhobtor/PHD/ARGOJ8_IA/ARGOSJ8_IA_/build/android_ros2_server/prefix_override:/usr/lib/python3/dist-packages/colcon_core/task/python/colcon_distutils_commands:/home/rhobtor/PHD/ARGOJ8_IA/ARGOSJ8_IA_/install/android_ros2_server/lib/python3.10/site-packages:${PYTHONPATH} /usr/bin/python3 -W ignore:setup.py install is deprecated -W ignore:easy_install command is deprecated setup.py egg_info --egg-base ../../build/android_ros2_server build --build-base /home/rhobtor/PHD/ARGOJ8_IA/ARGOSJ8_IA_/build/android_ros2_server/build install --record /home/rhobtor/PHD/ARGOJ8_IA/ARGOSJ8_IA_/build/android_ros2_server/install.log --single-version-externally-managed install_data
