[0mCMake Deprecation Warning at /usr/lib/x86_64-linux-gnu/cmake/jsoncpp/jsoncppConfig.cmake:2 (cmake_policy):
  Compatibility with CMake < 3.5 will be removed from a future version of
  CMake.

  Update the VERSION argument <min> value or use a ...<max> suffix to tell
  CMake that the project does not need compatibility with older versions.
Call Stack (most recent call first):
  /usr/share/cmake/ignition-cmake2/cmake2/FindJSONCPP.cmake:34 (find_package)
  /usr/lib/x86_64-linux-gnu/cmake/ignition-fuel_tools4/ignition-fuel_tools4-config.cmake:94 (find_package)
  /usr/lib/x86_64-linux-gnu/cmake/gazebo/gazebo-config.cmake:251 (find_package)
  /opt/ros/humble/share/gazebo_dev/cmake/gazebo_dev-extras.cmake:3 (find_package)
  /opt/ros/humble/share/gazebo_dev/cmake/gazebo_devConfig.cmake:41 (include)
  /opt/ros/humble/share/gazebo_ros/cmake/ament_cmake_export_dependencies-extras.cmake:21 (find_package)
  /opt/ros/humble/share/gazebo_ros/cmake/gazebo_rosConfig.cmake:41 (include)
  CMakeLists.txt:6 (find_package)

[0m
[33mCMake Warning (dev) at /usr/lib/x86_64-linux-gnu/cmake/pcl/PCLConfig.cmake:146 (find_package):
  Policy CMP0144 is not set: find_package uses upper-case <PACKAGENAME>_ROOT
  variables.  Run "cmake --help-policy CMP0144" for policy details.  Use the
  cmake_policy command to set the policy and suppress this warning.

  CMake variable EIGEN_ROOT is set to:

    /usr/include/eigen3

  For compatibility, find_package is ignoring the variable, but code in a
  .cmake module might still use it.
Call Stack (most recent call first):
  /usr/lib/x86_64-linux-gnu/cmake/pcl/PCLConfig.cmake:299 (find_eigen)
  /usr/lib/x86_64-linux-gnu/cmake/pcl/PCLConfig.cmake:543 (find_external_library)
  /opt/ros/humble/share/pcl_conversions/cmake/ament_cmake_export_dependencies-extras.cmake:21 (find_package)
  /opt/ros/humble/share/pcl_conversions/cmake/pcl_conversionsConfig.cmake:41 (include)
  CMakeLists.txt:15 (find_package)
This warning is for project developers.  Use -Wno-dev to suppress it.
[0m
[33mCMake Warning (dev) at /usr/lib/x86_64-linux-gnu/cmake/pcl/Modules/FindFLANN.cmake:44 (find_package):
  Policy CMP0144 is not set: find_package uses upper-case <PACKAGENAME>_ROOT
  variables.  Run "cmake --help-policy CMP0144" for policy details.  Use the
  cmake_policy command to set the policy and suppress this warning.

  CMake variable FLANN_ROOT is set to:

    /usr

  For compatibility, find_package is ignoring the variable, but code in a
  .cmake module might still use it.
Call Stack (most recent call first):
  /usr/lib/x86_64-linux-gnu/cmake/pcl/PCLConfig.cmake:256 (find_package)
  /usr/lib/x86_64-linux-gnu/cmake/pcl/PCLConfig.cmake:301 (find_flann)
  /usr/lib/x86_64-linux-gnu/cmake/pcl/PCLConfig.cmake:543 (find_external_library)
  /opt/ros/humble/share/pcl_conversions/cmake/ament_cmake_export_dependencies-extras.cmake:21 (find_package)
  /opt/ros/humble/share/pcl_conversions/cmake/pcl_conversionsConfig.cmake:41 (include)
  CMakeLists.txt:15 (find_package)
This warning is for project developers.  Use -Wno-dev to suppress it.
[0m
/usr/bin/ld: CMakeFiles/termical_camera.dir/src/termical_hikmicro.cpp.o: in function `RtspThermalNode::RtspThermalNode()':
termical_hikmicro.cpp:(.text._ZN15RtspThermalNodeC2Ev[_ZN15RtspThermalNodeC5Ev]+0x15e): undefined reference to `cv::VideoCapture::VideoCapture()'
/usr/bin/ld: termical_hikmicro.cpp:(.text._ZN15RtspThermalNodeC2Ev[_ZN15RtspThermalNodeC5Ev]+0xa48): undefined reference to `cv::VideoCapture::open(std::__cxx11::basic_string<char, std::char_traits<char>, std::allocator<char> > const&, int)'
/usr/bin/ld: termical_hikmicro.cpp:(.text._ZN15RtspThermalNodeC2Ev[_ZN15RtspThermalNodeC5Ev]+0xc3b): undefined reference to `cv::VideoCapture::set(int, double)'
/usr/bin/ld: termical_hikmicro.cpp:(.text._ZN15RtspThermalNodeC2Ev[_ZN15RtspThermalNodeC5Ev]+0x1302): undefined reference to `cv::VideoCapture::~VideoCapture()'
/usr/bin/ld: CMakeFiles/termical_camera.dir/src/termical_hikmicro.cpp.o: in function `RtspThermalNode::tick()':
termical_hikmicro.cpp:(.text._ZN15RtspThermalNode4tickEv[_ZN15RtspThermalNode4tickEv]+0x71): undefined reference to `cv::VideoCapture::read(cv::_OutputArray const&)'
/usr/bin/ld: CMakeFiles/termical_camera.dir/src/termical_hikmicro.cpp.o: in function `RtspThermalNode::~RtspThermalNode()':
termical_hikmicro.cpp:(.text._ZN15RtspThermalNodeD2Ev[_ZN15RtspThermalNodeD5Ev]+0x50): undefined reference to `cv::VideoCapture::~VideoCapture()'
collect2: error: ld returned 1 exit status
gmake[2]: *** [CMakeFiles/termical_camera.dir/build.make:179: termical_camera] Error 1
gmake[1]: *** [CMakeFiles/Makefile2:255: CMakeFiles/termical_camera.dir/all] Error 2
gmake: *** [Makefile:146: all] Error 2
