[0.209s] Invoking command in '/home/rhobtor/PHD/ARGOS_J8/ARGOSJ8_IA_/build/car_cpp': CMAKE_PREFIX_PATH=/home/rhobtor/PHD/ARGOS_J8/ARGOSJ8_IA_/install/car_interfaces:/home/rhobtor/PHD/ARGOS_J8/ARGOSJ8_IA_/install/octomap_mapping:/home/rhobtor/PHD/ARGOS_J8/ARGOSJ8_IA_/install/octomap_server:/home/rhobtor/PHD/ARGOS_J8/ARGOSJ8_IA_/install/octomap_rviz_plugins:/home/rhobtor/PHD/ARGOS_J8/ARGOSJ8_IA_/install/j8_xacro_model:/home/rhobtor/PHD/ARGOS_J8/ARGOSJ8_IA_/install/hector_gazebo_plugins:/home/rhobtor/PHD/ARGOS_J8/ARGOSJ8_IA_/install/fixposition_sensor_pkg:/home/rhobtor/PHD/ARGOS_J8/ARGOSJ8_IA_/install/car_cpp:/home/rhobtor/PHD/ARGOS_J8/ARGOSJ8_IA_/install/argj801_ctl_platform:/home/rhobtor/PHD/ARGOS_J8/ARGOSJ8_IA_/install/argj801_ctl_platform_interfaces:/home/rhobtor/reactive/Reactive-Navegation/workspace_full_conected/install/octomap_mapping:/home/rhobtor/reactive/Reactive-Navegation/workspace_full_conected/install/octomap_server:/home/rhobtor/reactive/Reactive-Navegation/workspace_full_conected/install/octomap_rviz_plugins:/home/rhobtor/reactive/Reactive-Navegation/workspace_full_conected/install/hector_gazebo_plugins:/home/rhobtor/reactive/Reactive-Navegation/workspace_full_conected/install/car_cpp:/home/rhobtor/reactive/Reactive-Navegation/workspace_full_conected/install/car_interfaces:/home/rhobtor/PHD/ARGOS_J8/ARGOSJ8_IA_/install/car:/home/rhobtor/reactive/Reactive-Navegation/workspace_full_conected/install/car:/opt/ros/humble LD_LIBRARY_PATH=/home/rhobtor/PHD/ARGOS_J8/ARGOSJ8_IA_/install/car_interfaces/lib:/home/rhobtor/PHD/ARGOS_J8/ARGOSJ8_IA_/install/octomap_server/lib:/home/rhobtor/PHD/ARGOS_J8/ARGOSJ8_IA_/install/octomap_rviz_plugins/lib:/home/rhobtor/PHD/ARGOS_J8/ARGOSJ8_IA_/install/j8_xacro_model/lib:/home/rhobtor/PHD/ARGOS_J8/ARGOSJ8_IA_/install/hector_gazebo_plugins/lib:/home/rhobtor/PHD/ARGOS_J8/ARGOSJ8_IA_/install/fixposition_sensor_pkg/lib:/home/rhobtor/PHD/ARGOS_J8/ARGOSJ8_IA_/install/car_cpp/lib:/home/rhobtor/PHD/ARGOS_J8/ARGOSJ8_IA_/install/argj801_ctl_platform_interfaces/lib:/home/rhobtor/reactive/Reactive-Navegation/workspace_full_conected/install/octomap_server/lib:/home/rhobtor/reactive/Reactive-Navegation/workspace_full_conected/install/octomap_rviz_plugins/lib:/home/rhobtor/reactive/Reactive-Navegation/workspace_full_conected/install/hector_gazebo_plugins/lib:/home/rhobtor/reactive/Reactive-Navegation/workspace_full_conected/install/car_cpp/lib:/home/rhobtor/reactive/Reactive-Navegation/workspace_full_conected/install/car_interfaces/lib:/usr/lib/x86_64-linux-gnu/gazebo-11/plugins:/opt/ros/humble/opt/rviz_ogre_vendor/lib:/opt/ros/humble/lib/x86_64-linux-gnu:/opt/ros/humble/lib /usr/bin/cmake --build /home/rhobtor/PHD/ARGOS_J8/ARGOSJ8_IA_/build/car_cpp -- -j20 -l20
[0.268s] [  7%] Built target check_goal
[0.271s] [ 19%] Built target filtered_navigation_nodes
[0.271s] [ 26%] Built target frontier_values
[0.272s] [ 30%] Built target navigation_nodes_ground
[0.272s] [ 38%] Built target occupied_nodes_near_obstacles
[0.274s] [ 46%] Built target move_navigation_nodes_frontier
[0.274s] [ 53%] Built target obstacles_in_2d
[0.277s] [ 61%] Built target navigation_nodes
[0.278s] [ 69%] Built target slope_terrain
[0.280s] [ 76%] Built target gridmap
[0.282s] [ 84%] Built target joints_plugin
[0.283s] [ 92%] Built target drive_plugin
[0.289s] [100%] Built target move_plugin
[0.301s] Invoked command in '/home/rhobtor/PHD/ARGOS_J8/ARGOSJ8_IA_/build/car_cpp' returned '0': CMAKE_PREFIX_PATH=/home/rhobtor/PHD/ARGOS_J8/ARGOSJ8_IA_/install/car_interfaces:/home/rhobtor/PHD/ARGOS_J8/ARGOSJ8_IA_/install/octomap_mapping:/home/rhobtor/PHD/ARGOS_J8/ARGOSJ8_IA_/install/octomap_server:/home/rhobtor/PHD/ARGOS_J8/ARGOSJ8_IA_/install/octomap_rviz_plugins:/home/rhobtor/PHD/ARGOS_J8/ARGOSJ8_IA_/install/j8_xacro_model:/home/rhobtor/PHD/ARGOS_J8/ARGOSJ8_IA_/install/hector_gazebo_plugins:/home/rhobtor/PHD/ARGOS_J8/ARGOSJ8_IA_/install/fixposition_sensor_pkg:/home/rhobtor/PHD/ARGOS_J8/ARGOSJ8_IA_/install/car_cpp:/home/rhobtor/PHD/ARGOS_J8/ARGOSJ8_IA_/install/argj801_ctl_platform:/home/rhobtor/PHD/ARGOS_J8/ARGOSJ8_IA_/install/argj801_ctl_platform_interfaces:/home/rhobtor/reactive/Reactive-Navegation/workspace_full_conected/install/octomap_mapping:/home/rhobtor/reactive/Reactive-Navegation/workspace_full_conected/install/octomap_server:/home/rhobtor/reactive/Reactive-Navegation/workspace_full_conected/install/octomap_rviz_plugins:/home/rhobtor/reactive/Reactive-Navegation/workspace_full_conected/install/hector_gazebo_plugins:/home/rhobtor/reactive/Reactive-Navegation/workspace_full_conected/install/car_cpp:/home/rhobtor/reactive/Reactive-Navegation/workspace_full_conected/install/car_interfaces:/home/rhobtor/PHD/ARGOS_J8/ARGOSJ8_IA_/install/car:/home/rhobtor/reactive/Reactive-Navegation/workspace_full_conected/install/car:/opt/ros/humble LD_LIBRARY_PATH=/home/rhobtor/PHD/ARGOS_J8/ARGOSJ8_IA_/install/car_interfaces/lib:/home/rhobtor/PHD/ARGOS_J8/ARGOSJ8_IA_/install/octomap_server/lib:/home/rhobtor/PHD/ARGOS_J8/ARGOSJ8_IA_/install/octomap_rviz_plugins/lib:/home/rhobtor/PHD/ARGOS_J8/ARGOSJ8_IA_/install/j8_xacro_model/lib:/home/rhobtor/PHD/ARGOS_J8/ARGOSJ8_IA_/install/hector_gazebo_plugins/lib:/home/rhobtor/PHD/ARGOS_J8/ARGOSJ8_IA_/install/fixposition_sensor_pkg/lib:/home/rhobtor/PHD/ARGOS_J8/ARGOSJ8_IA_/install/car_cpp/lib:/home/rhobtor/PHD/ARGOS_J8/ARGOSJ8_IA_/install/argj801_ctl_platform_interfaces/lib:/home/rhobtor/reactive/Reactive-Navegation/workspace_full_conected/install/octomap_server/lib:/home/rhobtor/reactive/Reactive-Navegation/workspace_full_conected/install/octomap_rviz_plugins/lib:/home/rhobtor/reactive/Reactive-Navegation/workspace_full_conected/install/hector_gazebo_plugins/lib:/home/rhobtor/reactive/Reactive-Navegation/workspace_full_conected/install/car_cpp/lib:/home/rhobtor/reactive/Reactive-Navegation/workspace_full_conected/install/car_interfaces/lib:/usr/lib/x86_64-linux-gnu/gazebo-11/plugins:/opt/ros/humble/opt/rviz_ogre_vendor/lib:/opt/ros/humble/lib/x86_64-linux-gnu:/opt/ros/humble/lib /usr/bin/cmake --build /home/rhobtor/PHD/ARGOS_J8/ARGOSJ8_IA_/build/car_cpp -- -j20 -l20
[0.302s] Invoking command in '/home/rhobtor/PHD/ARGOS_J8/ARGOSJ8_IA_/build/car_cpp': CMAKE_PREFIX_PATH=/home/rhobtor/PHD/ARGOS_J8/ARGOSJ8_IA_/install/car_interfaces:/home/rhobtor/PHD/ARGOS_J8/ARGOSJ8_IA_/install/octomap_mapping:/home/rhobtor/PHD/ARGOS_J8/ARGOSJ8_IA_/install/octomap_server:/home/rhobtor/PHD/ARGOS_J8/ARGOSJ8_IA_/install/octomap_rviz_plugins:/home/rhobtor/PHD/ARGOS_J8/ARGOSJ8_IA_/install/j8_xacro_model:/home/rhobtor/PHD/ARGOS_J8/ARGOSJ8_IA_/install/hector_gazebo_plugins:/home/rhobtor/PHD/ARGOS_J8/ARGOSJ8_IA_/install/fixposition_sensor_pkg:/home/rhobtor/PHD/ARGOS_J8/ARGOSJ8_IA_/install/car_cpp:/home/rhobtor/PHD/ARGOS_J8/ARGOSJ8_IA_/install/argj801_ctl_platform:/home/rhobtor/PHD/ARGOS_J8/ARGOSJ8_IA_/install/argj801_ctl_platform_interfaces:/home/rhobtor/reactive/Reactive-Navegation/workspace_full_conected/install/octomap_mapping:/home/rhobtor/reactive/Reactive-Navegation/workspace_full_conected/install/octomap_server:/home/rhobtor/reactive/Reactive-Navegation/workspace_full_conected/install/octomap_rviz_plugins:/home/rhobtor/reactive/Reactive-Navegation/workspace_full_conected/install/hector_gazebo_plugins:/home/rhobtor/reactive/Reactive-Navegation/workspace_full_conected/install/car_cpp:/home/rhobtor/reactive/Reactive-Navegation/workspace_full_conected/install/car_interfaces:/home/rhobtor/PHD/ARGOS_J8/ARGOSJ8_IA_/install/car:/home/rhobtor/reactive/Reactive-Navegation/workspace_full_conected/install/car:/opt/ros/humble LD_LIBRARY_PATH=/home/rhobtor/PHD/ARGOS_J8/ARGOSJ8_IA_/install/car_interfaces/lib:/home/rhobtor/PHD/ARGOS_J8/ARGOSJ8_IA_/install/octomap_server/lib:/home/rhobtor/PHD/ARGOS_J8/ARGOSJ8_IA_/install/octomap_rviz_plugins/lib:/home/rhobtor/PHD/ARGOS_J8/ARGOSJ8_IA_/install/j8_xacro_model/lib:/home/rhobtor/PHD/ARGOS_J8/ARGOSJ8_IA_/install/hector_gazebo_plugins/lib:/home/rhobtor/PHD/ARGOS_J8/ARGOSJ8_IA_/install/fixposition_sensor_pkg/lib:/home/rhobtor/PHD/ARGOS_J8/ARGOSJ8_IA_/install/car_cpp/lib:/home/rhobtor/PHD/ARGOS_J8/ARGOSJ8_IA_/install/argj801_ctl_platform_interfaces/lib:/home/rhobtor/reactive/Reactive-Navegation/workspace_full_conected/install/octomap_server/lib:/home/rhobtor/reactive/Reactive-Navegation/workspace_full_conected/install/octomap_rviz_plugins/lib:/home/rhobtor/reactive/Reactive-Navegation/workspace_full_conected/install/hector_gazebo_plugins/lib:/home/rhobtor/reactive/Reactive-Navegation/workspace_full_conected/install/car_cpp/lib:/home/rhobtor/reactive/Reactive-Navegation/workspace_full_conected/install/car_interfaces/lib:/usr/lib/x86_64-linux-gnu/gazebo-11/plugins:/opt/ros/humble/opt/rviz_ogre_vendor/lib:/opt/ros/humble/lib/x86_64-linux-gnu:/opt/ros/humble/lib /usr/bin/cmake --install /home/rhobtor/PHD/ARGOS_J8/ARGOSJ8_IA_/build/car_cpp
[0.308s] -- Install configuration: ""
[0.308s] -- Up-to-date: /home/rhobtor/PHD/ARGOS_J8/ARGOSJ8_IA_/install/car_cpp/lib/car_cpp/navigation_nodes
[0.308s] -- Up-to-date: /home/rhobtor/PHD/ARGOS_J8/ARGOSJ8_IA_/install/car_cpp/lib/car_cpp/navigation_nodes_ground
[0.309s] -- Up-to-date: /home/rhobtor/PHD/ARGOS_J8/ARGOSJ8_IA_/install/car_cpp/lib/car_cpp/move_navigation_nodes_frontier
[0.309s] -- Up-to-date: /home/rhobtor/PHD/ARGOS_J8/ARGOSJ8_IA_/install/car_cpp/lib/car_cpp/frontier_values
[0.309s] -- Up-to-date: /home/rhobtor/PHD/ARGOS_J8/ARGOSJ8_IA_/install/car_cpp/lib/car_cpp/occupied_nodes_near_obstacles
[0.309s] -- Up-to-date: /home/rhobtor/PHD/ARGOS_J8/ARGOSJ8_IA_/install/car_cpp/lib/car_cpp/obstacles_in_2d
[0.309s] -- Up-to-date: /home/rhobtor/PHD/ARGOS_J8/ARGOSJ8_IA_/install/car_cpp/lib/car_cpp/check_goal
[0.309s] -- Up-to-date: /home/rhobtor/PHD/ARGOS_J8/ARGOSJ8_IA_/install/car_cpp/lib/car_cpp/filtered_navigation_nodes
[0.309s] -- Up-to-date: /home/rhobtor/PHD/ARGOS_J8/ARGOSJ8_IA_/install/car_cpp/lib/car_cpp/slope_terrain
[0.310s] -- Up-to-date: /home/rhobtor/PHD/ARGOS_J8/ARGOSJ8_IA_/install/car_cpp/lib/car_cpp/gridmap
[0.310s] -- Up-to-date: /home/rhobtor/PHD/ARGOS_J8/ARGOSJ8_IA_/install/car_cpp/lib/libmove_plugin.so
[0.310s] -- Up-to-date: /home/rhobtor/PHD/ARGOS_J8/ARGOSJ8_IA_/install/car_cpp/lib/libdrive_plugin.so
[0.310s] -- Up-to-date: /home/rhobtor/PHD/ARGOS_J8/ARGOSJ8_IA_/install/car_cpp/lib/libjoints_plugin.so
[0.310s] -- Up-to-date: /home/rhobtor/PHD/ARGOS_J8/ARGOSJ8_IA_/install/car_cpp/include/
[0.310s] -- Up-to-date: /home/rhobtor/PHD/ARGOS_J8/ARGOSJ8_IA_/install/car_cpp/include//control_plugin.hpp
[0.310s] -- Up-to-date: /home/rhobtor/PHD/ARGOS_J8/ARGOSJ8_IA_/install/car_cpp/include//motion.hpp
[0.310s] -- Up-to-date: /home/rhobtor/PHD/ARGOS_J8/ARGOSJ8_IA_/install/car_cpp/include//move_ros.hpp
[0.310s] -- Up-to-date: /home/rhobtor/PHD/ARGOS_J8/ARGOSJ8_IA_/install/car_cpp/include//odometria.hpp
[0.310s] -- Up-to-date: /home/rhobtor/PHD/ARGOS_J8/ARGOSJ8_IA_/install/car_cpp/include//visualization.hpp
[0.310s] -- Up-to-date: /home/rhobtor/PHD/ARGOS_J8/ARGOSJ8_IA_/install/car_cpp/include//obstacle_detection.hpp
[0.311s] -- Up-to-date: /home/rhobtor/PHD/ARGOS_J8/ARGOSJ8_IA_/install/car_cpp/include//utilities.hpp
[0.311s] -- Up-to-date: /home/rhobtor/PHD/ARGOS_J8/ARGOSJ8_IA_/install/car_cpp/share/ament_index/resource_index/package_run_dependencies/car_cpp
[0.311s] -- Up-to-date: /home/rhobtor/PHD/ARGOS_J8/ARGOSJ8_IA_/install/car_cpp/share/ament_index/resource_index/parent_prefix_path/car_cpp
[0.311s] -- Up-to-date: /home/rhobtor/PHD/ARGOS_J8/ARGOSJ8_IA_/install/car_cpp/share/car_cpp/environment/ament_prefix_path.sh
[0.311s] -- Up-to-date: /home/rhobtor/PHD/ARGOS_J8/ARGOSJ8_IA_/install/car_cpp/share/car_cpp/environment/ament_prefix_path.dsv
[0.311s] -- Up-to-date: /home/rhobtor/PHD/ARGOS_J8/ARGOSJ8_IA_/install/car_cpp/share/car_cpp/environment/path.sh
[0.311s] -- Up-to-date: /home/rhobtor/PHD/ARGOS_J8/ARGOSJ8_IA_/install/car_cpp/share/car_cpp/environment/path.dsv
[0.311s] -- Up-to-date: /home/rhobtor/PHD/ARGOS_J8/ARGOSJ8_IA_/install/car_cpp/share/car_cpp/local_setup.bash
[0.311s] -- Up-to-date: /home/rhobtor/PHD/ARGOS_J8/ARGOSJ8_IA_/install/car_cpp/share/car_cpp/local_setup.sh
[0.312s] -- Up-to-date: /home/rhobtor/PHD/ARGOS_J8/ARGOSJ8_IA_/install/car_cpp/share/car_cpp/local_setup.zsh
[0.312s] -- Up-to-date: /home/rhobtor/PHD/ARGOS_J8/ARGOSJ8_IA_/install/car_cpp/share/car_cpp/local_setup.dsv
[0.312s] -- Installing: /home/rhobtor/PHD/ARGOS_J8/ARGOSJ8_IA_/install/car_cpp/share/car_cpp/package.dsv
[0.312s] -- Up-to-date: /home/rhobtor/PHD/ARGOS_J8/ARGOSJ8_IA_/install/car_cpp/share/ament_index/resource_index/packages/car_cpp
[0.312s] -- Up-to-date: /home/rhobtor/PHD/ARGOS_J8/ARGOSJ8_IA_/install/car_cpp/share/car_cpp/cmake/car_cppConfig.cmake
[0.312s] -- Up-to-date: /home/rhobtor/PHD/ARGOS_J8/ARGOSJ8_IA_/install/car_cpp/share/car_cpp/cmake/car_cppConfig-version.cmake
[0.312s] -- Up-to-date: /home/rhobtor/PHD/ARGOS_J8/ARGOSJ8_IA_/install/car_cpp/share/car_cpp/package.xml
[0.330s] Invoked command in '/home/rhobtor/PHD/ARGOS_J8/ARGOSJ8_IA_/build/car_cpp' returned '0': CMAKE_PREFIX_PATH=/home/rhobtor/PHD/ARGOS_J8/ARGOSJ8_IA_/install/car_interfaces:/home/rhobtor/PHD/ARGOS_J8/ARGOSJ8_IA_/install/octomap_mapping:/home/rhobtor/PHD/ARGOS_J8/ARGOSJ8_IA_/install/octomap_server:/home/rhobtor/PHD/ARGOS_J8/ARGOSJ8_IA_/install/octomap_rviz_plugins:/home/rhobtor/PHD/ARGOS_J8/ARGOSJ8_IA_/install/j8_xacro_model:/home/rhobtor/PHD/ARGOS_J8/ARGOSJ8_IA_/install/hector_gazebo_plugins:/home/rhobtor/PHD/ARGOS_J8/ARGOSJ8_IA_/install/fixposition_sensor_pkg:/home/rhobtor/PHD/ARGOS_J8/ARGOSJ8_IA_/install/car_cpp:/home/rhobtor/PHD/ARGOS_J8/ARGOSJ8_IA_/install/argj801_ctl_platform:/home/rhobtor/PHD/ARGOS_J8/ARGOSJ8_IA_/install/argj801_ctl_platform_interfaces:/home/rhobtor/reactive/Reactive-Navegation/workspace_full_conected/install/octomap_mapping:/home/rhobtor/reactive/Reactive-Navegation/workspace_full_conected/install/octomap_server:/home/rhobtor/reactive/Reactive-Navegation/workspace_full_conected/install/octomap_rviz_plugins:/home/rhobtor/reactive/Reactive-Navegation/workspace_full_conected/install/hector_gazebo_plugins:/home/rhobtor/reactive/Reactive-Navegation/workspace_full_conected/install/car_cpp:/home/rhobtor/reactive/Reactive-Navegation/workspace_full_conected/install/car_interfaces:/home/rhobtor/PHD/ARGOS_J8/ARGOSJ8_IA_/install/car:/home/rhobtor/reactive/Reactive-Navegation/workspace_full_conected/install/car:/opt/ros/humble LD_LIBRARY_PATH=/home/rhobtor/PHD/ARGOS_J8/ARGOSJ8_IA_/install/car_interfaces/lib:/home/rhobtor/PHD/ARGOS_J8/ARGOSJ8_IA_/install/octomap_server/lib:/home/rhobtor/PHD/ARGOS_J8/ARGOSJ8_IA_/install/octomap_rviz_plugins/lib:/home/rhobtor/PHD/ARGOS_J8/ARGOSJ8_IA_/install/j8_xacro_model/lib:/home/rhobtor/PHD/ARGOS_J8/ARGOSJ8_IA_/install/hector_gazebo_plugins/lib:/home/rhobtor/PHD/ARGOS_J8/ARGOSJ8_IA_/install/fixposition_sensor_pkg/lib:/home/rhobtor/PHD/ARGOS_J8/ARGOSJ8_IA_/install/car_cpp/lib:/home/rhobtor/PHD/ARGOS_J8/ARGOSJ8_IA_/install/argj801_ctl_platform_interfaces/lib:/home/rhobtor/reactive/Reactive-Navegation/workspace_full_conected/install/octomap_server/lib:/home/rhobtor/reactive/Reactive-Navegation/workspace_full_conected/install/octomap_rviz_plugins/lib:/home/rhobtor/reactive/Reactive-Navegation/workspace_full_conected/install/hector_gazebo_plugins/lib:/home/rhobtor/reactive/Reactive-Navegation/workspace_full_conected/install/car_cpp/lib:/home/rhobtor/reactive/Reactive-Navegation/workspace_full_conected/install/car_interfaces/lib:/usr/lib/x86_64-linux-gnu/gazebo-11/plugins:/opt/ros/humble/opt/rviz_ogre_vendor/lib:/opt/ros/humble/lib/x86_64-linux-gnu:/opt/ros/humble/lib /usr/bin/cmake --install /home/rhobtor/PHD/ARGOS_J8/ARGOSJ8_IA_/build/car_cpp
