[10.896s] Invoking command in '/home/rhobtor/PHD/ARGOSJ8_IA/ARGOSJ8_IA_/src/argo_drivers_pkgs/ntrip_client': PYTHONPATH=/home/rhobtor/PHD/ARGOSJ8_IA/ARGOSJ8_IA_/build/ntrip_client/prefix_override:/usr/lib/python3/dist-packages/colcon_core/task/python/colcon_distutils_commands:/home/rhobtor/PHD/ARGOSJ8_IA/ARGOSJ8_IA_/install/ntrip_client/lib/python3.10/site-packages:${PYTHONPATH} /usr/bin/python3 -W ignore:setup.py install is deprecated -W ignore:easy_install command is deprecated setup.py egg_info --egg-base ../../../build/ntrip_client build --build-base /home/rhobtor/PHD/ARGOSJ8_IA/ARGOSJ8_IA_/build/ntrip_client/build install --record /home/rhobtor/PHD/ARGOSJ8_IA/ARGOSJ8_IA_/build/ntrip_client/install.log --single-version-externally-managed install_data
[11.085s] running egg_info
[11.097s] writing ../../../build/ntrip_client/ntrip_client.egg-info/PKG-INFO
[11.097s] writing dependency_links to ../../../build/ntrip_client/ntrip_client.egg-info/dependency_links.txt
[11.097s] writing requirements to ../../../build/ntrip_client/ntrip_client.egg-info/requires.txt
[11.097s] writing top-level names to ../../../build/ntrip_client/ntrip_client.egg-info/top_level.txt
[11.129s] reading manifest file '../../../build/ntrip_client/ntrip_client.egg-info/SOURCES.txt'
[11.144s] adding license file 'LICENSE'
[11.145s] writing manifest file '../../../build/ntrip_client/ntrip_client.egg-info/SOURCES.txt'
[11.145s] running build
[11.145s] running build_py
[11.145s] copying src/ntrip_client/__init__.py -> /home/rhobtor/PHD/ARGOSJ8_IA/ARGOSJ8_IA_/build/ntrip_client/build/lib/ntrip_client
[11.145s] copying src/ntrip_client/rtcm_parser.py -> /home/rhobtor/PHD/ARGOSJ8_IA/ARGOSJ8_IA_/build/ntrip_client/build/lib/ntrip_client
[11.145s] copying src/ntrip_client/nmea_parser.py -> /home/rhobtor/PHD/ARGOSJ8_IA/ARGOSJ8_IA_/build/ntrip_client/build/lib/ntrip_client
[11.145s] copying src/ntrip_client/ntrip_client.py -> /home/rhobtor/PHD/ARGOSJ8_IA/ARGOSJ8_IA_/build/ntrip_client/build/lib/ntrip_client
[11.146s] running build_scripts
[11.146s] running install
[11.150s] running install_lib
[11.162s] running install_data
[11.162s] copying resource/ntrip_client -> /home/rhobtor/PHD/ARGOSJ8_IA/ARGOSJ8_IA_/install/ntrip_client/share/ament_index/resource_index/packages
[11.162s] copying package.xml -> /home/rhobtor/PHD/ARGOSJ8_IA/ARGOSJ8_IA_/install/ntrip_client/share/ntrip_client
[11.162s] copying launch/ntrip_client_launch.py -> /home/rhobtor/PHD/ARGOSJ8_IA/ARGOSJ8_IA_/install/ntrip_client/share/ntrip_client
[11.163s] copying launch/gps_ntrip_launch.py -> /home/rhobtor/PHD/ARGOSJ8_IA/ARGOSJ8_IA_/install/ntrip_client/share/ntrip_client
[11.163s] running install_egg_info
[11.179s] removing '/home/rhobtor/PHD/ARGOSJ8_IA/ARGOSJ8_IA_/install/ntrip_client/lib/python3.10/site-packages/ntrip_client-1.2.0-py3.10.egg-info' (and everything under it)
[11.179s] Copying ../../../build/ntrip_client/ntrip_client.egg-info to /home/rhobtor/PHD/ARGOSJ8_IA/ARGOSJ8_IA_/install/ntrip_client/lib/python3.10/site-packages/ntrip_client-1.2.0-py3.10.egg-info
[11.180s] running install_scripts
[11.195s] copying /home/rhobtor/PHD/ARGOSJ8_IA/ARGOSJ8_IA_/build/ntrip_client/build/scripts-3.10/ntrip_ros.py -> /home/rhobtor/PHD/ARGOSJ8_IA/ARGOSJ8_IA_/install/ntrip_client/lib/ntrip_client
[11.195s] changing mode of /home/rhobtor/PHD/ARGOSJ8_IA/ARGOSJ8_IA_/install/ntrip_client/lib/ntrip_client/ntrip_ros.py to 775
[11.268s] writing list of installed files to '/home/rhobtor/PHD/ARGOSJ8_IA/ARGOSJ8_IA_/build/ntrip_client/install.log'
[11.293s] Invoked command in '/home/rhobtor/PHD/ARGOSJ8_IA/ARGOSJ8_IA_/src/argo_drivers_pkgs/ntrip_client' returned '0': PYTHONPATH=/home/rhobtor/PHD/ARGOSJ8_IA/ARGOSJ8_IA_/build/ntrip_client/prefix_override:/usr/lib/python3/dist-packages/colcon_core/task/python/colcon_distutils_commands:/home/rhobtor/PHD/ARGOSJ8_IA/ARGOSJ8_IA_/install/ntrip_client/lib/python3.10/site-packages:${PYTHONPATH} /usr/bin/python3 -W ignore:setup.py install is deprecated -W ignore:easy_install command is deprecated setup.py egg_info --egg-base ../../../build/ntrip_client build --build-base /home/rhobtor/PHD/ARGOSJ8_IA/ARGOSJ8_IA_/build/ntrip_client/build install --record /home/rhobtor/PHD/ARGOSJ8_IA/ARGOSJ8_IA_/build/ntrip_client/install.log --single-version-externally-managed install_data
