[1.049s] Invoking command in '/home/rhobtor/PHD/ARGOSJ8_IA/ARGOSJ8_IA_/build/car_cpp': AMENT_PREFIX_PATH=/home/rhobtor/PHD/ARGOSJ8_IA/ARGOSJ8_IA_/install/car_interfaces:${AMENT_PREFIX_PATH} CMAKE_PREFIX_PATH=/home/rhobtor/PHD/ARGOSJ8_IA/ARGOSJ8_IA_/install/car_interfaces:/home/rhobtor/reactive/Reactive-Navegation/workspace_full_conected/install/octomap_mapping:/home/rhobtor/reactive/Reactive-Navegation/workspace_full_conected/install/octomap_server:/home/rhobtor/reactive/Reactive-Navegation/workspace_full_conected/install/octomap_rviz_plugins:/home/rhobtor/reactive/Reactive-Navegation/workspace_full_conected/install/hector_gazebo_plugins:/home/rhobtor/reactive/Reactive-Navegation/workspace_full_conected/install/car_cpp:/home/rhobtor/reactive/Reactive-Navegation/workspace_full_conected/install/car_interfaces:/home/rhobtor/reactive/Reactive-Navegation/workspace_full_conected/install/car:/opt/ros/humble LD_LIBRARY_PATH=/home/rhobtor/PHD/ARGOSJ8_IA/ARGOSJ8_IA_/install/car_interfaces/lib:${LD_LIBRARY_PATH} PYTHONPATH=/home/rhobtor/PHD/ARGOSJ8_IA/ARGOSJ8_IA_/install/car_interfaces/local/lib/python3.10/dist-packages:${PYTHONPATH} /usr/bin/cmake --build /home/rhobtor/PHD/ARGOSJ8_IA/ARGOSJ8_IA_/build/car_cpp -- -j20 -l20
[1.363s] -- Found ament_cmake: 1.3.14 (/opt/ros/humble/share/ament_cmake/cmake)
[1.573s] -- Found rclcpp: 16.0.19 (/opt/ros/humble/share/rclcpp/cmake)
[1.602s] -- Found rosidl_generator_c: 3.1.8 (/opt/ros/humble/share/rosidl_generator_c/cmake)
[1.604s] -- Found rosidl_adapter: 3.1.8 (/opt/ros/humble/share/rosidl_adapter/cmake)
[1.610s] -- Found rosidl_generator_cpp: 3.1.8 (/opt/ros/humble/share/rosidl_generator_cpp/cmake)
[1.620s] -- Using all available rosidl_typesupport_c: rosidl_typesupport_fastrtps_c;rosidl_typesupport_introspection_c
[1.628s] -- Using all available rosidl_typesupport_cpp: rosidl_typesupport_fastrtps_cpp;rosidl_typesupport_introspection_cpp
[1.652s] -- Found rmw_implementation_cmake: 6.1.2 (/opt/ros/humble/share/rmw_implementation_cmake/cmake)
[1.652s] -- Found rmw_fastrtps_cpp: 6.2.10 (/opt/ros/humble/share/rmw_fastrtps_cpp/cmake)
[1.745s] -- Using RMW implementation 'rmw_fastrtps_cpp' as default
[1.796s] -- Found gazebo_ros: 3.9.0 (/opt/ros/humble/share/gazebo_ros/cmake)
[1.830s] -- Found DART: /usr/include (Required is at least version "6.6") found components: dart 
[2.630s] -- Found Protobuf: /usr/lib/x86_64-linux-gnu/libprotobuf.so (found version "3.12.4") 
[2.778s] -- Looking for ignition-math6 -- found version 6.15.1
[3.158s] -- Searching for dependencies of ignition-math6
[3.204s] -- Looking for OGRE...
[3.218s] -- Found Ogre Ghadamon (1.9.0)
[3.218s] -- Found OGRE: optimized;/usr/lib/x86_64-linux-gnu/libOgreMain.so;debug;/usr/lib/x86_64-linux-gnu/libOgreMain.so
[3.246s] -- Looking for OGRE_Paging...
[3.246s] -- Found OGRE_Paging: optimized;/usr/lib/x86_64-linux-gnu/libOgrePaging.so;debug;/usr/lib/x86_64-linux-gnu/libOgrePaging.so
[3.246s] -- Looking for OGRE_Terrain...
[3.247s] -- Found OGRE_Terrain: optimized;/usr/lib/x86_64-linux-gnu/libOgreTerrain.so;debug;/usr/lib/x86_64-linux-gnu/libOgreTerrain.so
[3.247s] -- Looking for OGRE_Property...
[3.247s] -- Found OGRE_Property: optimized;/usr/lib/x86_64-linux-gnu/libOgreProperty.so;debug;/usr/lib/x86_64-linux-gnu/libOgreProperty.so
[3.247s] -- Looking for OGRE_RTShaderSystem...
[3.247s] -- Found OGRE_RTShaderSystem: optimized;/usr/lib/x86_64-linux-gnu/libOgreRTShaderSystem.so;debug;/usr/lib/x86_64-linux-gnu/libOgreRTShaderSystem.so
[3.247s] -- Looking for OGRE_Volume...
[3.247s] -- Found OGRE_Volume: optimized;/usr/lib/x86_64-linux-gnu/libOgreVolume.so;debug;/usr/lib/x86_64-linux-gnu/libOgreVolume.so
[3.247s] -- Looking for OGRE_Overlay...
[3.247s] -- Found OGRE_Overlay: optimized;/usr/lib/x86_64-linux-gnu/libOgreOverlay.so;debug;/usr/lib/x86_64-linux-gnu/libOgreOverlay.so
[3.757s] -- Looking for ignition-math6 -- found version 6.15.1
[3.758s] -- Looking for ignition-transport8 -- found version 8.2.1
[3.758s] -- Searching for dependencies of ignition-transport8
[3.802s] -- Found Protobuf: /usr/lib/x86_64-linux-gnu/libprotobuf.so (found suitable version "3.12.4", minimum required is "3") 
[3.838s] -- Config-file not installed for ZeroMQ -- checking for pkg-config
[3.852s] -- Checking for module 'libzmq >= 4'
[4.091s] --   Found libzmq , version 4.3.4
[4.228s] -- Checking for module 'uuid'
[4.289s] --   Found uuid, version 2.37.2
[4.401s] -- Looking for ignition-msgs5 -- found version 5.8.1
[4.404s] -- Searching for dependencies of ignition-msgs5
[4.439s] -- Looking for ignition-math6 -- found version 6.15.1
[4.450s] -- Checking for module 'tinyxml2'
[4.540s] --   Found tinyxml2, version 9.0.0
[4.783s] -- Looking for ignition-msgs5 -- found version 5.8.1
[4.843s] -- Looking for ignition-common3 -- found version 3.14.0
[4.844s] -- Searching for dependencies of ignition-common3
[4.878s] -- Looking for dlfcn.h - found
[4.878s] -- Looking for libdl - found
[5.015s] -- Searching for <ignition-common3> component [graphics]
[5.031s] -- Looking for ignition-common3-graphics -- found version 3.14.0
[5.032s] -- Searching for dependencies of ignition-common3-graphics
[5.032s] -- Looking for ignition-math6 -- found version 6.15.1
[5.070s] -- Looking for ignition-fuel_tools4 -- found version 4.4.0
[5.073s] -- Searching for dependencies of ignition-fuel_tools4
[5.228s] -- Checking for module 'jsoncpp'
[5.273s] --   Found jsoncpp, version 1.9.5
[5.417s] -- Checking for module 'libzip'
[5.545s] --   Found libzip, version 1.7.3
[5.613s] -- Looking for ignition-common3 -- found version 3.14.0
[5.614s] -- Looking for ignition-math6 -- found version 6.15.1
[5.614s] -- Looking for ignition-msgs5 -- found version 5.8.1
[5.690s] -- Gazebo version: 11.10
[5.692s] -- Found pluginlib: 5.1.3 (/opt/ros/humble/share/pluginlib/cmake)
[5.722s] -- Found geometry_msgs: 4.9.1 (/opt/ros/humble/share/geometry_msgs/cmake)
[5.736s] -- Found sensor_msgs: 4.9.1 (/opt/ros/humble/share/sensor_msgs/cmake)
[5.757s] -- Found pcl_conversions: 2.4.5 (/opt/ros/humble/share/pcl_conversions/cmake)
[5.814s] -- Eigen found (include: /usr/include/eigen3, version: 3.4.0)
[5.851s] -- FLANN found (include: /usr/include, lib: /usr/lib/x86_64-linux-gnu/libflann_cpp.so)
[6.257s] -- OpenNI found (version: 1.5.4.0, include: /usr/include/ni, lib: /usr/lib/libOpenNI.so;libusb::libusb)
[6.264s] -- OpenNI2 found (version: 2.2.0.33, include: /usr/include/openni2, lib: /usr/lib/x86_64-linux-gnu/libOpenNI2.so;libusb::libusb)
[6.435s] -- Eigen found (include: /usr/include/eigen3, version: 3.4.0)
[6.445s] -- OpenNI found (version: 1.5.4.0, include: /usr/include/ni, lib: /usr/lib/libOpenNI.so;libusb::libusb)
[6.452s] -- OpenNI2 found (version: 2.2.0.33, include: /usr/include/openni2, lib: /usr/lib/x86_64-linux-gnu/libOpenNI2.so;libusb::libusb)
[6.609s] -- Found Qhull version 8.0.2
[6.770s] -- OpenNI found (version: 1.5.4.0, include: /usr/include/ni, lib: /usr/lib/libOpenNI.so;libusb::libusb)
[6.933s] -- Found visualization_msgs: 4.9.1 (/opt/ros/humble/share/visualization_msgs/cmake)
[6.956s] -- Found nav_msgs: 4.9.1 (/opt/ros/humble/share/nav_msgs/cmake)
[6.970s] -- Found std_srvs: 4.9.1 (/opt/ros/humble/share/std_srvs/cmake)
[6.980s] -- Found geographic_msgs: 1.0.6 (/opt/ros/humble/share/geographic_msgs/cmake)
[7.003s] -- Found tf2: 0.25.20 (/opt/ros/humble/share/tf2/cmake)
[7.005s] -- Found tf2_ros: 0.25.20 (/opt/ros/humble/share/tf2_ros/cmake)
[7.063s] -- Found tf2_geometry_msgs: 0.25.20 (/opt/ros/humble/share/tf2_geometry_msgs/cmake)
[7.065s] -- Found eigen3_cmake_module: 0.1.1 (/opt/ros/humble/share/eigen3_cmake_module/cmake)
[7.067s] -- Ensuring Eigen3 include directory is part of orocos-kdl CMake target
[7.068s] -- Looking for ignition-math6 -- found version 6.15.1
[7.068s] -- Looking for ignition-common3 -- found version 3.14.0
[7.069s] -- Found car_interfaces: 0.0.0 (/home/rhobtor/PHD/ARGOSJ8_IA/ARGOSJ8_IA_/install/car_interfaces/share/car_interfaces/cmake)
[7.413s] -- Found grid_map_ros: 2.0.1 (/opt/ros/humble/share/grid_map_ros/cmake)
[7.859s] -- Found OpenCV: /usr (found version "4.5.4") 
[7.866s] -- Found OpenCV: /usr (found version "4.5.4") found components: core imgproc ximgproc 
[8.243s] -- Configuring done
[11.795s] -- Generating done
[11.958s] -- Build files have been written to: /home/rhobtor/PHD/ARGOSJ8_IA/ARGOSJ8_IA_/build/car_cpp
[12.221s] [35m[1mConsolidate compiler generated dependencies of target frontier_values[0m
[12.255s] [35m[1mConsolidate compiler generated dependencies of target check_goal[0m
[12.278s] [35m[1mConsolidate compiler generated dependencies of target joints_plugin[0m
[12.295s] [35m[1mConsolidate compiler generated dependencies of target voxel_grid_node[0m
[12.295s] [  7%] [32mBuilding CXX object CMakeFiles/frontier_values.dir/src/frontier_values.cpp.o[0m
[12.295s] [35m[1mConsolidate compiler generated dependencies of target velodyne_noise_filter_node[0m
[12.316s] [35m[1mConsolidate compiler generated dependencies of target move_plugin[0m
[12.335s] [35m[1mConsolidate compiler generated dependencies of target drive_plugin[0m
[12.340s] [ 14%] [32mBuilding CXX object CMakeFiles/check_goal.dir/src/check_goal.cpp.o[0m
[12.366s] [ 21%] [32mBuilding CXX object CMakeFiles/velodyne_noise_filter_node.dir/src/velodyne_noise_filter_node.cpp.o[0m
[12.378s] [ 28%] [32mBuilding CXX object CMakeFiles/voxel_grid_node.dir/src/voxel_grid_node.cpp.o[0m
[12.417s] [ 35%] [32mBuilding CXX object CMakeFiles/joints_plugin.dir/src/joints.cpp.o[0m
[12.480s] [ 42%] [32m[1mLinking CXX shared library libmove_plugin.so[0m
[12.521s] [ 50%] [32mBuilding CXX object CMakeFiles/drive_plugin.dir/src/diffdrive_plugin_multi_wheel.cpp.o[0m
[41.429s] [ 57%] Built target move_plugin
[46.050s] [ 64%] [32m[1mLinking CXX executable velodyne_noise_filter_node[0m
[49.843s] [ 64%] Built target velodyne_noise_filter_node
[55.165s] [ 71%] [32m[1mLinking CXX executable frontier_values[0m
[58.110s] [ 71%] Built target frontier_values
[58.901s] [ 78%] [32m[1mLinking CXX executable voxel_grid_node[0m
[60.644s] [ 78%] Built target voxel_grid_node
[63.899s] [ 85%] [32m[1mLinking CXX executable check_goal[0m
[70.974s] [ 92%] [32m[1mLinking CXX shared library libjoints_plugin.so[0m
[76.715s] [ 92%] Built target joints_plugin
[95.074s] [100%] [32m[1mLinking CXX shared library libdrive_plugin.so[0m
[95.223s] [100%] Built target drive_plugin
[106.911s] [100%] Built target check_goal
[114.390s] Invoked command in '/home/rhobtor/PHD/ARGOSJ8_IA/ARGOSJ8_IA_/build/car_cpp' returned '0': AMENT_PREFIX_PATH=/home/rhobtor/PHD/ARGOSJ8_IA/ARGOSJ8_IA_/install/car_interfaces:${AMENT_PREFIX_PATH} CMAKE_PREFIX_PATH=/home/rhobtor/PHD/ARGOSJ8_IA/ARGOSJ8_IA_/install/car_interfaces:/home/rhobtor/reactive/Reactive-Navegation/workspace_full_conected/install/octomap_mapping:/home/rhobtor/reactive/Reactive-Navegation/workspace_full_conected/install/octomap_server:/home/rhobtor/reactive/Reactive-Navegation/workspace_full_conected/install/octomap_rviz_plugins:/home/rhobtor/reactive/Reactive-Navegation/workspace_full_conected/install/hector_gazebo_plugins:/home/rhobtor/reactive/Reactive-Navegation/workspace_full_conected/install/car_cpp:/home/rhobtor/reactive/Reactive-Navegation/workspace_full_conected/install/car_interfaces:/home/rhobtor/reactive/Reactive-Navegation/workspace_full_conected/install/car:/opt/ros/humble LD_LIBRARY_PATH=/home/rhobtor/PHD/ARGOSJ8_IA/ARGOSJ8_IA_/install/car_interfaces/lib:${LD_LIBRARY_PATH} PYTHONPATH=/home/rhobtor/PHD/ARGOSJ8_IA/ARGOSJ8_IA_/install/car_interfaces/local/lib/python3.10/dist-packages:${PYTHONPATH} /usr/bin/cmake --build /home/rhobtor/PHD/ARGOSJ8_IA/ARGOSJ8_IA_/build/car_cpp -- -j20 -l20
[115.063s] Invoking command in '/home/rhobtor/PHD/ARGOSJ8_IA/ARGOSJ8_IA_/build/car_cpp': AMENT_PREFIX_PATH=/home/rhobtor/PHD/ARGOSJ8_IA/ARGOSJ8_IA_/install/car_interfaces:${AMENT_PREFIX_PATH} CMAKE_PREFIX_PATH=/home/rhobtor/PHD/ARGOSJ8_IA/ARGOSJ8_IA_/install/car_interfaces:/home/rhobtor/reactive/Reactive-Navegation/workspace_full_conected/install/octomap_mapping:/home/rhobtor/reactive/Reactive-Navegation/workspace_full_conected/install/octomap_server:/home/rhobtor/reactive/Reactive-Navegation/workspace_full_conected/install/octomap_rviz_plugins:/home/rhobtor/reactive/Reactive-Navegation/workspace_full_conected/install/hector_gazebo_plugins:/home/rhobtor/reactive/Reactive-Navegation/workspace_full_conected/install/car_cpp:/home/rhobtor/reactive/Reactive-Navegation/workspace_full_conected/install/car_interfaces:/home/rhobtor/reactive/Reactive-Navegation/workspace_full_conected/install/car:/opt/ros/humble LD_LIBRARY_PATH=/home/rhobtor/PHD/ARGOSJ8_IA/ARGOSJ8_IA_/install/car_interfaces/lib:${LD_LIBRARY_PATH} PYTHONPATH=/home/rhobtor/PHD/ARGOSJ8_IA/ARGOSJ8_IA_/install/car_interfaces/local/lib/python3.10/dist-packages:${PYTHONPATH} /usr/bin/cmake --install /home/rhobtor/PHD/ARGOSJ8_IA/ARGOSJ8_IA_/build/car_cpp
[152.342s] -- Install configuration: ""
[152.342s] -- Installing: /home/rhobtor/PHD/ARGOSJ8_IA/ARGOSJ8_IA_/install/car_cpp/lib/car_cpp/frontier_values
[152.342s] -- Set runtime path of "/home/rhobtor/PHD/ARGOSJ8_IA/ARGOSJ8_IA_/install/car_cpp/lib/car_cpp/frontier_values" to ""
[152.342s] -- Installing: /home/rhobtor/PHD/ARGOSJ8_IA/ARGOSJ8_IA_/install/car_cpp/lib/car_cpp/check_goal
[152.342s] -- Set runtime path of "/home/rhobtor/PHD/ARGOSJ8_IA/ARGOSJ8_IA_/install/car_cpp/lib/car_cpp/check_goal" to ""
[152.342s] -- Installing: /home/rhobtor/PHD/ARGOSJ8_IA/ARGOSJ8_IA_/install/car_cpp/lib/car_cpp/voxel_grid_node
[152.342s] -- Set runtime path of "/home/rhobtor/PHD/ARGOSJ8_IA/ARGOSJ8_IA_/install/car_cpp/lib/car_cpp/voxel_grid_node" to ""
[152.342s] -- Installing: /home/rhobtor/PHD/ARGOSJ8_IA/ARGOSJ8_IA_/install/car_cpp/lib/car_cpp/velodyne_noise_filter_node
[152.342s] -- Set runtime path of "/home/rhobtor/PHD/ARGOSJ8_IA/ARGOSJ8_IA_/install/car_cpp/lib/car_cpp/velodyne_noise_filter_node" to ""
[152.342s] -- Installing: /home/rhobtor/PHD/ARGOSJ8_IA/ARGOSJ8_IA_/install/car_cpp/lib/libmove_plugin.so
[152.342s] -- Set runtime path of "/home/rhobtor/PHD/ARGOSJ8_IA/ARGOSJ8_IA_/install/car_cpp/lib/libmove_plugin.so" to ""
[152.342s] -- Installing: /home/rhobtor/PHD/ARGOSJ8_IA/ARGOSJ8_IA_/install/car_cpp/lib/libdrive_plugin.so
[152.342s] -- Set runtime path of "/home/rhobtor/PHD/ARGOSJ8_IA/ARGOSJ8_IA_/install/car_cpp/lib/libdrive_plugin.so" to ""
[152.342s] -- Installing: /home/rhobtor/PHD/ARGOSJ8_IA/ARGOSJ8_IA_/install/car_cpp/lib/libjoints_plugin.so
[152.342s] -- Set runtime path of "/home/rhobtor/PHD/ARGOSJ8_IA/ARGOSJ8_IA_/install/car_cpp/lib/libjoints_plugin.so" to ""
[152.342s] -- Up-to-date: /home/rhobtor/PHD/ARGOSJ8_IA/ARGOSJ8_IA_/install/car_cpp/include/
[152.342s] -- Up-to-date: /home/rhobtor/PHD/ARGOSJ8_IA/ARGOSJ8_IA_/install/car_cpp/include//control_plugin.hpp
[152.342s] -- Up-to-date: /home/rhobtor/PHD/ARGOSJ8_IA/ARGOSJ8_IA_/install/car_cpp/include//motion.hpp
[152.342s] -- Up-to-date: /home/rhobtor/PHD/ARGOSJ8_IA/ARGOSJ8_IA_/install/car_cpp/include//move_ros.hpp
[152.342s] -- Up-to-date: /home/rhobtor/PHD/ARGOSJ8_IA/ARGOSJ8_IA_/install/car_cpp/include//odometria.hpp
[152.342s] -- Up-to-date: /home/rhobtor/PHD/ARGOSJ8_IA/ARGOSJ8_IA_/install/car_cpp/include//visualization.hpp
[152.342s] -- Up-to-date: /home/rhobtor/PHD/ARGOSJ8_IA/ARGOSJ8_IA_/install/car_cpp/include//obstacle_detection.hpp
[152.342s] -- Up-to-date: /home/rhobtor/PHD/ARGOSJ8_IA/ARGOSJ8_IA_/install/car_cpp/include//utilities.hpp
[152.342s] -- Up-to-date: /home/rhobtor/PHD/ARGOSJ8_IA/ARGOSJ8_IA_/install/car_cpp/share/ament_index/resource_index/package_run_dependencies/car_cpp
[152.342s] -- Installing: /home/rhobtor/PHD/ARGOSJ8_IA/ARGOSJ8_IA_/install/car_cpp/share/ament_index/resource_index/parent_prefix_path/car_cpp
[152.342s] -- Up-to-date: /home/rhobtor/PHD/ARGOSJ8_IA/ARGOSJ8_IA_/install/car_cpp/share/car_cpp/environment/ament_prefix_path.sh
[152.342s] -- Installing: /home/rhobtor/PHD/ARGOSJ8_IA/ARGOSJ8_IA_/install/car_cpp/share/car_cpp/environment/ament_prefix_path.dsv
[152.342s] -- Up-to-date: /home/rhobtor/PHD/ARGOSJ8_IA/ARGOSJ8_IA_/install/car_cpp/share/car_cpp/environment/path.sh
[152.342s] -- Installing: /home/rhobtor/PHD/ARGOSJ8_IA/ARGOSJ8_IA_/install/car_cpp/share/car_cpp/environment/path.dsv
[152.442s] -- Up-to-date: /home/rhobtor/PHD/ARGOSJ8_IA/ARGOSJ8_IA_/install/car_cpp/share/car_cpp/local_setup.bash
[152.442s] -- Up-to-date: /home/rhobtor/PHD/ARGOSJ8_IA/ARGOSJ8_IA_/install/car_cpp/share/car_cpp/local_setup.sh
[152.442s] -- Up-to-date: /home/rhobtor/PHD/ARGOSJ8_IA/ARGOSJ8_IA_/install/car_cpp/share/car_cpp/local_setup.zsh
[152.442s] -- Installing: /home/rhobtor/PHD/ARGOSJ8_IA/ARGOSJ8_IA_/install/car_cpp/share/car_cpp/local_setup.dsv
[152.442s] -- Installing: /home/rhobtor/PHD/ARGOSJ8_IA/ARGOSJ8_IA_/install/car_cpp/share/car_cpp/package.dsv
[152.442s] -- Up-to-date: /home/rhobtor/PHD/ARGOSJ8_IA/ARGOSJ8_IA_/install/car_cpp/share/ament_index/resource_index/packages/car_cpp
[152.442s] -- Up-to-date: /home/rhobtor/PHD/ARGOSJ8_IA/ARGOSJ8_IA_/install/car_cpp/share/car_cpp/cmake/car_cppConfig.cmake
[152.442s] -- Up-to-date: /home/rhobtor/PHD/ARGOSJ8_IA/ARGOSJ8_IA_/install/car_cpp/share/car_cpp/cmake/car_cppConfig-version.cmake
[152.442s] -- Up-to-date: /home/rhobtor/PHD/ARGOSJ8_IA/ARGOSJ8_IA_/install/car_cpp/share/car_cpp/package.xml
[158.067s] Invoked command in '/home/rhobtor/PHD/ARGOSJ8_IA/ARGOSJ8_IA_/build/car_cpp' returned '0': AMENT_PREFIX_PATH=/home/rhobtor/PHD/ARGOSJ8_IA/ARGOSJ8_IA_/install/car_interfaces:${AMENT_PREFIX_PATH} CMAKE_PREFIX_PATH=/home/rhobtor/PHD/ARGOSJ8_IA/ARGOSJ8_IA_/install/car_interfaces:/home/rhobtor/reactive/Reactive-Navegation/workspace_full_conected/install/octomap_mapping:/home/rhobtor/reactive/Reactive-Navegation/workspace_full_conected/install/octomap_server:/home/rhobtor/reactive/Reactive-Navegation/workspace_full_conected/install/octomap_rviz_plugins:/home/rhobtor/reactive/Reactive-Navegation/workspace_full_conected/install/hector_gazebo_plugins:/home/rhobtor/reactive/Reactive-Navegation/workspace_full_conected/install/car_cpp:/home/rhobtor/reactive/Reactive-Navegation/workspace_full_conected/install/car_interfaces:/home/rhobtor/reactive/Reactive-Navegation/workspace_full_conected/install/car:/opt/ros/humble LD_LIBRARY_PATH=/home/rhobtor/PHD/ARGOSJ8_IA/ARGOSJ8_IA_/install/car_interfaces/lib:${LD_LIBRARY_PATH} PYTHONPATH=/home/rhobtor/PHD/ARGOSJ8_IA/ARGOSJ8_IA_/install/car_interfaces/local/lib/python3.10/dist-packages:${PYTHONPATH} /usr/bin/cmake --install /home/rhobtor/PHD/ARGOSJ8_IA/ARGOSJ8_IA_/build/car_cpp
