[1.141s] Invoking command in '/home/rhobtor/PHD/ARGOSJ8_IA/ARGOSJ8_IA_/build/argj801_sensors_msgs': CMAKE_PREFIX_PATH=${CMAKE_PREFIX_PATH}:/home/rhobtor/reactive/Reactive-Navegation/workspace_full_conected/install/car:/opt/ros/humble /usr/bin/cmake --build /home/rhobtor/PHD/ARGOSJ8_IA/ARGOSJ8_IA_/build/argj801_sensors_msgs -- -j20 -l20
[3.519s] [  2%] Built target argj801_sensors_msgs__rs
[3.520s] [  5%] Built target argj801_sensors_msgs__cpp
[3.520s] [ 15%] Built target argj801_sensors_msgs__rosidl_generator_c
[3.520s] [ 25%] Built target argj801_sensors_msgs__rosidl_typesupport_fastrtps_cpp
[3.520s] [ 35%] Built target argj801_sensors_msgs__rosidl_typesupport_introspection_cpp
[3.520s] [ 45%] Built target argj801_sensors_msgs__rosidl_typesupport_introspection_c
[3.520s] [ 55%] Built target argj801_sensors_msgs__rosidl_typesupport_c
[3.520s] [ 65%] Built target argj801_sensors_msgs__rosidl_typesupport_fastrtps_c
[3.520s] [ 75%] Built target argj801_sensors_msgs__rosidl_typesupport_cpp
[3.520s] [ 75%] Built target argj801_sensors_msgs
[3.520s] [ 75%] Built target ament_cmake_python_copy_argj801_sensors_msgs
[3.520s] [ 77%] Built target argj801_sensors_msgs__py
[3.520s] running egg_info
[3.520s] writing argj801_sensors_msgs.egg-info/PKG-INFO
[3.520s] writing dependency_links to argj801_sensors_msgs.egg-info/dependency_links.txt
[3.520s] writing top-level names to argj801_sensors_msgs.egg-info/top_level.txt
[3.520s] reading manifest file 'argj801_sensors_msgs.egg-info/SOURCES.txt'
[3.520s] [ 85%] Built target argj801_sensors_msgs__rosidl_generator_py
[3.520s] [ 90%] Built target argj801_sensors_msgs__rosidl_typesupport_fastrtps_c__pyext
[3.520s] writing manifest file 'argj801_sensors_msgs.egg-info/SOURCES.txt'
[3.520s] [ 90%] Built target ament_cmake_python_build_argj801_sensors_msgs_egg
[3.520s] [ 95%] Built target argj801_sensors_msgs__rosidl_typesupport_introspection_c__pyext
[3.520s] [100%] Built target argj801_sensors_msgs__rosidl_typesupport_c__pyext
[4.123s] Invoked command in '/home/rhobtor/PHD/ARGOSJ8_IA/ARGOSJ8_IA_/build/argj801_sensors_msgs' returned '0': CMAKE_PREFIX_PATH=${CMAKE_PREFIX_PATH}:/home/rhobtor/reactive/Reactive-Navegation/workspace_full_conected/install/car:/opt/ros/humble /usr/bin/cmake --build /home/rhobtor/PHD/ARGOSJ8_IA/ARGOSJ8_IA_/build/argj801_sensors_msgs -- -j20 -l20
[4.230s] Invoking command in '/home/rhobtor/PHD/ARGOSJ8_IA/ARGOSJ8_IA_/build/argj801_sensors_msgs': CMAKE_PREFIX_PATH=${CMAKE_PREFIX_PATH}:/home/rhobtor/reactive/Reactive-Navegation/workspace_full_conected/install/car:/opt/ros/humble /usr/bin/cmake --install /home/rhobtor/PHD/ARGOSJ8_IA/ARGOSJ8_IA_/build/argj801_sensors_msgs
[4.769s] -- Install configuration: ""
[4.769s] -- Up-to-date: /home/rhobtor/PHD/ARGOSJ8_IA/ARGOSJ8_IA_/install/argj801_sensors_msgs/share/ament_index/resource_index/rosidl_interfaces/argj801_sensors_msgs
[4.769s] -- Up-to-date: /home/rhobtor/PHD/ARGOSJ8_IA/ARGOSJ8_IA_/install/argj801_sensors_msgs/include/argj801_sensors_msgs/argj801_sensors_msgs
[4.769s] -- Up-to-date: /home/rhobtor/PHD/ARGOSJ8_IA/ARGOSJ8_IA_/install/argj801_sensors_msgs/include/argj801_sensors_msgs/argj801_sensors_msgs/msg
[4.769s] -- Up-to-date: /home/rhobtor/PHD/ARGOSJ8_IA/ARGOSJ8_IA_/install/argj801_sensors_msgs/include/argj801_sensors_msgs/argj801_sensors_msgs/msg/rosidl_generator_c__visibility_control.h
[4.769s] -- Up-to-date: /home/rhobtor/PHD/ARGOSJ8_IA/ARGOSJ8_IA_/install/argj801_sensors_msgs/include/argj801_sensors_msgs/argj801_sensors_msgs/msg/motor_telemetry.h
[4.769s] -- Up-to-date: /home/rhobtor/PHD/ARGOSJ8_IA/ARGOSJ8_IA_/install/argj801_sensors_msgs/include/argj801_sensors_msgs/argj801_sensors_msgs/msg/detail
[4.769s] -- Up-to-date: /home/rhobtor/PHD/ARGOSJ8_IA/ARGOSJ8_IA_/install/argj801_sensors_msgs/include/argj801_sensors_msgs/argj801_sensors_msgs/msg/detail/odometer__type_support.h
[4.769s] -- Up-to-date: /home/rhobtor/PHD/ARGOSJ8_IA/ARGOSJ8_IA_/install/argj801_sensors_msgs/include/argj801_sensors_msgs/argj801_sensors_msgs/msg/detail/motor_telemetry__functions.h
[4.769s] -- Up-to-date: /home/rhobtor/PHD/ARGOSJ8_IA/ARGOSJ8_IA_/install/argj801_sensors_msgs/include/argj801_sensors_msgs/argj801_sensors_msgs/msg/detail/motor_telemetry__struct.h
[4.769s] -- Up-to-date: /home/rhobtor/PHD/ARGOSJ8_IA/ARGOSJ8_IA_/install/argj801_sensors_msgs/include/argj801_sensors_msgs/argj801_sensors_msgs/msg/detail/odometer__struct.h
[4.769s] -- Up-to-date: /home/rhobtor/PHD/ARGOSJ8_IA/ARGOSJ8_IA_/install/argj801_sensors_msgs/include/argj801_sensors_msgs/argj801_sensors_msgs/msg/detail/odometer__functions.h
[4.769s] -- Up-to-date: /home/rhobtor/PHD/ARGOSJ8_IA/ARGOSJ8_IA_/install/argj801_sensors_msgs/include/argj801_sensors_msgs/argj801_sensors_msgs/msg/detail/odometer__functions.c
[4.769s] -- Up-to-date: /home/rhobtor/PHD/ARGOSJ8_IA/ARGOSJ8_IA_/install/argj801_sensors_msgs/include/argj801_sensors_msgs/argj801_sensors_msgs/msg/detail/motor_telemetry__functions.c
[4.769s] -- Up-to-date: /home/rhobtor/PHD/ARGOSJ8_IA/ARGOSJ8_IA_/install/argj801_sensors_msgs/include/argj801_sensors_msgs/argj801_sensors_msgs/msg/detail/motor_telemetry__type_support.h
[4.769s] -- Up-to-date: /home/rhobtor/PHD/ARGOSJ8_IA/ARGOSJ8_IA_/install/argj801_sensors_msgs/include/argj801_sensors_msgs/argj801_sensors_msgs/msg/odometer.h
[4.769s] -- Up-to-date: /home/rhobtor/PHD/ARGOSJ8_IA/ARGOSJ8_IA_/install/argj801_sensors_msgs/share/argj801_sensors_msgs/environment/library_path.sh
[4.769s] -- Up-to-date: /home/rhobtor/PHD/ARGOSJ8_IA/ARGOSJ8_IA_/install/argj801_sensors_msgs/share/argj801_sensors_msgs/environment/library_path.dsv
[4.769s] -- Up-to-date: /home/rhobtor/PHD/ARGOSJ8_IA/ARGOSJ8_IA_/install/argj801_sensors_msgs/lib/libargj801_sensors_msgs__rosidl_generator_c.so
[4.769s] -- Up-to-date: /home/rhobtor/PHD/ARGOSJ8_IA/ARGOSJ8_IA_/install/argj801_sensors_msgs/include/argj801_sensors_msgs/argj801_sensors_msgs
[4.769s] -- Up-to-date: /home/rhobtor/PHD/ARGOSJ8_IA/ARGOSJ8_IA_/install/argj801_sensors_msgs/include/argj801_sensors_msgs/argj801_sensors_msgs/msg
[4.769s] -- Up-to-date: /home/rhobtor/PHD/ARGOSJ8_IA/ARGOSJ8_IA_/install/argj801_sensors_msgs/include/argj801_sensors_msgs/argj801_sensors_msgs/msg/rosidl_typesupport_fastrtps_c__visibility_control.h
[4.769s] -- Up-to-date: /home/rhobtor/PHD/ARGOSJ8_IA/ARGOSJ8_IA_/install/argj801_sensors_msgs/include/argj801_sensors_msgs/argj801_sensors_msgs/msg/detail
[4.769s] -- Up-to-date: /home/rhobtor/PHD/ARGOSJ8_IA/ARGOSJ8_IA_/install/argj801_sensors_msgs/include/argj801_sensors_msgs/argj801_sensors_msgs/msg/detail/odometer__rosidl_typesupport_fastrtps_c.h
[4.769s] -- Up-to-date: /home/rhobtor/PHD/ARGOSJ8_IA/ARGOSJ8_IA_/install/argj801_sensors_msgs/include/argj801_sensors_msgs/argj801_sensors_msgs/msg/detail/motor_telemetry__rosidl_typesupport_fastrtps_c.h
[4.769s] -- Up-to-date: /home/rhobtor/PHD/ARGOSJ8_IA/ARGOSJ8_IA_/install/argj801_sensors_msgs/lib/libargj801_sensors_msgs__rosidl_typesupport_fastrtps_c.so
[4.771s] -- Up-to-date: /home/rhobtor/PHD/ARGOSJ8_IA/ARGOSJ8_IA_/install/argj801_sensors_msgs/include/argj801_sensors_msgs/argj801_sensors_msgs
[4.771s] -- Up-to-date: /home/rhobtor/PHD/ARGOSJ8_IA/ARGOSJ8_IA_/install/argj801_sensors_msgs/include/argj801_sensors_msgs/argj801_sensors_msgs/msg
[4.771s] -- Up-to-date: /home/rhobtor/PHD/ARGOSJ8_IA/ARGOSJ8_IA_/install/argj801_sensors_msgs/include/argj801_sensors_msgs/argj801_sensors_msgs/msg/rosidl_typesupport_introspection_c__visibility_control.h
[4.771s] -- Up-to-date: /home/rhobtor/PHD/ARGOSJ8_IA/ARGOSJ8_IA_/install/argj801_sensors_msgs/include/argj801_sensors_msgs/argj801_sensors_msgs/msg/detail
[4.771s] -- Up-to-date: /home/rhobtor/PHD/ARGOSJ8_IA/ARGOSJ8_IA_/install/argj801_sensors_msgs/include/argj801_sensors_msgs/argj801_sensors_msgs/msg/detail/motor_telemetry__rosidl_typesupport_introspection_c.h
[4.771s] -- Up-to-date: /home/rhobtor/PHD/ARGOSJ8_IA/ARGOSJ8_IA_/install/argj801_sensors_msgs/include/argj801_sensors_msgs/argj801_sensors_msgs/msg/detail/odometer__type_support.c
[4.771s] -- Up-to-date: /home/rhobtor/PHD/ARGOSJ8_IA/ARGOSJ8_IA_/install/argj801_sensors_msgs/include/argj801_sensors_msgs/argj801_sensors_msgs/msg/detail/motor_telemetry__type_support.c
[4.771s] -- Up-to-date: /home/rhobtor/PHD/ARGOSJ8_IA/ARGOSJ8_IA_/install/argj801_sensors_msgs/include/argj801_sensors_msgs/argj801_sensors_msgs/msg/detail/odometer__rosidl_typesupport_introspection_c.h
[4.771s] -- Up-to-date: /home/rhobtor/PHD/ARGOSJ8_IA/ARGOSJ8_IA_/install/argj801_sensors_msgs/lib/libargj801_sensors_msgs__rosidl_typesupport_introspection_c.so
[4.771s] -- Up-to-date: /home/rhobtor/PHD/ARGOSJ8_IA/ARGOSJ8_IA_/install/argj801_sensors_msgs/lib/libargj801_sensors_msgs__rosidl_typesupport_c.so
[4.771s] -- Up-to-date: /home/rhobtor/PHD/ARGOSJ8_IA/ARGOSJ8_IA_/install/argj801_sensors_msgs/include/argj801_sensors_msgs/argj801_sensors_msgs
[4.771s] -- Up-to-date: /home/rhobtor/PHD/ARGOSJ8_IA/ARGOSJ8_IA_/install/argj801_sensors_msgs/include/argj801_sensors_msgs/argj801_sensors_msgs/msg
[4.771s] -- Up-to-date: /home/rhobtor/PHD/ARGOSJ8_IA/ARGOSJ8_IA_/install/argj801_sensors_msgs/include/argj801_sensors_msgs/argj801_sensors_msgs/msg/motor_telemetry.hpp
[4.772s] -- Up-to-date: /home/rhobtor/PHD/ARGOSJ8_IA/ARGOSJ8_IA_/install/argj801_sensors_msgs/include/argj801_sensors_msgs/argj801_sensors_msgs/msg/detail
[4.772s] -- Up-to-date: /home/rhobtor/PHD/ARGOSJ8_IA/ARGOSJ8_IA_/install/argj801_sensors_msgs/include/argj801_sensors_msgs/argj801_sensors_msgs/msg/detail/odometer__traits.hpp
[4.772s] -- Up-to-date: /home/rhobtor/PHD/ARGOSJ8_IA/ARGOSJ8_IA_/install/argj801_sensors_msgs/include/argj801_sensors_msgs/argj801_sensors_msgs/msg/detail/motor_telemetry__builder.hpp
[4.772s] -- Up-to-date: /home/rhobtor/PHD/ARGOSJ8_IA/ARGOSJ8_IA_/install/argj801_sensors_msgs/include/argj801_sensors_msgs/argj801_sensors_msgs/msg/detail/odometer__struct.hpp
[4.772s] -- Up-to-date: /home/rhobtor/PHD/ARGOSJ8_IA/ARGOSJ8_IA_/install/argj801_sensors_msgs/include/argj801_sensors_msgs/argj801_sensors_msgs/msg/detail/odometer__type_support.hpp
[4.772s] -- Up-to-date: /home/rhobtor/PHD/ARGOSJ8_IA/ARGOSJ8_IA_/install/argj801_sensors_msgs/include/argj801_sensors_msgs/argj801_sensors_msgs/msg/detail/odometer__builder.hpp
[4.772s] -- Up-to-date: /home/rhobtor/PHD/ARGOSJ8_IA/ARGOSJ8_IA_/install/argj801_sensors_msgs/include/argj801_sensors_msgs/argj801_sensors_msgs/msg/detail/motor_telemetry__traits.hpp
[4.772s] -- Up-to-date: /home/rhobtor/PHD/ARGOSJ8_IA/ARGOSJ8_IA_/install/argj801_sensors_msgs/include/argj801_sensors_msgs/argj801_sensors_msgs/msg/detail/motor_telemetry__struct.hpp
[4.772s] -- Up-to-date: /home/rhobtor/PHD/ARGOSJ8_IA/ARGOSJ8_IA_/install/argj801_sensors_msgs/include/argj801_sensors_msgs/argj801_sensors_msgs/msg/detail/motor_telemetry__type_support.hpp
[4.772s] -- Up-to-date: /home/rhobtor/PHD/ARGOSJ8_IA/ARGOSJ8_IA_/install/argj801_sensors_msgs/include/argj801_sensors_msgs/argj801_sensors_msgs/msg/rosidl_generator_cpp__visibility_control.hpp
[4.772s] -- Up-to-date: /home/rhobtor/PHD/ARGOSJ8_IA/ARGOSJ8_IA_/install/argj801_sensors_msgs/include/argj801_sensors_msgs/argj801_sensors_msgs/msg/odometer.hpp
[4.772s] -- Up-to-date: /home/rhobtor/PHD/ARGOSJ8_IA/ARGOSJ8_IA_/install/argj801_sensors_msgs/include/argj801_sensors_msgs/argj801_sensors_msgs
[4.773s] -- Up-to-date: /home/rhobtor/PHD/ARGOSJ8_IA/ARGOSJ8_IA_/install/argj801_sensors_msgs/include/argj801_sensors_msgs/argj801_sensors_msgs/msg
[4.773s] -- Up-to-date: /home/rhobtor/PHD/ARGOSJ8_IA/ARGOSJ8_IA_/install/argj801_sensors_msgs/include/argj801_sensors_msgs/argj801_sensors_msgs/msg/rosidl_typesupport_fastrtps_cpp__visibility_control.h
[4.773s] -- Up-to-date: /home/rhobtor/PHD/ARGOSJ8_IA/ARGOSJ8_IA_/install/argj801_sensors_msgs/include/argj801_sensors_msgs/argj801_sensors_msgs/msg/detail
[4.773s] -- Up-to-date: /home/rhobtor/PHD/ARGOSJ8_IA/ARGOSJ8_IA_/install/argj801_sensors_msgs/include/argj801_sensors_msgs/argj801_sensors_msgs/msg/detail/dds_fastrtps
[4.773s] -- Up-to-date: /home/rhobtor/PHD/ARGOSJ8_IA/ARGOSJ8_IA_/install/argj801_sensors_msgs/include/argj801_sensors_msgs/argj801_sensors_msgs/msg/detail/odometer__rosidl_typesupport_fastrtps_cpp.hpp
[4.773s] -- Up-to-date: /home/rhobtor/PHD/ARGOSJ8_IA/ARGOSJ8_IA_/install/argj801_sensors_msgs/include/argj801_sensors_msgs/argj801_sensors_msgs/msg/detail/motor_telemetry__rosidl_typesupport_fastrtps_cpp.hpp
[4.773s] -- Up-to-date: /home/rhobtor/PHD/ARGOSJ8_IA/ARGOSJ8_IA_/install/argj801_sensors_msgs/lib/libargj801_sensors_msgs__rosidl_typesupport_fastrtps_cpp.so
[4.773s] -- Up-to-date: /home/rhobtor/PHD/ARGOSJ8_IA/ARGOSJ8_IA_/install/argj801_sensors_msgs/include/argj801_sensors_msgs/argj801_sensors_msgs
[4.773s] -- Up-to-date: /home/rhobtor/PHD/ARGOSJ8_IA/ARGOSJ8_IA_/install/argj801_sensors_msgs/include/argj801_sensors_msgs/argj801_sensors_msgs/msg
[4.773s] -- Up-to-date: /home/rhobtor/PHD/ARGOSJ8_IA/ARGOSJ8_IA_/install/argj801_sensors_msgs/include/argj801_sensors_msgs/argj801_sensors_msgs/msg/detail
[4.773s] -- Up-to-date: /home/rhobtor/PHD/ARGOSJ8_IA/ARGOSJ8_IA_/install/argj801_sensors_msgs/include/argj801_sensors_msgs/argj801_sensors_msgs/msg/detail/motor_telemetry__rosidl_typesupport_introspection_cpp.hpp
[4.773s] -- Up-to-date: /home/rhobtor/PHD/ARGOSJ8_IA/ARGOSJ8_IA_/install/argj801_sensors_msgs/include/argj801_sensors_msgs/argj801_sensors_msgs/msg/detail/motor_telemetry__type_support.cpp
[4.773s] -- Up-to-date: /home/rhobtor/PHD/ARGOSJ8_IA/ARGOSJ8_IA_/install/argj801_sensors_msgs/include/argj801_sensors_msgs/argj801_sensors_msgs/msg/detail/odometer__rosidl_typesupport_introspection_cpp.hpp
[4.773s] -- Up-to-date: /home/rhobtor/PHD/ARGOSJ8_IA/ARGOSJ8_IA_/install/argj801_sensors_msgs/include/argj801_sensors_msgs/argj801_sensors_msgs/msg/detail/odometer__type_support.cpp
[4.773s] -- Up-to-date: /home/rhobtor/PHD/ARGOSJ8_IA/ARGOSJ8_IA_/install/argj801_sensors_msgs/lib/libargj801_sensors_msgs__rosidl_typesupport_introspection_cpp.so
[4.773s] -- Up-to-date: /home/rhobtor/PHD/ARGOSJ8_IA/ARGOSJ8_IA_/install/argj801_sensors_msgs/lib/libargj801_sensors_msgs__rosidl_typesupport_cpp.so
[4.773s] -- Up-to-date: /home/rhobtor/PHD/ARGOSJ8_IA/ARGOSJ8_IA_/install/argj801_sensors_msgs/share/argj801_sensors_msgs/environment/pythonpath.sh
[4.773s] -- Up-to-date: /home/rhobtor/PHD/ARGOSJ8_IA/ARGOSJ8_IA_/install/argj801_sensors_msgs/share/argj801_sensors_msgs/environment/pythonpath.dsv
[4.774s] -- Up-to-date: /home/rhobtor/PHD/ARGOSJ8_IA/ARGOSJ8_IA_/install/argj801_sensors_msgs/local/lib/python3.10/dist-packages/argj801_sensors_msgs-0.0.0-py3.10.egg-info
[4.774s] -- Installing: /home/rhobtor/PHD/ARGOSJ8_IA/ARGOSJ8_IA_/install/argj801_sensors_msgs/local/lib/python3.10/dist-packages/argj801_sensors_msgs-0.0.0-py3.10.egg-info/dependency_links.txt
[4.774s] -- Installing: /home/rhobtor/PHD/ARGOSJ8_IA/ARGOSJ8_IA_/install/argj801_sensors_msgs/local/lib/python3.10/dist-packages/argj801_sensors_msgs-0.0.0-py3.10.egg-info/top_level.txt
[4.774s] -- Installing: /home/rhobtor/PHD/ARGOSJ8_IA/ARGOSJ8_IA_/install/argj801_sensors_msgs/local/lib/python3.10/dist-packages/argj801_sensors_msgs-0.0.0-py3.10.egg-info/PKG-INFO
[4.774s] -- Installing: /home/rhobtor/PHD/ARGOSJ8_IA/ARGOSJ8_IA_/install/argj801_sensors_msgs/local/lib/python3.10/dist-packages/argj801_sensors_msgs-0.0.0-py3.10.egg-info/SOURCES.txt
[4.774s] -- Up-to-date: /home/rhobtor/PHD/ARGOSJ8_IA/ARGOSJ8_IA_/install/argj801_sensors_msgs/local/lib/python3.10/dist-packages/argj801_sensors_msgs
[4.774s] -- Up-to-date: /home/rhobtor/PHD/ARGOSJ8_IA/ARGOSJ8_IA_/install/argj801_sensors_msgs/local/lib/python3.10/dist-packages/argj801_sensors_msgs/__init__.py
[4.774s] -- Up-to-date: /home/rhobtor/PHD/ARGOSJ8_IA/ARGOSJ8_IA_/install/argj801_sensors_msgs/local/lib/python3.10/dist-packages/argj801_sensors_msgs/argj801_sensors_msgs_s__rosidl_typesupport_fastrtps_c.cpython-310-x86_64-linux-gnu.so
[4.774s] -- Up-to-date: /home/rhobtor/PHD/ARGOSJ8_IA/ARGOSJ8_IA_/install/argj801_sensors_msgs/local/lib/python3.10/dist-packages/argj801_sensors_msgs/argj801_sensors_msgs_s__rosidl_typesupport_c.cpython-310-x86_64-linux-gnu.so
[4.774s] -- Up-to-date: /home/rhobtor/PHD/ARGOSJ8_IA/ARGOSJ8_IA_/install/argj801_sensors_msgs/local/lib/python3.10/dist-packages/argj801_sensors_msgs/argj801_sensors_msgs_s__rosidl_typesupport_introspection_c.cpython-310-x86_64-linux-gnu.so
[4.774s] -- Up-to-date: /home/rhobtor/PHD/ARGOSJ8_IA/ARGOSJ8_IA_/install/argj801_sensors_msgs/local/lib/python3.10/dist-packages/argj801_sensors_msgs/msg
[4.774s] -- Up-to-date: /home/rhobtor/PHD/ARGOSJ8_IA/ARGOSJ8_IA_/install/argj801_sensors_msgs/local/lib/python3.10/dist-packages/argj801_sensors_msgs/msg/_motor_telemetry_s.c
[4.774s] -- Up-to-date: /home/rhobtor/PHD/ARGOSJ8_IA/ARGOSJ8_IA_/install/argj801_sensors_msgs/local/lib/python3.10/dist-packages/argj801_sensors_msgs/msg/__init__.py
[4.774s] -- Up-to-date: /home/rhobtor/PHD/ARGOSJ8_IA/ARGOSJ8_IA_/install/argj801_sensors_msgs/local/lib/python3.10/dist-packages/argj801_sensors_msgs/msg/_motor_telemetry.py
[4.774s] -- Up-to-date: /home/rhobtor/PHD/ARGOSJ8_IA/ARGOSJ8_IA_/install/argj801_sensors_msgs/local/lib/python3.10/dist-packages/argj801_sensors_msgs/msg/_odometer_s.c
[4.774s] -- Up-to-date: /home/rhobtor/PHD/ARGOSJ8_IA/ARGOSJ8_IA_/install/argj801_sensors_msgs/local/lib/python3.10/dist-packages/argj801_sensors_msgs/msg/_odometer.py
[4.774s] -- Up-to-date: /home/rhobtor/PHD/ARGOSJ8_IA/ARGOSJ8_IA_/install/argj801_sensors_msgs/local/lib/python3.10/dist-packages/argj801_sensors_msgs/libargj801_sensors_msgs__rosidl_generator_py.so
[4.774s] -- Up-to-date: /home/rhobtor/PHD/ARGOSJ8_IA/ARGOSJ8_IA_/install/argj801_sensors_msgs/local/lib/python3.10/dist-packages/argj801_sensors_msgs/_argj801_sensors_msgs_s.ep.rosidl_typesupport_introspection_c.c
[4.774s] -- Up-to-date: /home/rhobtor/PHD/ARGOSJ8_IA/ARGOSJ8_IA_/install/argj801_sensors_msgs/local/lib/python3.10/dist-packages/argj801_sensors_msgs/_argj801_sensors_msgs_s.ep.rosidl_typesupport_fastrtps_c.c
[4.774s] -- Up-to-date: /home/rhobtor/PHD/ARGOSJ8_IA/ARGOSJ8_IA_/install/argj801_sensors_msgs/local/lib/python3.10/dist-packages/argj801_sensors_msgs/_argj801_sensors_msgs_s.ep.rosidl_typesupport_c.c
[4.774s] Listing '/home/rhobtor/PHD/ARGOSJ8_IA/ARGOSJ8_IA_/install/argj801_sensors_msgs/local/lib/python3.10/dist-packages/argj801_sensors_msgs'...
[4.774s] Listing '/home/rhobtor/PHD/ARGOSJ8_IA/ARGOSJ8_IA_/install/argj801_sensors_msgs/local/lib/python3.10/dist-packages/argj801_sensors_msgs/msg'...
[4.774s] -- Up-to-date: /home/rhobtor/PHD/ARGOSJ8_IA/ARGOSJ8_IA_/install/argj801_sensors_msgs/local/lib/python3.10/dist-packages/argj801_sensors_msgs/argj801_sensors_msgs_s__rosidl_typesupport_fastrtps_c.cpython-310-x86_64-linux-gnu.so
[4.774s] -- Up-to-date: /home/rhobtor/PHD/ARGOSJ8_IA/ARGOSJ8_IA_/install/argj801_sensors_msgs/local/lib/python3.10/dist-packages/argj801_sensors_msgs/argj801_sensors_msgs_s__rosidl_typesupport_introspection_c.cpython-310-x86_64-linux-gnu.so
[4.774s] -- Up-to-date: /home/rhobtor/PHD/ARGOSJ8_IA/ARGOSJ8_IA_/install/argj801_sensors_msgs/local/lib/python3.10/dist-packages/argj801_sensors_msgs/argj801_sensors_msgs_s__rosidl_typesupport_c.cpython-310-x86_64-linux-gnu.so
[4.774s] -- Up-to-date: /home/rhobtor/PHD/ARGOSJ8_IA/ARGOSJ8_IA_/install/argj801_sensors_msgs/lib/libargj801_sensors_msgs__rosidl_generator_py.so
[4.774s] -- Up-to-date: /home/rhobtor/PHD/ARGOSJ8_IA/ARGOSJ8_IA_/install/argj801_sensors_msgs/share/ament_index/resource_index/rust_packages/argj801_sensors_msgs
[4.774s] -- Up-to-date: /home/rhobtor/PHD/ARGOSJ8_IA/ARGOSJ8_IA_/install/argj801_sensors_msgs/share/argj801_sensors_msgs/rust
[4.774s] -- Up-to-date: /home/rhobtor/PHD/ARGOSJ8_IA/ARGOSJ8_IA_/install/argj801_sensors_msgs/share/argj801_sensors_msgs/rust/build.rs
[4.774s] -- Up-to-date: /home/rhobtor/PHD/ARGOSJ8_IA/ARGOSJ8_IA_/install/argj801_sensors_msgs/share/argj801_sensors_msgs/rust/src
[4.774s] -- Up-to-date: /home/rhobtor/PHD/ARGOSJ8_IA/ARGOSJ8_IA_/install/argj801_sensors_msgs/share/argj801_sensors_msgs/rust/src/msg.rs
[4.774s] -- Up-to-date: /home/rhobtor/PHD/ARGOSJ8_IA/ARGOSJ8_IA_/install/argj801_sensors_msgs/share/argj801_sensors_msgs/rust/src/msg
[4.774s] -- Up-to-date: /home/rhobtor/PHD/ARGOSJ8_IA/ARGOSJ8_IA_/install/argj801_sensors_msgs/share/argj801_sensors_msgs/rust/src/msg/rmw.rs
[4.774s] -- Up-to-date: /home/rhobtor/PHD/ARGOSJ8_IA/ARGOSJ8_IA_/install/argj801_sensors_msgs/share/argj801_sensors_msgs/rust/src/lib.rs
[4.774s] -- Up-to-date: /home/rhobtor/PHD/ARGOSJ8_IA/ARGOSJ8_IA_/install/argj801_sensors_msgs/share/argj801_sensors_msgs/rust/Cargo.toml
[4.774s] -- Up-to-date: /home/rhobtor/PHD/ARGOSJ8_IA/ARGOSJ8_IA_/install/argj801_sensors_msgs/share/argj801_sensors_msgs/msg/MotorTelemetry.idl
[4.774s] -- Up-to-date: /home/rhobtor/PHD/ARGOSJ8_IA/ARGOSJ8_IA_/install/argj801_sensors_msgs/share/argj801_sensors_msgs/msg/Odometer.idl
[4.774s] -- Up-to-date: /home/rhobtor/PHD/ARGOSJ8_IA/ARGOSJ8_IA_/install/argj801_sensors_msgs/share/argj801_sensors_msgs/msg/MotorTelemetry.msg
[4.774s] -- Up-to-date: /home/rhobtor/PHD/ARGOSJ8_IA/ARGOSJ8_IA_/install/argj801_sensors_msgs/share/argj801_sensors_msgs/msg/Odometer.msg
[4.774s] -- Up-to-date: /home/rhobtor/PHD/ARGOSJ8_IA/ARGOSJ8_IA_/install/argj801_sensors_msgs/share/ament_index/resource_index/package_run_dependencies/argj801_sensors_msgs
[4.774s] -- Up-to-date: /home/rhobtor/PHD/ARGOSJ8_IA/ARGOSJ8_IA_/install/argj801_sensors_msgs/share/ament_index/resource_index/parent_prefix_path/argj801_sensors_msgs
[4.774s] -- Up-to-date: /home/rhobtor/PHD/ARGOSJ8_IA/ARGOSJ8_IA_/install/argj801_sensors_msgs/share/argj801_sensors_msgs/environment/ament_prefix_path.sh
[4.774s] -- Up-to-date: /home/rhobtor/PHD/ARGOSJ8_IA/ARGOSJ8_IA_/install/argj801_sensors_msgs/share/argj801_sensors_msgs/environment/ament_prefix_path.dsv
[4.774s] -- Up-to-date: /home/rhobtor/PHD/ARGOSJ8_IA/ARGOSJ8_IA_/install/argj801_sensors_msgs/share/argj801_sensors_msgs/environment/path.sh
[4.774s] -- Up-to-date: /home/rhobtor/PHD/ARGOSJ8_IA/ARGOSJ8_IA_/install/argj801_sensors_msgs/share/argj801_sensors_msgs/environment/path.dsv
[4.775s] -- Up-to-date: /home/rhobtor/PHD/ARGOSJ8_IA/ARGOSJ8_IA_/install/argj801_sensors_msgs/share/argj801_sensors_msgs/local_setup.bash
[4.775s] -- Up-to-date: /home/rhobtor/PHD/ARGOSJ8_IA/ARGOSJ8_IA_/install/argj801_sensors_msgs/share/argj801_sensors_msgs/local_setup.sh
[4.775s] -- Up-to-date: /home/rhobtor/PHD/ARGOSJ8_IA/ARGOSJ8_IA_/install/argj801_sensors_msgs/share/argj801_sensors_msgs/local_setup.zsh
[4.775s] -- Up-to-date: /home/rhobtor/PHD/ARGOSJ8_IA/ARGOSJ8_IA_/install/argj801_sensors_msgs/share/argj801_sensors_msgs/local_setup.dsv
[4.775s] -- Installing: /home/rhobtor/PHD/ARGOSJ8_IA/ARGOSJ8_IA_/install/argj801_sensors_msgs/share/argj801_sensors_msgs/package.dsv
[4.794s] -- Up-to-date: /home/rhobtor/PHD/ARGOSJ8_IA/ARGOSJ8_IA_/install/argj801_sensors_msgs/share/ament_index/resource_index/packages/argj801_sensors_msgs
[5.031s] -- Up-to-date: /home/rhobtor/PHD/ARGOSJ8_IA/ARGOSJ8_IA_/install/argj801_sensors_msgs/share/argj801_sensors_msgs/cmake/export_argj801_sensors_msgs__rosidl_generator_cExport.cmake
[5.031s] -- Up-to-date: /home/rhobtor/PHD/ARGOSJ8_IA/ARGOSJ8_IA_/install/argj801_sensors_msgs/share/argj801_sensors_msgs/cmake/export_argj801_sensors_msgs__rosidl_generator_cExport-noconfig.cmake
[5.032s] -- Up-to-date: /home/rhobtor/PHD/ARGOSJ8_IA/ARGOSJ8_IA_/install/argj801_sensors_msgs/share/argj801_sensors_msgs/cmake/export_argj801_sensors_msgs__rosidl_typesupport_fastrtps_cExport.cmake
[5.032s] -- Up-to-date: /home/rhobtor/PHD/ARGOSJ8_IA/ARGOSJ8_IA_/install/argj801_sensors_msgs/share/argj801_sensors_msgs/cmake/export_argj801_sensors_msgs__rosidl_typesupport_fastrtps_cExport-noconfig.cmake
[5.032s] -- Up-to-date: /home/rhobtor/PHD/ARGOSJ8_IA/ARGOSJ8_IA_/install/argj801_sensors_msgs/share/argj801_sensors_msgs/cmake/argj801_sensors_msgs__rosidl_typesupport_introspection_cExport.cmake
[5.032s] -- Up-to-date: /home/rhobtor/PHD/ARGOSJ8_IA/ARGOSJ8_IA_/install/argj801_sensors_msgs/share/argj801_sensors_msgs/cmake/argj801_sensors_msgs__rosidl_typesupport_introspection_cExport-noconfig.cmake
[5.032s] -- Up-to-date: /home/rhobtor/PHD/ARGOSJ8_IA/ARGOSJ8_IA_/install/argj801_sensors_msgs/share/argj801_sensors_msgs/cmake/argj801_sensors_msgs__rosidl_typesupport_cExport.cmake
[5.032s] -- Up-to-date: /home/rhobtor/PHD/ARGOSJ8_IA/ARGOSJ8_IA_/install/argj801_sensors_msgs/share/argj801_sensors_msgs/cmake/argj801_sensors_msgs__rosidl_typesupport_cExport-noconfig.cmake
[5.032s] -- Up-to-date: /home/rhobtor/PHD/ARGOSJ8_IA/ARGOSJ8_IA_/install/argj801_sensors_msgs/share/argj801_sensors_msgs/cmake/export_argj801_sensors_msgs__rosidl_generator_cppExport.cmake
[5.032s] -- Up-to-date: /home/rhobtor/PHD/ARGOSJ8_IA/ARGOSJ8_IA_/install/argj801_sensors_msgs/share/argj801_sensors_msgs/cmake/export_argj801_sensors_msgs__rosidl_typesupport_fastrtps_cppExport.cmake
[5.032s] -- Up-to-date: /home/rhobtor/PHD/ARGOSJ8_IA/ARGOSJ8_IA_/install/argj801_sensors_msgs/share/argj801_sensors_msgs/cmake/export_argj801_sensors_msgs__rosidl_typesupport_fastrtps_cppExport-noconfig.cmake
[5.053s] -- Up-to-date: /home/rhobtor/PHD/ARGOSJ8_IA/ARGOSJ8_IA_/install/argj801_sensors_msgs/share/argj801_sensors_msgs/cmake/argj801_sensors_msgs__rosidl_typesupport_introspection_cppExport.cmake
[5.053s] -- Up-to-date: /home/rhobtor/PHD/ARGOSJ8_IA/ARGOSJ8_IA_/install/argj801_sensors_msgs/share/argj801_sensors_msgs/cmake/argj801_sensors_msgs__rosidl_typesupport_introspection_cppExport-noconfig.cmake
[5.053s] -- Up-to-date: /home/rhobtor/PHD/ARGOSJ8_IA/ARGOSJ8_IA_/install/argj801_sensors_msgs/share/argj801_sensors_msgs/cmake/argj801_sensors_msgs__rosidl_typesupport_cppExport.cmake
[5.053s] -- Up-to-date: /home/rhobtor/PHD/ARGOSJ8_IA/ARGOSJ8_IA_/install/argj801_sensors_msgs/share/argj801_sensors_msgs/cmake/argj801_sensors_msgs__rosidl_typesupport_cppExport-noconfig.cmake
[5.069s] -- Up-to-date: /home/rhobtor/PHD/ARGOSJ8_IA/ARGOSJ8_IA_/install/argj801_sensors_msgs/share/argj801_sensors_msgs/cmake/export_argj801_sensors_msgs__rosidl_generator_pyExport.cmake
[5.069s] -- Up-to-date: /home/rhobtor/PHD/ARGOSJ8_IA/ARGOSJ8_IA_/install/argj801_sensors_msgs/share/argj801_sensors_msgs/cmake/export_argj801_sensors_msgs__rosidl_generator_pyExport-noconfig.cmake
[5.069s] -- Up-to-date: /home/rhobtor/PHD/ARGOSJ8_IA/ARGOSJ8_IA_/install/argj801_sensors_msgs/share/argj801_sensors_msgs/cmake/rosidl_cmake-extras.cmake
[5.069s] -- Up-to-date: /home/rhobtor/PHD/ARGOSJ8_IA/ARGOSJ8_IA_/install/argj801_sensors_msgs/share/argj801_sensors_msgs/cmake/ament_cmake_export_dependencies-extras.cmake
[5.069s] -- Up-to-date: /home/rhobtor/PHD/ARGOSJ8_IA/ARGOSJ8_IA_/install/argj801_sensors_msgs/share/argj801_sensors_msgs/cmake/ament_cmake_export_include_directories-extras.cmake
[5.069s] -- Up-to-date: /home/rhobtor/PHD/ARGOSJ8_IA/ARGOSJ8_IA_/install/argj801_sensors_msgs/share/argj801_sensors_msgs/cmake/ament_cmake_export_libraries-extras.cmake
[5.069s] -- Up-to-date: /home/rhobtor/PHD/ARGOSJ8_IA/ARGOSJ8_IA_/install/argj801_sensors_msgs/share/argj801_sensors_msgs/cmake/ament_cmake_export_targets-extras.cmake
[5.069s] -- Up-to-date: /home/rhobtor/PHD/ARGOSJ8_IA/ARGOSJ8_IA_/install/argj801_sensors_msgs/share/argj801_sensors_msgs/cmake/rosidl_cmake_export_typesupport_targets-extras.cmake
[5.069s] -- Up-to-date: /home/rhobtor/PHD/ARGOSJ8_IA/ARGOSJ8_IA_/install/argj801_sensors_msgs/share/argj801_sensors_msgs/cmake/rosidl_cmake_export_typesupport_libraries-extras.cmake
[5.069s] -- Up-to-date: /home/rhobtor/PHD/ARGOSJ8_IA/ARGOSJ8_IA_/install/argj801_sensors_msgs/share/argj801_sensors_msgs/cmake/argj801_sensors_msgsConfig.cmake
[5.069s] -- Up-to-date: /home/rhobtor/PHD/ARGOSJ8_IA/ARGOSJ8_IA_/install/argj801_sensors_msgs/share/argj801_sensors_msgs/cmake/argj801_sensors_msgsConfig-version.cmake
[5.069s] -- Up-to-date: /home/rhobtor/PHD/ARGOSJ8_IA/ARGOSJ8_IA_/install/argj801_sensors_msgs/share/argj801_sensors_msgs/package.xml
[6.986s] Invoked command in '/home/rhobtor/PHD/ARGOSJ8_IA/ARGOSJ8_IA_/build/argj801_sensors_msgs' returned '0': CMAKE_PREFIX_PATH=${CMAKE_PREFIX_PATH}:/home/rhobtor/reactive/Reactive-Navegation/workspace_full_conected/install/car:/opt/ros/humble /usr/bin/cmake --install /home/rhobtor/PHD/ARGOSJ8_IA/ARGOSJ8_IA_/build/argj801_sensors_msgs
