[0.625s] Invoking command in '/home/rhobtor/PHD/ARGOJ8_IA/ARGOSJ8_IA_/build/car': AMENT_PREFIX_PATH=/home/rhobtor/PHD/ARGOJ8_IA/ARGOSJ8_IA_/install/car_interfaces:/home/rhobtor/PHD/ARGOJ8_IA/ARGOSJ8_IA_/install/argj801_ctl_platform_interfaces:${AMENT_PREFIX_PATH} CMAKE_PREFIX_PATH=/home/rhobtor/PHD/ARGOJ8_IA/ARGOSJ8_IA_/install/car_interfaces:/home/rhobtor/PHD/ARGOJ8_IA/ARGOSJ8_IA_/install/argj801_ctl_platform_interfaces:${CMAKE_PREFIX_PATH} LD_LIBRARY_PATH=/home/rhobtor/PHD/ARGOJ8_IA/ARGOSJ8_IA_/install/car_interfaces/lib:/home/rhobtor/PHD/ARGOJ8_IA/ARGOSJ8_IA_/install/argj801_ctl_platform_interfaces/lib:${LD_LIBRARY_PATH} PYTHONPATH=/home/rhobtor/PHD/ARGOJ8_IA/ARGOSJ8_IA_/build/car/prefix_override:/usr/lib/python3/dist-packages/colcon_core/task/python/colcon_distutils_commands:/home/rhobtor/PHD/ARGOJ8_IA/ARGOSJ8_IA_/install/car/lib/python3.10/site-packages:/home/rhobtor/PHD/ARGOJ8_IA/ARGOSJ8_IA_/install/car_interfaces/local/lib/python3.10/dist-packages:/home/rhobtor/PHD/ARGOJ8_IA/ARGOSJ8_IA_/install/argj801_ctl_platform_interfaces/local/lib/python3.10/dist-packages:${PYTHONPATH} /usr/bin/python3 -W ignore:setup.py install is deprecated -W ignore:easy_install command is deprecated setup.py develop --uninstall --editable --build-directory /home/rhobtor/PHD/ARGOJ8_IA/ARGOSJ8_IA_/build/car/build
[0.842s] running develop
[1.005s] Invoked command in '/home/rhobtor/PHD/ARGOJ8_IA/ARGOSJ8_IA_/build/car' returned '0': AMENT_PREFIX_PATH=/home/rhobtor/PHD/ARGOJ8_IA/ARGOSJ8_IA_/install/car_interfaces:/home/rhobtor/PHD/ARGOJ8_IA/ARGOSJ8_IA_/install/argj801_ctl_platform_interfaces:${AMENT_PREFIX_PATH} CMAKE_PREFIX_PATH=/home/rhobtor/PHD/ARGOJ8_IA/ARGOSJ8_IA_/install/car_interfaces:/home/rhobtor/PHD/ARGOJ8_IA/ARGOSJ8_IA_/install/argj801_ctl_platform_interfaces:${CMAKE_PREFIX_PATH} LD_LIBRARY_PATH=/home/rhobtor/PHD/ARGOJ8_IA/ARGOSJ8_IA_/install/car_interfaces/lib:/home/rhobtor/PHD/ARGOJ8_IA/ARGOSJ8_IA_/install/argj801_ctl_platform_interfaces/lib:${LD_LIBRARY_PATH} PYTHONPATH=/home/rhobtor/PHD/ARGOJ8_IA/ARGOSJ8_IA_/build/car/prefix_override:/usr/lib/python3/dist-packages/colcon_core/task/python/colcon_distutils_commands:/home/rhobtor/PHD/ARGOJ8_IA/ARGOSJ8_IA_/install/car/lib/python3.10/site-packages:/home/rhobtor/PHD/ARGOJ8_IA/ARGOSJ8_IA_/install/car_interfaces/local/lib/python3.10/dist-packages:/home/rhobtor/PHD/ARGOJ8_IA/ARGOSJ8_IA_/install/argj801_ctl_platform_interfaces/local/lib/python3.10/dist-packages:${PYTHONPATH} /usr/bin/python3 -W ignore:setup.py install is deprecated -W ignore:easy_install command is deprecated setup.py develop --uninstall --editable --build-directory /home/rhobtor/PHD/ARGOJ8_IA/ARGOSJ8_IA_/build/car/build
[1.007s] Invoking command in '/home/rhobtor/PHD/ARGOJ8_IA/ARGOSJ8_IA_/src/car_python': AMENT_PREFIX_PATH=/home/rhobtor/PHD/ARGOJ8_IA/ARGOSJ8_IA_/install/car_interfaces:/home/rhobtor/PHD/ARGOJ8_IA/ARGOSJ8_IA_/install/argj801_ctl_platform_interfaces:${AMENT_PREFIX_PATH} CMAKE_PREFIX_PATH=/home/rhobtor/PHD/ARGOJ8_IA/ARGOSJ8_IA_/install/car_interfaces:/home/rhobtor/PHD/ARGOJ8_IA/ARGOSJ8_IA_/install/argj801_ctl_platform_interfaces:${CMAKE_PREFIX_PATH} LD_LIBRARY_PATH=/home/rhobtor/PHD/ARGOJ8_IA/ARGOSJ8_IA_/install/car_interfaces/lib:/home/rhobtor/PHD/ARGOJ8_IA/ARGOSJ8_IA_/install/argj801_ctl_platform_interfaces/lib:${LD_LIBRARY_PATH} PYTHONPATH=/home/rhobtor/PHD/ARGOJ8_IA/ARGOSJ8_IA_/build/car/prefix_override:/usr/lib/python3/dist-packages/colcon_core/task/python/colcon_distutils_commands:/home/rhobtor/PHD/ARGOJ8_IA/ARGOSJ8_IA_/install/car/lib/python3.10/site-packages:/home/rhobtor/PHD/ARGOJ8_IA/ARGOSJ8_IA_/install/car_interfaces/local/lib/python3.10/dist-packages:/home/rhobtor/PHD/ARGOJ8_IA/ARGOSJ8_IA_/install/argj801_ctl_platform_interfaces/local/lib/python3.10/dist-packages:${PYTHONPATH} /usr/bin/python3 -W ignore:setup.py install is deprecated -W ignore:easy_install command is deprecated setup.py egg_info --egg-base ../../build/car build --build-base /home/rhobtor/PHD/ARGOJ8_IA/ARGOSJ8_IA_/build/car/build install --record /home/rhobtor/PHD/ARGOJ8_IA/ARGOSJ8_IA_/build/car/install.log --single-version-externally-managed install_data --force
[1.218s] running egg_info
[1.218s] writing ../../build/car/car.egg-info/PKG-INFO
[1.219s] writing dependency_links to ../../build/car/car.egg-info/dependency_links.txt
[1.219s] writing entry points to ../../build/car/car.egg-info/entry_points.txt
[1.219s] writing requirements to ../../build/car/car.egg-info/requires.txt
[1.219s] writing top-level names to ../../build/car/car.egg-info/top_level.txt
[1.221s] reading manifest file '../../build/car/car.egg-info/SOURCES.txt'
[1.223s] writing manifest file '../../build/car/car.egg-info/SOURCES.txt'
[1.223s] running build
[1.223s] running build_py
[1.224s] copying car/odom_to_tf.py -> /home/rhobtor/PHD/ARGOJ8_IA/ARGOSJ8_IA_/build/car/build/lib/car
[1.225s] running install
[1.225s] running install_lib
[1.226s] creating /home/rhobtor/PHD/ARGOJ8_IA/ARGOSJ8_IA_/install/car/lib/python3.10/site-packages/car
[1.226s] copying /home/rhobtor/PHD/ARGOJ8_IA/ARGOSJ8_IA_/build/car/build/lib/car/points_goal_old.py -> /home/rhobtor/PHD/ARGOJ8_IA/ARGOSJ8_IA_/install/car/lib/python3.10/site-packages/car
[1.226s] copying /home/rhobtor/PHD/ARGOJ8_IA/ARGOSJ8_IA_/build/car/build/lib/car/keyboard_control.py -> /home/rhobtor/PHD/ARGOJ8_IA/ARGOSJ8_IA_/install/car/lib/python3.10/site-packages/car
[1.226s] copying /home/rhobtor/PHD/ARGOJ8_IA/ARGOSJ8_IA_/build/car/build/lib/car/memory_map.py -> /home/rhobtor/PHD/ARGOJ8_IA/ARGOSJ8_IA_/install/car/lib/python3.10/site-packages/car
[1.227s] copying /home/rhobtor/PHD/ARGOJ8_IA/ARGOSJ8_IA_/build/car/build/lib/car/path_ppo_cnn_lstm_full_model.py -> /home/rhobtor/PHD/ARGOJ8_IA/ARGOSJ8_IA_/install/car/lib/python3.10/site-packages/car
[1.227s] copying /home/rhobtor/PHD/ARGOJ8_IA/ARGOSJ8_IA_/build/car/build/lib/car/j8_test_ppo.py -> /home/rhobtor/PHD/ARGOJ8_IA/ARGOSJ8_IA_/install/car/lib/python3.10/site-packages/car
[1.227s] copying /home/rhobtor/PHD/ARGOJ8_IA/ARGOSJ8_IA_/build/car/build/lib/car/scape_test.py -> /home/rhobtor/PHD/ARGOJ8_IA/ARGOSJ8_IA_/install/car/lib/python3.10/site-packages/car
[1.227s] copying /home/rhobtor/PHD/ARGOJ8_IA/ARGOSJ8_IA_/build/car/build/lib/car/movement_predictive.py -> /home/rhobtor/PHD/ARGOJ8_IA/ARGOSJ8_IA_/install/car/lib/python3.10/site-packages/car
[1.227s] copying /home/rhobtor/PHD/ARGOJ8_IA/ARGOSJ8_IA_/build/car/build/lib/car/cmd_vel_to_throttle.py -> /home/rhobtor/PHD/ARGOJ8_IA/ARGOSJ8_IA_/install/car/lib/python3.10/site-packages/car
[1.227s] copying /home/rhobtor/PHD/ARGOJ8_IA/ARGOSJ8_IA_/build/car/build/lib/car/lidar_obstacle_detection.py -> /home/rhobtor/PHD/ARGOJ8_IA/ARGOSJ8_IA_/install/car/lib/python3.10/site-packages/car
[1.227s] copying /home/rhobtor/PHD/ARGOJ8_IA/ARGOSJ8_IA_/build/car/build/lib/car/voxel_unity.py -> /home/rhobtor/PHD/ARGOJ8_IA/ARGOSJ8_IA_/install/car/lib/python3.10/site-packages/car
[1.227s] copying /home/rhobtor/PHD/ARGOJ8_IA/ARGOSJ8_IA_/build/car/build/lib/car/test_octomap.py -> /home/rhobtor/PHD/ARGOJ8_IA/ARGOSJ8_IA_/install/car/lib/python3.10/site-packages/car
[1.227s] copying /home/rhobtor/PHD/ARGOJ8_IA/ARGOSJ8_IA_/build/car/build/lib/car/frontier_centroid.py -> /home/rhobtor/PHD/ARGOJ8_IA/ARGOSJ8_IA_/install/car/lib/python3.10/site-packages/car
[1.227s] copying /home/rhobtor/PHD/ARGOJ8_IA/ARGOSJ8_IA_/build/car/build/lib/car/j8_bueno.py -> /home/rhobtor/PHD/ARGOJ8_IA/ARGOSJ8_IA_/install/car/lib/python3.10/site-packages/car
[1.227s] copying /home/rhobtor/PHD/ARGOJ8_IA/ARGOSJ8_IA_/build/car/build/lib/car/colision_zone.py -> /home/rhobtor/PHD/ARGOJ8_IA/ARGOSJ8_IA_/install/car/lib/python3.10/site-packages/car
[1.228s] copying /home/rhobtor/PHD/ARGOJ8_IA/ARGOSJ8_IA_/build/car/build/lib/car/supervisor_circuit.py -> /home/rhobtor/PHD/ARGOJ8_IA/ARGOSJ8_IA_/install/car/lib/python3.10/site-packages/car
[1.228s] copying /home/rhobtor/PHD/ARGOJ8_IA/ARGOSJ8_IA_/build/car/build/lib/car/backup_model_ppo_cnn_lstm.py -> /home/rhobtor/PHD/ARGOJ8_IA/ARGOSJ8_IA_/install/car/lib/python3.10/site-packages/car
[1.228s] copying /home/rhobtor/PHD/ARGOJ8_IA/ARGOSJ8_IA_/build/car/build/lib/car/odom_to_tf.py -> /home/rhobtor/PHD/ARGOJ8_IA/ARGOSJ8_IA_/install/car/lib/python3.10/site-packages/car
[1.228s] copying /home/rhobtor/PHD/ARGOJ8_IA/ARGOSJ8_IA_/build/car/build/lib/car/inference_full_model.py -> /home/rhobtor/PHD/ARGOJ8_IA/ARGOSJ8_IA_/install/car/lib/python3.10/site-packages/car
[1.228s] copying /home/rhobtor/PHD/ARGOJ8_IA/ARGOSJ8_IA_/build/car/build/lib/car/prior_map_builder.py -> /home/rhobtor/PHD/ARGOJ8_IA/ARGOSJ8_IA_/install/car/lib/python3.10/site-packages/car
[1.228s] copying /home/rhobtor/PHD/ARGOJ8_IA/ARGOSJ8_IA_/build/car/build/lib/car/inference_j8.py -> /home/rhobtor/PHD/ARGOJ8_IA/ARGOSJ8_IA_/install/car/lib/python3.10/site-packages/car
[1.228s] copying /home/rhobtor/PHD/ARGOJ8_IA/ARGOSJ8_IA_/build/car/build/lib/car/__init__.py -> /home/rhobtor/PHD/ARGOJ8_IA/ARGOSJ8_IA_/install/car/lib/python3.10/site-packages/car
[1.228s] copying /home/rhobtor/PHD/ARGOJ8_IA/ARGOSJ8_IA_/build/car/build/lib/car/inference_training_mode_simple.py -> /home/rhobtor/PHD/ARGOJ8_IA/ARGOSJ8_IA_/install/car/lib/python3.10/site-packages/car
[1.228s] copying /home/rhobtor/PHD/ARGOJ8_IA/ARGOSJ8_IA_/build/car/build/lib/car/joystick_control.py -> /home/rhobtor/PHD/ARGOJ8_IA/ARGOSJ8_IA_/install/car/lib/python3.10/site-packages/car
[1.228s] copying /home/rhobtor/PHD/ARGOJ8_IA/ARGOSJ8_IA_/build/car/build/lib/car/planificador_script.py -> /home/rhobtor/PHD/ARGOJ8_IA/ARGOSJ8_IA_/install/car/lib/python3.10/site-packages/car
[1.228s] copying /home/rhobtor/PHD/ARGOJ8_IA/ARGOSJ8_IA_/build/car/build/lib/car/map_test_navigation_hgh.py -> /home/rhobtor/PHD/ARGOJ8_IA/ARGOSJ8_IA_/install/car/lib/python3.10/site-packages/car
[1.228s] copying /home/rhobtor/PHD/ARGOJ8_IA/ARGOSJ8_IA_/build/car/build/lib/car/circuit1.py -> /home/rhobtor/PHD/ARGOJ8_IA/ARGOSJ8_IA_/install/car/lib/python3.10/site-packages/car
[1.229s] copying /home/rhobtor/PHD/ARGOJ8_IA/ARGOSJ8_IA_/build/car/build/lib/car/points_goal.py -> /home/rhobtor/PHD/ARGOJ8_IA/ARGOSJ8_IA_/install/car/lib/python3.10/site-packages/car
[1.229s] copying /home/rhobtor/PHD/ARGOJ8_IA/ARGOSJ8_IA_/build/car/build/lib/car/path_ppo_cnn_lstm_training_init_mode_j8.py -> /home/rhobtor/PHD/ARGOJ8_IA/ARGOSJ8_IA_/install/car/lib/python3.10/site-packages/car
[1.229s] copying /home/rhobtor/PHD/ARGOJ8_IA/ARGOSJ8_IA_/build/car/build/lib/car/map_navegation.py -> /home/rhobtor/PHD/ARGOJ8_IA/ARGOSJ8_IA_/install/car/lib/python3.10/site-packages/car
[1.229s] copying /home/rhobtor/PHD/ARGOJ8_IA/ARGOSJ8_IA_/build/car/build/lib/car/test_vel.py -> /home/rhobtor/PHD/ARGOJ8_IA/ARGOSJ8_IA_/install/car/lib/python3.10/site-packages/car
[1.229s] copying /home/rhobtor/PHD/ARGOJ8_IA/ARGOSJ8_IA_/build/car/build/lib/car/supervisor.py -> /home/rhobtor/PHD/ARGOJ8_IA/ARGOSJ8_IA_/install/car/lib/python3.10/site-packages/car
[1.229s] copying /home/rhobtor/PHD/ARGOJ8_IA/ARGOSJ8_IA_/build/car/build/lib/car/costmap.py -> /home/rhobtor/PHD/ARGOJ8_IA/ARGOSJ8_IA_/install/car/lib/python3.10/site-packages/car
[1.229s] copying /home/rhobtor/PHD/ARGOJ8_IA/ARGOSJ8_IA_/build/car/build/lib/car/unity_goal.py -> /home/rhobtor/PHD/ARGOJ8_IA/ARGOSJ8_IA_/install/car/lib/python3.10/site-packages/car
[1.229s] copying /home/rhobtor/PHD/ARGOJ8_IA/ARGOSJ8_IA_/build/car/build/lib/car/path_ppo_cnn_lstm_training_init_mode.py -> /home/rhobtor/PHD/ARGOJ8_IA/ARGOSJ8_IA_/install/car/lib/python3.10/site-packages/car
[1.229s] copying /home/rhobtor/PHD/ARGOJ8_IA/ARGOSJ8_IA_/build/car/build/lib/car/path_ppo_cnn_lstm_training_init_mode_simple.py -> /home/rhobtor/PHD/ARGOJ8_IA/ARGOSJ8_IA_/install/car/lib/python3.10/site-packages/car
[1.229s] copying /home/rhobtor/PHD/ARGOJ8_IA/ARGOSJ8_IA_/build/car/build/lib/car/inference_test_j8.py -> /home/rhobtor/PHD/ARGOJ8_IA/ARGOSJ8_IA_/install/car/lib/python3.10/site-packages/car
[1.229s] copying /home/rhobtor/PHD/ARGOJ8_IA/ARGOSJ8_IA_/build/car/build/lib/car/filter_points_cloud.py -> /home/rhobtor/PHD/ARGOJ8_IA/ARGOSJ8_IA_/install/car/lib/python3.10/site-packages/car
[1.229s] copying /home/rhobtor/PHD/ARGOJ8_IA/ARGOSJ8_IA_/build/car/build/lib/car/test_j8_old.py -> /home/rhobtor/PHD/ARGOJ8_IA/ARGOSJ8_IA_/install/car/lib/python3.10/site-packages/car
[1.229s] copying /home/rhobtor/PHD/ARGOJ8_IA/ARGOSJ8_IA_/build/car/build/lib/car/fusion.py -> /home/rhobtor/PHD/ARGOJ8_IA/ARGOSJ8_IA_/install/car/lib/python3.10/site-packages/car
[1.229s] copying /home/rhobtor/PHD/ARGOJ8_IA/ARGOSJ8_IA_/build/car/build/lib/car/j8_policy.py -> /home/rhobtor/PHD/ARGOJ8_IA/ARGOSJ8_IA_/install/car/lib/python3.10/site-packages/car
[1.229s] byte-compiling /home/rhobtor/PHD/ARGOJ8_IA/ARGOSJ8_IA_/install/car/lib/python3.10/site-packages/car/points_goal_old.py to points_goal_old.cpython-310.pyc
[1.230s] byte-compiling /home/rhobtor/PHD/ARGOJ8_IA/ARGOSJ8_IA_/install/car/lib/python3.10/site-packages/car/keyboard_control.py to keyboard_control.cpython-310.pyc
[1.231s] byte-compiling /home/rhobtor/PHD/ARGOJ8_IA/ARGOSJ8_IA_/install/car/lib/python3.10/site-packages/car/memory_map.py to memory_map.cpython-310.pyc
[1.232s] byte-compiling /home/rhobtor/PHD/ARGOJ8_IA/ARGOSJ8_IA_/install/car/lib/python3.10/site-packages/car/path_ppo_cnn_lstm_full_model.py to path_ppo_cnn_lstm_full_model.cpython-310.pyc
[1.239s] byte-compiling /home/rhobtor/PHD/ARGOJ8_IA/ARGOSJ8_IA_/install/car/lib/python3.10/site-packages/car/j8_test_ppo.py to j8_test_ppo.cpython-310.pyc
[1.251s] byte-compiling /home/rhobtor/PHD/ARGOJ8_IA/ARGOSJ8_IA_/install/car/lib/python3.10/site-packages/car/scape_test.py to scape_test.cpython-310.pyc
[1.253s] byte-compiling /home/rhobtor/PHD/ARGOJ8_IA/ARGOSJ8_IA_/install/car/lib/python3.10/site-packages/car/movement_predictive.py to movement_predictive.cpython-310.pyc
[1.255s] byte-compiling /home/rhobtor/PHD/ARGOJ8_IA/ARGOSJ8_IA_/install/car/lib/python3.10/site-packages/car/cmd_vel_to_throttle.py to cmd_vel_to_throttle.cpython-310.pyc
[1.255s] byte-compiling /home/rhobtor/PHD/ARGOJ8_IA/ARGOSJ8_IA_/install/car/lib/python3.10/site-packages/car/lidar_obstacle_detection.py to lidar_obstacle_detection.cpython-310.pyc
[1.256s] byte-compiling /home/rhobtor/PHD/ARGOJ8_IA/ARGOSJ8_IA_/install/car/lib/python3.10/site-packages/car/voxel_unity.py to voxel_unity.cpython-310.pyc
[1.258s] byte-compiling /home/rhobtor/PHD/ARGOJ8_IA/ARGOSJ8_IA_/install/car/lib/python3.10/site-packages/car/test_octomap.py to test_octomap.cpython-310.pyc
[1.258s] byte-compiling /home/rhobtor/PHD/ARGOJ8_IA/ARGOSJ8_IA_/install/car/lib/python3.10/site-packages/car/frontier_centroid.py to frontier_centroid.cpython-310.pyc
[1.260s] byte-compiling /home/rhobtor/PHD/ARGOJ8_IA/ARGOSJ8_IA_/install/car/lib/python3.10/site-packages/car/j8_bueno.py to j8_bueno.cpython-310.pyc
[1.268s] byte-compiling /home/rhobtor/PHD/ARGOJ8_IA/ARGOSJ8_IA_/install/car/lib/python3.10/site-packages/car/colision_zone.py to colision_zone.cpython-310.pyc
[1.269s] byte-compiling /home/rhobtor/PHD/ARGOJ8_IA/ARGOSJ8_IA_/install/car/lib/python3.10/site-packages/car/supervisor_circuit.py to supervisor_circuit.cpython-310.pyc
[1.270s] byte-compiling /home/rhobtor/PHD/ARGOJ8_IA/ARGOSJ8_IA_/install/car/lib/python3.10/site-packages/car/backup_model_ppo_cnn_lstm.py to backup_model_ppo_cnn_lstm.cpython-310.pyc
[1.274s] byte-compiling /home/rhobtor/PHD/ARGOJ8_IA/ARGOSJ8_IA_/install/car/lib/python3.10/site-packages/car/odom_to_tf.py to odom_to_tf.cpython-310.pyc
[1.274s] byte-compiling /home/rhobtor/PHD/ARGOJ8_IA/ARGOSJ8_IA_/install/car/lib/python3.10/site-packages/car/inference_full_model.py to inference_full_model.cpython-310.pyc
[1.277s] byte-compiling /home/rhobtor/PHD/ARGOJ8_IA/ARGOSJ8_IA_/install/car/lib/python3.10/site-packages/car/prior_map_builder.py to prior_map_builder.cpython-310.pyc
[1.278s] byte-compiling /home/rhobtor/PHD/ARGOJ8_IA/ARGOSJ8_IA_/install/car/lib/python3.10/site-packages/car/inference_j8.py to inference_j8.cpython-310.pyc
[1.280s] byte-compiling /home/rhobtor/PHD/ARGOJ8_IA/ARGOSJ8_IA_/install/car/lib/python3.10/site-packages/car/__init__.py to __init__.cpython-310.pyc
[1.280s] byte-compiling /home/rhobtor/PHD/ARGOJ8_IA/ARGOSJ8_IA_/install/car/lib/python3.10/site-packages/car/inference_training_mode_simple.py to inference_training_mode_simple.cpython-310.pyc
[1.282s] byte-compiling /home/rhobtor/PHD/ARGOJ8_IA/ARGOSJ8_IA_/install/car/lib/python3.10/site-packages/car/joystick_control.py to joystick_control.cpython-310.pyc
[1.283s] byte-compiling /home/rhobtor/PHD/ARGOJ8_IA/ARGOSJ8_IA_/install/car/lib/python3.10/site-packages/car/planificador_script.py to planificador_script.cpython-310.pyc
[1.287s] byte-compiling /home/rhobtor/PHD/ARGOJ8_IA/ARGOSJ8_IA_/install/car/lib/python3.10/site-packages/car/map_test_navigation_hgh.py to map_test_navigation_hgh.cpython-310.pyc
[1.289s] byte-compiling /home/rhobtor/PHD/ARGOJ8_IA/ARGOSJ8_IA_/install/car/lib/python3.10/site-packages/car/circuit1.py to circuit1.cpython-310.pyc
[1.291s] byte-compiling /home/rhobtor/PHD/ARGOJ8_IA/ARGOSJ8_IA_/install/car/lib/python3.10/site-packages/car/points_goal.py to points_goal.cpython-310.pyc
[1.292s] byte-compiling /home/rhobtor/PHD/ARGOJ8_IA/ARGOSJ8_IA_/install/car/lib/python3.10/site-packages/car/path_ppo_cnn_lstm_training_init_mode_j8.py to path_ppo_cnn_lstm_training_init_mode_j8.cpython-310.pyc
[1.301s] byte-compiling /home/rhobtor/PHD/ARGOJ8_IA/ARGOSJ8_IA_/install/car/lib/python3.10/site-packages/car/map_navegation.py to map_navegation.cpython-310.pyc
[1.303s] byte-compiling /home/rhobtor/PHD/ARGOJ8_IA/ARGOSJ8_IA_/install/car/lib/python3.10/site-packages/car/test_vel.py to test_vel.cpython-310.pyc
[1.304s] byte-compiling /home/rhobtor/PHD/ARGOJ8_IA/ARGOSJ8_IA_/install/car/lib/python3.10/site-packages/car/supervisor.py to supervisor.cpython-310.pyc
[1.304s] byte-compiling /home/rhobtor/PHD/ARGOJ8_IA/ARGOSJ8_IA_/install/car/lib/python3.10/site-packages/car/costmap.py to costmap.cpython-310.pyc
[1.305s] byte-compiling /home/rhobtor/PHD/ARGOJ8_IA/ARGOSJ8_IA_/install/car/lib/python3.10/site-packages/car/unity_goal.py to unity_goal.cpython-310.pyc
[1.305s] byte-compiling /home/rhobtor/PHD/ARGOJ8_IA/ARGOSJ8_IA_/install/car/lib/python3.10/site-packages/car/path_ppo_cnn_lstm_training_init_mode.py to path_ppo_cnn_lstm_training_init_mode.cpython-310.pyc
[1.309s] byte-compiling /home/rhobtor/PHD/ARGOJ8_IA/ARGOSJ8_IA_/install/car/lib/python3.10/site-packages/car/path_ppo_cnn_lstm_training_init_mode_simple.py to path_ppo_cnn_lstm_training_init_mode_simple.cpython-310.pyc
[1.313s] byte-compiling /home/rhobtor/PHD/ARGOJ8_IA/ARGOSJ8_IA_/install/car/lib/python3.10/site-packages/car/inference_test_j8.py to inference_test_j8.cpython-310.pyc
[1.317s] byte-compiling /home/rhobtor/PHD/ARGOJ8_IA/ARGOSJ8_IA_/install/car/lib/python3.10/site-packages/car/filter_points_cloud.py to filter_points_cloud.cpython-310.pyc
[1.318s] byte-compiling /home/rhobtor/PHD/ARGOJ8_IA/ARGOSJ8_IA_/install/car/lib/python3.10/site-packages/car/test_j8_old.py to test_j8_old.cpython-310.pyc
[1.326s] byte-compiling /home/rhobtor/PHD/ARGOJ8_IA/ARGOSJ8_IA_/install/car/lib/python3.10/site-packages/car/fusion.py to fusion.cpython-310.pyc
[1.327s] byte-compiling /home/rhobtor/PHD/ARGOJ8_IA/ARGOSJ8_IA_/install/car/lib/python3.10/site-packages/car/j8_policy.py to j8_policy.cpython-310.pyc
[1.336s] running install_data
[1.336s] copying resource/car -> /home/rhobtor/PHD/ARGOJ8_IA/ARGOSJ8_IA_/install/car/share/ament_index/resource_index/packages
[1.336s] copying package.xml -> /home/rhobtor/PHD/ARGOJ8_IA/ARGOSJ8_IA_/install/car/share/car
[1.336s] copying launch/gazebo.launch.py -> /home/rhobtor/PHD/ARGOJ8_IA/ARGOSJ8_IA_/install/car/share/car/launch
[1.336s] copying launch/ekf.launch.py -> /home/rhobtor/PHD/ARGOJ8_IA/ARGOSJ8_IA_/install/car/share/car/launch
[1.336s] copying launch/control.launch.py -> /home/rhobtor/PHD/ARGOJ8_IA/ARGOSJ8_IA_/install/car/share/car/launch
[1.337s] copying launch/gazebo_mountain.launch.py -> /home/rhobtor/PHD/ARGOJ8_IA/ARGOSJ8_IA_/install/car/share/car/launch
[1.337s] copying launch/world_1_b.launch.py -> /home/rhobtor/PHD/ARGOJ8_IA/ARGOSJ8_IA_/install/car/share/car/launch
[1.337s] copying launch/circuit1.launch.py -> /home/rhobtor/PHD/ARGOJ8_IA/ARGOSJ8_IA_/install/car/share/car/launch
[1.337s] copying launch/gazebo_empty_world.launch.py -> /home/rhobtor/PHD/ARGOJ8_IA/ARGOSJ8_IA_/install/car/share/car/launch
[1.337s] copying launch/gazebo_simple5.launch.py -> /home/rhobtor/PHD/ARGOJ8_IA/ARGOSJ8_IA_/install/car/share/car/launch
[1.337s] copying launch/gazebo_simple2.launch.py -> /home/rhobtor/PHD/ARGOJ8_IA/ARGOSJ8_IA_/install/car/share/car/launch
[1.337s] copying launch/gazebo_simple7.launch.py -> /home/rhobtor/PHD/ARGOJ8_IA/ARGOSJ8_IA_/install/car/share/car/launch
[1.337s] copying launch/joystick.launch.py -> /home/rhobtor/PHD/ARGOJ8_IA/ARGOSJ8_IA_/install/car/share/car/launch
[1.337s] copying launch/display.launch.py -> /home/rhobtor/PHD/ARGOJ8_IA/ARGOSJ8_IA_/install/car/share/car/launch
[1.337s] copying launch/circuit4.launch.py -> /home/rhobtor/PHD/ARGOJ8_IA/ARGOSJ8_IA_/install/car/share/car/launch
[1.337s] copying launch/river_and_forest.launch.py -> /home/rhobtor/PHD/ARGOJ8_IA/ARGOSJ8_IA_/install/car/share/car/launch
[1.337s] copying launch/gazebo_simple8.launch.py -> /home/rhobtor/PHD/ARGOJ8_IA/ARGOSJ8_IA_/install/car/share/car/launch
[1.337s] copying launch/rtamap_test.launch.py -> /home/rhobtor/PHD/ARGOJ8_IA/ARGOSJ8_IA_/install/car/share/car/launch
[1.338s] copying launch/gazebo_simple_world.launch.py -> /home/rhobtor/PHD/ARGOJ8_IA/ARGOSJ8_IA_/install/car/share/car/launch
[1.338s] copying launch/gazebo_simple9.launch.py -> /home/rhobtor/PHD/ARGOJ8_IA/ARGOSJ8_IA_/install/car/share/car/launch
[1.338s] copying launch/circuit3.launch.py -> /home/rhobtor/PHD/ARGOJ8_IA/ARGOSJ8_IA_/install/car/share/car/launch
[1.338s] copying launch/object_move_gazebo.launch.py -> /home/rhobtor/PHD/ARGOJ8_IA/ARGOSJ8_IA_/install/car/share/car/launch
[1.338s] copying launch/world_1.launch.py -> /home/rhobtor/PHD/ARGOJ8_IA/ARGOSJ8_IA_/install/car/share/car/launch
[1.338s] copying launch/circuit2.launch.py -> /home/rhobtor/PHD/ARGOJ8_IA/ARGOSJ8_IA_/install/car/share/car/launch
[1.338s] copying launch/gazebo_simple3.launch.py -> /home/rhobtor/PHD/ARGOJ8_IA/ARGOSJ8_IA_/install/car/share/car/launch
[1.338s] copying launch/gazebo_no_gui.launch.py -> /home/rhobtor/PHD/ARGOJ8_IA/ARGOSJ8_IA_/install/car/share/car/launch
[1.338s] copying launch/easy_world.launch.py -> /home/rhobtor/PHD/ARGOJ8_IA/ARGOSJ8_IA_/install/car/share/car/launch
[1.338s] copying launch/gazebo_simple6.launch.py -> /home/rhobtor/PHD/ARGOJ8_IA/ARGOSJ8_IA_/install/car/share/car/launch
[1.338s] copying launch/gazebo_simple4.launch.py -> /home/rhobtor/PHD/ARGOJ8_IA/ARGOSJ8_IA_/install/car/share/car/launch
[1.338s] copying launch/forest.launch.py -> /home/rhobtor/PHD/ARGOJ8_IA/ARGOSJ8_IA_/install/car/share/car/launch
[1.338s] copying launch/J8_unity.launch.py -> /home/rhobtor/PHD/ARGOJ8_IA/ARGOSJ8_IA_/install/car/share/car/launch
[1.338s] copying launch/goals_unity.launch.py -> /home/rhobtor/PHD/ARGOJ8_IA/ARGOSJ8_IA_/install/car/share/car/launch
[1.338s] copying launch/control_with_gazebo.launch.py -> /home/rhobtor/PHD/ARGOJ8_IA/ARGOSJ8_IA_/install/car/share/car/launch
[1.339s] copying launch/j8.launch.py -> /home/rhobtor/PHD/ARGOJ8_IA/ARGOSJ8_IA_/install/car/share/car/launch
[1.339s] copying urdf/object_movement.sdf -> /home/rhobtor/PHD/ARGOJ8_IA/ARGOSJ8_IA_/install/car/share/car/urdf
[1.339s] copying urdf/materials.xacro -> /home/rhobtor/PHD/ARGOJ8_IA/ARGOSJ8_IA_/install/car/share/car/urdf
[1.339s] copying urdf/car.xacro -> /home/rhobtor/PHD/ARGOJ8_IA/ARGOSJ8_IA_/install/car/share/car/urdf
[1.339s] copying urdf/camara.plugin.xacro -> /home/rhobtor/PHD/ARGOJ8_IA/ARGOSJ8_IA_/install/car/share/car/urdf
[1.339s] copying urdf/car.gazebo -> /home/rhobtor/PHD/ARGOJ8_IA/ARGOSJ8_IA_/install/car/share/car/urdf
[1.339s] copying urdf/lidar.plugin.xacro -> /home/rhobtor/PHD/ARGOJ8_IA/ARGOSJ8_IA_/install/car/share/car/urdf
[1.339s] copying urdf/control.plugin.xacro -> /home/rhobtor/PHD/ARGOJ8_IA/ARGOSJ8_IA_/install/car/share/car/urdf
[1.339s] copying urdf/virt_lidar.xacro -> /home/rhobtor/PHD/ARGOJ8_IA/ARGOSJ8_IA_/install/car/share/car/urdf
[1.339s] copying urdf/car.trans -> /home/rhobtor/PHD/ARGOJ8_IA/ARGOSJ8_IA_/install/car/share/car/urdf
[1.339s] copying worlds/grass.world -> /home/rhobtor/PHD/ARGOJ8_IA/ARGOSJ8_IA_/install/car/share/car/worlds
[1.339s] copying worlds/world_simple_object.world -> /home/rhobtor/PHD/ARGOJ8_IA/ARGOSJ8_IA_/install/car/share/car/worlds
[1.339s] copying worlds/hill_tagged.world -> /home/rhobtor/PHD/ARGOJ8_IA/ARGOSJ8_IA_/install/car/share/car/worlds
[1.340s] copying worlds/world_simple3.world -> /home/rhobtor/PHD/ARGOJ8_IA/ARGOSJ8_IA_/install/car/share/car/worlds
[1.340s] copying worlds/world_simple9.world -> /home/rhobtor/PHD/ARGOJ8_IA/ARGOSJ8_IA_/install/car/share/car/worlds
[1.340s] copying worlds/world_simple6.world -> /home/rhobtor/PHD/ARGOJ8_IA/ARGOSJ8_IA_/install/car/share/car/worlds
[1.340s] copying worlds/forest.world -> /home/rhobtor/PHD/ARGOJ8_IA/ARGOSJ8_IA_/install/car/share/car/worlds
[1.341s] copying worlds/map1_test.world -> /home/rhobtor/PHD/ARGOJ8_IA/ARGOSJ8_IA_/install/car/share/car/worlds
[1.341s] copying worlds/world_1.world -> /home/rhobtor/PHD/ARGOJ8_IA/ARGOSJ8_IA_/install/car/share/car/worlds
[1.342s] copying worlds/world_simple8.world -> /home/rhobtor/PHD/ARGOJ8_IA/ARGOSJ8_IA_/install/car/share/car/worlds
[1.342s] copying worlds/blender_builder.world -> /home/rhobtor/PHD/ARGOJ8_IA/ARGOSJ8_IA_/install/car/share/car/worlds
[1.342s] copying worlds/mountain.world -> /home/rhobtor/PHD/ARGOJ8_IA/ARGOSJ8_IA_/install/car/share/car/worlds
[1.342s] copying worlds/world_1_b1.world -> /home/rhobtor/PHD/ARGOJ8_IA/ARGOSJ8_IA_/install/car/share/car/worlds
[1.342s] copying worlds/world_1_b.world -> /home/rhobtor/PHD/ARGOJ8_IA/ARGOSJ8_IA_/install/car/share/car/worlds
[1.342s] copying worlds/empty.world -> /home/rhobtor/PHD/ARGOJ8_IA/ARGOSJ8_IA_/install/car/share/car/worlds
[1.342s] copying worlds/easy_world.world -> /home/rhobtor/PHD/ARGOJ8_IA/ARGOSJ8_IA_/install/car/share/car/worlds
[1.342s] copying worlds/grass_test.world -> /home/rhobtor/PHD/ARGOJ8_IA/ARGOSJ8_IA_/install/car/share/car/worlds
[1.342s] copying worlds/park.world -> /home/rhobtor/PHD/ARGOJ8_IA/ARGOSJ8_IA_/install/car/share/car/worlds
[1.343s] copying worlds/obstacles_and_traps.world -> /home/rhobtor/PHD/ARGOJ8_IA/ARGOSJ8_IA_/install/car/share/car/worlds
[1.343s] copying worlds/world_simple5.world -> /home/rhobtor/PHD/ARGOJ8_IA/ARGOSJ8_IA_/install/car/share/car/worlds
[1.343s] copying worlds/obstacles.world -> /home/rhobtor/PHD/ARGOJ8_IA/ARGOSJ8_IA_/install/car/share/car/worlds
[1.343s] copying worlds/hill.world -> /home/rhobtor/PHD/ARGOJ8_IA/ARGOSJ8_IA_/install/car/share/car/worlds
[1.344s] copying worlds/world_simple7.world -> /home/rhobtor/PHD/ARGOJ8_IA/ARGOSJ8_IA_/install/car/share/car/worlds
[1.344s] copying worlds/test.world -> /home/rhobtor/PHD/ARGOJ8_IA/ARGOSJ8_IA_/install/car/share/car/worlds
[1.344s] copying worlds/lake.world -> /home/rhobtor/PHD/ARGOJ8_IA/ARGOSJ8_IA_/install/car/share/car/worlds
[1.345s] copying worlds/forest_tagged.world -> /home/rhobtor/PHD/ARGOJ8_IA/ARGOSJ8_IA_/install/car/share/car/worlds
[1.346s] copying worlds/heightmap_world.world -> /home/rhobtor/PHD/ARGOJ8_IA/ARGOSJ8_IA_/install/car/share/car/worlds
[1.346s] copying worlds/world_simple2.world -> /home/rhobtor/PHD/ARGOJ8_IA/ARGOSJ8_IA_/install/car/share/car/worlds
[1.346s] copying worlds/park_tagged.world -> /home/rhobtor/PHD/ARGOJ8_IA/ARGOSJ8_IA_/install/car/share/car/worlds
[1.347s] copying worlds/river_and_forest.world -> /home/rhobtor/PHD/ARGOJ8_IA/ARGOSJ8_IA_/install/car/share/car/worlds
[1.347s] copying worlds/world_simple4.world -> /home/rhobtor/PHD/ARGOJ8_IA/ARGOSJ8_IA_/install/car/share/car/worlds
[1.347s] copying worlds/lake_tagged.world -> /home/rhobtor/PHD/ARGOJ8_IA/ARGOSJ8_IA_/install/car/share/car/worlds
[1.347s] copying meshes/tire.stl -> /home/rhobtor/PHD/ARGOJ8_IA/ARGOSJ8_IA_/install/car/share/car/meshes
[1.348s] copying meshes/rim_front_right_1.stl -> /home/rhobtor/PHD/ARGOJ8_IA/ARGOSJ8_IA_/install/car/share/car/meshes
[1.349s] copying meshes/tire_front_left_1.stl -> /home/rhobtor/PHD/ARGOJ8_IA/ARGOSJ8_IA_/install/car/share/car/meshes
[1.350s] copying meshes/rim_back_right_1.stl -> /home/rhobtor/PHD/ARGOJ8_IA/ARGOSJ8_IA_/install/car/share/car/meshes
[1.351s] copying meshes/direction_front_left_1.stl -> /home/rhobtor/PHD/ARGOJ8_IA/ARGOSJ8_IA_/install/car/share/car/meshes
[1.351s] copying meshes/rim.stl -> /home/rhobtor/PHD/ARGOJ8_IA/ARGOSJ8_IA_/install/car/share/car/meshes
[1.352s] copying meshes/Lidar.stl -> /home/rhobtor/PHD/ARGOJ8_IA/ARGOSJ8_IA_/install/car/share/car/meshes
[1.352s] copying meshes/Camara.stl -> /home/rhobtor/PHD/ARGOJ8_IA/ARGOSJ8_IA_/install/car/share/car/meshes
[1.352s] copying meshes/tire_front_right_1.stl -> /home/rhobtor/PHD/ARGOJ8_IA/ARGOSJ8_IA_/install/car/share/car/meshes
[1.353s] copying meshes/base_link.stl -> /home/rhobtor/PHD/ARGOJ8_IA/ARGOSJ8_IA_/install/car/share/car/meshes
[1.353s] copying meshes/tire_back_right_1.stl -> /home/rhobtor/PHD/ARGOJ8_IA/ARGOSJ8_IA_/install/car/share/car/meshes
[1.353s] copying meshes/tire_back_left_1.stl -> /home/rhobtor/PHD/ARGOJ8_IA/ARGOSJ8_IA_/install/car/share/car/meshes
[1.354s] copying meshes/suspension_front_left__1.stl -> /home/rhobtor/PHD/ARGOJ8_IA/ARGOSJ8_IA_/install/car/share/car/meshes
[1.354s] copying meshes/direction_front_right_1.stl -> /home/rhobtor/PHD/ARGOJ8_IA/ARGOSJ8_IA_/install/car/share/car/meshes
[1.354s] copying meshes/suspension_back_right_1.stl -> /home/rhobtor/PHD/ARGOJ8_IA/ARGOSJ8_IA_/install/car/share/car/meshes
[1.354s] copying meshes/chasis_1.stl -> /home/rhobtor/PHD/ARGOJ8_IA/ARGOSJ8_IA_/install/car/share/car/meshes
[1.354s] copying meshes/rim_front_left_1.stl -> /home/rhobtor/PHD/ARGOJ8_IA/ARGOSJ8_IA_/install/car/share/car/meshes
[1.355s] copying meshes/direction_back_right_1.stl -> /home/rhobtor/PHD/ARGOJ8_IA/ARGOSJ8_IA_/install/car/share/car/meshes
[1.355s] copying meshes/direction_back_left_1.stl -> /home/rhobtor/PHD/ARGOJ8_IA/ARGOSJ8_IA_/install/car/share/car/meshes
[1.355s] copying meshes/rim_back_left_1.stl -> /home/rhobtor/PHD/ARGOJ8_IA/ARGOSJ8_IA_/install/car/share/car/meshes
[1.356s] copying meshes/suspension_front_right_1.stl -> /home/rhobtor/PHD/ARGOJ8_IA/ARGOSJ8_IA_/install/car/share/car/meshes
[1.356s] copying meshes/suspension_back_left_1.stl -> /home/rhobtor/PHD/ARGOJ8_IA/ARGOSJ8_IA_/install/car/share/car/meshes
[1.356s] copying config/world_1_b.yaml -> /home/rhobtor/PHD/ARGOJ8_IA/ARGOSJ8_IA_/install/car/share/car/config
[1.356s] copying config/nav2.yaml -> /home/rhobtor/PHD/ARGOJ8_IA/ARGOSJ8_IA_/install/car/share/car/config
[1.356s] copying config/circuit_1.yaml -> /home/rhobtor/PHD/ARGOJ8_IA/ARGOSJ8_IA_/install/car/share/car/config
[1.356s] copying config/circuit_4.yaml -> /home/rhobtor/PHD/ARGOJ8_IA/ARGOSJ8_IA_/install/car/share/car/config
[1.356s] copying config/circuit_3.yaml -> /home/rhobtor/PHD/ARGOJ8_IA/ARGOSJ8_IA_/install/car/share/car/config
[1.356s] copying config/ekf_params.yaml -> /home/rhobtor/PHD/ARGOJ8_IA/ARGOSJ8_IA_/install/car/share/car/config
[1.356s] copying config/display.rviz -> /home/rhobtor/PHD/ARGOJ8_IA/ARGOSJ8_IA_/install/car/share/car/config
[1.356s] copying config/world1.yaml -> /home/rhobtor/PHD/ARGOJ8_IA/ARGOSJ8_IA_/install/car/share/car/config
[1.356s] copying config/circuit_2.yaml -> /home/rhobtor/PHD/ARGOJ8_IA/ARGOSJ8_IA_/install/car/share/car/config
[1.356s] copying config/mapper_params_online_async.yaml -> /home/rhobtor/PHD/ARGOJ8_IA/ARGOSJ8_IA_/install/car/share/car/config
[1.357s] copying config/goal.yaml -> /home/rhobtor/PHD/ARGOJ8_IA/ARGOSJ8_IA_/install/car/share/car/config
[1.357s] copying config/river_and_forest.yaml -> /home/rhobtor/PHD/ARGOJ8_IA/ARGOSJ8_IA_/install/car/share/car/config
[1.357s] copying config/octomap.yaml -> /home/rhobtor/PHD/ARGOJ8_IA/ARGOSJ8_IA_/install/car/share/car/config
[1.357s] running install_egg_info
[1.358s] Copying ../../build/car/car.egg-info to /home/rhobtor/PHD/ARGOJ8_IA/ARGOSJ8_IA_/install/car/lib/python3.10/site-packages/car-0.0.0-py3.10.egg-info
[1.359s] running install_scripts
[1.376s] Installing circuit1 script to /home/rhobtor/PHD/ARGOJ8_IA/ARGOSJ8_IA_/install/car/lib/car
[1.376s] Installing circuit_supervisor script to /home/rhobtor/PHD/ARGOJ8_IA/ARGOSJ8_IA_/install/car/lib/car
[1.376s] Installing cmd_vel_to_throttle script to /home/rhobtor/PHD/ARGOJ8_IA/ARGOSJ8_IA_/install/car/lib/car
[1.376s] Installing colision_zone script to /home/rhobtor/PHD/ARGOJ8_IA/ARGOSJ8_IA_/install/car/lib/car
[1.376s] Installing filter_points_cloud script to /home/rhobtor/PHD/ARGOJ8_IA/ARGOSJ8_IA_/install/car/lib/car
[1.376s] Installing frontier_centroid script to /home/rhobtor/PHD/ARGOJ8_IA/ARGOSJ8_IA_/install/car/lib/car
[1.376s] Installing fusion script to /home/rhobtor/PHD/ARGOJ8_IA/ARGOSJ8_IA_/install/car/lib/car
[1.376s] Installing inference_full_model script to /home/rhobtor/PHD/ARGOJ8_IA/ARGOSJ8_IA_/install/car/lib/car
[1.377s] Installing inference_j8 script to /home/rhobtor/PHD/ARGOJ8_IA/ARGOSJ8_IA_/install/car/lib/car
[1.377s] Installing inference_test_j8 script to /home/rhobtor/PHD/ARGOJ8_IA/ARGOSJ8_IA_/install/car/lib/car
[1.377s] Installing inference_training_mode_simple script to /home/rhobtor/PHD/ARGOJ8_IA/ARGOSJ8_IA_/install/car/lib/car
[1.377s] Installing j8_bueno script to /home/rhobtor/PHD/ARGOJ8_IA/ARGOSJ8_IA_/install/car/lib/car
[1.377s] Installing j8_policy script to /home/rhobtor/PHD/ARGOJ8_IA/ARGOSJ8_IA_/install/car/lib/car
[1.377s] Installing j8_test_ppo script to /home/rhobtor/PHD/ARGOJ8_IA/ARGOSJ8_IA_/install/car/lib/car
[1.377s] Installing joystick_control script to /home/rhobtor/PHD/ARGOJ8_IA/ARGOSJ8_IA_/install/car/lib/car
[1.377s] Installing keyboard_control script to /home/rhobtor/PHD/ARGOJ8_IA/ARGOSJ8_IA_/install/car/lib/car
[1.377s] Installing lidar_detection script to /home/rhobtor/PHD/ARGOJ8_IA/ARGOSJ8_IA_/install/car/lib/car
[1.378s] Installing map_navegation script to /home/rhobtor/PHD/ARGOJ8_IA/ARGOSJ8_IA_/install/car/lib/car
[1.378s] Installing map_navegation_test script to /home/rhobtor/PHD/ARGOJ8_IA/ARGOSJ8_IA_/install/car/lib/car
[1.378s] Installing memory_map script to /home/rhobtor/PHD/ARGOJ8_IA/ARGOSJ8_IA_/install/car/lib/car
[1.378s] Installing movement_predictive script to /home/rhobtor/PHD/ARGOJ8_IA/ARGOSJ8_IA_/install/car/lib/car
[1.378s] Installing odom_to_tf script to /home/rhobtor/PHD/ARGOJ8_IA/ARGOSJ8_IA_/install/car/lib/car
[1.378s] Installing path_ppo_cnn_lstm_full_model script to /home/rhobtor/PHD/ARGOJ8_IA/ARGOSJ8_IA_/install/car/lib/car
[1.378s] Installing path_ppo_cnn_lstm_training_init_mode script to /home/rhobtor/PHD/ARGOJ8_IA/ARGOSJ8_IA_/install/car/lib/car
[1.378s] Installing path_ppo_cnn_lstm_training_init_mode_j8 script to /home/rhobtor/PHD/ARGOJ8_IA/ARGOSJ8_IA_/install/car/lib/car
[1.378s] Installing path_ppo_cnn_lstm_training_init_mode_simple script to /home/rhobtor/PHD/ARGOJ8_IA/ARGOSJ8_IA_/install/car/lib/car
[1.378s] Installing points_goal script to /home/rhobtor/PHD/ARGOJ8_IA/ARGOSJ8_IA_/install/car/lib/car
[1.378s] Installing points_goal_old script to /home/rhobtor/PHD/ARGOJ8_IA/ARGOSJ8_IA_/install/car/lib/car
[1.378s] Installing prior_map_builder script to /home/rhobtor/PHD/ARGOJ8_IA/ARGOSJ8_IA_/install/car/lib/car
[1.378s] Installing scape_test script to /home/rhobtor/PHD/ARGOJ8_IA/ARGOSJ8_IA_/install/car/lib/car
[1.378s] Installing supervisor_node script to /home/rhobtor/PHD/ARGOJ8_IA/ARGOSJ8_IA_/install/car/lib/car
[1.378s] Installing test_j8_old script to /home/rhobtor/PHD/ARGOJ8_IA/ARGOSJ8_IA_/install/car/lib/car
[1.378s] Installing test_octomap script to /home/rhobtor/PHD/ARGOJ8_IA/ARGOSJ8_IA_/install/car/lib/car
[1.378s] Installing test_vel script to /home/rhobtor/PHD/ARGOJ8_IA/ARGOSJ8_IA_/install/car/lib/car
[1.378s] Installing unity_goal script to /home/rhobtor/PHD/ARGOJ8_IA/ARGOSJ8_IA_/install/car/lib/car
[1.379s] Installing voxel_unity script to /home/rhobtor/PHD/ARGOJ8_IA/ARGOSJ8_IA_/install/car/lib/car
[1.379s] writing list of installed files to '/home/rhobtor/PHD/ARGOJ8_IA/ARGOSJ8_IA_/build/car/install.log'
[1.399s] Invoked command in '/home/rhobtor/PHD/ARGOJ8_IA/ARGOSJ8_IA_/src/car_python' returned '0': AMENT_PREFIX_PATH=/home/rhobtor/PHD/ARGOJ8_IA/ARGOSJ8_IA_/install/car_interfaces:/home/rhobtor/PHD/ARGOJ8_IA/ARGOSJ8_IA_/install/argj801_ctl_platform_interfaces:${AMENT_PREFIX_PATH} CMAKE_PREFIX_PATH=/home/rhobtor/PHD/ARGOJ8_IA/ARGOSJ8_IA_/install/car_interfaces:/home/rhobtor/PHD/ARGOJ8_IA/ARGOSJ8_IA_/install/argj801_ctl_platform_interfaces:${CMAKE_PREFIX_PATH} LD_LIBRARY_PATH=/home/rhobtor/PHD/ARGOJ8_IA/ARGOSJ8_IA_/install/car_interfaces/lib:/home/rhobtor/PHD/ARGOJ8_IA/ARGOSJ8_IA_/install/argj801_ctl_platform_interfaces/lib:${LD_LIBRARY_PATH} PYTHONPATH=/home/rhobtor/PHD/ARGOJ8_IA/ARGOSJ8_IA_/build/car/prefix_override:/usr/lib/python3/dist-packages/colcon_core/task/python/colcon_distutils_commands:/home/rhobtor/PHD/ARGOJ8_IA/ARGOSJ8_IA_/install/car/lib/python3.10/site-packages:/home/rhobtor/PHD/ARGOJ8_IA/ARGOSJ8_IA_/install/car_interfaces/local/lib/python3.10/dist-packages:/home/rhobtor/PHD/ARGOJ8_IA/ARGOSJ8_IA_/install/argj801_ctl_platform_interfaces/local/lib/python3.10/dist-packages:${PYTHONPATH} /usr/bin/python3 -W ignore:setup.py install is deprecated -W ignore:easy_install command is deprecated setup.py egg_info --egg-base ../../build/car build --build-base /home/rhobtor/PHD/ARGOJ8_IA/ARGOSJ8_IA_/build/car/build install --record /home/rhobtor/PHD/ARGOJ8_IA/ARGOSJ8_IA_/build/car/install.log --single-version-externally-managed install_data --force
