[0.992s] Invoking command in '/home/rhobtor/PHD/ARGOJ8_IA/ARGOSJ8_IA_/build/car': AMENT_PREFIX_PATH=/home/rhobtor/PHD/ARGOJ8_IA/ARGOSJ8_IA_/install/car_interfaces:/home/rhobtor/PHD/ARGOJ8_IA/ARGOSJ8_IA_/install/argj801_ctl_platform_interfaces:${AMENT_PREFIX_PATH} CMAKE_PREFIX_PATH=/home/rhobtor/PHD/ARGOJ8_IA/ARGOSJ8_IA_/install/car_interfaces:/home/rhobtor/PHD/ARGOJ8_IA/ARGOSJ8_IA_/install/argj801_ctl_platform_interfaces:${CMAKE_PREFIX_PATH} LD_LIBRARY_PATH=/home/rhobtor/PHD/ARGOJ8_IA/ARGOSJ8_IA_/install/car_interfaces/lib:/home/rhobtor/PHD/ARGOJ8_IA/ARGOSJ8_IA_/install/argj801_ctl_platform_interfaces/lib:${LD_LIBRARY_PATH} PYTHONPATH=/home/rhobtor/PHD/ARGOJ8_IA/ARGOSJ8_IA_/build/car/prefix_override:/usr/lib/python3/dist-packages/colcon_core/task/python/colcon_distutils_commands:/home/rhobtor/PHD/ARGOJ8_IA/ARGOSJ8_IA_/install/car/lib/python3.10/site-packages:/home/rhobtor/PHD/ARGOJ8_IA/ARGOSJ8_IA_/install/car_interfaces/local/lib/python3.10/dist-packages:/home/rhobtor/PHD/ARGOJ8_IA/ARGOSJ8_IA_/install/argj801_ctl_platform_interfaces/local/lib/python3.10/dist-packages:${PYTHONPATH} /usr/bin/python3 -W ignore:setup.py install is deprecated -W ignore:easy_install command is deprecated setup.py develop --editable --build-directory /home/rhobtor/PHD/ARGOJ8_IA/ARGOSJ8_IA_/build/car/build --no-deps symlink_data --force
[1.138s] /home/rhobtor/.local/lib/python3.10/site-packages/setuptools/_distutils/dist.py:289: UserWarning: Unknown distribution option: 'tests_require'
[1.138s]   warnings.warn(msg)
[1.173s] running develop
[1.173s] running install
[1.201s] running build
[1.201s] running build_py
[1.217s] copying car/latlon_circuit.py -> build/lib/car
[1.218s] copying car/points_goal_old.py -> build/lib/car
[1.218s] copying car/keyboard_control.py -> build/lib/car
[1.218s] copying car/memory_map.py -> build/lib/car
[1.218s] copying car/path_ppo_cnn_lstm_full_model.py -> build/lib/car
[1.218s] copying car/j8_test_ppo.py -> build/lib/car
[1.218s] copying car/scape_test.py -> build/lib/car
[1.218s] copying car/movement_predictive.py -> build/lib/car
[1.218s] copying car/cmd_vel_to_throttle.py -> build/lib/car
[1.218s] copying car/goal_local_marker.py -> build/lib/car
[1.219s] copying car/gnss_goal_circuit.py -> build/lib/car
[1.219s] copying car/navsatfix_to_ecef.py -> build/lib/car
[1.219s] copying car/lidar_obstacle_detection.py -> build/lib/car
[1.219s] copying car/voxel_unity.py -> build/lib/car
[1.219s] copying car/check_goal_gnss.py -> build/lib/car
[1.219s] copying car/test_octomap.py -> build/lib/car
[1.219s] copying car/fp_poi_map_odom_static_test.py -> build/lib/car
[1.220s] copying car/frontier_centroid.py -> build/lib/car
[1.220s] copying car/fixposition_map_anchor.py -> build/lib/car
[1.220s] copying car/fixposition_local_tf_from_odom.py -> build/lib/car
[1.220s] copying car/j8_bueno.py -> build/lib/car
[1.220s] copying car/colision_zone.py -> build/lib/car
[1.221s] copying car/supervisor_circuit.py -> build/lib/car
[1.221s] copying car/backup_model_ppo_cnn_lstm.py -> build/lib/car
[1.221s] copying car/odom_to_tf.py -> build/lib/car
[1.222s] copying car/fp_poi_map_static_from_start.py -> build/lib/car
[1.222s] copying car/inference_full_model.py -> build/lib/car
[1.222s] copying car/prior_map_builder.py -> build/lib/car
[1.222s] copying car/inference_j8.py -> build/lib/car
[1.223s] copying car/__init__.py -> build/lib/car
[1.223s] copying car/latlon_posearray_to_local.py -> build/lib/car
[1.223s] copying car/fixposition_map_odom_static_from_odom.py -> build/lib/car
[1.223s] copying car/inference_training_mode_simple.py -> build/lib/car
[1.223s] copying car/joystick_control.py -> build/lib/car
[1.223s] copying car/planificador_script.py -> build/lib/car
[1.224s] copying car/map_test_navigation_hgh.py -> build/lib/car
[1.224s] copying car/circuit1.py -> build/lib/car
[1.224s] copying car/fixposition_reframe.py -> build/lib/car
[1.224s] copying car/points_goal.py -> build/lib/car
[1.224s] copying car/path_ppo_cnn_lstm_training_init_mode_j8.py -> build/lib/car
[1.224s] copying car/fixposition_tf_tree_for_zed.py -> build/lib/car
[1.225s] copying car/map_navegation.py -> build/lib/car
[1.225s] copying car/fixposition_odom_to_base_link_tf.py -> build/lib/car
[1.225s] copying car/test_vel.py -> build/lib/car
[1.225s] copying car/zed_static_tf_tree.py -> build/lib/car
[1.225s] copying car/supervisor.py -> build/lib/car
[1.225s] copying car/costmap.py -> build/lib/car
[1.226s] copying car/navsatfix_goal_to_map_pose.py -> build/lib/car
[1.226s] copying car/unity_goal.py -> build/lib/car
[1.226s] copying car/path_ppo_cnn_lstm_training_init_mode.py -> build/lib/car
[1.226s] copying car/path_ppo_cnn_lstm_training_init_mode_simple.py -> build/lib/car
[1.226s] copying car/latlon_posearray_to_local_utm.py -> build/lib/car
[1.226s] copying car/inference_test_j8.py -> build/lib/car
[1.227s] copying car/filter_points_cloud.py -> build/lib/car
[1.227s] copying car/test_j8_old.py -> build/lib/car
[1.227s] copying car/fusion.py -> build/lib/car
[1.227s] copying car/j8_policy.py -> build/lib/car
[1.228s] running install_lib
[1.245s] copying build/lib/car/latlon_circuit.py -> /home/rhobtor/PHD/ARGOJ8_IA/ARGOSJ8_IA_/install/car/lib/python3.10/site-packages/car
[1.245s] copying build/lib/car/points_goal_old.py -> /home/rhobtor/PHD/ARGOJ8_IA/ARGOSJ8_IA_/install/car/lib/python3.10/site-packages/car
[1.246s] copying build/lib/car/keyboard_control.py -> /home/rhobtor/PHD/ARGOJ8_IA/ARGOSJ8_IA_/install/car/lib/python3.10/site-packages/car
[1.246s] copying build/lib/car/memory_map.py -> /home/rhobtor/PHD/ARGOJ8_IA/ARGOSJ8_IA_/install/car/lib/python3.10/site-packages/car
[1.246s] copying build/lib/car/path_ppo_cnn_lstm_full_model.py -> /home/rhobtor/PHD/ARGOJ8_IA/ARGOSJ8_IA_/install/car/lib/python3.10/site-packages/car
[1.246s] copying build/lib/car/j8_test_ppo.py -> /home/rhobtor/PHD/ARGOJ8_IA/ARGOSJ8_IA_/install/car/lib/python3.10/site-packages/car
[1.246s] copying build/lib/car/scape_test.py -> /home/rhobtor/PHD/ARGOJ8_IA/ARGOSJ8_IA_/install/car/lib/python3.10/site-packages/car
[1.246s] copying build/lib/car/movement_predictive.py -> /home/rhobtor/PHD/ARGOJ8_IA/ARGOSJ8_IA_/install/car/lib/python3.10/site-packages/car
[1.246s] copying build/lib/car/cmd_vel_to_throttle.py -> /home/rhobtor/PHD/ARGOJ8_IA/ARGOSJ8_IA_/install/car/lib/python3.10/site-packages/car
[1.246s] copying build/lib/car/goal_local_marker.py -> /home/rhobtor/PHD/ARGOJ8_IA/ARGOSJ8_IA_/install/car/lib/python3.10/site-packages/car
[1.247s] copying build/lib/car/gnss_goal_circuit.py -> /home/rhobtor/PHD/ARGOJ8_IA/ARGOSJ8_IA_/install/car/lib/python3.10/site-packages/car
[1.247s] copying build/lib/car/navsatfix_to_ecef.py -> /home/rhobtor/PHD/ARGOJ8_IA/ARGOSJ8_IA_/install/car/lib/python3.10/site-packages/car
[1.247s] copying build/lib/car/lidar_obstacle_detection.py -> /home/rhobtor/PHD/ARGOJ8_IA/ARGOSJ8_IA_/install/car/lib/python3.10/site-packages/car
[1.247s] copying build/lib/car/voxel_unity.py -> /home/rhobtor/PHD/ARGOJ8_IA/ARGOSJ8_IA_/install/car/lib/python3.10/site-packages/car
[1.247s] copying build/lib/car/check_goal_gnss.py -> /home/rhobtor/PHD/ARGOJ8_IA/ARGOSJ8_IA_/install/car/lib/python3.10/site-packages/car
[1.248s] copying build/lib/car/test_octomap.py -> /home/rhobtor/PHD/ARGOJ8_IA/ARGOSJ8_IA_/install/car/lib/python3.10/site-packages/car
[1.248s] copying build/lib/car/fp_poi_map_odom_static_test.py -> /home/rhobtor/PHD/ARGOJ8_IA/ARGOSJ8_IA_/install/car/lib/python3.10/site-packages/car
[1.248s] copying build/lib/car/frontier_centroid.py -> /home/rhobtor/PHD/ARGOJ8_IA/ARGOSJ8_IA_/install/car/lib/python3.10/site-packages/car
[1.248s] copying build/lib/car/fixposition_map_anchor.py -> /home/rhobtor/PHD/ARGOJ8_IA/ARGOSJ8_IA_/install/car/lib/python3.10/site-packages/car
[1.248s] copying build/lib/car/fixposition_local_tf_from_odom.py -> /home/rhobtor/PHD/ARGOJ8_IA/ARGOSJ8_IA_/install/car/lib/python3.10/site-packages/car
[1.248s] copying build/lib/car/j8_bueno.py -> /home/rhobtor/PHD/ARGOJ8_IA/ARGOSJ8_IA_/install/car/lib/python3.10/site-packages/car
[1.249s] copying build/lib/car/colision_zone.py -> /home/rhobtor/PHD/ARGOJ8_IA/ARGOSJ8_IA_/install/car/lib/python3.10/site-packages/car
[1.249s] copying build/lib/car/supervisor_circuit.py -> /home/rhobtor/PHD/ARGOJ8_IA/ARGOSJ8_IA_/install/car/lib/python3.10/site-packages/car
[1.249s] copying build/lib/car/backup_model_ppo_cnn_lstm.py -> /home/rhobtor/PHD/ARGOJ8_IA/ARGOSJ8_IA_/install/car/lib/python3.10/site-packages/car
[1.249s] copying build/lib/car/odom_to_tf.py -> /home/rhobtor/PHD/ARGOJ8_IA/ARGOSJ8_IA_/install/car/lib/python3.10/site-packages/car
[1.249s] copying build/lib/car/fp_poi_map_static_from_start.py -> /home/rhobtor/PHD/ARGOJ8_IA/ARGOSJ8_IA_/install/car/lib/python3.10/site-packages/car
[1.249s] copying build/lib/car/inference_full_model.py -> /home/rhobtor/PHD/ARGOJ8_IA/ARGOSJ8_IA_/install/car/lib/python3.10/site-packages/car
[1.249s] copying build/lib/car/prior_map_builder.py -> /home/rhobtor/PHD/ARGOJ8_IA/ARGOSJ8_IA_/install/car/lib/python3.10/site-packages/car
[1.249s] copying build/lib/car/inference_j8.py -> /home/rhobtor/PHD/ARGOJ8_IA/ARGOSJ8_IA_/install/car/lib/python3.10/site-packages/car
[1.249s] copying build/lib/car/__init__.py -> /home/rhobtor/PHD/ARGOJ8_IA/ARGOSJ8_IA_/install/car/lib/python3.10/site-packages/car
[1.249s] copying build/lib/car/latlon_posearray_to_local.py -> /home/rhobtor/PHD/ARGOJ8_IA/ARGOSJ8_IA_/install/car/lib/python3.10/site-packages/car
[1.250s] copying build/lib/car/fixposition_map_odom_static_from_odom.py -> /home/rhobtor/PHD/ARGOJ8_IA/ARGOSJ8_IA_/install/car/lib/python3.10/site-packages/car
[1.250s] copying build/lib/car/inference_training_mode_simple.py -> /home/rhobtor/PHD/ARGOJ8_IA/ARGOSJ8_IA_/install/car/lib/python3.10/site-packages/car
[1.250s] copying build/lib/car/joystick_control.py -> /home/rhobtor/PHD/ARGOJ8_IA/ARGOSJ8_IA_/install/car/lib/python3.10/site-packages/car
[1.250s] copying build/lib/car/planificador_script.py -> /home/rhobtor/PHD/ARGOJ8_IA/ARGOSJ8_IA_/install/car/lib/python3.10/site-packages/car
[1.251s] copying build/lib/car/map_test_navigation_hgh.py -> /home/rhobtor/PHD/ARGOJ8_IA/ARGOSJ8_IA_/install/car/lib/python3.10/site-packages/car
[1.251s] copying build/lib/car/circuit1.py -> /home/rhobtor/PHD/ARGOJ8_IA/ARGOSJ8_IA_/install/car/lib/python3.10/site-packages/car
[1.251s] copying build/lib/car/fixposition_reframe.py -> /home/rhobtor/PHD/ARGOJ8_IA/ARGOSJ8_IA_/install/car/lib/python3.10/site-packages/car
[1.251s] copying build/lib/car/points_goal.py -> /home/rhobtor/PHD/ARGOJ8_IA/ARGOSJ8_IA_/install/car/lib/python3.10/site-packages/car
[1.252s] copying build/lib/car/path_ppo_cnn_lstm_training_init_mode_j8.py -> /home/rhobtor/PHD/ARGOJ8_IA/ARGOSJ8_IA_/install/car/lib/python3.10/site-packages/car
[1.252s] copying build/lib/car/fixposition_tf_tree_for_zed.py -> /home/rhobtor/PHD/ARGOJ8_IA/ARGOSJ8_IA_/install/car/lib/python3.10/site-packages/car
[1.252s] copying build/lib/car/map_navegation.py -> /home/rhobtor/PHD/ARGOJ8_IA/ARGOSJ8_IA_/install/car/lib/python3.10/site-packages/car
[1.252s] copying build/lib/car/fixposition_odom_to_base_link_tf.py -> /home/rhobtor/PHD/ARGOJ8_IA/ARGOSJ8_IA_/install/car/lib/python3.10/site-packages/car
[1.252s] copying build/lib/car/test_vel.py -> /home/rhobtor/PHD/ARGOJ8_IA/ARGOSJ8_IA_/install/car/lib/python3.10/site-packages/car
[1.252s] copying build/lib/car/zed_static_tf_tree.py -> /home/rhobtor/PHD/ARGOJ8_IA/ARGOSJ8_IA_/install/car/lib/python3.10/site-packages/car
[1.252s] copying build/lib/car/supervisor.py -> /home/rhobtor/PHD/ARGOJ8_IA/ARGOSJ8_IA_/install/car/lib/python3.10/site-packages/car
[1.252s] copying build/lib/car/costmap.py -> /home/rhobtor/PHD/ARGOJ8_IA/ARGOSJ8_IA_/install/car/lib/python3.10/site-packages/car
[1.252s] copying build/lib/car/navsatfix_goal_to_map_pose.py -> /home/rhobtor/PHD/ARGOJ8_IA/ARGOSJ8_IA_/install/car/lib/python3.10/site-packages/car
[1.252s] copying build/lib/car/unity_goal.py -> /home/rhobtor/PHD/ARGOJ8_IA/ARGOSJ8_IA_/install/car/lib/python3.10/site-packages/car
[1.253s] copying build/lib/car/path_ppo_cnn_lstm_training_init_mode.py -> /home/rhobtor/PHD/ARGOJ8_IA/ARGOSJ8_IA_/install/car/lib/python3.10/site-packages/car
[1.253s] copying build/lib/car/path_ppo_cnn_lstm_training_init_mode_simple.py -> /home/rhobtor/PHD/ARGOJ8_IA/ARGOSJ8_IA_/install/car/lib/python3.10/site-packages/car
[1.253s] copying build/lib/car/latlon_posearray_to_local_utm.py -> /home/rhobtor/PHD/ARGOJ8_IA/ARGOSJ8_IA_/install/car/lib/python3.10/site-packages/car
[1.253s] copying build/lib/car/inference_test_j8.py -> /home/rhobtor/PHD/ARGOJ8_IA/ARGOSJ8_IA_/install/car/lib/python3.10/site-packages/car
[1.253s] copying build/lib/car/filter_points_cloud.py -> /home/rhobtor/PHD/ARGOJ8_IA/ARGOSJ8_IA_/install/car/lib/python3.10/site-packages/car
[1.253s] copying build/lib/car/test_j8_old.py -> /home/rhobtor/PHD/ARGOJ8_IA/ARGOSJ8_IA_/install/car/lib/python3.10/site-packages/car
[1.253s] copying build/lib/car/fusion.py -> /home/rhobtor/PHD/ARGOJ8_IA/ARGOSJ8_IA_/install/car/lib/python3.10/site-packages/car
[1.253s] copying build/lib/car/j8_policy.py -> /home/rhobtor/PHD/ARGOJ8_IA/ARGOSJ8_IA_/install/car/lib/python3.10/site-packages/car
[1.254s] byte-compiling /home/rhobtor/PHD/ARGOJ8_IA/ARGOSJ8_IA_/install/car/lib/python3.10/site-packages/car/latlon_circuit.py to latlon_circuit.cpython-310.pyc
[1.256s] byte-compiling /home/rhobtor/PHD/ARGOJ8_IA/ARGOSJ8_IA_/install/car/lib/python3.10/site-packages/car/points_goal_old.py to points_goal_old.cpython-310.pyc
[1.258s] byte-compiling /home/rhobtor/PHD/ARGOJ8_IA/ARGOSJ8_IA_/install/car/lib/python3.10/site-packages/car/keyboard_control.py to keyboard_control.cpython-310.pyc
[1.260s] byte-compiling /home/rhobtor/PHD/ARGOJ8_IA/ARGOSJ8_IA_/install/car/lib/python3.10/site-packages/car/memory_map.py to memory_map.cpython-310.pyc
[1.261s] byte-compiling /home/rhobtor/PHD/ARGOJ8_IA/ARGOSJ8_IA_/install/car/lib/python3.10/site-packages/car/path_ppo_cnn_lstm_full_model.py to path_ppo_cnn_lstm_full_model.cpython-310.pyc
[1.268s] byte-compiling /home/rhobtor/PHD/ARGOJ8_IA/ARGOSJ8_IA_/install/car/lib/python3.10/site-packages/car/j8_test_ppo.py to j8_test_ppo.cpython-310.pyc
[1.279s] byte-compiling /home/rhobtor/PHD/ARGOJ8_IA/ARGOSJ8_IA_/install/car/lib/python3.10/site-packages/car/scape_test.py to scape_test.cpython-310.pyc
[1.282s] byte-compiling /home/rhobtor/PHD/ARGOJ8_IA/ARGOSJ8_IA_/install/car/lib/python3.10/site-packages/car/movement_predictive.py to movement_predictive.cpython-310.pyc
[1.283s] byte-compiling /home/rhobtor/PHD/ARGOJ8_IA/ARGOSJ8_IA_/install/car/lib/python3.10/site-packages/car/cmd_vel_to_throttle.py to cmd_vel_to_throttle.cpython-310.pyc
[1.284s] byte-compiling /home/rhobtor/PHD/ARGOJ8_IA/ARGOSJ8_IA_/install/car/lib/python3.10/site-packages/car/goal_local_marker.py to goal_local_marker.cpython-310.pyc
[1.284s] byte-compiling /home/rhobtor/PHD/ARGOJ8_IA/ARGOSJ8_IA_/install/car/lib/python3.10/site-packages/car/gnss_goal_circuit.py to gnss_goal_circuit.cpython-310.pyc
[1.286s] byte-compiling /home/rhobtor/PHD/ARGOJ8_IA/ARGOSJ8_IA_/install/car/lib/python3.10/site-packages/car/navsatfix_to_ecef.py to navsatfix_to_ecef.cpython-310.pyc
[1.287s] byte-compiling /home/rhobtor/PHD/ARGOJ8_IA/ARGOSJ8_IA_/install/car/lib/python3.10/site-packages/car/lidar_obstacle_detection.py to lidar_obstacle_detection.cpython-310.pyc
[1.288s] byte-compiling /home/rhobtor/PHD/ARGOJ8_IA/ARGOSJ8_IA_/install/car/lib/python3.10/site-packages/car/voxel_unity.py to voxel_unity.cpython-310.pyc
[1.289s] byte-compiling /home/rhobtor/PHD/ARGOJ8_IA/ARGOSJ8_IA_/install/car/lib/python3.10/site-packages/car/check_goal_gnss.py to check_goal_gnss.cpython-310.pyc
[1.290s] byte-compiling /home/rhobtor/PHD/ARGOJ8_IA/ARGOSJ8_IA_/install/car/lib/python3.10/site-packages/car/test_octomap.py to test_octomap.cpython-310.pyc
[1.290s] byte-compiling /home/rhobtor/PHD/ARGOJ8_IA/ARGOSJ8_IA_/install/car/lib/python3.10/site-packages/car/fp_poi_map_odom_static_test.py to fp_poi_map_odom_static_test.cpython-310.pyc
[1.291s] byte-compiling /home/rhobtor/PHD/ARGOJ8_IA/ARGOSJ8_IA_/install/car/lib/python3.10/site-packages/car/frontier_centroid.py to frontier_centroid.cpython-310.pyc
[1.293s] byte-compiling /home/rhobtor/PHD/ARGOJ8_IA/ARGOSJ8_IA_/install/car/lib/python3.10/site-packages/car/fixposition_map_anchor.py to fixposition_map_anchor.cpython-310.pyc
[1.295s] byte-compiling /home/rhobtor/PHD/ARGOJ8_IA/ARGOSJ8_IA_/install/car/lib/python3.10/site-packages/car/fixposition_local_tf_from_odom.py to fixposition_local_tf_from_odom.cpython-310.pyc
[1.297s] byte-compiling /home/rhobtor/PHD/ARGOJ8_IA/ARGOSJ8_IA_/install/car/lib/python3.10/site-packages/car/j8_bueno.py to j8_bueno.cpython-310.pyc
[1.310s] byte-compiling /home/rhobtor/PHD/ARGOJ8_IA/ARGOSJ8_IA_/install/car/lib/python3.10/site-packages/car/colision_zone.py to colision_zone.cpython-310.pyc
[1.311s] byte-compiling /home/rhobtor/PHD/ARGOJ8_IA/ARGOSJ8_IA_/install/car/lib/python3.10/site-packages/car/supervisor_circuit.py to supervisor_circuit.cpython-310.pyc
[1.312s] byte-compiling /home/rhobtor/PHD/ARGOJ8_IA/ARGOSJ8_IA_/install/car/lib/python3.10/site-packages/car/backup_model_ppo_cnn_lstm.py to backup_model_ppo_cnn_lstm.cpython-310.pyc
[1.318s] byte-compiling /home/rhobtor/PHD/ARGOJ8_IA/ARGOSJ8_IA_/install/car/lib/python3.10/site-packages/car/odom_to_tf.py to odom_to_tf.cpython-310.pyc
[1.319s] byte-compiling /home/rhobtor/PHD/ARGOJ8_IA/ARGOSJ8_IA_/install/car/lib/python3.10/site-packages/car/fp_poi_map_static_from_start.py to fp_poi_map_static_from_start.cpython-310.pyc
[1.320s] byte-compiling /home/rhobtor/PHD/ARGOJ8_IA/ARGOSJ8_IA_/install/car/lib/python3.10/site-packages/car/inference_full_model.py to inference_full_model.cpython-310.pyc
[1.323s] byte-compiling /home/rhobtor/PHD/ARGOJ8_IA/ARGOSJ8_IA_/install/car/lib/python3.10/site-packages/car/prior_map_builder.py to prior_map_builder.cpython-310.pyc
[1.325s] byte-compiling /home/rhobtor/PHD/ARGOJ8_IA/ARGOSJ8_IA_/install/car/lib/python3.10/site-packages/car/inference_j8.py to inference_j8.cpython-310.pyc
[1.327s] byte-compiling /home/rhobtor/PHD/ARGOJ8_IA/ARGOSJ8_IA_/install/car/lib/python3.10/site-packages/car/__init__.py to __init__.cpython-310.pyc
[1.327s] byte-compiling /home/rhobtor/PHD/ARGOJ8_IA/ARGOSJ8_IA_/install/car/lib/python3.10/site-packages/car/latlon_posearray_to_local.py to latlon_posearray_to_local.cpython-310.pyc
[1.330s] byte-compiling /home/rhobtor/PHD/ARGOJ8_IA/ARGOSJ8_IA_/install/car/lib/python3.10/site-packages/car/fixposition_map_odom_static_from_odom.py to fixposition_map_odom_static_from_odom.cpython-310.pyc
[1.331s] byte-compiling /home/rhobtor/PHD/ARGOJ8_IA/ARGOSJ8_IA_/install/car/lib/python3.10/site-packages/car/inference_training_mode_simple.py to inference_training_mode_simple.cpython-310.pyc
[1.333s] byte-compiling /home/rhobtor/PHD/ARGOJ8_IA/ARGOSJ8_IA_/install/car/lib/python3.10/site-packages/car/joystick_control.py to joystick_control.cpython-310.pyc
[1.334s] byte-compiling /home/rhobtor/PHD/ARGOJ8_IA/ARGOSJ8_IA_/install/car/lib/python3.10/site-packages/car/planificador_script.py to planificador_script.cpython-310.pyc
[1.337s] byte-compiling /home/rhobtor/PHD/ARGOJ8_IA/ARGOSJ8_IA_/install/car/lib/python3.10/site-packages/car/map_test_navigation_hgh.py to map_test_navigation_hgh.cpython-310.pyc
[1.340s] byte-compiling /home/rhobtor/PHD/ARGOJ8_IA/ARGOSJ8_IA_/install/car/lib/python3.10/site-packages/car/circuit1.py to circuit1.cpython-310.pyc
[1.342s] byte-compiling /home/rhobtor/PHD/ARGOJ8_IA/ARGOSJ8_IA_/install/car/lib/python3.10/site-packages/car/fixposition_reframe.py to fixposition_reframe.cpython-310.pyc
[1.343s] byte-compiling /home/rhobtor/PHD/ARGOJ8_IA/ARGOSJ8_IA_/install/car/lib/python3.10/site-packages/car/points_goal.py to points_goal.cpython-310.pyc
[1.345s] byte-compiling /home/rhobtor/PHD/ARGOJ8_IA/ARGOSJ8_IA_/install/car/lib/python3.10/site-packages/car/path_ppo_cnn_lstm_training_init_mode_j8.py to path_ppo_cnn_lstm_training_init_mode_j8.cpython-310.pyc
[1.360s] byte-compiling /home/rhobtor/PHD/ARGOJ8_IA/ARGOSJ8_IA_/install/car/lib/python3.10/site-packages/car/fixposition_tf_tree_for_zed.py to fixposition_tf_tree_for_zed.cpython-310.pyc
[1.363s] byte-compiling /home/rhobtor/PHD/ARGOJ8_IA/ARGOSJ8_IA_/install/car/lib/python3.10/site-packages/car/map_navegation.py to map_navegation.cpython-310.pyc
[1.365s] byte-compiling /home/rhobtor/PHD/ARGOJ8_IA/ARGOSJ8_IA_/install/car/lib/python3.10/site-packages/car/fixposition_odom_to_base_link_tf.py to fixposition_odom_to_base_link_tf.cpython-310.pyc
[1.366s] byte-compiling /home/rhobtor/PHD/ARGOJ8_IA/ARGOSJ8_IA_/install/car/lib/python3.10/site-packages/car/test_vel.py to test_vel.cpython-310.pyc
[1.367s] byte-compiling /home/rhobtor/PHD/ARGOJ8_IA/ARGOSJ8_IA_/install/car/lib/python3.10/site-packages/car/zed_static_tf_tree.py to zed_static_tf_tree.cpython-310.pyc
[1.368s] byte-compiling /home/rhobtor/PHD/ARGOJ8_IA/ARGOSJ8_IA_/install/car/lib/python3.10/site-packages/car/supervisor.py to supervisor.cpython-310.pyc
[1.370s] byte-compiling /home/rhobtor/PHD/ARGOJ8_IA/ARGOSJ8_IA_/install/car/lib/python3.10/site-packages/car/costmap.py to costmap.cpython-310.pyc
[1.370s] byte-compiling /home/rhobtor/PHD/ARGOJ8_IA/ARGOSJ8_IA_/install/car/lib/python3.10/site-packages/car/navsatfix_goal_to_map_pose.py to navsatfix_goal_to_map_pose.cpython-310.pyc
[1.371s] byte-compiling /home/rhobtor/PHD/ARGOJ8_IA/ARGOSJ8_IA_/install/car/lib/python3.10/site-packages/car/unity_goal.py to unity_goal.cpython-310.pyc
[1.372s] byte-compiling /home/rhobtor/PHD/ARGOJ8_IA/ARGOSJ8_IA_/install/car/lib/python3.10/site-packages/car/path_ppo_cnn_lstm_training_init_mode.py to path_ppo_cnn_lstm_training_init_mode.cpython-310.pyc
[1.376s] byte-compiling /home/rhobtor/PHD/ARGOJ8_IA/ARGOSJ8_IA_/install/car/lib/python3.10/site-packages/car/path_ppo_cnn_lstm_training_init_mode_simple.py to path_ppo_cnn_lstm_training_init_mode_simple.cpython-310.pyc
[1.380s] byte-compiling /home/rhobtor/PHD/ARGOJ8_IA/ARGOSJ8_IA_/install/car/lib/python3.10/site-packages/car/latlon_posearray_to_local_utm.py to latlon_posearray_to_local_utm.cpython-310.pyc
[1.382s] byte-compiling /home/rhobtor/PHD/ARGOJ8_IA/ARGOSJ8_IA_/install/car/lib/python3.10/site-packages/car/inference_test_j8.py to inference_test_j8.cpython-310.pyc
[1.385s] byte-compiling /home/rhobtor/PHD/ARGOJ8_IA/ARGOSJ8_IA_/install/car/lib/python3.10/site-packages/car/filter_points_cloud.py to filter_points_cloud.cpython-310.pyc
[1.386s] byte-compiling /home/rhobtor/PHD/ARGOJ8_IA/ARGOSJ8_IA_/install/car/lib/python3.10/site-packages/car/test_j8_old.py to test_j8_old.cpython-310.pyc
[1.394s] byte-compiling /home/rhobtor/PHD/ARGOJ8_IA/ARGOSJ8_IA_/install/car/lib/python3.10/site-packages/car/fusion.py to fusion.cpython-310.pyc
[1.395s] byte-compiling /home/rhobtor/PHD/ARGOJ8_IA/ARGOSJ8_IA_/install/car/lib/python3.10/site-packages/car/j8_policy.py to j8_policy.cpython-310.pyc
[1.402s] running install_data
[1.417s] copying resource/car -> /home/rhobtor/PHD/ARGOJ8_IA/ARGOSJ8_IA_/install/car/share/ament_index/resource_index/packages
[1.417s] copying package.xml -> /home/rhobtor/PHD/ARGOJ8_IA/ARGOSJ8_IA_/install/car/share/car
[1.417s] copying launch/gazebo.launch.py -> /home/rhobtor/PHD/ARGOJ8_IA/ARGOSJ8_IA_/install/car/share/car/launch
[1.418s] copying launch/ekf.launch.py -> /home/rhobtor/PHD/ARGOJ8_IA/ARGOSJ8_IA_/install/car/share/car/launch
[1.418s] copying launch/fixposition_local_j8_urdf.launch.py -> /home/rhobtor/PHD/ARGOJ8_IA/ARGOSJ8_IA_/install/car/share/car/launch
[1.418s] copying launch/fp_poi_map_odom_base_link_camera_test.launch.py -> /home/rhobtor/PHD/ARGOJ8_IA/ARGOSJ8_IA_/install/car/share/car/launch
[1.418s] copying launch/control.launch.py -> /home/rhobtor/PHD/ARGOJ8_IA/ARGOSJ8_IA_/install/car/share/car/launch
[1.419s] copying launch/gazebo_mountain.launch.py -> /home/rhobtor/PHD/ARGOJ8_IA/ARGOSJ8_IA_/install/car/share/car/launch
[1.419s] copying launch/world_1_b.launch.py -> /home/rhobtor/PHD/ARGOJ8_IA/ARGOSJ8_IA_/install/car/share/car/launch
[1.419s] copying launch/circuit1.launch.py -> /home/rhobtor/PHD/ARGOJ8_IA/ARGOSJ8_IA_/install/car/share/car/launch
[1.419s] copying launch/gazebo_empty_world.launch.py -> /home/rhobtor/PHD/ARGOJ8_IA/ARGOSJ8_IA_/install/car/share/car/launch
[1.419s] copying launch/gazebo_simple5.launch.py -> /home/rhobtor/PHD/ARGOJ8_IA/ARGOSJ8_IA_/install/car/share/car/launch
[1.419s] copying launch/gazebo_simple2.launch.py -> /home/rhobtor/PHD/ARGOJ8_IA/ARGOSJ8_IA_/install/car/share/car/launch
[1.419s] copying launch/gnss_goals.launch.py -> /home/rhobtor/PHD/ARGOJ8_IA/ARGOSJ8_IA_/install/car/share/car/launch
[1.419s] copying launch/gazebo_simple7.launch.py -> /home/rhobtor/PHD/ARGOJ8_IA/ARGOSJ8_IA_/install/car/share/car/launch
[1.420s] copying launch/fixposition_local_j8_urdf_fixposition.launch.py -> /home/rhobtor/PHD/ARGOJ8_IA/ARGOSJ8_IA_/install/car/share/car/launch
[1.420s] copying launch/fixposition_with_zed_fixposition_tf.launch.py -> /home/rhobtor/PHD/ARGOJ8_IA/ARGOSJ8_IA_/install/car/share/car/launch
[1.420s] copying launch/joystick.launch.py -> /home/rhobtor/PHD/ARGOJ8_IA/ARGOSJ8_IA_/install/car/share/car/launch
[1.420s] copying launch/display.launch.py -> /home/rhobtor/PHD/ARGOJ8_IA/ARGOSJ8_IA_/install/car/share/car/launch
[1.420s] copying launch/circuit4.launch.py -> /home/rhobtor/PHD/ARGOJ8_IA/ARGOSJ8_IA_/install/car/share/car/launch
[1.420s] copying launch/river_and_forest.launch.py -> /home/rhobtor/PHD/ARGOJ8_IA/ARGOSJ8_IA_/install/car/share/car/launch
[1.420s] copying launch/gazebo_simple8.launch.py -> /home/rhobtor/PHD/ARGOJ8_IA/ARGOSJ8_IA_/install/car/share/car/launch
[1.420s] copying launch/rtamap_test.launch.py -> /home/rhobtor/PHD/ARGOJ8_IA/ARGOSJ8_IA_/install/car/share/car/launch
[1.420s] copying launch/fp_poi_map_odom_static_test.launch.py -> /home/rhobtor/PHD/ARGOJ8_IA/ARGOSJ8_IA_/install/car/share/car/launch
[1.421s] copying launch/gazebo_simple_world.launch.py -> /home/rhobtor/PHD/ARGOJ8_IA/ARGOSJ8_IA_/install/car/share/car/launch
[1.421s] copying launch/fixposition_with_zed_no_tf.launch.py -> /home/rhobtor/PHD/ARGOJ8_IA/ARGOSJ8_IA_/install/car/share/car/launch
[1.421s] copying launch/fp_poi_map_odom_base_link_test.launch.py -> /home/rhobtor/PHD/ARGOJ8_IA/ARGOSJ8_IA_/install/car/share/car/launch
[1.421s] copying launch/fixposition_reframe.launch.py -> /home/rhobtor/PHD/ARGOJ8_IA/ARGOSJ8_IA_/install/car/share/car/launch
[1.422s] copying launch/gazebo_simple9.launch.py -> /home/rhobtor/PHD/ARGOJ8_IA/ARGOSJ8_IA_/install/car/share/car/launch
[1.422s] copying launch/circuit3.launch.py -> /home/rhobtor/PHD/ARGOJ8_IA/ARGOSJ8_IA_/install/car/share/car/launch
[1.422s] copying launch/rviz_fixposition_j8.launch.py -> /home/rhobtor/PHD/ARGOJ8_IA/ARGOSJ8_IA_/install/car/share/car/launch
[1.422s] copying launch/object_move_gazebo.launch.py -> /home/rhobtor/PHD/ARGOJ8_IA/ARGOSJ8_IA_/install/car/share/car/launch
[1.422s] copying launch/world_1.launch.py -> /home/rhobtor/PHD/ARGOJ8_IA/ARGOSJ8_IA_/install/car/share/car/launch
[1.422s] copying launch/circuit2.launch.py -> /home/rhobtor/PHD/ARGOJ8_IA/ARGOSJ8_IA_/install/car/share/car/launch
[1.423s] copying launch/gazebo_simple3.launch.py -> /home/rhobtor/PHD/ARGOJ8_IA/ARGOSJ8_IA_/install/car/share/car/launch
[1.423s] copying launch/gazebo_no_gui.launch.py -> /home/rhobtor/PHD/ARGOJ8_IA/ARGOSJ8_IA_/install/car/share/car/launch
[1.423s] copying launch/easy_world.launch.py -> /home/rhobtor/PHD/ARGOJ8_IA/ARGOSJ8_IA_/install/car/share/car/launch
[1.423s] copying launch/gazebo_simple6.launch.py -> /home/rhobtor/PHD/ARGOJ8_IA/ARGOSJ8_IA_/install/car/share/car/launch
[1.423s] copying launch/gazebo_simple4.launch.py -> /home/rhobtor/PHD/ARGOJ8_IA/ARGOSJ8_IA_/install/car/share/car/launch
[1.423s] copying launch/forest.launch.py -> /home/rhobtor/PHD/ARGOJ8_IA/ARGOSJ8_IA_/install/car/share/car/launch
[1.423s] copying launch/J8_unity.launch.py -> /home/rhobtor/PHD/ARGOJ8_IA/ARGOSJ8_IA_/install/car/share/car/launch
[1.423s] copying launch/goals_unity.launch.py -> /home/rhobtor/PHD/ARGOJ8_IA/ARGOSJ8_IA_/install/car/share/car/launch
[1.424s] copying launch/control_with_gazebo.launch.py -> /home/rhobtor/PHD/ARGOJ8_IA/ARGOSJ8_IA_/install/car/share/car/launch
[1.424s] copying launch/tf_fixposition_j8.launch.py -> /home/rhobtor/PHD/ARGOJ8_IA/ARGOSJ8_IA_/install/car/share/car/launch
[1.424s] copying launch/rviz_fixposition_urdf.launch.py -> /home/rhobtor/PHD/ARGOJ8_IA/ARGOSJ8_IA_/install/car/share/car/launch
[1.424s] copying launch/j8.launch.py -> /home/rhobtor/PHD/ARGOJ8_IA/ARGOSJ8_IA_/install/car/share/car/launch
[1.424s] copying launch/fp_poi_map_static_from_start.launch.py -> /home/rhobtor/PHD/ARGOJ8_IA/ARGOSJ8_IA_/install/car/share/car/launch
[1.424s] copying launch/tf_fixposition_map_odom_static_j8.launch.py -> /home/rhobtor/PHD/ARGOJ8_IA/ARGOSJ8_IA_/install/car/share/car/launch
[1.424s] copying urdf/object_movement.sdf -> /home/rhobtor/PHD/ARGOJ8_IA/ARGOSJ8_IA_/install/car/share/car/urdf
[1.424s] copying urdf/materials.xacro -> /home/rhobtor/PHD/ARGOJ8_IA/ARGOSJ8_IA_/install/car/share/car/urdf
[1.425s] copying urdf/car.xacro -> /home/rhobtor/PHD/ARGOJ8_IA/ARGOSJ8_IA_/install/car/share/car/urdf
[1.425s] copying urdf/camara.plugin.xacro -> /home/rhobtor/PHD/ARGOJ8_IA/ARGOSJ8_IA_/install/car/share/car/urdf
[1.425s] copying urdf/car.gazebo -> /home/rhobtor/PHD/ARGOJ8_IA/ARGOSJ8_IA_/install/car/share/car/urdf
[1.425s] copying urdf/lidar.plugin.xacro -> /home/rhobtor/PHD/ARGOJ8_IA/ARGOSJ8_IA_/install/car/share/car/urdf
[1.425s] copying urdf/control.plugin.xacro -> /home/rhobtor/PHD/ARGOJ8_IA/ARGOSJ8_IA_/install/car/share/car/urdf
[1.425s] copying urdf/virt_lidar.xacro -> /home/rhobtor/PHD/ARGOJ8_IA/ARGOSJ8_IA_/install/car/share/car/urdf
[1.425s] copying urdf/car.trans -> /home/rhobtor/PHD/ARGOJ8_IA/ARGOSJ8_IA_/install/car/share/car/urdf
[1.425s] copying worlds/grass.world -> /home/rhobtor/PHD/ARGOJ8_IA/ARGOSJ8_IA_/install/car/share/car/worlds
[1.426s] copying worlds/world_simple_object.world -> /home/rhobtor/PHD/ARGOJ8_IA/ARGOSJ8_IA_/install/car/share/car/worlds
[1.426s] copying worlds/hill_tagged.world -> /home/rhobtor/PHD/ARGOJ8_IA/ARGOSJ8_IA_/install/car/share/car/worlds
[1.426s] copying worlds/world_simple3.world -> /home/rhobtor/PHD/ARGOJ8_IA/ARGOSJ8_IA_/install/car/share/car/worlds
[1.426s] copying worlds/world_simple9.world -> /home/rhobtor/PHD/ARGOJ8_IA/ARGOSJ8_IA_/install/car/share/car/worlds
[1.426s] copying worlds/world_simple6.world -> /home/rhobtor/PHD/ARGOJ8_IA/ARGOSJ8_IA_/install/car/share/car/worlds
[1.426s] copying worlds/forest.world -> /home/rhobtor/PHD/ARGOJ8_IA/ARGOSJ8_IA_/install/car/share/car/worlds
[1.427s] copying worlds/map1_test.world -> /home/rhobtor/PHD/ARGOJ8_IA/ARGOSJ8_IA_/install/car/share/car/worlds
[1.428s] copying worlds/world_1.world -> /home/rhobtor/PHD/ARGOJ8_IA/ARGOSJ8_IA_/install/car/share/car/worlds
[1.428s] copying worlds/world_simple8.world -> /home/rhobtor/PHD/ARGOJ8_IA/ARGOSJ8_IA_/install/car/share/car/worlds
[1.428s] copying worlds/blender_builder.world -> /home/rhobtor/PHD/ARGOJ8_IA/ARGOSJ8_IA_/install/car/share/car/worlds
[1.428s] copying worlds/mountain.world -> /home/rhobtor/PHD/ARGOJ8_IA/ARGOSJ8_IA_/install/car/share/car/worlds
[1.428s] copying worlds/world_1_b1.world -> /home/rhobtor/PHD/ARGOJ8_IA/ARGOSJ8_IA_/install/car/share/car/worlds
[1.428s] copying worlds/world_1_b.world -> /home/rhobtor/PHD/ARGOJ8_IA/ARGOSJ8_IA_/install/car/share/car/worlds
[1.428s] copying worlds/empty.world -> /home/rhobtor/PHD/ARGOJ8_IA/ARGOSJ8_IA_/install/car/share/car/worlds
[1.428s] copying worlds/easy_world.world -> /home/rhobtor/PHD/ARGOJ8_IA/ARGOSJ8_IA_/install/car/share/car/worlds
[1.429s] copying worlds/grass_test.world -> /home/rhobtor/PHD/ARGOJ8_IA/ARGOSJ8_IA_/install/car/share/car/worlds
[1.429s] copying worlds/park.world -> /home/rhobtor/PHD/ARGOJ8_IA/ARGOSJ8_IA_/install/car/share/car/worlds
[1.429s] copying worlds/obstacles_and_traps.world -> /home/rhobtor/PHD/ARGOJ8_IA/ARGOSJ8_IA_/install/car/share/car/worlds
[1.429s] copying worlds/world_simple5.world -> /home/rhobtor/PHD/ARGOJ8_IA/ARGOSJ8_IA_/install/car/share/car/worlds
[1.429s] copying worlds/obstacles.world -> /home/rhobtor/PHD/ARGOJ8_IA/ARGOSJ8_IA_/install/car/share/car/worlds
[1.429s] copying worlds/hill.world -> /home/rhobtor/PHD/ARGOJ8_IA/ARGOSJ8_IA_/install/car/share/car/worlds
[1.430s] copying worlds/world_simple7.world -> /home/rhobtor/PHD/ARGOJ8_IA/ARGOSJ8_IA_/install/car/share/car/worlds
[1.430s] copying worlds/test.world -> /home/rhobtor/PHD/ARGOJ8_IA/ARGOSJ8_IA_/install/car/share/car/worlds
[1.431s] copying worlds/lake.world -> /home/rhobtor/PHD/ARGOJ8_IA/ARGOSJ8_IA_/install/car/share/car/worlds
[1.431s] copying worlds/forest_tagged.world -> /home/rhobtor/PHD/ARGOJ8_IA/ARGOSJ8_IA_/install/car/share/car/worlds
[1.433s] copying worlds/heightmap_world.world -> /home/rhobtor/PHD/ARGOJ8_IA/ARGOSJ8_IA_/install/car/share/car/worlds
[1.433s] copying worlds/world_simple2.world -> /home/rhobtor/PHD/ARGOJ8_IA/ARGOSJ8_IA_/install/car/share/car/worlds
[1.433s] copying worlds/park_tagged.world -> /home/rhobtor/PHD/ARGOJ8_IA/ARGOSJ8_IA_/install/car/share/car/worlds
[1.433s] copying worlds/river_and_forest.world -> /home/rhobtor/PHD/ARGOJ8_IA/ARGOSJ8_IA_/install/car/share/car/worlds
[1.433s] copying worlds/world_simple4.world -> /home/rhobtor/PHD/ARGOJ8_IA/ARGOSJ8_IA_/install/car/share/car/worlds
[1.434s] copying worlds/lake_tagged.world -> /home/rhobtor/PHD/ARGOJ8_IA/ARGOSJ8_IA_/install/car/share/car/worlds
[1.434s] copying meshes/tire.stl -> /home/rhobtor/PHD/ARGOJ8_IA/ARGOSJ8_IA_/install/car/share/car/meshes
[1.435s] copying meshes/rim_front_right_1.stl -> /home/rhobtor/PHD/ARGOJ8_IA/ARGOSJ8_IA_/install/car/share/car/meshes
[1.436s] copying meshes/tire_front_left_1.stl -> /home/rhobtor/PHD/ARGOJ8_IA/ARGOSJ8_IA_/install/car/share/car/meshes
[1.437s] copying meshes/rim_back_right_1.stl -> /home/rhobtor/PHD/ARGOJ8_IA/ARGOSJ8_IA_/install/car/share/car/meshes
[1.438s] copying meshes/direction_front_left_1.stl -> /home/rhobtor/PHD/ARGOJ8_IA/ARGOSJ8_IA_/install/car/share/car/meshes
[1.438s] copying meshes/rim.stl -> /home/rhobtor/PHD/ARGOJ8_IA/ARGOSJ8_IA_/install/car/share/car/meshes
[1.439s] copying meshes/Lidar.stl -> /home/rhobtor/PHD/ARGOJ8_IA/ARGOSJ8_IA_/install/car/share/car/meshes
[1.439s] copying meshes/Camara.stl -> /home/rhobtor/PHD/ARGOJ8_IA/ARGOSJ8_IA_/install/car/share/car/meshes
[1.439s] copying meshes/tire_front_right_1.stl -> /home/rhobtor/PHD/ARGOJ8_IA/ARGOSJ8_IA_/install/car/share/car/meshes
[1.440s] copying meshes/base_link.stl -> /home/rhobtor/PHD/ARGOJ8_IA/ARGOSJ8_IA_/install/car/share/car/meshes
[1.440s] copying meshes/tire_back_right_1.stl -> /home/rhobtor/PHD/ARGOJ8_IA/ARGOSJ8_IA_/install/car/share/car/meshes
[1.441s] copying meshes/tire_back_left_1.stl -> /home/rhobtor/PHD/ARGOJ8_IA/ARGOSJ8_IA_/install/car/share/car/meshes
[1.442s] copying meshes/suspension_front_left__1.stl -> /home/rhobtor/PHD/ARGOJ8_IA/ARGOSJ8_IA_/install/car/share/car/meshes
[1.442s] copying meshes/direction_front_right_1.stl -> /home/rhobtor/PHD/ARGOJ8_IA/ARGOSJ8_IA_/install/car/share/car/meshes
[1.442s] copying meshes/suspension_back_right_1.stl -> /home/rhobtor/PHD/ARGOJ8_IA/ARGOSJ8_IA_/install/car/share/car/meshes
[1.442s] copying meshes/chasis_1.stl -> /home/rhobtor/PHD/ARGOJ8_IA/ARGOSJ8_IA_/install/car/share/car/meshes
[1.442s] copying meshes/rim_front_left_1.stl -> /home/rhobtor/PHD/ARGOJ8_IA/ARGOSJ8_IA_/install/car/share/car/meshes
[1.443s] copying meshes/direction_back_right_1.stl -> /home/rhobtor/PHD/ARGOJ8_IA/ARGOSJ8_IA_/install/car/share/car/meshes
[1.443s] copying meshes/direction_back_left_1.stl -> /home/rhobtor/PHD/ARGOJ8_IA/ARGOSJ8_IA_/install/car/share/car/meshes
[1.443s] copying meshes/rim_back_left_1.stl -> /home/rhobtor/PHD/ARGOJ8_IA/ARGOSJ8_IA_/install/car/share/car/meshes
[1.444s] copying meshes/suspension_front_right_1.stl -> /home/rhobtor/PHD/ARGOJ8_IA/ARGOSJ8_IA_/install/car/share/car/meshes
[1.444s] copying meshes/suspension_back_left_1.stl -> /home/rhobtor/PHD/ARGOJ8_IA/ARGOSJ8_IA_/install/car/share/car/meshes
[1.444s] copying config/world_1_b.yaml -> /home/rhobtor/PHD/ARGOJ8_IA/ARGOSJ8_IA_/install/car/share/car/config
[1.445s] copying config/nav2.yaml -> /home/rhobtor/PHD/ARGOJ8_IA/ARGOSJ8_IA_/install/car/share/car/config
[1.445s] copying config/circuit_1.yaml -> /home/rhobtor/PHD/ARGOJ8_IA/ARGOSJ8_IA_/install/car/share/car/config
[1.445s] copying config/circuit_4.yaml -> /home/rhobtor/PHD/ARGOJ8_IA/ARGOSJ8_IA_/install/car/share/car/config
[1.445s] copying config/circuit_3.yaml -> /home/rhobtor/PHD/ARGOJ8_IA/ARGOSJ8_IA_/install/car/share/car/config
[1.445s] copying config/ekf_params.yaml -> /home/rhobtor/PHD/ARGOJ8_IA/ARGOSJ8_IA_/install/car/share/car/config
[1.445s] copying config/display.rviz -> /home/rhobtor/PHD/ARGOJ8_IA/ARGOSJ8_IA_/install/car/share/car/config
[1.445s] copying config/world1.yaml -> /home/rhobtor/PHD/ARGOJ8_IA/ARGOSJ8_IA_/install/car/share/car/config
[1.446s] copying config/circuit_2.yaml -> /home/rhobtor/PHD/ARGOJ8_IA/ARGOSJ8_IA_/install/car/share/car/config
[1.446s] copying config/mapper_params_online_async.yaml -> /home/rhobtor/PHD/ARGOJ8_IA/ARGOSJ8_IA_/install/car/share/car/config
[1.446s] copying config/goal.yaml -> /home/rhobtor/PHD/ARGOJ8_IA/ARGOSJ8_IA_/install/car/share/car/config
[1.446s] copying config/river_and_forest.yaml -> /home/rhobtor/PHD/ARGOJ8_IA/ARGOSJ8_IA_/install/car/share/car/config
[1.446s] copying config/gnss_goals.yaml -> /home/rhobtor/PHD/ARGOJ8_IA/ARGOSJ8_IA_/install/car/share/car/config
[1.446s] copying config/octomap.yaml -> /home/rhobtor/PHD/ARGOJ8_IA/ARGOSJ8_IA_/install/car/share/car/config
[1.446s] running install_egg_info
[1.480s] running egg_info
[1.492s] writing car.egg-info/PKG-INFO
[1.493s] writing dependency_links to car.egg-info/dependency_links.txt
[1.493s] writing entry points to car.egg-info/entry_points.txt
[1.493s] writing requirements to car.egg-info/requires.txt
[1.493s] writing top-level names to car.egg-info/top_level.txt
[1.512s] reading manifest file 'car.egg-info/SOURCES.txt'
[1.518s] writing manifest file 'car.egg-info/SOURCES.txt'
[1.518s] Copying car.egg-info to /home/rhobtor/PHD/ARGOJ8_IA/ARGOSJ8_IA_/install/car/lib/python3.10/site-packages/car-0.0.0-py3.10.egg-info
[1.518s] running install_scripts
[1.547s] Installing check_goal_gnss script to /home/rhobtor/PHD/ARGOJ8_IA/ARGOSJ8_IA_/install/car/lib/car
[1.547s] Installing circuit1 script to /home/rhobtor/PHD/ARGOJ8_IA/ARGOSJ8_IA_/install/car/lib/car
[1.547s] Installing circuit_supervisor script to /home/rhobtor/PHD/ARGOJ8_IA/ARGOSJ8_IA_/install/car/lib/car
[1.547s] Installing cmd_vel_to_throttle script to /home/rhobtor/PHD/ARGOJ8_IA/ARGOSJ8_IA_/install/car/lib/car
[1.547s] Installing colision_zone script to /home/rhobtor/PHD/ARGOJ8_IA/ARGOSJ8_IA_/install/car/lib/car
[1.548s] Installing filter_points_cloud script to /home/rhobtor/PHD/ARGOJ8_IA/ARGOSJ8_IA_/install/car/lib/car
[1.548s] Installing fixposition_local_tf_from_odom script to /home/rhobtor/PHD/ARGOJ8_IA/ARGOSJ8_IA_/install/car/lib/car
[1.548s] Installing fixposition_map_anchor script to /home/rhobtor/PHD/ARGOJ8_IA/ARGOSJ8_IA_/install/car/lib/car
[1.548s] Installing fixposition_map_odom_static_from_odom script to /home/rhobtor/PHD/ARGOJ8_IA/ARGOSJ8_IA_/install/car/lib/car
[1.548s] Installing fixposition_odom_to_base_link_tf script to /home/rhobtor/PHD/ARGOJ8_IA/ARGOSJ8_IA_/install/car/lib/car
[1.548s] Installing fixposition_reframe script to /home/rhobtor/PHD/ARGOJ8_IA/ARGOSJ8_IA_/install/car/lib/car
[1.548s] Installing fixposition_tf_tree_for_zed script to /home/rhobtor/PHD/ARGOJ8_IA/ARGOSJ8_IA_/install/car/lib/car
[1.548s] Installing fp_poi_map_odom_static_test script to /home/rhobtor/PHD/ARGOJ8_IA/ARGOSJ8_IA_/install/car/lib/car
[1.548s] Installing fp_poi_map_static_from_start script to /home/rhobtor/PHD/ARGOJ8_IA/ARGOSJ8_IA_/install/car/lib/car
[1.548s] Installing frontier_centroid script to /home/rhobtor/PHD/ARGOJ8_IA/ARGOSJ8_IA_/install/car/lib/car
[1.548s] Installing fusion script to /home/rhobtor/PHD/ARGOJ8_IA/ARGOSJ8_IA_/install/car/lib/car
[1.548s] Installing gnss_goal_circuit script to /home/rhobtor/PHD/ARGOJ8_IA/ARGOSJ8_IA_/install/car/lib/car
[1.548s] Installing goal_local_marker script to /home/rhobtor/PHD/ARGOJ8_IA/ARGOSJ8_IA_/install/car/lib/car
[1.549s] Installing inference_full_model script to /home/rhobtor/PHD/ARGOJ8_IA/ARGOSJ8_IA_/install/car/lib/car
[1.549s] Installing inference_j8 script to /home/rhobtor/PHD/ARGOJ8_IA/ARGOSJ8_IA_/install/car/lib/car
[1.549s] Installing inference_test_j8 script to /home/rhobtor/PHD/ARGOJ8_IA/ARGOSJ8_IA_/install/car/lib/car
[1.549s] Installing inference_training_mode_simple script to /home/rhobtor/PHD/ARGOJ8_IA/ARGOSJ8_IA_/install/car/lib/car
[1.549s] Installing j8_bueno script to /home/rhobtor/PHD/ARGOJ8_IA/ARGOSJ8_IA_/install/car/lib/car
[1.549s] Installing j8_policy script to /home/rhobtor/PHD/ARGOJ8_IA/ARGOSJ8_IA_/install/car/lib/car
[1.549s] Installing j8_test_ppo script to /home/rhobtor/PHD/ARGOJ8_IA/ARGOSJ8_IA_/install/car/lib/car
[1.549s] Installing joystick_control script to /home/rhobtor/PHD/ARGOJ8_IA/ARGOSJ8_IA_/install/car/lib/car
[1.549s] Installing keyboard_control script to /home/rhobtor/PHD/ARGOJ8_IA/ARGOSJ8_IA_/install/car/lib/car
[1.549s] Installing latlon_circuit script to /home/rhobtor/PHD/ARGOJ8_IA/ARGOSJ8_IA_/install/car/lib/car
[1.550s] Installing latlon_posearray_to_local script to /home/rhobtor/PHD/ARGOJ8_IA/ARGOSJ8_IA_/install/car/lib/car
[1.550s] Installing latlon_posearray_to_local_utm script to /home/rhobtor/PHD/ARGOJ8_IA/ARGOSJ8_IA_/install/car/lib/car
[1.550s] Installing lidar_detection script to /home/rhobtor/PHD/ARGOJ8_IA/ARGOSJ8_IA_/install/car/lib/car
[1.550s] Installing map_navegation script to /home/rhobtor/PHD/ARGOJ8_IA/ARGOSJ8_IA_/install/car/lib/car
[1.550s] Installing map_navegation_test script to /home/rhobtor/PHD/ARGOJ8_IA/ARGOSJ8_IA_/install/car/lib/car
[1.550s] Installing memory_map script to /home/rhobtor/PHD/ARGOJ8_IA/ARGOSJ8_IA_/install/car/lib/car
[1.550s] Installing movement_predictive script to /home/rhobtor/PHD/ARGOJ8_IA/ARGOSJ8_IA_/install/car/lib/car
[1.550s] Installing navsatfix_goal_to_map_pose script to /home/rhobtor/PHD/ARGOJ8_IA/ARGOSJ8_IA_/install/car/lib/car
[1.551s] Installing navsatfix_to_ecef script to /home/rhobtor/PHD/ARGOJ8_IA/ARGOSJ8_IA_/install/car/lib/car
[1.551s] Installing odom_to_tf script to /home/rhobtor/PHD/ARGOJ8_IA/ARGOSJ8_IA_/install/car/lib/car
[1.551s] Installing path_ppo_cnn_lstm_full_model script to /home/rhobtor/PHD/ARGOJ8_IA/ARGOSJ8_IA_/install/car/lib/car
[1.551s] Installing path_ppo_cnn_lstm_training_init_mode script to /home/rhobtor/PHD/ARGOJ8_IA/ARGOSJ8_IA_/install/car/lib/car
[1.551s] Installing path_ppo_cnn_lstm_training_init_mode_j8 script to /home/rhobtor/PHD/ARGOJ8_IA/ARGOSJ8_IA_/install/car/lib/car
[1.551s] Installing path_ppo_cnn_lstm_training_init_mode_simple script to /home/rhobtor/PHD/ARGOJ8_IA/ARGOSJ8_IA_/install/car/lib/car
[1.551s] Installing points_goal script to /home/rhobtor/PHD/ARGOJ8_IA/ARGOSJ8_IA_/install/car/lib/car
[1.551s] Installing points_goal_old script to /home/rhobtor/PHD/ARGOJ8_IA/ARGOSJ8_IA_/install/car/lib/car
[1.551s] Installing prior_map_builder script to /home/rhobtor/PHD/ARGOJ8_IA/ARGOSJ8_IA_/install/car/lib/car
[1.551s] Installing scape_test script to /home/rhobtor/PHD/ARGOJ8_IA/ARGOSJ8_IA_/install/car/lib/car
[1.551s] Installing supervisor_node script to /home/rhobtor/PHD/ARGOJ8_IA/ARGOSJ8_IA_/install/car/lib/car
[1.551s] Installing test_j8_old script to /home/rhobtor/PHD/ARGOJ8_IA/ARGOSJ8_IA_/install/car/lib/car
[1.552s] Installing test_octomap script to /home/rhobtor/PHD/ARGOJ8_IA/ARGOSJ8_IA_/install/car/lib/car
[1.552s] Installing test_vel script to /home/rhobtor/PHD/ARGOJ8_IA/ARGOSJ8_IA_/install/car/lib/car
[1.552s] Installing unity_goal script to /home/rhobtor/PHD/ARGOJ8_IA/ARGOSJ8_IA_/install/car/lib/car
[1.552s] Installing voxel_unity script to /home/rhobtor/PHD/ARGOJ8_IA/ARGOSJ8_IA_/install/car/lib/car
[1.552s] Installing zed_static_tf_tree script to /home/rhobtor/PHD/ARGOJ8_IA/ARGOSJ8_IA_/install/car/lib/car
[1.552s] running symlink_data
[1.579s] Invoked command in '/home/rhobtor/PHD/ARGOJ8_IA/ARGOSJ8_IA_/build/car' returned '0': AMENT_PREFIX_PATH=/home/rhobtor/PHD/ARGOJ8_IA/ARGOSJ8_IA_/install/car_interfaces:/home/rhobtor/PHD/ARGOJ8_IA/ARGOSJ8_IA_/install/argj801_ctl_platform_interfaces:${AMENT_PREFIX_PATH} CMAKE_PREFIX_PATH=/home/rhobtor/PHD/ARGOJ8_IA/ARGOSJ8_IA_/install/car_interfaces:/home/rhobtor/PHD/ARGOJ8_IA/ARGOSJ8_IA_/install/argj801_ctl_platform_interfaces:${CMAKE_PREFIX_PATH} LD_LIBRARY_PATH=/home/rhobtor/PHD/ARGOJ8_IA/ARGOSJ8_IA_/install/car_interfaces/lib:/home/rhobtor/PHD/ARGOJ8_IA/ARGOSJ8_IA_/install/argj801_ctl_platform_interfaces/lib:${LD_LIBRARY_PATH} PYTHONPATH=/home/rhobtor/PHD/ARGOJ8_IA/ARGOSJ8_IA_/build/car/prefix_override:/usr/lib/python3/dist-packages/colcon_core/task/python/colcon_distutils_commands:/home/rhobtor/PHD/ARGOJ8_IA/ARGOSJ8_IA_/install/car/lib/python3.10/site-packages:/home/rhobtor/PHD/ARGOJ8_IA/ARGOSJ8_IA_/install/car_interfaces/local/lib/python3.10/dist-packages:/home/rhobtor/PHD/ARGOJ8_IA/ARGOSJ8_IA_/install/argj801_ctl_platform_interfaces/local/lib/python3.10/dist-packages:${PYTHONPATH} /usr/bin/python3 -W ignore:setup.py install is deprecated -W ignore:easy_install command is deprecated setup.py develop --editable --build-directory /home/rhobtor/PHD/ARGOJ8_IA/ARGOSJ8_IA_/build/car/build --no-deps symlink_data --force
