[3.563s] Invoking command in '/home/rhobtor/PHD/ARGOJ8_IA/ARGOSJ8_IA_/src/test_gui_j8/src/j8_gui': PYTHONPATH=/home/rhobtor/PHD/ARGOJ8_IA/ARGOSJ8_IA_/build/j8_gui/prefix_override:/usr/lib/python3/dist-packages/colcon_core/task/python/colcon_distutils_commands:/home/rhobtor/PHD/ARGOJ8_IA/ARGOSJ8_IA_/install/j8_gui/lib/python3.10/site-packages:${PYTHONPATH} /usr/bin/python3 -W ignore:setup.py install is deprecated -W ignore:easy_install command is deprecated setup.py egg_info --egg-base ../../../../build/j8_gui build --build-base /home/rhobtor/PHD/ARGOJ8_IA/ARGOSJ8_IA_/build/j8_gui/build install --record /home/rhobtor/PHD/ARGOJ8_IA/ARGOSJ8_IA_/build/j8_gui/install.log --single-version-externally-managed install_data
[4.019s] /home/rhobtor/.local/lib/python3.10/site-packages/setuptools/_distutils/dist.py:289: UserWarning: Unknown distribution option: 'tests_require'
[4.019s]   warnings.warn(msg)
[4.066s] running egg_info
[4.067s] writing ../../../../build/j8_gui/j8_gui.egg-info/PKG-INFO
[4.067s] writing dependency_links to ../../../../build/j8_gui/j8_gui.egg-info/dependency_links.txt
[4.072s] writing entry points to ../../../../build/j8_gui/j8_gui.egg-info/entry_points.txt
[4.072s] writing requirements to ../../../../build/j8_gui/j8_gui.egg-info/requires.txt
[4.072s] writing top-level names to ../../../../build/j8_gui/j8_gui.egg-info/top_level.txt
[4.083s] reading manifest file '../../../../build/j8_gui/j8_gui.egg-info/SOURCES.txt'
[4.085s] writing manifest file '../../../../build/j8_gui/j8_gui.egg-info/SOURCES.txt'
[4.085s] running build
[4.085s] running build_py
[4.085s] copying j8_gui/__init__.py -> /home/rhobtor/PHD/ARGOJ8_IA/ARGOSJ8_IA_/build/j8_gui/build/lib/j8_gui
[4.089s] copying j8_gui/ros_api.py -> /home/rhobtor/PHD/ARGOJ8_IA/ARGOSJ8_IA_/build/j8_gui/build/lib/j8_gui
[4.090s] copying j8_gui/gui_node.py -> /home/rhobtor/PHD/ARGOJ8_IA/ARGOSJ8_IA_/build/j8_gui/build/lib/j8_gui
[4.090s] copying j8_gui/app/state_widget.py -> /home/rhobtor/PHD/ARGOJ8_IA/ARGOSJ8_IA_/build/j8_gui/build/lib/j8_gui/app
[4.090s] copying j8_gui/app/followzed_widget.py -> /home/rhobtor/PHD/ARGOJ8_IA/ARGOSJ8_IA_/build/j8_gui/build/lib/j8_gui/app
[4.090s] copying j8_gui/app/__init__.py -> /home/rhobtor/PHD/ARGOJ8_IA/ARGOSJ8_IA_/build/j8_gui/build/lib/j8_gui/app
[4.090s] copying j8_gui/app/map_bridge.py -> /home/rhobtor/PHD/ARGOJ8_IA/ARGOSJ8_IA_/build/j8_gui/build/lib/j8_gui/app
[4.090s] copying j8_gui/app/control_widget.py -> /home/rhobtor/PHD/ARGOJ8_IA/ARGOSJ8_IA_/build/j8_gui/build/lib/j8_gui/app
[4.090s] copying j8_gui/app/main_window.py -> /home/rhobtor/PHD/ARGOJ8_IA/ARGOSJ8_IA_/build/j8_gui/build/lib/j8_gui/app
[4.090s] running install
[4.103s] running install_lib
[4.137s] running install_data
[4.138s] copying resource/j8_gui -> /home/rhobtor/PHD/ARGOJ8_IA/ARGOSJ8_IA_/install/j8_gui/share/ament_index/resource_index/packages
[4.139s] copying package.xml -> /home/rhobtor/PHD/ARGOJ8_IA/ARGOSJ8_IA_/install/j8_gui/share/j8_gui
[4.139s] copying j8_gui/resources/map.html -> /home/rhobtor/PHD/ARGOJ8_IA/ARGOSJ8_IA_/install/j8_gui/share/j8_gui/resources
[4.139s] copying resource/j8_gui -> /home/rhobtor/PHD/ARGOJ8_IA/ARGOSJ8_IA_/install/j8_gui/share/ament_index/resource_index/packages
[4.139s] copying package.xml -> /home/rhobtor/PHD/ARGOJ8_IA/ARGOSJ8_IA_/install/j8_gui/share/j8_gui
[4.139s] copying j8_gui/resources/map.html -> /home/rhobtor/PHD/ARGOJ8_IA/ARGOSJ8_IA_/install/j8_gui/share/j8_gui/resources
[4.139s] copying j8_gui/resources/vendor/leaflet/leaflet.js -> /home/rhobtor/PHD/ARGOJ8_IA/ARGOSJ8_IA_/install/j8_gui/share/j8_gui/resources/vendor/leaflet
[4.139s] copying j8_gui/resources/vendor/leaflet/leaflet.css -> /home/rhobtor/PHD/ARGOJ8_IA/ARGOSJ8_IA_/install/j8_gui/share/j8_gui/resources/vendor/leaflet
[4.139s] copying j8_gui/resources/vendor/leaflet/images/marker-icon.png -> /home/rhobtor/PHD/ARGOJ8_IA/ARGOSJ8_IA_/install/j8_gui/share/j8_gui/resources/vendor/leaflet/images
[4.139s] copying j8_gui/resources/vendor/leaflet/images/marker-icon-2x.png -> /home/rhobtor/PHD/ARGOJ8_IA/ARGOSJ8_IA_/install/j8_gui/share/j8_gui/resources/vendor/leaflet/images
[4.139s] copying j8_gui/resources/vendor/leaflet/images/marker-shadow.png -> /home/rhobtor/PHD/ARGOJ8_IA/ARGOSJ8_IA_/install/j8_gui/share/j8_gui/resources/vendor/leaflet/images
[4.139s] running install_egg_info
[4.218s] removing '/home/rhobtor/PHD/ARGOJ8_IA/ARGOSJ8_IA_/install/j8_gui/lib/python3.10/site-packages/j8_gui-0.1.0-py3.10.egg-info' (and everything under it)
[4.218s] Copying ../../../../build/j8_gui/j8_gui.egg-info to /home/rhobtor/PHD/ARGOJ8_IA/ARGOSJ8_IA_/install/j8_gui/lib/python3.10/site-packages/j8_gui-0.1.0-py3.10.egg-info
[4.218s] running install_scripts
[4.279s] Installing gui script to /home/rhobtor/PHD/ARGOJ8_IA/ARGOSJ8_IA_/install/j8_gui/lib/j8_gui
[4.279s] writing list of installed files to '/home/rhobtor/PHD/ARGOJ8_IA/ARGOSJ8_IA_/build/j8_gui/install.log'
[4.412s] Invoked command in '/home/rhobtor/PHD/ARGOJ8_IA/ARGOSJ8_IA_/src/test_gui_j8/src/j8_gui' returned '0': PYTHONPATH=/home/rhobtor/PHD/ARGOJ8_IA/ARGOSJ8_IA_/build/j8_gui/prefix_override:/usr/lib/python3/dist-packages/colcon_core/task/python/colcon_distutils_commands:/home/rhobtor/PHD/ARGOJ8_IA/ARGOSJ8_IA_/install/j8_gui/lib/python3.10/site-packages:${PYTHONPATH} /usr/bin/python3 -W ignore:setup.py install is deprecated -W ignore:easy_install command is deprecated setup.py egg_info --egg-base ../../../../build/j8_gui build --build-base /home/rhobtor/PHD/ARGOJ8_IA/ARGOSJ8_IA_/build/j8_gui/build install --record /home/rhobtor/PHD/ARGOJ8_IA/ARGOSJ8_IA_/build/j8_gui/install.log --single-version-externally-managed install_data
