-- The C compiler identification is GNU 11.4.0
-- The CXX compiler identification is GNU 11.4.0
-- Detecting C compiler ABI info
-- Detecting C compiler ABI info - done
-- Check for working C compiler: /usr/bin/cc - skipped
-- Detecting C compile features
-- Detecting C compile features - done
-- Detecting CXX compiler ABI info
-- Detecting CXX compiler ABI info - done
-- Check for working CXX compiler: /usr/bin/c++ - skipped
-- Detecting CXX compile features
-- Detecting CXX compile features - done
-- Found ament_cmake: 1.3.12 (/opt/ros/humble/share/ament_cmake/cmake)
-- Found Python3: /usr/bin/python3 (found version "3.10.12") found components: Interpreter 
-- Found rclcpp: 16.0.15 (/opt/ros/humble/share/rclcpp/cmake)
-- Found rosidl_generator_c: 3.1.7 (/opt/ros/humble/share/rosidl_generator_c/cmake)
-- Found rosidl_adapter: 3.1.7 (/opt/ros/humble/share/rosidl_adapter/cmake)
-- Found rosidl_generator_cpp: 3.1.7 (/opt/ros/humble/share/rosidl_generator_cpp/cmake)
-- Using all available rosidl_typesupport_c: rosidl_typesupport_fastrtps_c;rosidl_typesupport_introspection_c
-- Using all available rosidl_typesupport_cpp: rosidl_typesupport_fastrtps_cpp;rosidl_typesupport_introspection_cpp
-- Found rmw_implementation_cmake: 6.1.2 (/opt/ros/humble/share/rmw_implementation_cmake/cmake)
-- Found rmw_fastrtps_cpp: 6.2.8 (/opt/ros/humble/share/rmw_fastrtps_cpp/cmake)
-- Found OpenSSL: /usr/lib/x86_64-linux-gnu/libcrypto.so (found version "3.0.2")  
-- Found FastRTPS: /opt/ros/humble/include  
-- Using RMW implementation 'rmw_fastrtps_cpp' as default
-- Performing Test CMAKE_HAVE_LIBC_PTHREAD
-- Performing Test CMAKE_HAVE_LIBC_PTHREAD - Success
-- Found Threads: TRUE  
-- Found rclcpp_lifecycle: 16.0.15 (/opt/ros/humble/share/rclcpp_lifecycle/cmake)
-- Found std_srvs: 4.9.0 (/opt/ros/humble/share/std_srvs/cmake)
-- Found sensor_msgs: 4.9.0 (/opt/ros/humble/share/sensor_msgs/cmake)
-- Found Boost: /usr/lib/x86_64-linux-gnu/cmake/Boost-1.74.0/BoostConfig.cmake (found version "1.74.0")  
-- Found tf2: 0.25.16 (/opt/ros/humble/share/tf2/cmake)
-- Found tf2_ros: 0.25.16 (/opt/ros/humble/share/tf2_ros/cmake)
-- Found tf2_geometry_msgs: 0.25.16 (/opt/ros/humble/share/tf2_geometry_msgs/cmake)
-- Found eigen3_cmake_module: 0.1.1 (/opt/ros/humble/share/eigen3_cmake_module/cmake)
-- Found Eigen3: TRUE (found version "3.4.0") 
-- Ensuring Eigen3 include directory is part of orocos-kdl CMake target
-- Found nav_msgs: 4.9.0 (/opt/ros/humble/share/nav_msgs/cmake)
-- Found trajectory_msgs: 4.9.0 (/opt/ros/humble/share/trajectory_msgs/cmake)
-- Found OpenCV: /usr (found version "4.5.4") 
-- Found ctl_mission_interfaces: 0.0.0 (/home/rhobtor/PHD/ARGOJ8_IA/ARGOSJ8_IA_/install/ctl_mission_interfaces/share/ctl_mission_interfaces/cmake)
-- Found path_manager_interfaces: 0.0.0 (/home/rhobtor/PHD/ARGOJ8_IA/ARGOSJ8_IA_/install/path_manager_interfaces/share/path_manager_interfaces/cmake)
-- Found rosidl_default_generators: 1.2.0 (/opt/ros/humble/share/rosidl_default_generators/cmake)
-- Found GeographicLib: /usr/lib/x86_64-linux-gnu  
-- Found ament_lint_auto: 0.12.14 (/opt/ros/humble/share/ament_lint_auto/cmake)
-- Found launch_testing_ament_cmake: 1.0.10 (/opt/ros/humble/share/launch_testing_ament_cmake/cmake)
-- Found python_cmake_module: 0.10.0 (/opt/ros/humble/share/python_cmake_module/cmake)
-- Found PythonInterp: /usr/bin/python3 (found suitable version "3.10.12", minimum required is "3.6") 
-- Found PythonLibs: /usr/lib/x86_64-linux-gnu/libpython3.10.so (found suitable version "3.10.12", minimum required is "3.5") 
-- Using PYTHON_EXECUTABLE: /usr/bin/python3
-- Using PYTHON_INCLUDE_DIRS: /usr/include/python3.10
-- Using PYTHON_LIBRARIES: /usr/lib/x86_64-linux-gnu/libpython3.10.so
-- Found PythonExtra: .so  
-- Added test 'copyright' to check source files copyright and LICENSE
-- Added test 'cppcheck' to perform static code analysis on C / C++ code
-- Configured cppcheck include dirs: $<BUILD_INTERFACE:/home/rhobtor/PHD/ARGOJ8_IA/ARGOSJ8_IA_/src/ctl_mission/ctl_mission/include>
-- Configured cppcheck exclude dirs and/or files: 
-- Added test 'cpplint' to check C / C++ code against the Google style
-- Configured cpplint exclude dirs and/or files: 
-- Added test 'flake8' to check Python code syntax and style conventions
-- Added test 'lint_cmake' to check CMake code style
-- Added test 'pep257' to check Python code against some of the docstring style conventions in PEP 257
-- Added test 'uncrustify' to check C / C++ code style
-- Configured uncrustify additional arguments: 
-- Added test 'xmllint' to check XML markup files
-- Configuring done (2.3s)
-- Generating done (0.2s)
-- Build files have been written to: /home/rhobtor/PHD/ARGOJ8_IA/ARGOSJ8_IA_/build/ctl_mission
[  3%] [32mBuilding CXX object CMakeFiles/ctl_mission.dir/src/J8_FSM.cpp.o[0m
[  6%] [32mBuilding CXX object CMakeFiles/path_following.dir/src/FSM_states/path_following_node.cpp.o[0m
[  9%] [32mBuilding CXX object CMakeFiles/ctl_mission.dir/src/argj08_ctl_node.cpp.o[0m
[ 12%] [32mBuilding CXX object CMakeFiles/path_following.dir/src/FSM_states/path_following_node_main.cpp.o[0m
[ 19%] [32mBuilding CXX object CMakeFiles/back_home_node.dir/src/FSM_states/back_home_node.cpp.o[0m
[ 19%] [32mBuilding CXX object CMakeFiles/estop_node.dir/src/FSM_states/estop_node.cpp.o[0m
[ 22%] [32mBuilding CXX object CMakeFiles/path_record_node.dir/src/FSM_states/path_record_node.cpp.o[0m
[ 25%] [32mBuilding CXX object CMakeFiles/path_record_node.dir/src/FSM_states/path_record_node_main.cpp.o[0m
[ 29%] [32mBuilding CXX object CMakeFiles/teleoperation_node.dir/src/FSM_states/teleoperation_node_main.cpp.o[0m
[ 32%] [32mBuilding CXX object CMakeFiles/teleoperation_node.dir/src/FSM_states/teleoperation_node.cpp.o[0m
[ 35%] [32mBuilding CXX object CMakeFiles/estop_node.dir/src/FSM_states/estop_node_main.cpp.o[0m
[ 38%] [32mBuilding CXX object CMakeFiles/follow_zed_node.dir/src/FSM_states/follow_zed_node.cpp.o[0m
[ 41%] [32mBuilding CXX object CMakeFiles/follow_zed_node.dir/src/FSM_states/follow_zed_main.cpp.o[0m
[ 45%] [32mBuilding CXX object CMakeFiles/controller_node.dir/src/FSM_states/Ctrl_node.cpp.o[0m
[ 48%] [32mBuilding CXX object CMakeFiles/ready_node.dir/src/FSM_states/ready_node.cpp.o[0m
[ 48%] Built target ament_cmake_python_copy_ctl_mission
[ 51%] [32mBuilding CXX object CMakeFiles/ready_node.dir/src/FSM_states/ready_node_main.cpp.o[0m
[ 54%] [32mBuilding CXX object CMakeFiles/controller_node.dir/src/FSM_states/Ctrl_node_main.cpp.o[0m
running egg_info
creating ctl_mission.egg-info
writing ctl_mission.egg-info/PKG-INFO
writing dependency_links to ctl_mission.egg-info/dependency_links.txt
writing top-level names to ctl_mission.egg-info/top_level.txt
writing manifest file 'ctl_mission.egg-info/SOURCES.txt'
reading manifest file 'ctl_mission.egg-info/SOURCES.txt'
writing manifest file 'ctl_mission.egg-info/SOURCES.txt'
[ 54%] Built target ament_cmake_python_build_ctl_mission_egg
[ 58%] [32mBuilding CXX object CMakeFiles/controller_node.dir/src/controllers/stanley_ctrl.cpp.o[0m
[ 61%] [32mBuilding CXX object CMakeFiles/controller_node.dir/src/controllers/pure_pursuit_controller.cpp.o[0m
[ 64%] [32m[1mLinking CXX executable ready_node[0m
[ 64%] Built target ready_node
[ 67%] [32m[1mLinking CXX executable estop_node[0m
[ 70%] [32m[1mLinking CXX executable ctl_mission[0m
[ 70%] Built target estop_node
[ 70%] Built target ctl_mission
[ 74%] [32m[1mLinking CXX executable back_home_node[0m
[ 74%] Built target back_home_node
[ 77%] [32m[1mLinking CXX executable teleoperation_node[0m
[ 77%] Built target teleoperation_node
[ 80%] [32m[1mLinking CXX executable follow_zed_node[0m
[ 83%] [32m[1mLinking CXX executable path_record_node[0m
[ 83%] Built target path_record_node
[ 87%] [32m[1mLinking CXX executable path_following[0m
[ 87%] Built target path_following
[ 90%] [32mBuilding CXX object CMakeFiles/controller_node.dir/src/controllers/dynamic_la_pp_controller.cpp.o[0m
[ 93%] [32mBuilding CXX object CMakeFiles/controller_node.dir/src/controllers/regulated_pure_pursuit_controller.cpp.o[0m
[ 96%] [32mBuilding CXX object CMakeFiles/controller_node.dir/src/controllers/dynamic_pp_controller.cpp.o[0m
[100%] [32m[1mLinking CXX executable controller_node[0m
[100%] Built target controller_node
