[0.307s] Invoking command in '/home/rhobtor/PHD/ARGOJ8_IA/ARGOSJ8_IA_/build/hector_gazebo_plugins': CMAKE_PREFIX_PATH=${CMAKE_PREFIX_PATH}:/home/rhobtor/PHD/reactive/Reactive-Navegation/workspace_full_conected/install/car:/opt/ros/humble /opt/st/stm32cubeclt_1.18.0/CMake/bin/cmake /home/rhobtor/PHD/ARGOJ8_IA/ARGOSJ8_IA_/src/hector_gazebo -DCMAKE_INSTALL_PREFIX=/home/rhobtor/PHD/ARGOJ8_IA/ARGOSJ8_IA_/install/hector_gazebo_plugins
[1.396s] -- The C compiler identification is GNU 11.4.0
[1.396s] -- The CXX compiler identification is GNU 11.4.0
[1.397s] -- Detecting C compiler ABI info
[1.397s] -- Detecting C compiler ABI info - done
[1.397s] -- Check for working C compiler: /usr/bin/cc - skipped
[1.397s] -- Detecting C compile features
[1.397s] -- Detecting C compile features - done
[1.397s] -- Detecting CXX compiler ABI info
[1.397s] -- Detecting CXX compiler ABI info - done
[1.397s] -- Check for working CXX compiler: /usr/bin/c++ - skipped
[1.397s] -- Detecting CXX compile features
[1.398s] -- Detecting CXX compile features - done
[1.398s] -- Found ament_cmake: 1.3.12 (/opt/ros/humble/share/ament_cmake/cmake)
[1.398s] -- Found Python3: /usr/bin/python3 (found version "3.10.12") found components: Interpreter 
[1.398s] -- Found rclcpp: 16.0.15 (/opt/ros/humble/share/rclcpp/cmake)
[1.476s] -- Found rosidl_generator_c: 3.1.7 (/opt/ros/humble/share/rosidl_generator_c/cmake)
[1.505s] -- Found rosidl_adapter: 3.1.7 (/opt/ros/humble/share/rosidl_adapter/cmake)
[1.518s] -- Found rosidl_generator_cpp: 3.1.7 (/opt/ros/humble/share/rosidl_generator_cpp/cmake)
[1.546s] -- Using all available rosidl_typesupport_c: rosidl_typesupport_fastrtps_c;rosidl_typesupport_introspection_c
[1.590s] -- Using all available rosidl_typesupport_cpp: rosidl_typesupport_fastrtps_cpp;rosidl_typesupport_introspection_cpp
[1.891s] -- Found rmw_implementation_cmake: 6.1.2 (/opt/ros/humble/share/rmw_implementation_cmake/cmake)
[1.899s] -- Found rmw_fastrtps_cpp: 6.2.8 (/opt/ros/humble/share/rmw_fastrtps_cpp/cmake)
[2.069s] -- Found OpenSSL: /usr/lib/x86_64-linux-gnu/libcrypto.so (found version "3.0.2")  
[2.127s] -- Found FastRTPS: /opt/ros/humble/include  
[2.226s] -- Using RMW implementation 'rmw_fastrtps_cpp' as default
[2.245s] -- Performing Test CMAKE_HAVE_LIBC_PTHREAD
[2.346s] -- Performing Test CMAKE_HAVE_LIBC_PTHREAD - Success
[2.348s] -- Found Threads: TRUE  
[2.455s] -- Found std_srvs: 4.9.0 (/opt/ros/humble/share/std_srvs/cmake)
[2.472s] -- Found gazebo_ros: 3.9.0 (/opt/ros/humble/share/gazebo_ros/cmake)
[2.497s] -- Found PkgConfig: /usr/bin/pkg-config (found version "0.29.2") 
[2.499s] -- Checking for module 'bullet>=2.82'
[2.519s] --   Found bullet, version 3.05
[2.767s] -- Found fcl: /usr/include (found suitable version "0.7.0", minimum required is "0.5.0") 
[2.845s] -- Found assimp: /usr/include (found version "5.2.0") 
[2.884s] -- Found DART: /usr/include (Required is at least version "6.6") found components: dart 
[2.945s] -- Found Boost: /usr/lib/x86_64-linux-gnu/cmake/Boost-1.74.0/BoostConfig.cmake (found suitable version "1.74.0", minimum required is "1.40.0") found components: thread system filesystem program_options regex iostreams date_time 
[2.974s] -- Found Protobuf: /usr/lib/x86_64-linux-gnu/libprotobuf.so (found version "3.12.4") 
[2.988s] -- Looking for ignition-math6 -- found version 6.15.1
[3.003s] -- Searching for dependencies of ignition-math6
[3.006s] -- Looking for OGRE...
[3.007s] -- OGRE_PREFIX_WATCH changed.
[3.014s] -- Checking for module 'OGRE'
[3.032s] --   Found OGRE, version 1.9.0
[3.077s] -- Found Ogre Ghadamon (1.9.0)
[3.104s] -- Found OGRE: optimized;/usr/lib/x86_64-linux-gnu/libOgreMain.so;debug;/usr/lib/x86_64-linux-gnu/libOgreMain.so
[3.119s] -- Looking for OGRE_Paging...
[3.134s] -- Found OGRE_Paging: optimized;/usr/lib/x86_64-linux-gnu/libOgrePaging.so;debug;/usr/lib/x86_64-linux-gnu/libOgrePaging.so
[3.134s] -- Looking for OGRE_Terrain...
[3.150s] -- Found OGRE_Terrain: optimized;/usr/lib/x86_64-linux-gnu/libOgreTerrain.so;debug;/usr/lib/x86_64-linux-gnu/libOgreTerrain.so
[3.150s] -- Looking for OGRE_Property...
[3.164s] -- Found OGRE_Property: optimized;/usr/lib/x86_64-linux-gnu/libOgreProperty.so;debug;/usr/lib/x86_64-linux-gnu/libOgreProperty.so
[3.164s] -- Looking for OGRE_RTShaderSystem...
[3.178s] -- Found OGRE_RTShaderSystem: optimized;/usr/lib/x86_64-linux-gnu/libOgreRTShaderSystem.so;debug;/usr/lib/x86_64-linux-gnu/libOgreRTShaderSystem.so
[3.178s] -- Looking for OGRE_Volume...
[3.190s] -- Found OGRE_Volume: optimized;/usr/lib/x86_64-linux-gnu/libOgreVolume.so;debug;/usr/lib/x86_64-linux-gnu/libOgreVolume.so
[3.191s] -- Looking for OGRE_Overlay...
[3.208s] -- Found OGRE_Overlay: optimized;/usr/lib/x86_64-linux-gnu/libOgreOverlay.so;debug;/usr/lib/x86_64-linux-gnu/libOgreOverlay.so
[3.527s] -- Looking for ignition-math6 -- found version 6.15.1
[3.532s] -- Looking for ignition-transport8 -- found version 8.2.1
[3.533s] -- Searching for dependencies of ignition-transport8
[3.560s] -- Found Protobuf: /usr/lib/x86_64-linux-gnu/libprotobuf.so (found suitable version "3.12.4", minimum required is "3") 
[3.580s] -- Config-file not installed for ZeroMQ -- checking for pkg-config
[3.605s] -- Checking for module 'libzmq >= 4'
[3.636s] --   Found libzmq, version 4.3.4
[3.690s] -- Found ZeroMQ: TRUE (Required is at least version "4") 
[3.699s] -- Checking for module 'uuid'
[3.717s] --   Found uuid, version 2.37.2
[3.759s] -- Found UUID: TRUE  
[3.766s] -- Looking for ignition-msgs5 -- found version 5.8.1
[3.766s] -- Searching for dependencies of ignition-msgs5
[3.812s] -- Looking for ignition-math6 -- found version 6.15.1
[3.833s] -- Checking for module 'tinyxml2'
[3.852s] --   Found tinyxml2, version 9.0.0
[3.898s] -- Looking for ignition-msgs5 -- found version 5.8.1
[3.903s] -- Looking for ignition-common3 -- found version 3.14.0
[3.903s] -- Searching for dependencies of ignition-common3
[3.904s] -- Looking for dlfcn.h - found
[3.905s] -- Looking for libdl - found
[3.908s] -- Found DL: TRUE  
[3.925s] -- Found tinyobjloader: /usr/lib/x86_64-linux-gnu/cmake/tinyobjloader/tinyobjloader-config.cmake (found version "2.0.0") 
[3.926s] -- Searching for <ignition-common3> component [graphics]
[3.932s] -- Looking for ignition-common3-graphics -- found version 3.14.0
[3.932s] -- Searching for dependencies of ignition-common3-graphics
[3.932s] -- Looking for ignition-math6 -- found version 6.15.1
[3.938s] -- Looking for ignition-fuel_tools4 -- found version 4.4.0
[3.938s] -- Searching for dependencies of ignition-fuel_tools4
[4.141s] -- Found CURL: /usr/lib/x86_64-linux-gnu/libcurl.so (found version "7.81.0")  
[4.147s] [0mCMake Deprecation Warning at /usr/lib/x86_64-linux-gnu/cmake/jsoncpp/jsoncppConfig.cmake:2 (cmake_policy):
[4.147s]   Compatibility with CMake < 3.5 will be removed from a future version of
[4.147s]   CMake.
[4.147s] 
[4.147s]   Update the VERSION argument <min> value or use a ...<max> suffix to tell
[4.147s]   CMake that the project does not need compatibility with older versions.
[4.147s] Call Stack (most recent call first):
[4.147s]   /usr/share/cmake/ignition-cmake2/cmake2/FindJSONCPP.cmake:34 (find_package)
[4.147s]   /usr/lib/x86_64-linux-gnu/cmake/ignition-fuel_tools4/ignition-fuel_tools4-config.cmake:94 (find_package)
[4.147s]   /usr/lib/x86_64-linux-gnu/cmake/gazebo/gazebo-config.cmake:251 (find_package)
[4.148s]   /opt/ros/humble/share/gazebo_dev/cmake/gazebo_dev-extras.cmake:3 (find_package)
[4.148s]   /opt/ros/humble/share/gazebo_dev/cmake/gazebo_devConfig.cmake:41 (include)
[4.148s]   /opt/ros/humble/share/gazebo_ros/cmake/ament_cmake_export_dependencies-extras.cmake:21 (find_package)
[4.148s]   /opt/ros/humble/share/gazebo_ros/cmake/gazebo_rosConfig.cmake:41 (include)
[4.148s]   CMakeLists.txt:23 (find_package)
[4.148s] 
[4.148s] [0m
[4.154s] -- Checking for module 'jsoncpp'
[4.170s] --   Found jsoncpp, version 1.9.5
[4.226s] -- Found JSONCPP: TRUE  
[4.248s] -- Checking for module 'libzip'
[4.275s] --   Found libzip, version 1.7.3
[4.325s] -- Found ZIP: TRUE  
[4.326s] -- Looking for ignition-common3 -- found version 3.14.0
[4.327s] -- Looking for ignition-math6 -- found version 6.15.1
[4.329s] -- Looking for ignition-msgs5 -- found version 5.8.1
[4.340s] -- Gazebo version: 11.10
[4.340s] -- Checking for module 'tbb'
[4.358s] --   Found tbb, version 2021.5.0
[4.415s] -- Found geographic_msgs: 1.0.6 (/opt/ros/humble/share/geographic_msgs/cmake)
[4.725s] -- Found nav_msgs: 4.9.0 (/opt/ros/humble/share/nav_msgs/cmake)
[5.154s] -- Found sensor_msgs: 4.9.0 (/opt/ros/humble/share/sensor_msgs/cmake)
[5.614s] -- Found tf2: 0.25.16 (/opt/ros/humble/share/tf2/cmake)
[5.771s] -- Found rosidl_default_generators: 1.2.0 (/opt/ros/humble/share/rosidl_default_generators/cmake)
[8.143s] -- Found ament_cmake_ros: 0.10.0 (/opt/ros/humble/share/ament_cmake_ros/cmake)
[13.622s] -- Using all available rosidl_typesupport_c: rosidl_typesupport_fastrtps_c;rosidl_typesupport_introspection_c
[15.002s] -- Using all available rosidl_typesupport_cpp: rosidl_typesupport_fastrtps_cpp;rosidl_typesupport_introspection_cpp
[15.032s] [33mCMake Warning (dev) at /opt/ros/humble/share/rosidl_generator_py/cmake/rosidl_generator_py_generate_interfaces.cmake:20 (find_package):
[15.033s]   Policy CMP0148 is not set: The FindPythonInterp and FindPythonLibs modules
[15.034s]   are removed.  Run "cmake --help-policy CMP0148" for policy details.  Use
[15.035s]   the cmake_policy command to set the policy and suppress this warning.
[15.039s] 
[15.040s] Call Stack (most recent call first):
[15.041s]   /opt/ros/humble/share/ament_cmake_core/cmake/core/ament_execute_extensions.cmake:48 (include)
[15.045s]   /opt/ros/humble/share/rosidl_cmake/cmake/rosidl_generate_interfaces.cmake:286 (ament_execute_extensions)
[15.045s]   CMakeLists.txt:69 (rosidl_generate_interfaces)
[15.046s] This warning is for project developers.  Use -Wno-dev to suppress it.
[15.047s] [0m
[15.124s] -- Found PythonInterp: /usr/bin/python3 (found suitable version "3.10.12", minimum required is "3.6") 
[15.125s] -- Found python_cmake_module: 0.10.0 (/opt/ros/humble/share/python_cmake_module/cmake)
[15.137s] [33mCMake Warning (dev) at /opt/ros/humble/share/python_cmake_module/cmake/Modules/FindPythonExtra.cmake:52 (find_package):
[15.138s]   Policy CMP0148 is not set: The FindPythonInterp and FindPythonLibs modules
[15.139s]   are removed.  Run "cmake --help-policy CMP0148" for policy details.  Use
[15.148s]   the cmake_policy command to set the policy and suppress this warning.
[15.154s] 
[15.155s] Call Stack (most recent call first):
[15.160s]   /opt/ros/humble/share/rosidl_generator_py/cmake/rosidl_generator_py_generate_interfaces.cmake:23 (find_package)
[15.161s]   /opt/ros/humble/share/ament_cmake_core/cmake/core/ament_execute_extensions.cmake:48 (include)
[15.161s]   /opt/ros/humble/share/rosidl_cmake/cmake/rosidl_generate_interfaces.cmake:286 (ament_execute_extensions)
[15.162s]   CMakeLists.txt:69 (rosidl_generate_interfaces)
[15.163s] This warning is for project developers.  Use -Wno-dev to suppress it.
[15.178s] [0m
[15.324s] [33mCMake Warning (dev) at /opt/ros/humble/share/python_cmake_module/cmake/Modules/FindPythonExtra.cmake:140 (find_package):
[15.324s]   Policy CMP0148 is not set: The FindPythonInterp and FindPythonLibs modules
[15.324s]   are removed.  Run "cmake --help-policy CMP0148" for policy details.  Use
[15.325s]   the cmake_policy command to set the policy and suppress this warning.
[15.325s] 
[15.325s] Call Stack (most recent call first):
[15.325s]   /opt/ros/humble/share/rosidl_generator_py/cmake/rosidl_generator_py_generate_interfaces.cmake:23 (find_package)
[15.325s]   /opt/ros/humble/share/ament_cmake_core/cmake/core/ament_execute_extensions.cmake:48 (include)
[15.325s]   /opt/ros/humble/share/rosidl_cmake/cmake/rosidl_generate_interfaces.cmake:286 (ament_execute_extensions)
[15.325s]   CMakeLists.txt:69 (rosidl_generate_interfaces)
[15.325s] This warning is for project developers.  Use -Wno-dev to suppress it.
[15.325s] [0m
[15.413s] -- Found PythonLibs: /usr/lib/x86_64-linux-gnu/libpython3.10.so (found suitable version "3.10.12", minimum required is "3.5") 
[15.413s] -- Using PYTHON_EXECUTABLE: /usr/bin/python3
[15.413s] -- Using PYTHON_INCLUDE_DIRS: /usr/include/python3.10
[15.413s] -- Using PYTHON_LIBRARIES: /usr/lib/x86_64-linux-gnu/libpython3.10.so
[15.501s] -- Found PythonExtra: .so  
[16.933s] -- Found rmw_cyclonedds_cpp: 1.3.4 (/opt/ros/humble/share/rmw_cyclonedds_cpp/cmake)
[17.558s] -- Configuring done (17.2s)
[18.357s] -- Generating done (0.7s)
[18.538s] -- Build files have been written to: /home/rhobtor/PHD/ARGOJ8_IA/ARGOSJ8_IA_/build/hector_gazebo_plugins
[18.681s] Invoked command in '/home/rhobtor/PHD/ARGOJ8_IA/ARGOSJ8_IA_/build/hector_gazebo_plugins' returned '0': CMAKE_PREFIX_PATH=${CMAKE_PREFIX_PATH}:/home/rhobtor/PHD/reactive/Reactive-Navegation/workspace_full_conected/install/car:/opt/ros/humble /opt/st/stm32cubeclt_1.18.0/CMake/bin/cmake /home/rhobtor/PHD/ARGOJ8_IA/ARGOSJ8_IA_/src/hector_gazebo -DCMAKE_INSTALL_PREFIX=/home/rhobtor/PHD/ARGOJ8_IA/ARGOSJ8_IA_/install/hector_gazebo_plugins
[18.683s] Invoking command in '/home/rhobtor/PHD/ARGOJ8_IA/ARGOSJ8_IA_/build/hector_gazebo_plugins': CMAKE_PREFIX_PATH=${CMAKE_PREFIX_PATH}:/home/rhobtor/PHD/reactive/Reactive-Navegation/workspace_full_conected/install/car:/opt/ros/humble /opt/st/stm32cubeclt_1.18.0/CMake/bin/cmake --build /home/rhobtor/PHD/ARGOJ8_IA/ARGOSJ8_IA_/build/hector_gazebo_plugins -- -j16 -l16
[23.453s] [  2%] [34m[1mGenerating C code for ROS interfaces[0m
[23.453s] [  4%] [34m[1mGenerating C++ code for ROS interfaces[0m
[23.453s] [  6%] [32mBuilding CXX object CMakeFiles/hector_gazebo_ros_sonar.dir/src/gazebo_ros_sonar.cpp.o[0m
[23.453s] [  6%] Built target ament_cmake_python_copy_hector_gazebo_plugins
[23.453s] [  8%] [32mBuilding CXX object CMakeFiles/hector_gazebo_ros_magnetic.dir/src/gazebo_ros_magnetic.cpp.o[0m
[23.453s] [ 10%] [32mBuilding CXX object CMakeFiles/hector_gazebo_reset_plugin.dir/src/reset_plugin.cpp.o[0m
[23.453s] running egg_info
[23.454s] creating hector_gazebo_plugins.egg-info
[23.454s] writing hector_gazebo_plugins.egg-info/PKG-INFO
[23.454s] writing dependency_links to hector_gazebo_plugins.egg-info/dependency_links.txt
[23.454s] writing top-level names to hector_gazebo_plugins.egg-info/top_level.txt
[23.454s] writing manifest file 'hector_gazebo_plugins.egg-info/SOURCES.txt'
[23.454s] reading manifest file 'hector_gazebo_plugins.egg-info/SOURCES.txt'
[23.454s] writing manifest file 'hector_gazebo_plugins.egg-info/SOURCES.txt'
[23.454s] [ 10%] Built target ament_cmake_python_build_hector_gazebo_plugins_egg
[23.454s] [ 10%] Built target hector_gazebo_plugins__cpp
[23.454s] [ 12%] [34m[1mGenerating C++ type support dispatch for ROS interfaces[0m
[23.454s] [ 16%] [34m[1mGenerating C++ introspection for ROS interfaces[0m
[23.454s] [ 14%] [34m[1mGenerating C++ type support for eProsima Fast-RTPS[0m
[23.454s] [ 18%] [32mBuilding C object CMakeFiles/hector_gazebo_plugins__rosidl_generator_c.dir/rosidl_generator_c/hector_gazebo_plugins/srv/detail/set_reference_geo_pose__functions.c.o[0m
[23.454s] [ 20%] [32mBuilding C object CMakeFiles/hector_gazebo_plugins__rosidl_generator_c.dir/rosidl_generator_c/hector_gazebo_plugins/srv/detail/set_bias__functions.c.o[0m
[23.454s] [ 22%] [32mBuilding CXX object CMakeFiles/hector_gazebo_plugins__rosidl_typesupport_introspection_cpp.dir/rosidl_typesupport_introspection_cpp/hector_gazebo_plugins/srv/detail/set_bias__type_support.cpp.o[0m
[23.455s] [ 24%] [32mBuilding CXX object CMakeFiles/hector_gazebo_plugins__rosidl_typesupport_introspection_cpp.dir/rosidl_typesupport_introspection_cpp/hector_gazebo_plugins/srv/detail/set_reference_geo_pose__type_support.cpp.o[0m
[23.455s] [ 26%] [32mBuilding CXX object CMakeFiles/hector_gazebo_plugins__rosidl_typesupport_cpp.dir/rosidl_typesupport_cpp/hector_gazebo_plugins/srv/set_bias__type_support.cpp.o[0m
[23.455s] [ 28%] [32mBuilding CXX object CMakeFiles/hector_gazebo_plugins__rosidl_typesupport_cpp.dir/rosidl_typesupport_cpp/hector_gazebo_plugins/srv/set_reference_geo_pose__type_support.cpp.o[0m
[23.455s] [ 30%] [32mBuilding CXX object CMakeFiles/hector_gazebo_plugins__rosidl_typesupport_fastrtps_cpp.dir/rosidl_typesupport_fastrtps_cpp/hector_gazebo_plugins/srv/detail/dds_fastrtps/set_bias__type_support.cpp.o[0m
[23.455s] [ 32%] [32mBuilding CXX object CMakeFiles/hector_gazebo_plugins__rosidl_typesupport_fastrtps_cpp.dir/rosidl_typesupport_fastrtps_cpp/hector_gazebo_plugins/srv/detail/dds_fastrtps/set_reference_geo_pose__type_support.cpp.o[0m
[23.455s] [ 34%] [32m[1mLinking C shared library libhector_gazebo_plugins__rosidl_generator_c.so[0m
[23.455s] [ 36%] [32m[1mLinking CXX shared library libhector_gazebo_plugins__rosidl_typesupport_introspection_cpp.so[0m
[23.455s] [ 36%] Built target hector_gazebo_plugins__rosidl_generator_c
[23.455s] [ 38%] [34m[1mGenerating C type support for eProsima Fast-RTPS[0m
[23.455s] [ 40%] [34m[1mGenerating C type support dispatch for ROS interfaces[0m
[23.455s] [ 42%] [34m[1mGenerating C introspection for ROS interfaces[0m
[23.455s] [ 42%] Built target hector_gazebo_plugins__rosidl_typesupport_introspection_cpp
[23.459s] [ 44%] [32mBuilding CXX object CMakeFiles/hector_gazebo_plugins__rosidl_typesupport_fastrtps_c.dir/rosidl_typesupport_fastrtps_c/hector_gazebo_plugins/srv/detail/set_bias__type_support_c.cpp.o[0m
[23.459s] [ 46%] [32mBuilding CXX object CMakeFiles/hector_gazebo_plugins__rosidl_typesupport_fastrtps_c.dir/rosidl_typesupport_fastrtps_c/hector_gazebo_plugins/srv/detail/set_reference_geo_pose__type_support_c.cpp.o[0m
[24.044s] [ 48%] [32mBuilding CXX object CMakeFiles/hector_gazebo_plugins__rosidl_typesupport_c.dir/rosidl_typesupport_c/hector_gazebo_plugins/srv/set_bias__type_support.cpp.o[0m
[24.064s] [ 51%] [32mBuilding CXX object CMakeFiles/hector_gazebo_plugins__rosidl_typesupport_c.dir/rosidl_typesupport_c/hector_gazebo_plugins/srv/set_reference_geo_pose__type_support.cpp.o[0m
[24.306s] [ 53%] [32m[1mLinking CXX shared library libhector_gazebo_plugins__rosidl_typesupport_cpp.so[0m
[24.463s] [ 53%] Built target hector_gazebo_plugins__rosidl_typesupport_cpp
[24.531s] [ 55%] [32mBuilding CXX object CMakeFiles/hector_gazebo_ros_imu.dir/src/gazebo_ros_imu.cpp.o[0m
[25.011s] [ 57%] [32m[1mLinking CXX shared library libhector_gazebo_plugins__rosidl_typesupport_fastrtps_c.so[0m
[25.028s] [ 59%] [32m[1mLinking CXX shared library libhector_gazebo_plugins__rosidl_typesupport_fastrtps_cpp.so[0m
[25.128s] [ 61%] [32m[1mLinking CXX shared library libhector_gazebo_plugins__rosidl_typesupport_c.so[0m
[25.236s] [ 61%] Built target hector_gazebo_plugins__rosidl_typesupport_c
[25.339s] [ 61%] Built target hector_gazebo_plugins__rosidl_typesupport_fastrtps_cpp
[25.443s] [ 61%] Built target hector_gazebo_plugins__rosidl_typesupport_fastrtps_c
[25.879s] [ 63%] [32mBuilding C object CMakeFiles/hector_gazebo_plugins__rosidl_typesupport_introspection_c.dir/rosidl_typesupport_introspection_c/hector_gazebo_plugins/srv/detail/set_bias__type_support.c.o[0m
[26.046s] [ 65%] [32mBuilding C object CMakeFiles/hector_gazebo_plugins__rosidl_typesupport_introspection_c.dir/rosidl_typesupport_introspection_c/hector_gazebo_plugins/srv/detail/set_reference_geo_pose__type_support.c.o[0m
[26.145s] [ 67%] [32m[1mLinking C shared library libhector_gazebo_plugins__rosidl_typesupport_introspection_c.so[0m
[26.250s] [ 67%] Built target hector_gazebo_plugins__rosidl_typesupport_introspection_c
[44.998s] [ 69%] [32m[1mLinking CXX shared library libhector_gazebo_reset_plugin.so[0m
[46.836s] [ 69%] Built target hector_gazebo_reset_plugin
[58.503s] [ 71%] [32m[1mLinking CXX shared library libhector_gazebo_ros_sonar.so[0m
[60.262s] [ 71%] Built target hector_gazebo_ros_sonar
[60.901s] [ 73%] [32m[1mLinking CXX shared library libhector_gazebo_ros_imu.so[0m
[62.649s] [ 73%] Built target hector_gazebo_ros_imu
[79.038s] [ 75%] [32m[1mLinking CXX shared library libhector_gazebo_ros_magnetic.so[0m
[79.721s] [ 75%] Built target hector_gazebo_ros_magnetic
[79.731s] [ 75%] Built target hector_gazebo_plugins
[79.755s] [ 77%] [32mBuilding CXX object CMakeFiles/hector_gazebo_ros_gps.dir/src/gazebo_ros_gps.cpp.o[0m
[111.612s] [ 79%] [32m[1mLinking CXX shared library libhector_gazebo_ros_gps.so[0m
[112.317s] [ 79%] Built target hector_gazebo_ros_gps
[112.337s] [ 81%] [34m[1mGenerating Python code for ROS interfaces[0m
[112.849s] [ 81%] Built target hector_gazebo_plugins__py
[112.867s] [ 83%] [32mBuilding C object CMakeFiles/hector_gazebo_plugins__rosidl_generator_py.dir/rosidl_generator_py/hector_gazebo_plugins/srv/_set_bias_s.c.o[0m
[112.988s] [ 85%] [32mBuilding C object CMakeFiles/hector_gazebo_plugins__rosidl_generator_py.dir/rosidl_generator_py/hector_gazebo_plugins/srv/_set_reference_geo_pose_s.c.o[0m
[113.116s] [ 87%] [32m[1mLinking C shared library rosidl_generator_py/hector_gazebo_plugins/libhector_gazebo_plugins__rosidl_generator_py.so[0m
[113.158s] [ 87%] Built target hector_gazebo_plugins__rosidl_generator_py
[113.175s] [ 89%] [32mBuilding C object CMakeFiles/hector_gazebo_plugins__rosidl_typesupport_fastrtps_c__pyext.dir/rosidl_generator_py/hector_gazebo_plugins/_hector_gazebo_plugins_s.ep.rosidl_typesupport_fastrtps_c.c.o[0m
[113.287s] [ 91%] [32m[1mLinking C shared library rosidl_generator_py/hector_gazebo_plugins/hector_gazebo_plugins_s__rosidl_typesupport_fastrtps_c.cpython-310-x86_64-linux-gnu.so[0m
[113.326s] [ 91%] Built target hector_gazebo_plugins__rosidl_typesupport_fastrtps_c__pyext
[113.342s] [ 93%] [32mBuilding C object CMakeFiles/hector_gazebo_plugins__rosidl_typesupport_c__pyext.dir/rosidl_generator_py/hector_gazebo_plugins/_hector_gazebo_plugins_s.ep.rosidl_typesupport_c.c.o[0m
[113.468s] [ 95%] [32m[1mLinking C shared library rosidl_generator_py/hector_gazebo_plugins/hector_gazebo_plugins_s__rosidl_typesupport_c.cpython-310-x86_64-linux-gnu.so[0m
[113.506s] [ 95%] Built target hector_gazebo_plugins__rosidl_typesupport_c__pyext
[113.519s] [ 97%] [32mBuilding C object CMakeFiles/hector_gazebo_plugins__rosidl_typesupport_introspection_c__pyext.dir/rosidl_generator_py/hector_gazebo_plugins/_hector_gazebo_plugins_s.ep.rosidl_typesupport_introspection_c.c.o[0m
[113.638s] [100%] [32m[1mLinking C shared library rosidl_generator_py/hector_gazebo_plugins/hector_gazebo_plugins_s__rosidl_typesupport_introspection_c.cpython-310-x86_64-linux-gnu.so[0m
[113.674s] [100%] Built target hector_gazebo_plugins__rosidl_typesupport_introspection_c__pyext
[113.682s] Invoked command in '/home/rhobtor/PHD/ARGOJ8_IA/ARGOSJ8_IA_/build/hector_gazebo_plugins' returned '0': CMAKE_PREFIX_PATH=${CMAKE_PREFIX_PATH}:/home/rhobtor/PHD/reactive/Reactive-Navegation/workspace_full_conected/install/car:/opt/ros/humble /opt/st/stm32cubeclt_1.18.0/CMake/bin/cmake --build /home/rhobtor/PHD/ARGOJ8_IA/ARGOSJ8_IA_/build/hector_gazebo_plugins -- -j16 -l16
[113.685s] Invoking command in '/home/rhobtor/PHD/ARGOJ8_IA/ARGOSJ8_IA_/build/hector_gazebo_plugins': CMAKE_PREFIX_PATH=${CMAKE_PREFIX_PATH}:/home/rhobtor/PHD/reactive/Reactive-Navegation/workspace_full_conected/install/car:/opt/ros/humble /opt/st/stm32cubeclt_1.18.0/CMake/bin/cmake --install /home/rhobtor/PHD/ARGOJ8_IA/ARGOSJ8_IA_/build/hector_gazebo_plugins
[113.689s] -- Install configuration: ""
[113.690s] -- Installing: /home/rhobtor/PHD/ARGOJ8_IA/ARGOSJ8_IA_/install/hector_gazebo_plugins/share/ament_index/resource_index/rosidl_interfaces/hector_gazebo_plugins
[113.690s] -- Installing: /home/rhobtor/PHD/ARGOJ8_IA/ARGOSJ8_IA_/install/hector_gazebo_plugins/include/hector_gazebo_plugins/hector_gazebo_plugins
[113.690s] -- Installing: /home/rhobtor/PHD/ARGOJ8_IA/ARGOSJ8_IA_/install/hector_gazebo_plugins/include/hector_gazebo_plugins/hector_gazebo_plugins/srv
[113.690s] -- Installing: /home/rhobtor/PHD/ARGOJ8_IA/ARGOSJ8_IA_/install/hector_gazebo_plugins/include/hector_gazebo_plugins/hector_gazebo_plugins/srv/set_bias.h
[113.691s] -- Installing: /home/rhobtor/PHD/ARGOJ8_IA/ARGOSJ8_IA_/install/hector_gazebo_plugins/include/hector_gazebo_plugins/hector_gazebo_plugins/srv/set_reference_geo_pose.h
[113.691s] -- Installing: /home/rhobtor/PHD/ARGOJ8_IA/ARGOSJ8_IA_/install/hector_gazebo_plugins/include/hector_gazebo_plugins/hector_gazebo_plugins/srv/detail
[113.691s] -- Installing: /home/rhobtor/PHD/ARGOJ8_IA/ARGOSJ8_IA_/install/hector_gazebo_plugins/include/hector_gazebo_plugins/hector_gazebo_plugins/srv/detail/set_bias__struct.h
[113.691s] -- Installing: /home/rhobtor/PHD/ARGOJ8_IA/ARGOSJ8_IA_/install/hector_gazebo_plugins/include/hector_gazebo_plugins/hector_gazebo_plugins/srv/detail/set_reference_geo_pose__struct.h
[113.691s] -- Installing: /home/rhobtor/PHD/ARGOJ8_IA/ARGOSJ8_IA_/install/hector_gazebo_plugins/include/hector_gazebo_plugins/hector_gazebo_plugins/srv/detail/set_reference_geo_pose__type_support.h
[113.691s] -- Installing: /home/rhobtor/PHD/ARGOJ8_IA/ARGOSJ8_IA_/install/hector_gazebo_plugins/include/hector_gazebo_plugins/hector_gazebo_plugins/srv/detail/set_reference_geo_pose__functions.c
[113.691s] -- Installing: /home/rhobtor/PHD/ARGOJ8_IA/ARGOSJ8_IA_/install/hector_gazebo_plugins/include/hector_gazebo_plugins/hector_gazebo_plugins/srv/detail/set_bias__functions.c
[113.692s] -- Installing: /home/rhobtor/PHD/ARGOJ8_IA/ARGOSJ8_IA_/install/hector_gazebo_plugins/include/hector_gazebo_plugins/hector_gazebo_plugins/srv/detail/set_bias__functions.h
[113.692s] -- Installing: /home/rhobtor/PHD/ARGOJ8_IA/ARGOSJ8_IA_/install/hector_gazebo_plugins/include/hector_gazebo_plugins/hector_gazebo_plugins/srv/detail/set_bias__type_support.h
[113.692s] -- Installing: /home/rhobtor/PHD/ARGOJ8_IA/ARGOSJ8_IA_/install/hector_gazebo_plugins/include/hector_gazebo_plugins/hector_gazebo_plugins/srv/detail/set_reference_geo_pose__functions.h
[113.692s] -- Installing: /home/rhobtor/PHD/ARGOJ8_IA/ARGOSJ8_IA_/install/hector_gazebo_plugins/include/hector_gazebo_plugins/hector_gazebo_plugins/msg
[113.692s] -- Installing: /home/rhobtor/PHD/ARGOJ8_IA/ARGOSJ8_IA_/install/hector_gazebo_plugins/include/hector_gazebo_plugins/hector_gazebo_plugins/msg/rosidl_generator_c__visibility_control.h
[113.692s] -- Installing: /home/rhobtor/PHD/ARGOJ8_IA/ARGOSJ8_IA_/install/hector_gazebo_plugins/share/hector_gazebo_plugins/environment/library_path.sh
[113.693s] -- Installing: /home/rhobtor/PHD/ARGOJ8_IA/ARGOSJ8_IA_/install/hector_gazebo_plugins/share/hector_gazebo_plugins/environment/library_path.dsv
[113.693s] -- Installing: /home/rhobtor/PHD/ARGOJ8_IA/ARGOSJ8_IA_/install/hector_gazebo_plugins/lib/libhector_gazebo_plugins__rosidl_generator_c.so
[113.694s] -- Set non-toolchain portion of runtime path of "/home/rhobtor/PHD/ARGOJ8_IA/ARGOSJ8_IA_/install/hector_gazebo_plugins/lib/libhector_gazebo_plugins__rosidl_generator_c.so" to ""
[113.694s] -- Up-to-date: /home/rhobtor/PHD/ARGOJ8_IA/ARGOSJ8_IA_/install/hector_gazebo_plugins/include/hector_gazebo_plugins/hector_gazebo_plugins
[113.694s] -- Up-to-date: /home/rhobtor/PHD/ARGOJ8_IA/ARGOSJ8_IA_/install/hector_gazebo_plugins/include/hector_gazebo_plugins/hector_gazebo_plugins/srv
[113.694s] -- Up-to-date: /home/rhobtor/PHD/ARGOJ8_IA/ARGOSJ8_IA_/install/hector_gazebo_plugins/include/hector_gazebo_plugins/hector_gazebo_plugins/srv/detail
[113.694s] -- Installing: /home/rhobtor/PHD/ARGOJ8_IA/ARGOSJ8_IA_/install/hector_gazebo_plugins/include/hector_gazebo_plugins/hector_gazebo_plugins/srv/detail/set_reference_geo_pose__rosidl_typesupport_fastrtps_c.h
[113.695s] -- Installing: /home/rhobtor/PHD/ARGOJ8_IA/ARGOSJ8_IA_/install/hector_gazebo_plugins/include/hector_gazebo_plugins/hector_gazebo_plugins/srv/detail/set_bias__rosidl_typesupport_fastrtps_c.h
[113.695s] -- Up-to-date: /home/rhobtor/PHD/ARGOJ8_IA/ARGOSJ8_IA_/install/hector_gazebo_plugins/include/hector_gazebo_plugins/hector_gazebo_plugins/msg
[113.695s] -- Installing: /home/rhobtor/PHD/ARGOJ8_IA/ARGOSJ8_IA_/install/hector_gazebo_plugins/include/hector_gazebo_plugins/hector_gazebo_plugins/msg/rosidl_typesupport_fastrtps_c__visibility_control.h
[113.695s] -- Installing: /home/rhobtor/PHD/ARGOJ8_IA/ARGOSJ8_IA_/install/hector_gazebo_plugins/lib/libhector_gazebo_plugins__rosidl_typesupport_fastrtps_c.so
[113.695s] -- Set non-toolchain portion of runtime path of "/home/rhobtor/PHD/ARGOJ8_IA/ARGOSJ8_IA_/install/hector_gazebo_plugins/lib/libhector_gazebo_plugins__rosidl_typesupport_fastrtps_c.so" to ""
[113.695s] -- Up-to-date: /home/rhobtor/PHD/ARGOJ8_IA/ARGOSJ8_IA_/install/hector_gazebo_plugins/include/hector_gazebo_plugins/hector_gazebo_plugins
[113.695s] -- Up-to-date: /home/rhobtor/PHD/ARGOJ8_IA/ARGOSJ8_IA_/install/hector_gazebo_plugins/include/hector_gazebo_plugins/hector_gazebo_plugins/srv
[113.696s] -- Up-to-date: /home/rhobtor/PHD/ARGOJ8_IA/ARGOSJ8_IA_/install/hector_gazebo_plugins/include/hector_gazebo_plugins/hector_gazebo_plugins/srv/detail
[113.696s] -- Installing: /home/rhobtor/PHD/ARGOJ8_IA/ARGOSJ8_IA_/install/hector_gazebo_plugins/include/hector_gazebo_plugins/hector_gazebo_plugins/srv/detail/set_bias__traits.hpp
[113.696s] -- Installing: /home/rhobtor/PHD/ARGOJ8_IA/ARGOSJ8_IA_/install/hector_gazebo_plugins/include/hector_gazebo_plugins/hector_gazebo_plugins/srv/detail/set_reference_geo_pose__traits.hpp
[113.696s] -- Installing: /home/rhobtor/PHD/ARGOJ8_IA/ARGOSJ8_IA_/install/hector_gazebo_plugins/include/hector_gazebo_plugins/hector_gazebo_plugins/srv/detail/set_bias__type_support.hpp
[113.696s] -- Installing: /home/rhobtor/PHD/ARGOJ8_IA/ARGOSJ8_IA_/install/hector_gazebo_plugins/include/hector_gazebo_plugins/hector_gazebo_plugins/srv/detail/set_reference_geo_pose__builder.hpp
[113.696s] -- Installing: /home/rhobtor/PHD/ARGOJ8_IA/ARGOSJ8_IA_/install/hector_gazebo_plugins/include/hector_gazebo_plugins/hector_gazebo_plugins/srv/detail/set_reference_geo_pose__type_support.hpp
[113.696s] -- Installing: /home/rhobtor/PHD/ARGOJ8_IA/ARGOSJ8_IA_/install/hector_gazebo_plugins/include/hector_gazebo_plugins/hector_gazebo_plugins/srv/detail/set_reference_geo_pose__struct.hpp
[113.696s] -- Installing: /home/rhobtor/PHD/ARGOJ8_IA/ARGOSJ8_IA_/install/hector_gazebo_plugins/include/hector_gazebo_plugins/hector_gazebo_plugins/srv/detail/set_bias__struct.hpp
[113.697s] -- Installing: /home/rhobtor/PHD/ARGOJ8_IA/ARGOSJ8_IA_/install/hector_gazebo_plugins/include/hector_gazebo_plugins/hector_gazebo_plugins/srv/detail/set_bias__builder.hpp
[113.697s] -- Installing: /home/rhobtor/PHD/ARGOJ8_IA/ARGOSJ8_IA_/install/hector_gazebo_plugins/include/hector_gazebo_plugins/hector_gazebo_plugins/srv/set_bias.hpp
[113.697s] -- Installing: /home/rhobtor/PHD/ARGOJ8_IA/ARGOSJ8_IA_/install/hector_gazebo_plugins/include/hector_gazebo_plugins/hector_gazebo_plugins/srv/set_reference_geo_pose.hpp
[113.697s] -- Up-to-date: /home/rhobtor/PHD/ARGOJ8_IA/ARGOSJ8_IA_/install/hector_gazebo_plugins/include/hector_gazebo_plugins/hector_gazebo_plugins/msg
[113.697s] -- Installing: /home/rhobtor/PHD/ARGOJ8_IA/ARGOSJ8_IA_/install/hector_gazebo_plugins/include/hector_gazebo_plugins/hector_gazebo_plugins/msg/rosidl_generator_cpp__visibility_control.hpp
[113.697s] -- Up-to-date: /home/rhobtor/PHD/ARGOJ8_IA/ARGOSJ8_IA_/install/hector_gazebo_plugins/include/hector_gazebo_plugins/hector_gazebo_plugins
[113.697s] -- Up-to-date: /home/rhobtor/PHD/ARGOJ8_IA/ARGOSJ8_IA_/install/hector_gazebo_plugins/include/hector_gazebo_plugins/hector_gazebo_plugins/srv
[113.697s] -- Up-to-date: /home/rhobtor/PHD/ARGOJ8_IA/ARGOSJ8_IA_/install/hector_gazebo_plugins/include/hector_gazebo_plugins/hector_gazebo_plugins/srv/detail
[113.697s] -- Installing: /home/rhobtor/PHD/ARGOJ8_IA/ARGOSJ8_IA_/install/hector_gazebo_plugins/include/hector_gazebo_plugins/hector_gazebo_plugins/srv/detail/set_bias__rosidl_typesupport_fastrtps_cpp.hpp
[113.698s] -- Installing: /home/rhobtor/PHD/ARGOJ8_IA/ARGOSJ8_IA_/install/hector_gazebo_plugins/include/hector_gazebo_plugins/hector_gazebo_plugins/srv/detail/dds_fastrtps
[113.698s] -- Installing: /home/rhobtor/PHD/ARGOJ8_IA/ARGOSJ8_IA_/install/hector_gazebo_plugins/include/hector_gazebo_plugins/hector_gazebo_plugins/srv/detail/set_reference_geo_pose__rosidl_typesupport_fastrtps_cpp.hpp
[113.698s] -- Up-to-date: /home/rhobtor/PHD/ARGOJ8_IA/ARGOSJ8_IA_/install/hector_gazebo_plugins/include/hector_gazebo_plugins/hector_gazebo_plugins/msg
[113.698s] -- Installing: /home/rhobtor/PHD/ARGOJ8_IA/ARGOSJ8_IA_/install/hector_gazebo_plugins/include/hector_gazebo_plugins/hector_gazebo_plugins/msg/rosidl_typesupport_fastrtps_cpp__visibility_control.h
[113.698s] -- Installing: /home/rhobtor/PHD/ARGOJ8_IA/ARGOSJ8_IA_/install/hector_gazebo_plugins/lib/libhector_gazebo_plugins__rosidl_typesupport_fastrtps_cpp.so
[113.698s] -- Set non-toolchain portion of runtime path of "/home/rhobtor/PHD/ARGOJ8_IA/ARGOSJ8_IA_/install/hector_gazebo_plugins/lib/libhector_gazebo_plugins__rosidl_typesupport_fastrtps_cpp.so" to ""
[113.698s] -- Up-to-date: /home/rhobtor/PHD/ARGOJ8_IA/ARGOSJ8_IA_/install/hector_gazebo_plugins/include/hector_gazebo_plugins/hector_gazebo_plugins
[113.699s] -- Up-to-date: /home/rhobtor/PHD/ARGOJ8_IA/ARGOSJ8_IA_/install/hector_gazebo_plugins/include/hector_gazebo_plugins/hector_gazebo_plugins/srv
[113.699s] -- Up-to-date: /home/rhobtor/PHD/ARGOJ8_IA/ARGOSJ8_IA_/install/hector_gazebo_plugins/include/hector_gazebo_plugins/hector_gazebo_plugins/srv/detail
[113.699s] -- Installing: /home/rhobtor/PHD/ARGOJ8_IA/ARGOSJ8_IA_/install/hector_gazebo_plugins/include/hector_gazebo_plugins/hector_gazebo_plugins/srv/detail/set_reference_geo_pose__type_support.c
[113.699s] -- Installing: /home/rhobtor/PHD/ARGOJ8_IA/ARGOSJ8_IA_/install/hector_gazebo_plugins/include/hector_gazebo_plugins/hector_gazebo_plugins/srv/detail/set_bias__type_support.c
[113.699s] -- Installing: /home/rhobtor/PHD/ARGOJ8_IA/ARGOSJ8_IA_/install/hector_gazebo_plugins/include/hector_gazebo_plugins/hector_gazebo_plugins/srv/detail/set_bias__rosidl_typesupport_introspection_c.h
[113.699s] -- Installing: /home/rhobtor/PHD/ARGOJ8_IA/ARGOSJ8_IA_/install/hector_gazebo_plugins/include/hector_gazebo_plugins/hector_gazebo_plugins/srv/detail/set_reference_geo_pose__rosidl_typesupport_introspection_c.h
[113.699s] -- Up-to-date: /home/rhobtor/PHD/ARGOJ8_IA/ARGOSJ8_IA_/install/hector_gazebo_plugins/include/hector_gazebo_plugins/hector_gazebo_plugins/msg
[113.699s] -- Installing: /home/rhobtor/PHD/ARGOJ8_IA/ARGOSJ8_IA_/install/hector_gazebo_plugins/include/hector_gazebo_plugins/hector_gazebo_plugins/msg/rosidl_typesupport_introspection_c__visibility_control.h
[113.699s] -- Installing: /home/rhobtor/PHD/ARGOJ8_IA/ARGOSJ8_IA_/install/hector_gazebo_plugins/lib/libhector_gazebo_plugins__rosidl_typesupport_introspection_c.so
[113.700s] -- Set non-toolchain portion of runtime path of "/home/rhobtor/PHD/ARGOJ8_IA/ARGOSJ8_IA_/install/hector_gazebo_plugins/lib/libhector_gazebo_plugins__rosidl_typesupport_introspection_c.so" to ""
[113.700s] -- Installing: /home/rhobtor/PHD/ARGOJ8_IA/ARGOSJ8_IA_/install/hector_gazebo_plugins/lib/libhector_gazebo_plugins__rosidl_typesupport_c.so
[113.701s] -- Set non-toolchain portion of runtime path of "/home/rhobtor/PHD/ARGOJ8_IA/ARGOSJ8_IA_/install/hector_gazebo_plugins/lib/libhector_gazebo_plugins__rosidl_typesupport_c.so" to ""
[113.701s] -- Up-to-date: /home/rhobtor/PHD/ARGOJ8_IA/ARGOSJ8_IA_/install/hector_gazebo_plugins/include/hector_gazebo_plugins/hector_gazebo_plugins
[113.701s] -- Up-to-date: /home/rhobtor/PHD/ARGOJ8_IA/ARGOSJ8_IA_/install/hector_gazebo_plugins/include/hector_gazebo_plugins/hector_gazebo_plugins/srv
[113.701s] -- Up-to-date: /home/rhobtor/PHD/ARGOJ8_IA/ARGOSJ8_IA_/install/hector_gazebo_plugins/include/hector_gazebo_plugins/hector_gazebo_plugins/srv/detail
[113.701s] -- Installing: /home/rhobtor/PHD/ARGOJ8_IA/ARGOSJ8_IA_/install/hector_gazebo_plugins/include/hector_gazebo_plugins/hector_gazebo_plugins/srv/detail/set_reference_geo_pose__rosidl_typesupport_introspection_cpp.hpp
[113.701s] -- Installing: /home/rhobtor/PHD/ARGOJ8_IA/ARGOSJ8_IA_/install/hector_gazebo_plugins/include/hector_gazebo_plugins/hector_gazebo_plugins/srv/detail/set_bias__rosidl_typesupport_introspection_cpp.hpp
[113.701s] -- Installing: /home/rhobtor/PHD/ARGOJ8_IA/ARGOSJ8_IA_/install/hector_gazebo_plugins/include/hector_gazebo_plugins/hector_gazebo_plugins/srv/detail/set_reference_geo_pose__type_support.cpp
[113.701s] -- Installing: /home/rhobtor/PHD/ARGOJ8_IA/ARGOSJ8_IA_/install/hector_gazebo_plugins/include/hector_gazebo_plugins/hector_gazebo_plugins/srv/detail/set_bias__type_support.cpp
[113.702s] -- Installing: /home/rhobtor/PHD/ARGOJ8_IA/ARGOSJ8_IA_/install/hector_gazebo_plugins/lib/libhector_gazebo_plugins__rosidl_typesupport_introspection_cpp.so
[113.702s] -- Set non-toolchain portion of runtime path of "/home/rhobtor/PHD/ARGOJ8_IA/ARGOSJ8_IA_/install/hector_gazebo_plugins/lib/libhector_gazebo_plugins__rosidl_typesupport_introspection_cpp.so" to ""
[113.702s] -- Installing: /home/rhobtor/PHD/ARGOJ8_IA/ARGOSJ8_IA_/install/hector_gazebo_plugins/lib/libhector_gazebo_plugins__rosidl_typesupport_cpp.so
[113.703s] -- Set non-toolchain portion of runtime path of "/home/rhobtor/PHD/ARGOJ8_IA/ARGOSJ8_IA_/install/hector_gazebo_plugins/lib/libhector_gazebo_plugins__rosidl_typesupport_cpp.so" to ""
[113.703s] -- Installing: /home/rhobtor/PHD/ARGOJ8_IA/ARGOSJ8_IA_/install/hector_gazebo_plugins/share/hector_gazebo_plugins/environment/pythonpath.sh
[113.703s] -- Installing: /home/rhobtor/PHD/ARGOJ8_IA/ARGOSJ8_IA_/install/hector_gazebo_plugins/share/hector_gazebo_plugins/environment/pythonpath.dsv
[113.703s] -- Installing: /home/rhobtor/PHD/ARGOJ8_IA/ARGOSJ8_IA_/install/hector_gazebo_plugins/local/lib/python3.10/dist-packages/hector_gazebo_plugins-0.5.4-py3.10.egg-info
[113.703s] -- Installing: /home/rhobtor/PHD/ARGOJ8_IA/ARGOSJ8_IA_/install/hector_gazebo_plugins/local/lib/python3.10/dist-packages/hector_gazebo_plugins-0.5.4-py3.10.egg-info/top_level.txt
[113.704s] -- Installing: /home/rhobtor/PHD/ARGOJ8_IA/ARGOSJ8_IA_/install/hector_gazebo_plugins/local/lib/python3.10/dist-packages/hector_gazebo_plugins-0.5.4-py3.10.egg-info/SOURCES.txt
[113.704s] -- Installing: /home/rhobtor/PHD/ARGOJ8_IA/ARGOSJ8_IA_/install/hector_gazebo_plugins/local/lib/python3.10/dist-packages/hector_gazebo_plugins-0.5.4-py3.10.egg-info/PKG-INFO
[113.704s] -- Installing: /home/rhobtor/PHD/ARGOJ8_IA/ARGOSJ8_IA_/install/hector_gazebo_plugins/local/lib/python3.10/dist-packages/hector_gazebo_plugins-0.5.4-py3.10.egg-info/dependency_links.txt
[113.704s] -- Installing: /home/rhobtor/PHD/ARGOJ8_IA/ARGOSJ8_IA_/install/hector_gazebo_plugins/local/lib/python3.10/dist-packages/hector_gazebo_plugins
[113.704s] -- Installing: /home/rhobtor/PHD/ARGOJ8_IA/ARGOSJ8_IA_/install/hector_gazebo_plugins/local/lib/python3.10/dist-packages/hector_gazebo_plugins/srv
[113.704s] -- Installing: /home/rhobtor/PHD/ARGOJ8_IA/ARGOSJ8_IA_/install/hector_gazebo_plugins/local/lib/python3.10/dist-packages/hector_gazebo_plugins/srv/_set_reference_geo_pose.py
[113.704s] -- Installing: /home/rhobtor/PHD/ARGOJ8_IA/ARGOSJ8_IA_/install/hector_gazebo_plugins/local/lib/python3.10/dist-packages/hector_gazebo_plugins/srv/_set_bias_s.c
[113.705s] -- Installing: /home/rhobtor/PHD/ARGOJ8_IA/ARGOSJ8_IA_/install/hector_gazebo_plugins/local/lib/python3.10/dist-packages/hector_gazebo_plugins/srv/_set_bias.py
[113.705s] -- Installing: /home/rhobtor/PHD/ARGOJ8_IA/ARGOSJ8_IA_/install/hector_gazebo_plugins/local/lib/python3.10/dist-packages/hector_gazebo_plugins/srv/__init__.py
[113.705s] -- Installing: /home/rhobtor/PHD/ARGOJ8_IA/ARGOSJ8_IA_/install/hector_gazebo_plugins/local/lib/python3.10/dist-packages/hector_gazebo_plugins/srv/_set_reference_geo_pose_s.c
[113.705s] -- Installing: /home/rhobtor/PHD/ARGOJ8_IA/ARGOSJ8_IA_/install/hector_gazebo_plugins/local/lib/python3.10/dist-packages/hector_gazebo_plugins/hector_gazebo_plugins_s__rosidl_typesupport_introspection_c.cpython-310-x86_64-linux-gnu.so
[113.705s] -- Installing: /home/rhobtor/PHD/ARGOJ8_IA/ARGOSJ8_IA_/install/hector_gazebo_plugins/local/lib/python3.10/dist-packages/hector_gazebo_plugins/hector_gazebo_plugins_s__rosidl_typesupport_c.cpython-310-x86_64-linux-gnu.so
[113.705s] -- Installing: /home/rhobtor/PHD/ARGOJ8_IA/ARGOSJ8_IA_/install/hector_gazebo_plugins/local/lib/python3.10/dist-packages/hector_gazebo_plugins/_hector_gazebo_plugins_s.ep.rosidl_typesupport_fastrtps_c.c
[113.706s] -- Installing: /home/rhobtor/PHD/ARGOJ8_IA/ARGOSJ8_IA_/install/hector_gazebo_plugins/local/lib/python3.10/dist-packages/hector_gazebo_plugins/_hector_gazebo_plugins_s.ep.rosidl_typesupport_c.c
[113.706s] -- Installing: /home/rhobtor/PHD/ARGOJ8_IA/ARGOSJ8_IA_/install/hector_gazebo_plugins/local/lib/python3.10/dist-packages/hector_gazebo_plugins/_hector_gazebo_plugins_s.ep.rosidl_typesupport_introspection_c.c
[113.706s] -- Installing: /home/rhobtor/PHD/ARGOJ8_IA/ARGOSJ8_IA_/install/hector_gazebo_plugins/local/lib/python3.10/dist-packages/hector_gazebo_plugins/__init__.py
[113.706s] -- Installing: /home/rhobtor/PHD/ARGOJ8_IA/ARGOSJ8_IA_/install/hector_gazebo_plugins/local/lib/python3.10/dist-packages/hector_gazebo_plugins/libhector_gazebo_plugins__rosidl_generator_py.so
[113.706s] -- Installing: /home/rhobtor/PHD/ARGOJ8_IA/ARGOSJ8_IA_/install/hector_gazebo_plugins/local/lib/python3.10/dist-packages/hector_gazebo_plugins/hector_gazebo_plugins_s__rosidl_typesupport_fastrtps_c.cpython-310-x86_64-linux-gnu.so
[113.748s] Listing '/home/rhobtor/PHD/ARGOJ8_IA/ARGOSJ8_IA_/install/hector_gazebo_plugins/local/lib/python3.10/dist-packages/hector_gazebo_plugins'...
[113.748s] Compiling '/home/rhobtor/PHD/ARGOJ8_IA/ARGOSJ8_IA_/install/hector_gazebo_plugins/local/lib/python3.10/dist-packages/hector_gazebo_plugins/__init__.py'...
[113.748s] Listing '/home/rhobtor/PHD/ARGOJ8_IA/ARGOSJ8_IA_/install/hector_gazebo_plugins/local/lib/python3.10/dist-packages/hector_gazebo_plugins/srv'...
[113.748s] Compiling '/home/rhobtor/PHD/ARGOJ8_IA/ARGOSJ8_IA_/install/hector_gazebo_plugins/local/lib/python3.10/dist-packages/hector_gazebo_plugins/srv/__init__.py'...
[113.748s] Compiling '/home/rhobtor/PHD/ARGOJ8_IA/ARGOSJ8_IA_/install/hector_gazebo_plugins/local/lib/python3.10/dist-packages/hector_gazebo_plugins/srv/_set_bias.py'...
[113.748s] Compiling '/home/rhobtor/PHD/ARGOJ8_IA/ARGOSJ8_IA_/install/hector_gazebo_plugins/local/lib/python3.10/dist-packages/hector_gazebo_plugins/srv/_set_reference_geo_pose.py'...
[113.753s] -- Installing: /home/rhobtor/PHD/ARGOJ8_IA/ARGOSJ8_IA_/install/hector_gazebo_plugins/local/lib/python3.10/dist-packages/hector_gazebo_plugins/hector_gazebo_plugins_s__rosidl_typesupport_fastrtps_c.cpython-310-x86_64-linux-gnu.so
[113.753s] -- Set non-toolchain portion of runtime path of "/home/rhobtor/PHD/ARGOJ8_IA/ARGOSJ8_IA_/install/hector_gazebo_plugins/local/lib/python3.10/dist-packages/hector_gazebo_plugins/hector_gazebo_plugins_s__rosidl_typesupport_fastrtps_c.cpython-310-x86_64-linux-gnu.so" to ""
[113.754s] -- Installing: /home/rhobtor/PHD/ARGOJ8_IA/ARGOSJ8_IA_/install/hector_gazebo_plugins/local/lib/python3.10/dist-packages/hector_gazebo_plugins/hector_gazebo_plugins_s__rosidl_typesupport_introspection_c.cpython-310-x86_64-linux-gnu.so
[113.754s] -- Set non-toolchain portion of runtime path of "/home/rhobtor/PHD/ARGOJ8_IA/ARGOSJ8_IA_/install/hector_gazebo_plugins/local/lib/python3.10/dist-packages/hector_gazebo_plugins/hector_gazebo_plugins_s__rosidl_typesupport_introspection_c.cpython-310-x86_64-linux-gnu.so" to ""
[113.754s] -- Installing: /home/rhobtor/PHD/ARGOJ8_IA/ARGOSJ8_IA_/install/hector_gazebo_plugins/local/lib/python3.10/dist-packages/hector_gazebo_plugins/hector_gazebo_plugins_s__rosidl_typesupport_c.cpython-310-x86_64-linux-gnu.so
[113.754s] -- Set non-toolchain portion of runtime path of "/home/rhobtor/PHD/ARGOJ8_IA/ARGOSJ8_IA_/install/hector_gazebo_plugins/local/lib/python3.10/dist-packages/hector_gazebo_plugins/hector_gazebo_plugins_s__rosidl_typesupport_c.cpython-310-x86_64-linux-gnu.so" to ""
[113.754s] -- Installing: /home/rhobtor/PHD/ARGOJ8_IA/ARGOSJ8_IA_/install/hector_gazebo_plugins/lib/libhector_gazebo_plugins__rosidl_generator_py.so
[113.754s] -- Set non-toolchain portion of runtime path of "/home/rhobtor/PHD/ARGOJ8_IA/ARGOSJ8_IA_/install/hector_gazebo_plugins/lib/libhector_gazebo_plugins__rosidl_generator_py.so" to ""
[113.755s] -- Installing: /home/rhobtor/PHD/ARGOJ8_IA/ARGOSJ8_IA_/install/hector_gazebo_plugins/share/hector_gazebo_plugins/srv/SetBias.idl
[113.755s] -- Installing: /home/rhobtor/PHD/ARGOJ8_IA/ARGOSJ8_IA_/install/hector_gazebo_plugins/share/hector_gazebo_plugins/srv/SetReferenceGeoPose.idl
[113.755s] -- Installing: /home/rhobtor/PHD/ARGOJ8_IA/ARGOSJ8_IA_/install/hector_gazebo_plugins/share/hector_gazebo_plugins/srv/SetBias.srv
[113.755s] -- Installing: /home/rhobtor/PHD/ARGOJ8_IA/ARGOSJ8_IA_/install/hector_gazebo_plugins/share/hector_gazebo_plugins/srv/SetBias_Request.msg
[113.755s] -- Installing: /home/rhobtor/PHD/ARGOJ8_IA/ARGOSJ8_IA_/install/hector_gazebo_plugins/share/hector_gazebo_plugins/srv/SetBias_Response.msg
[113.755s] -- Installing: /home/rhobtor/PHD/ARGOJ8_IA/ARGOSJ8_IA_/install/hector_gazebo_plugins/share/hector_gazebo_plugins/srv/SetReferenceGeoPose.srv
[113.755s] -- Installing: /home/rhobtor/PHD/ARGOJ8_IA/ARGOSJ8_IA_/install/hector_gazebo_plugins/share/hector_gazebo_plugins/srv/SetReferenceGeoPose_Request.msg
[113.756s] -- Installing: /home/rhobtor/PHD/ARGOJ8_IA/ARGOSJ8_IA_/install/hector_gazebo_plugins/share/hector_gazebo_plugins/srv/SetReferenceGeoPose_Response.msg
[113.756s] -- Up-to-date: /home/rhobtor/PHD/ARGOJ8_IA/ARGOSJ8_IA_/install/hector_gazebo_plugins/include
[113.756s] -- Installing: /home/rhobtor/PHD/ARGOJ8_IA/ARGOSJ8_IA_/install/hector_gazebo_plugins/include/update_timer.h
[113.756s] -- Installing: /home/rhobtor/PHD/ARGOJ8_IA/ARGOSJ8_IA_/install/hector_gazebo_plugins/include/gazebo_ros_imu.h
[113.756s] -- Installing: /home/rhobtor/PHD/ARGOJ8_IA/ARGOSJ8_IA_/install/hector_gazebo_plugins/include/sensor_model.h
[113.756s] -- Installing: /home/rhobtor/PHD/ARGOJ8_IA/ARGOSJ8_IA_/install/hector_gazebo_plugins/include/gazebo_ros_magnetic.h
[113.756s] -- Installing: /home/rhobtor/PHD/ARGOJ8_IA/ARGOSJ8_IA_/install/hector_gazebo_plugins/include/gnss_config.h
[113.756s] -- Installing: /home/rhobtor/PHD/ARGOJ8_IA/ARGOSJ8_IA_/install/hector_gazebo_plugins/include/diffdrive_plugin_multi_wheel.h
[113.757s] -- Installing: /home/rhobtor/PHD/ARGOJ8_IA/ARGOSJ8_IA_/install/hector_gazebo_plugins/include/reset_plugin.h
[113.757s] -- Installing: /home/rhobtor/PHD/ARGOJ8_IA/ARGOSJ8_IA_/install/hector_gazebo_plugins/include/servo_plugin.h
[113.757s] -- Installing: /home/rhobtor/PHD/ARGOJ8_IA/ARGOSJ8_IA_/install/hector_gazebo_plugins/include/gazebo_ros_gps.h
[113.757s] -- Installing: /home/rhobtor/PHD/ARGOJ8_IA/ARGOSJ8_IA_/install/hector_gazebo_plugins/include/gazebo_ros_force_based_move.h
[113.757s] -- Installing: /home/rhobtor/PHD/ARGOJ8_IA/ARGOSJ8_IA_/install/hector_gazebo_plugins/include/diffdrive_plugin_6w.h
[113.757s] -- Installing: /home/rhobtor/PHD/ARGOJ8_IA/ARGOSJ8_IA_/install/hector_gazebo_plugins/include/gazebo_ros_sonar.h
[113.757s] -- Installing: /home/rhobtor/PHD/ARGOJ8_IA/ARGOSJ8_IA_/install/hector_gazebo_plugins/lib/libhector_gazebo_reset_plugin.so
[113.759s] -- Set non-toolchain portion of runtime path of "/home/rhobtor/PHD/ARGOJ8_IA/ARGOSJ8_IA_/install/hector_gazebo_plugins/lib/libhector_gazebo_reset_plugin.so" to ""
[113.759s] -- Installing: /home/rhobtor/PHD/ARGOJ8_IA/ARGOSJ8_IA_/install/hector_gazebo_plugins/lib/libhector_gazebo_ros_imu.so
[113.763s] -- Set non-toolchain portion of runtime path of "/home/rhobtor/PHD/ARGOJ8_IA/ARGOSJ8_IA_/install/hector_gazebo_plugins/lib/libhector_gazebo_ros_imu.so" to ""
[113.763s] -- Installing: /home/rhobtor/PHD/ARGOJ8_IA/ARGOSJ8_IA_/install/hector_gazebo_plugins/lib/libhector_gazebo_ros_magnetic.so
[113.766s] -- Set non-toolchain portion of runtime path of "/home/rhobtor/PHD/ARGOJ8_IA/ARGOSJ8_IA_/install/hector_gazebo_plugins/lib/libhector_gazebo_ros_magnetic.so" to ""
[113.766s] -- Installing: /home/rhobtor/PHD/ARGOJ8_IA/ARGOSJ8_IA_/install/hector_gazebo_plugins/lib/libhector_gazebo_ros_gps.so
[113.771s] -- Set non-toolchain portion of runtime path of "/home/rhobtor/PHD/ARGOJ8_IA/ARGOSJ8_IA_/install/hector_gazebo_plugins/lib/libhector_gazebo_ros_gps.so" to ""
[113.772s] -- Installing: /home/rhobtor/PHD/ARGOJ8_IA/ARGOSJ8_IA_/install/hector_gazebo_plugins/lib/libhector_gazebo_ros_sonar.so
[113.775s] -- Set non-toolchain portion of runtime path of "/home/rhobtor/PHD/ARGOJ8_IA/ARGOSJ8_IA_/install/hector_gazebo_plugins/lib/libhector_gazebo_ros_sonar.so" to ""
[113.775s] -- Installing: /home/rhobtor/PHD/ARGOJ8_IA/ARGOSJ8_IA_/install/hector_gazebo_plugins/share/ament_index/resource_index/package_run_dependencies/hector_gazebo_plugins
[113.775s] -- Installing: /home/rhobtor/PHD/ARGOJ8_IA/ARGOSJ8_IA_/install/hector_gazebo_plugins/share/ament_index/resource_index/parent_prefix_path/hector_gazebo_plugins
[113.775s] -- Installing: /home/rhobtor/PHD/ARGOJ8_IA/ARGOSJ8_IA_/install/hector_gazebo_plugins/share/hector_gazebo_plugins/environment/ament_prefix_path.sh
[113.775s] -- Installing: /home/rhobtor/PHD/ARGOJ8_IA/ARGOSJ8_IA_/install/hector_gazebo_plugins/share/hector_gazebo_plugins/environment/ament_prefix_path.dsv
[113.775s] -- Installing: /home/rhobtor/PHD/ARGOJ8_IA/ARGOSJ8_IA_/install/hector_gazebo_plugins/share/hector_gazebo_plugins/environment/path.sh
[113.775s] -- Installing: /home/rhobtor/PHD/ARGOJ8_IA/ARGOSJ8_IA_/install/hector_gazebo_plugins/share/hector_gazebo_plugins/environment/path.dsv
[113.776s] -- Installing: /home/rhobtor/PHD/ARGOJ8_IA/ARGOSJ8_IA_/install/hector_gazebo_plugins/share/hector_gazebo_plugins/local_setup.bash
[113.776s] -- Installing: /home/rhobtor/PHD/ARGOJ8_IA/ARGOSJ8_IA_/install/hector_gazebo_plugins/share/hector_gazebo_plugins/local_setup.sh
[113.776s] -- Installing: /home/rhobtor/PHD/ARGOJ8_IA/ARGOSJ8_IA_/install/hector_gazebo_plugins/share/hector_gazebo_plugins/local_setup.zsh
[113.776s] -- Installing: /home/rhobtor/PHD/ARGOJ8_IA/ARGOSJ8_IA_/install/hector_gazebo_plugins/share/hector_gazebo_plugins/local_setup.dsv
[113.776s] -- Installing: /home/rhobtor/PHD/ARGOJ8_IA/ARGOSJ8_IA_/install/hector_gazebo_plugins/share/hector_gazebo_plugins/package.dsv
[113.776s] -- Installing: /home/rhobtor/PHD/ARGOJ8_IA/ARGOSJ8_IA_/install/hector_gazebo_plugins/share/ament_index/resource_index/packages/hector_gazebo_plugins
[113.776s] -- Installing: /home/rhobtor/PHD/ARGOJ8_IA/ARGOSJ8_IA_/install/hector_gazebo_plugins/share/hector_gazebo_plugins/cmake/export_hector_gazebo_plugins__rosidl_generator_cExport.cmake
[113.777s] -- Installing: /home/rhobtor/PHD/ARGOJ8_IA/ARGOSJ8_IA_/install/hector_gazebo_plugins/share/hector_gazebo_plugins/cmake/export_hector_gazebo_plugins__rosidl_generator_cExport-noconfig.cmake
[113.777s] -- Installing: /home/rhobtor/PHD/ARGOJ8_IA/ARGOSJ8_IA_/install/hector_gazebo_plugins/share/hector_gazebo_plugins/cmake/export_hector_gazebo_plugins__rosidl_typesupport_fastrtps_cExport.cmake
[113.777s] -- Installing: /home/rhobtor/PHD/ARGOJ8_IA/ARGOSJ8_IA_/install/hector_gazebo_plugins/share/hector_gazebo_plugins/cmake/export_hector_gazebo_plugins__rosidl_typesupport_fastrtps_cExport-noconfig.cmake
[113.777s] -- Installing: /home/rhobtor/PHD/ARGOJ8_IA/ARGOSJ8_IA_/install/hector_gazebo_plugins/share/hector_gazebo_plugins/cmake/export_hector_gazebo_plugins__rosidl_generator_cppExport.cmake
[113.777s] -- Installing: /home/rhobtor/PHD/ARGOJ8_IA/ARGOSJ8_IA_/install/hector_gazebo_plugins/share/hector_gazebo_plugins/cmake/export_hector_gazebo_plugins__rosidl_typesupport_fastrtps_cppExport.cmake
[113.777s] -- Installing: /home/rhobtor/PHD/ARGOJ8_IA/ARGOSJ8_IA_/install/hector_gazebo_plugins/share/hector_gazebo_plugins/cmake/export_hector_gazebo_plugins__rosidl_typesupport_fastrtps_cppExport-noconfig.cmake
[113.777s] -- Installing: /home/rhobtor/PHD/ARGOJ8_IA/ARGOSJ8_IA_/install/hector_gazebo_plugins/share/hector_gazebo_plugins/cmake/hector_gazebo_plugins__rosidl_typesupport_introspection_cExport.cmake
[113.777s] -- Installing: /home/rhobtor/PHD/ARGOJ8_IA/ARGOSJ8_IA_/install/hector_gazebo_plugins/share/hector_gazebo_plugins/cmake/hector_gazebo_plugins__rosidl_typesupport_introspection_cExport-noconfig.cmake
[113.778s] -- Installing: /home/rhobtor/PHD/ARGOJ8_IA/ARGOSJ8_IA_/install/hector_gazebo_plugins/share/hector_gazebo_plugins/cmake/hector_gazebo_plugins__rosidl_typesupport_cExport.cmake
[113.778s] -- Installing: /home/rhobtor/PHD/ARGOJ8_IA/ARGOSJ8_IA_/install/hector_gazebo_plugins/share/hector_gazebo_plugins/cmake/hector_gazebo_plugins__rosidl_typesupport_cExport-noconfig.cmake
[113.778s] -- Installing: /home/rhobtor/PHD/ARGOJ8_IA/ARGOSJ8_IA_/install/hector_gazebo_plugins/share/hector_gazebo_plugins/cmake/hector_gazebo_plugins__rosidl_typesupport_introspection_cppExport.cmake
[113.778s] -- Installing: /home/rhobtor/PHD/ARGOJ8_IA/ARGOSJ8_IA_/install/hector_gazebo_plugins/share/hector_gazebo_plugins/cmake/hector_gazebo_plugins__rosidl_typesupport_introspection_cppExport-noconfig.cmake
[113.778s] -- Installing: /home/rhobtor/PHD/ARGOJ8_IA/ARGOSJ8_IA_/install/hector_gazebo_plugins/share/hector_gazebo_plugins/cmake/hector_gazebo_plugins__rosidl_typesupport_cppExport.cmake
[113.778s] -- Installing: /home/rhobtor/PHD/ARGOJ8_IA/ARGOSJ8_IA_/install/hector_gazebo_plugins/share/hector_gazebo_plugins/cmake/hector_gazebo_plugins__rosidl_typesupport_cppExport-noconfig.cmake
[113.778s] -- Installing: /home/rhobtor/PHD/ARGOJ8_IA/ARGOSJ8_IA_/install/hector_gazebo_plugins/share/hector_gazebo_plugins/cmake/export_hector_gazebo_plugins__rosidl_generator_pyExport.cmake
[113.778s] -- Installing: /home/rhobtor/PHD/ARGOJ8_IA/ARGOSJ8_IA_/install/hector_gazebo_plugins/share/hector_gazebo_plugins/cmake/export_hector_gazebo_plugins__rosidl_generator_pyExport-noconfig.cmake
[113.779s] -- Installing: /home/rhobtor/PHD/ARGOJ8_IA/ARGOSJ8_IA_/install/hector_gazebo_plugins/share/hector_gazebo_plugins/cmake/rosidl_cmake-extras.cmake
[113.779s] -- Installing: /home/rhobtor/PHD/ARGOJ8_IA/ARGOSJ8_IA_/install/hector_gazebo_plugins/share/hector_gazebo_plugins/cmake/ament_cmake_export_dependencies-extras.cmake
[113.779s] -- Installing: /home/rhobtor/PHD/ARGOJ8_IA/ARGOSJ8_IA_/install/hector_gazebo_plugins/share/hector_gazebo_plugins/cmake/ament_cmake_export_include_directories-extras.cmake
[113.779s] -- Installing: /home/rhobtor/PHD/ARGOJ8_IA/ARGOSJ8_IA_/install/hector_gazebo_plugins/share/hector_gazebo_plugins/cmake/ament_cmake_export_libraries-extras.cmake
[113.779s] -- Installing: /home/rhobtor/PHD/ARGOJ8_IA/ARGOSJ8_IA_/install/hector_gazebo_plugins/share/hector_gazebo_plugins/cmake/ament_cmake_export_targets-extras.cmake
[113.779s] -- Installing: /home/rhobtor/PHD/ARGOJ8_IA/ARGOSJ8_IA_/install/hector_gazebo_plugins/share/hector_gazebo_plugins/cmake/rosidl_cmake_export_typesupport_targets-extras.cmake
[113.779s] -- Installing: /home/rhobtor/PHD/ARGOJ8_IA/ARGOSJ8_IA_/install/hector_gazebo_plugins/share/hector_gazebo_plugins/cmake/rosidl_cmake_export_typesupport_libraries-extras.cmake
[113.779s] -- Installing: /home/rhobtor/PHD/ARGOJ8_IA/ARGOSJ8_IA_/install/hector_gazebo_plugins/share/hector_gazebo_plugins/cmake/hector_gazebo_pluginsConfig.cmake
[113.779s] -- Installing: /home/rhobtor/PHD/ARGOJ8_IA/ARGOSJ8_IA_/install/hector_gazebo_plugins/share/hector_gazebo_plugins/cmake/hector_gazebo_pluginsConfig-version.cmake
[113.780s] -- Installing: /home/rhobtor/PHD/ARGOJ8_IA/ARGOSJ8_IA_/install/hector_gazebo_plugins/share/hector_gazebo_plugins/package.xml
[113.781s] Invoked command in '/home/rhobtor/PHD/ARGOJ8_IA/ARGOSJ8_IA_/build/hector_gazebo_plugins' returned '0': CMAKE_PREFIX_PATH=${CMAKE_PREFIX_PATH}:/home/rhobtor/PHD/reactive/Reactive-Navegation/workspace_full_conected/install/car:/opt/ros/humble /opt/st/stm32cubeclt_1.18.0/CMake/bin/cmake --install /home/rhobtor/PHD/ARGOJ8_IA/ARGOSJ8_IA_/build/hector_gazebo_plugins
