[3.283s] Invoking command in '/home/rhobtor/PHD/ARGOJ8_IA/ARGOSJ8_IA_/build/joy_linux': CMAKE_PREFIX_PATH=${CMAKE_PREFIX_PATH}:/home/rhobtor/PHD/ARGOJ8_IA/ARGOSJ8_IA_/install/ntrip_client:/home/rhobtor/PHD/ARGOJ8_IA/ARGOSJ8_IA_/install/car:/home/rhobtor/PHD/ARGOJ8_IA/ARGOSJ8_IA_/install/android_ros2_server:/home/rhobtor/PHD/Unity/J8_unity/install/teleop_twist_keyboard:/home/rhobtor/PHD/Unity/J8_unity/install/ros_tcp_endpoint:/home/rhobtor/PHD/Unity/J8_unity/install/my_robot_description:/home/rhobtor/PHD/Unity/J8_unity/install/lidar_subscriber:/home/rhobtor/PHD/Unity/J8_unity/install/fixposition_pkg:/home/rhobtor/PHD/Unity/J8_unity/install/camera_subscriber:/home/rhobtor/PHD/reactive/Reactive-Navegation/workspace_full_conected/install/car:/opt/ros/humble /opt/st/stm32cubeclt_1.18.0/CMake/bin/cmake --build /home/rhobtor/PHD/ARGOJ8_IA/ARGOSJ8_IA_/build/joy_linux -- -j16 -l16
[4.568s] [ 50%] [32mBuilding CXX object CMakeFiles/joy_linux_node.dir/src/joy_linux_node.cpp.o[0m
[17.107s] [100%] [32m[1mLinking CXX executable joy_linux_node[0m
[17.851s] [100%] Built target joy_linux_node
[17.859s] Invoked command in '/home/rhobtor/PHD/ARGOJ8_IA/ARGOSJ8_IA_/build/joy_linux' returned '0': CMAKE_PREFIX_PATH=${CMAKE_PREFIX_PATH}:/home/rhobtor/PHD/ARGOJ8_IA/ARGOSJ8_IA_/install/ntrip_client:/home/rhobtor/PHD/ARGOJ8_IA/ARGOSJ8_IA_/install/car:/home/rhobtor/PHD/ARGOJ8_IA/ARGOSJ8_IA_/install/android_ros2_server:/home/rhobtor/PHD/Unity/J8_unity/install/teleop_twist_keyboard:/home/rhobtor/PHD/Unity/J8_unity/install/ros_tcp_endpoint:/home/rhobtor/PHD/Unity/J8_unity/install/my_robot_description:/home/rhobtor/PHD/Unity/J8_unity/install/lidar_subscriber:/home/rhobtor/PHD/Unity/J8_unity/install/fixposition_pkg:/home/rhobtor/PHD/Unity/J8_unity/install/camera_subscriber:/home/rhobtor/PHD/reactive/Reactive-Navegation/workspace_full_conected/install/car:/opt/ros/humble /opt/st/stm32cubeclt_1.18.0/CMake/bin/cmake --build /home/rhobtor/PHD/ARGOJ8_IA/ARGOSJ8_IA_/build/joy_linux -- -j16 -l16
[17.864s] Invoking command in '/home/rhobtor/PHD/ARGOJ8_IA/ARGOSJ8_IA_/build/joy_linux': CMAKE_PREFIX_PATH=${CMAKE_PREFIX_PATH}:/home/rhobtor/PHD/ARGOJ8_IA/ARGOSJ8_IA_/install/ntrip_client:/home/rhobtor/PHD/ARGOJ8_IA/ARGOSJ8_IA_/install/car:/home/rhobtor/PHD/ARGOJ8_IA/ARGOSJ8_IA_/install/android_ros2_server:/home/rhobtor/PHD/Unity/J8_unity/install/teleop_twist_keyboard:/home/rhobtor/PHD/Unity/J8_unity/install/ros_tcp_endpoint:/home/rhobtor/PHD/Unity/J8_unity/install/my_robot_description:/home/rhobtor/PHD/Unity/J8_unity/install/lidar_subscriber:/home/rhobtor/PHD/Unity/J8_unity/install/fixposition_pkg:/home/rhobtor/PHD/Unity/J8_unity/install/camera_subscriber:/home/rhobtor/PHD/reactive/Reactive-Navegation/workspace_full_conected/install/car:/opt/ros/humble /opt/st/stm32cubeclt_1.18.0/CMake/bin/cmake --install /home/rhobtor/PHD/ARGOJ8_IA/ARGOSJ8_IA_/build/joy_linux
[18.961s] -- Install configuration: ""
[18.961s] -- Installing: /home/rhobtor/PHD/ARGOJ8_IA/ARGOSJ8_IA_/install/joy_linux/lib/joy_linux/joy_linux_node
[18.961s] -- Set non-toolchain portion of runtime path of "/home/rhobtor/PHD/ARGOJ8_IA/ARGOSJ8_IA_/install/joy_linux/lib/joy_linux/joy_linux_node" to ""
[18.961s] -- Up-to-date: /home/rhobtor/PHD/ARGOJ8_IA/ARGOSJ8_IA_/install/joy_linux/share/ament_index/resource_index/package_run_dependencies/joy_linux
[18.961s] -- Up-to-date: /home/rhobtor/PHD/ARGOJ8_IA/ARGOSJ8_IA_/install/joy_linux/share/ament_index/resource_index/parent_prefix_path/joy_linux
[18.961s] -- Up-to-date: /home/rhobtor/PHD/ARGOJ8_IA/ARGOSJ8_IA_/install/joy_linux/share/joy_linux/environment/ament_prefix_path.sh
[18.961s] -- Up-to-date: /home/rhobtor/PHD/ARGOJ8_IA/ARGOSJ8_IA_/install/joy_linux/share/joy_linux/environment/ament_prefix_path.dsv
[18.961s] -- Up-to-date: /home/rhobtor/PHD/ARGOJ8_IA/ARGOSJ8_IA_/install/joy_linux/share/joy_linux/environment/path.sh
[18.961s] -- Up-to-date: /home/rhobtor/PHD/ARGOJ8_IA/ARGOSJ8_IA_/install/joy_linux/share/joy_linux/environment/path.dsv
[18.962s] -- Up-to-date: /home/rhobtor/PHD/ARGOJ8_IA/ARGOSJ8_IA_/install/joy_linux/share/joy_linux/local_setup.bash
[18.962s] -- Up-to-date: /home/rhobtor/PHD/ARGOJ8_IA/ARGOSJ8_IA_/install/joy_linux/share/joy_linux/local_setup.sh
[18.962s] -- Up-to-date: /home/rhobtor/PHD/ARGOJ8_IA/ARGOSJ8_IA_/install/joy_linux/share/joy_linux/local_setup.zsh
[18.962s] -- Up-to-date: /home/rhobtor/PHD/ARGOJ8_IA/ARGOSJ8_IA_/install/joy_linux/share/joy_linux/local_setup.dsv
[18.962s] -- Installing: /home/rhobtor/PHD/ARGOJ8_IA/ARGOSJ8_IA_/install/joy_linux/share/joy_linux/package.dsv
[18.962s] -- Up-to-date: /home/rhobtor/PHD/ARGOJ8_IA/ARGOSJ8_IA_/install/joy_linux/share/ament_index/resource_index/packages/joy_linux
[18.962s] -- Up-to-date: /home/rhobtor/PHD/ARGOJ8_IA/ARGOSJ8_IA_/install/joy_linux/share/joy_linux/cmake/joy_linuxConfig.cmake
[18.962s] -- Up-to-date: /home/rhobtor/PHD/ARGOJ8_IA/ARGOSJ8_IA_/install/joy_linux/share/joy_linux/cmake/joy_linuxConfig-version.cmake
[18.962s] -- Up-to-date: /home/rhobtor/PHD/ARGOJ8_IA/ARGOSJ8_IA_/install/joy_linux/share/joy_linux/package.xml
[18.971s] Invoked command in '/home/rhobtor/PHD/ARGOJ8_IA/ARGOSJ8_IA_/build/joy_linux' returned '0': CMAKE_PREFIX_PATH=${CMAKE_PREFIX_PATH}:/home/rhobtor/PHD/ARGOJ8_IA/ARGOSJ8_IA_/install/ntrip_client:/home/rhobtor/PHD/ARGOJ8_IA/ARGOSJ8_IA_/install/car:/home/rhobtor/PHD/ARGOJ8_IA/ARGOSJ8_IA_/install/android_ros2_server:/home/rhobtor/PHD/Unity/J8_unity/install/teleop_twist_keyboard:/home/rhobtor/PHD/Unity/J8_unity/install/ros_tcp_endpoint:/home/rhobtor/PHD/Unity/J8_unity/install/my_robot_description:/home/rhobtor/PHD/Unity/J8_unity/install/lidar_subscriber:/home/rhobtor/PHD/Unity/J8_unity/install/fixposition_pkg:/home/rhobtor/PHD/Unity/J8_unity/install/camera_subscriber:/home/rhobtor/PHD/reactive/Reactive-Navegation/workspace_full_conected/install/car:/opt/ros/humble /opt/st/stm32cubeclt_1.18.0/CMake/bin/cmake --install /home/rhobtor/PHD/ARGOJ8_IA/ARGOSJ8_IA_/build/joy_linux
