[1.370s] Invoking command in '/home/rhobtor/PHD/ARGOJ8_IA/ARGOSJ8_IA_/src/argo_drivers_pkgs/ntrip_client': PYTHONPATH=/home/rhobtor/PHD/ARGOJ8_IA/ARGOSJ8_IA_/build/ntrip_client/prefix_override:/usr/lib/python3/dist-packages/colcon_core/task/python/colcon_distutils_commands:/home/rhobtor/PHD/ARGOJ8_IA/ARGOSJ8_IA_/install/ntrip_client/lib/python3.10/site-packages:${PYTHONPATH} /usr/bin/python3 -W ignore:setup.py install is deprecated -W ignore:easy_install command is deprecated setup.py egg_info --egg-base ../../../build/ntrip_client build --build-base /home/rhobtor/PHD/ARGOJ8_IA/ARGOSJ8_IA_/build/ntrip_client/build install --record /home/rhobtor/PHD/ARGOJ8_IA/ARGOSJ8_IA_/build/ntrip_client/install.log --single-version-externally-managed install_data
[1.494s] /home/rhobtor/.local/lib/python3.10/site-packages/setuptools/_distutils/dist.py:289: UserWarning: Unknown distribution option: 'tests_require'
[1.494s]   warnings.warn(msg)
[1.553s] /home/rhobtor/.local/lib/python3.10/site-packages/setuptools/dist.py:759: SetuptoolsDeprecationWarning: License classifiers are deprecated.
[1.553s] !!
[1.553s] 
[1.553s]         ********************************************************************************
[1.553s]         Please consider removing the following classifiers in favor of a SPDX license expression:
[1.553s] 
[1.553s]         License :: OSI Approved :: MIT Software License
[1.553s] 
[1.553s]         See https://packaging.python.org/en/latest/guides/writing-pyproject-toml/#license for details.
[1.553s]         ********************************************************************************
[1.553s] 
[1.553s] !!
[1.553s]   self._finalize_license_expression()
[1.554s] running egg_info
[1.555s] writing ../../../build/ntrip_client/ntrip_client.egg-info/PKG-INFO
[1.555s] writing dependency_links to ../../../build/ntrip_client/ntrip_client.egg-info/dependency_links.txt
[1.555s] writing requirements to ../../../build/ntrip_client/ntrip_client.egg-info/requires.txt
[1.555s] writing top-level names to ../../../build/ntrip_client/ntrip_client.egg-info/top_level.txt
[1.578s] reading manifest file '../../../build/ntrip_client/ntrip_client.egg-info/SOURCES.txt'
[1.579s] adding license file 'LICENSE'
[1.579s] writing manifest file '../../../build/ntrip_client/ntrip_client.egg-info/SOURCES.txt'
[1.579s] running build
[1.579s] running build_py
[1.579s] copying src/ntrip_client/ntrip_client.py -> /home/rhobtor/PHD/ARGOJ8_IA/ARGOSJ8_IA_/build/ntrip_client/build/lib/ntrip_client
[1.580s] copying src/ntrip_client/rtcm_parser.py -> /home/rhobtor/PHD/ARGOJ8_IA/ARGOSJ8_IA_/build/ntrip_client/build/lib/ntrip_client
[1.580s] copying src/ntrip_client/__init__.py -> /home/rhobtor/PHD/ARGOJ8_IA/ARGOSJ8_IA_/build/ntrip_client/build/lib/ntrip_client
[1.580s] copying src/ntrip_client/nmea_parser.py -> /home/rhobtor/PHD/ARGOJ8_IA/ARGOSJ8_IA_/build/ntrip_client/build/lib/ntrip_client
[1.580s] running build_scripts
[1.580s] running install
[1.583s] running install_lib
[1.602s] running install_data
[1.602s] copying resource/ntrip_client -> /home/rhobtor/PHD/ARGOJ8_IA/ARGOSJ8_IA_/install/ntrip_client/share/ament_index/resource_index/packages
[1.602s] copying package.xml -> /home/rhobtor/PHD/ARGOJ8_IA/ARGOSJ8_IA_/install/ntrip_client/share/ntrip_client
[1.603s] copying launch/gps_ntrip_launch.py -> /home/rhobtor/PHD/ARGOJ8_IA/ARGOSJ8_IA_/install/ntrip_client/share/ntrip_client
[1.603s] copying launch/ntrip_client_launch.py -> /home/rhobtor/PHD/ARGOJ8_IA/ARGOSJ8_IA_/install/ntrip_client/share/ntrip_client
[1.603s] running install_egg_info
[1.614s] removing '/home/rhobtor/PHD/ARGOJ8_IA/ARGOSJ8_IA_/install/ntrip_client/lib/python3.10/site-packages/ntrip_client-1.2.0-py3.10.egg-info' (and everything under it)
[1.614s] Copying ../../../build/ntrip_client/ntrip_client.egg-info to /home/rhobtor/PHD/ARGOJ8_IA/ARGOSJ8_IA_/install/ntrip_client/lib/python3.10/site-packages/ntrip_client-1.2.0-py3.10.egg-info
[1.614s] running install_scripts
[1.624s] copying /home/rhobtor/PHD/ARGOJ8_IA/ARGOSJ8_IA_/build/ntrip_client/build/scripts-3.10/ntrip_ros.py -> /home/rhobtor/PHD/ARGOJ8_IA/ARGOSJ8_IA_/install/ntrip_client/lib/ntrip_client
[1.625s] changing mode of /home/rhobtor/PHD/ARGOJ8_IA/ARGOSJ8_IA_/install/ntrip_client/lib/ntrip_client/ntrip_ros.py to 775
[1.626s] writing list of installed files to '/home/rhobtor/PHD/ARGOJ8_IA/ARGOSJ8_IA_/build/ntrip_client/install.log'
[1.642s] Invoked command in '/home/rhobtor/PHD/ARGOJ8_IA/ARGOSJ8_IA_/src/argo_drivers_pkgs/ntrip_client' returned '0': PYTHONPATH=/home/rhobtor/PHD/ARGOJ8_IA/ARGOSJ8_IA_/build/ntrip_client/prefix_override:/usr/lib/python3/dist-packages/colcon_core/task/python/colcon_distutils_commands:/home/rhobtor/PHD/ARGOJ8_IA/ARGOSJ8_IA_/install/ntrip_client/lib/python3.10/site-packages:${PYTHONPATH} /usr/bin/python3 -W ignore:setup.py install is deprecated -W ignore:easy_install command is deprecated setup.py egg_info --egg-base ../../../build/ntrip_client build --build-base /home/rhobtor/PHD/ARGOJ8_IA/ARGOSJ8_IA_/build/ntrip_client/build install --record /home/rhobtor/PHD/ARGOJ8_IA/ARGOSJ8_IA_/build/ntrip_client/install.log --single-version-externally-managed install_data
