[0.468s] Invoking command in '/home/rhobtor/PHD/ARGOJ8_IA/ARGOSJ8_IA_/build/slg_msgs': CMAKE_PREFIX_PATH=${CMAKE_PREFIX_PATH}:/home/rhobtor/PHD/ARGOJ8_IA/ARGOSJ8_IA_/install/ntrip_client:/home/rhobtor/PHD/ARGOJ8_IA/ARGOSJ8_IA_/install/j8_gui:/home/rhobtor/PHD/ARGOJ8_IA/ARGOSJ8_IA_/install/car:/home/rhobtor/PHD/ARGOJ8_IA/ARGOSJ8_IA_/install/android_ros2_server:/home/rhobtor/PHD/ARGOJ8_IA/ARGOSJ8_IA_/install/GUI_pkg:/opt/ros/humble /opt/st/stm32cubeclt_1.18.0/CMake/bin/cmake --build /home/rhobtor/PHD/ARGOJ8_IA/ARGOSJ8_IA_/build/slg_msgs -- -j16 -l16
[2.404s] [  2%] Built target slg_msgs__cpp
[2.404s] [ 10%] Built target slg_msgs__rosidl_generator_c
[2.405s] [ 14%] Built target gtest_main
[2.405s] [ 18%] Built target gtest
[2.405s] [ 18%] Built target ament_cmake_python_copy_slg_msgs
[2.405s] [ 26%] Built target slg_msgs__rosidl_typesupport_introspection_cpp
[2.406s] [ 34%] Built target slg_msgs__rosidl_typesupport_cpp
[2.406s] [ 42%] Built target slg_msgs__rosidl_typesupport_fastrtps_cpp
[2.406s] [ 51%] Built target slg_msgs__rosidl_typesupport_c
[2.406s] [ 59%] Built target slg_msgs__rosidl_typesupport_fastrtps_c
[2.406s] [ 67%] Built target slg_msgs__rosidl_typesupport_introspection_c
[2.407s] [ 71%] Built target test_polygon
[2.407s] [ 75%] Built target test_point2d
[2.407s] [ 75%] Built target slg_msgs
[2.407s] [ 79%] Built target test_segment2d
[2.407s] [ 81%] Built target slg_msgs__py
[2.408s] [ 87%] Built target slg_msgs__rosidl_generator_py
[2.408s] [ 91%] Built target slg_msgs__rosidl_typesupport_introspection_c__pyext
[2.408s] [ 95%] Built target slg_msgs__rosidl_typesupport_fastrtps_c__pyext
[2.408s] [100%] Built target slg_msgs__rosidl_typesupport_c__pyext
[2.408s] running egg_info
[2.409s] writing slg_msgs.egg-info/PKG-INFO
[2.409s] writing dependency_links to slg_msgs.egg-info/dependency_links.txt
[2.409s] writing top-level names to slg_msgs.egg-info/top_level.txt
[2.409s] reading manifest file 'slg_msgs.egg-info/SOURCES.txt'
[2.409s] writing manifest file 'slg_msgs.egg-info/SOURCES.txt'
[2.410s] [100%] Built target ament_cmake_python_build_slg_msgs_egg
[3.216s] Invoked command in '/home/rhobtor/PHD/ARGOJ8_IA/ARGOSJ8_IA_/build/slg_msgs' returned '0': CMAKE_PREFIX_PATH=${CMAKE_PREFIX_PATH}:/home/rhobtor/PHD/ARGOJ8_IA/ARGOSJ8_IA_/install/ntrip_client:/home/rhobtor/PHD/ARGOJ8_IA/ARGOSJ8_IA_/install/j8_gui:/home/rhobtor/PHD/ARGOJ8_IA/ARGOSJ8_IA_/install/car:/home/rhobtor/PHD/ARGOJ8_IA/ARGOSJ8_IA_/install/android_ros2_server:/home/rhobtor/PHD/ARGOJ8_IA/ARGOSJ8_IA_/install/GUI_pkg:/opt/ros/humble /opt/st/stm32cubeclt_1.18.0/CMake/bin/cmake --build /home/rhobtor/PHD/ARGOJ8_IA/ARGOSJ8_IA_/build/slg_msgs -- -j16 -l16
[3.222s] Invoking command in '/home/rhobtor/PHD/ARGOJ8_IA/ARGOSJ8_IA_/build/slg_msgs': CMAKE_PREFIX_PATH=${CMAKE_PREFIX_PATH}:/home/rhobtor/PHD/ARGOJ8_IA/ARGOSJ8_IA_/install/ntrip_client:/home/rhobtor/PHD/ARGOJ8_IA/ARGOSJ8_IA_/install/j8_gui:/home/rhobtor/PHD/ARGOJ8_IA/ARGOSJ8_IA_/install/car:/home/rhobtor/PHD/ARGOJ8_IA/ARGOSJ8_IA_/install/android_ros2_server:/home/rhobtor/PHD/ARGOJ8_IA/ARGOSJ8_IA_/install/GUI_pkg:/opt/ros/humble /opt/st/stm32cubeclt_1.18.0/CMake/bin/cmake --install /home/rhobtor/PHD/ARGOJ8_IA/ARGOSJ8_IA_/build/slg_msgs
[3.611s] -- Install configuration: "Release"
[3.612s] -- Up-to-date: /home/rhobtor/PHD/ARGOJ8_IA/ARGOSJ8_IA_/install/slg_msgs/share/ament_index/resource_index/rosidl_interfaces/slg_msgs
[3.612s] -- Up-to-date: /home/rhobtor/PHD/ARGOJ8_IA/ARGOSJ8_IA_/install/slg_msgs/include/slg_msgs/slg_msgs
[3.612s] -- Up-to-date: /home/rhobtor/PHD/ARGOJ8_IA/ARGOSJ8_IA_/install/slg_msgs/include/slg_msgs/slg_msgs/msg
[3.612s] -- Up-to-date: /home/rhobtor/PHD/ARGOJ8_IA/ARGOSJ8_IA_/install/slg_msgs/include/slg_msgs/slg_msgs/msg/segment_array.h
[3.613s] -- Up-to-date: /home/rhobtor/PHD/ARGOJ8_IA/ARGOSJ8_IA_/install/slg_msgs/include/slg_msgs/slg_msgs/msg/segment.h
[3.613s] -- Up-to-date: /home/rhobtor/PHD/ARGOJ8_IA/ARGOSJ8_IA_/install/slg_msgs/include/slg_msgs/slg_msgs/msg/rosidl_generator_c__visibility_control.h
[3.613s] -- Up-to-date: /home/rhobtor/PHD/ARGOJ8_IA/ARGOSJ8_IA_/install/slg_msgs/include/slg_msgs/slg_msgs/msg/detail
[3.614s] -- Up-to-date: /home/rhobtor/PHD/ARGOJ8_IA/ARGOSJ8_IA_/install/slg_msgs/include/slg_msgs/slg_msgs/msg/detail/segment__functions.c
[3.614s] -- Up-to-date: /home/rhobtor/PHD/ARGOJ8_IA/ARGOSJ8_IA_/install/slg_msgs/include/slg_msgs/slg_msgs/msg/detail/segment__type_support.h
[3.616s] -- Up-to-date: /home/rhobtor/PHD/ARGOJ8_IA/ARGOSJ8_IA_/install/slg_msgs/include/slg_msgs/slg_msgs/msg/detail/segment_array__functions.h
[3.617s] -- Up-to-date: /home/rhobtor/PHD/ARGOJ8_IA/ARGOSJ8_IA_/install/slg_msgs/include/slg_msgs/slg_msgs/msg/detail/segment_array__functions.c
[3.617s] -- Up-to-date: /home/rhobtor/PHD/ARGOJ8_IA/ARGOSJ8_IA_/install/slg_msgs/include/slg_msgs/slg_msgs/msg/detail/segment_array__type_support.h
[3.617s] -- Up-to-date: /home/rhobtor/PHD/ARGOJ8_IA/ARGOSJ8_IA_/install/slg_msgs/include/slg_msgs/slg_msgs/msg/detail/segment__struct.h
[3.617s] -- Up-to-date: /home/rhobtor/PHD/ARGOJ8_IA/ARGOSJ8_IA_/install/slg_msgs/include/slg_msgs/slg_msgs/msg/detail/segment__functions.h
[3.617s] -- Up-to-date: /home/rhobtor/PHD/ARGOJ8_IA/ARGOSJ8_IA_/install/slg_msgs/include/slg_msgs/slg_msgs/msg/detail/segment_array__struct.h
[3.618s] -- Up-to-date: /home/rhobtor/PHD/ARGOJ8_IA/ARGOSJ8_IA_/install/slg_msgs/share/slg_msgs/environment/library_path.sh
[3.618s] -- Up-to-date: /home/rhobtor/PHD/ARGOJ8_IA/ARGOSJ8_IA_/install/slg_msgs/share/slg_msgs/environment/library_path.dsv
[3.618s] -- Up-to-date: /home/rhobtor/PHD/ARGOJ8_IA/ARGOSJ8_IA_/install/slg_msgs/lib/libslg_msgs__rosidl_generator_c.so
[3.619s] -- Up-to-date: /home/rhobtor/PHD/ARGOJ8_IA/ARGOSJ8_IA_/install/slg_msgs/include/slg_msgs/slg_msgs
[3.619s] -- Up-to-date: /home/rhobtor/PHD/ARGOJ8_IA/ARGOSJ8_IA_/install/slg_msgs/include/slg_msgs/slg_msgs/msg
[3.619s] -- Up-to-date: /home/rhobtor/PHD/ARGOJ8_IA/ARGOSJ8_IA_/install/slg_msgs/include/slg_msgs/slg_msgs/msg/detail
[3.619s] -- Up-to-date: /home/rhobtor/PHD/ARGOJ8_IA/ARGOSJ8_IA_/install/slg_msgs/include/slg_msgs/slg_msgs/msg/detail/segment_array__rosidl_typesupport_fastrtps_c.h
[3.620s] -- Up-to-date: /home/rhobtor/PHD/ARGOJ8_IA/ARGOSJ8_IA_/install/slg_msgs/include/slg_msgs/slg_msgs/msg/detail/segment__rosidl_typesupport_fastrtps_c.h
[3.620s] -- Up-to-date: /home/rhobtor/PHD/ARGOJ8_IA/ARGOSJ8_IA_/install/slg_msgs/include/slg_msgs/slg_msgs/msg/rosidl_typesupport_fastrtps_c__visibility_control.h
[3.621s] -- Up-to-date: /home/rhobtor/PHD/ARGOJ8_IA/ARGOSJ8_IA_/install/slg_msgs/lib/libslg_msgs__rosidl_typesupport_fastrtps_c.so
[3.621s] -- Up-to-date: /home/rhobtor/PHD/ARGOJ8_IA/ARGOSJ8_IA_/install/slg_msgs/include/slg_msgs/slg_msgs
[3.621s] -- Up-to-date: /home/rhobtor/PHD/ARGOJ8_IA/ARGOSJ8_IA_/install/slg_msgs/include/slg_msgs/slg_msgs/msg
[3.621s] -- Up-to-date: /home/rhobtor/PHD/ARGOJ8_IA/ARGOSJ8_IA_/install/slg_msgs/include/slg_msgs/slg_msgs/msg/rosidl_typesupport_introspection_c__visibility_control.h
[3.622s] -- Up-to-date: /home/rhobtor/PHD/ARGOJ8_IA/ARGOSJ8_IA_/install/slg_msgs/include/slg_msgs/slg_msgs/msg/detail
[3.622s] -- Up-to-date: /home/rhobtor/PHD/ARGOJ8_IA/ARGOSJ8_IA_/install/slg_msgs/include/slg_msgs/slg_msgs/msg/detail/segment__type_support.c
[3.622s] -- Up-to-date: /home/rhobtor/PHD/ARGOJ8_IA/ARGOSJ8_IA_/install/slg_msgs/include/slg_msgs/slg_msgs/msg/detail/segment_array__type_support.c
[3.622s] -- Up-to-date: /home/rhobtor/PHD/ARGOJ8_IA/ARGOSJ8_IA_/install/slg_msgs/include/slg_msgs/slg_msgs/msg/detail/segment_array__rosidl_typesupport_introspection_c.h
[3.641s] -- Up-to-date: /home/rhobtor/PHD/ARGOJ8_IA/ARGOSJ8_IA_/install/slg_msgs/include/slg_msgs/slg_msgs/msg/detail/segment__rosidl_typesupport_introspection_c.h
[3.641s] -- Up-to-date: /home/rhobtor/PHD/ARGOJ8_IA/ARGOSJ8_IA_/install/slg_msgs/lib/libslg_msgs__rosidl_typesupport_introspection_c.so
[3.641s] -- Up-to-date: /home/rhobtor/PHD/ARGOJ8_IA/ARGOSJ8_IA_/install/slg_msgs/lib/libslg_msgs__rosidl_typesupport_c.so
[3.641s] -- Up-to-date: /home/rhobtor/PHD/ARGOJ8_IA/ARGOSJ8_IA_/install/slg_msgs/include/slg_msgs/slg_msgs
[3.641s] -- Up-to-date: /home/rhobtor/PHD/ARGOJ8_IA/ARGOSJ8_IA_/install/slg_msgs/include/slg_msgs/slg_msgs/msg
[3.642s] -- Up-to-date: /home/rhobtor/PHD/ARGOJ8_IA/ARGOSJ8_IA_/install/slg_msgs/include/slg_msgs/slg_msgs/msg/rosidl_generator_cpp__visibility_control.hpp
[3.642s] -- Up-to-date: /home/rhobtor/PHD/ARGOJ8_IA/ARGOSJ8_IA_/install/slg_msgs/include/slg_msgs/slg_msgs/msg/segment_array.hpp
[3.642s] -- Up-to-date: /home/rhobtor/PHD/ARGOJ8_IA/ARGOSJ8_IA_/install/slg_msgs/include/slg_msgs/slg_msgs/msg/detail
[3.642s] -- Up-to-date: /home/rhobtor/PHD/ARGOJ8_IA/ARGOSJ8_IA_/install/slg_msgs/include/slg_msgs/slg_msgs/msg/detail/segment_array__type_support.hpp
[3.642s] -- Up-to-date: /home/rhobtor/PHD/ARGOJ8_IA/ARGOSJ8_IA_/install/slg_msgs/include/slg_msgs/slg_msgs/msg/detail/segment__struct.hpp
[3.642s] -- Up-to-date: /home/rhobtor/PHD/ARGOJ8_IA/ARGOSJ8_IA_/install/slg_msgs/include/slg_msgs/slg_msgs/msg/detail/segment_array__builder.hpp
[3.642s] -- Up-to-date: /home/rhobtor/PHD/ARGOJ8_IA/ARGOSJ8_IA_/install/slg_msgs/include/slg_msgs/slg_msgs/msg/detail/segment__builder.hpp
[3.642s] -- Up-to-date: /home/rhobtor/PHD/ARGOJ8_IA/ARGOSJ8_IA_/install/slg_msgs/include/slg_msgs/slg_msgs/msg/detail/segment_array__struct.hpp
[3.643s] -- Up-to-date: /home/rhobtor/PHD/ARGOJ8_IA/ARGOSJ8_IA_/install/slg_msgs/include/slg_msgs/slg_msgs/msg/detail/segment__type_support.hpp
[3.643s] -- Up-to-date: /home/rhobtor/PHD/ARGOJ8_IA/ARGOSJ8_IA_/install/slg_msgs/include/slg_msgs/slg_msgs/msg/detail/segment_array__traits.hpp
[3.643s] -- Up-to-date: /home/rhobtor/PHD/ARGOJ8_IA/ARGOSJ8_IA_/install/slg_msgs/include/slg_msgs/slg_msgs/msg/detail/segment__traits.hpp
[3.643s] -- Up-to-date: /home/rhobtor/PHD/ARGOJ8_IA/ARGOSJ8_IA_/install/slg_msgs/include/slg_msgs/slg_msgs/msg/segment.hpp
[3.643s] -- Up-to-date: /home/rhobtor/PHD/ARGOJ8_IA/ARGOSJ8_IA_/install/slg_msgs/include/slg_msgs/slg_msgs
[3.643s] -- Up-to-date: /home/rhobtor/PHD/ARGOJ8_IA/ARGOSJ8_IA_/install/slg_msgs/include/slg_msgs/slg_msgs/msg
[3.643s] -- Up-to-date: /home/rhobtor/PHD/ARGOJ8_IA/ARGOSJ8_IA_/install/slg_msgs/include/slg_msgs/slg_msgs/msg/rosidl_typesupport_fastrtps_cpp__visibility_control.h
[3.643s] -- Up-to-date: /home/rhobtor/PHD/ARGOJ8_IA/ARGOSJ8_IA_/install/slg_msgs/include/slg_msgs/slg_msgs/msg/detail
[3.644s] -- Up-to-date: /home/rhobtor/PHD/ARGOJ8_IA/ARGOSJ8_IA_/install/slg_msgs/include/slg_msgs/slg_msgs/msg/detail/segment_array__rosidl_typesupport_fastrtps_cpp.hpp
[3.644s] -- Up-to-date: /home/rhobtor/PHD/ARGOJ8_IA/ARGOSJ8_IA_/install/slg_msgs/include/slg_msgs/slg_msgs/msg/detail/segment__rosidl_typesupport_fastrtps_cpp.hpp
[3.644s] -- Up-to-date: /home/rhobtor/PHD/ARGOJ8_IA/ARGOSJ8_IA_/install/slg_msgs/include/slg_msgs/slg_msgs/msg/detail/dds_fastrtps
[3.644s] -- Up-to-date: /home/rhobtor/PHD/ARGOJ8_IA/ARGOSJ8_IA_/install/slg_msgs/lib/libslg_msgs__rosidl_typesupport_fastrtps_cpp.so
[3.644s] -- Up-to-date: /home/rhobtor/PHD/ARGOJ8_IA/ARGOSJ8_IA_/install/slg_msgs/include/slg_msgs/slg_msgs
[3.644s] -- Up-to-date: /home/rhobtor/PHD/ARGOJ8_IA/ARGOSJ8_IA_/install/slg_msgs/include/slg_msgs/slg_msgs/msg
[3.645s] -- Up-to-date: /home/rhobtor/PHD/ARGOJ8_IA/ARGOSJ8_IA_/install/slg_msgs/include/slg_msgs/slg_msgs/msg/detail
[3.645s] -- Up-to-date: /home/rhobtor/PHD/ARGOJ8_IA/ARGOSJ8_IA_/install/slg_msgs/include/slg_msgs/slg_msgs/msg/detail/segment_array__type_support.cpp
[3.646s] -- Up-to-date: /home/rhobtor/PHD/ARGOJ8_IA/ARGOSJ8_IA_/install/slg_msgs/include/slg_msgs/slg_msgs/msg/detail/segment__rosidl_typesupport_introspection_cpp.hpp
[3.646s] -- Up-to-date: /home/rhobtor/PHD/ARGOJ8_IA/ARGOSJ8_IA_/install/slg_msgs/include/slg_msgs/slg_msgs/msg/detail/segment_array__rosidl_typesupport_introspection_cpp.hpp
[3.646s] -- Up-to-date: /home/rhobtor/PHD/ARGOJ8_IA/ARGOSJ8_IA_/install/slg_msgs/include/slg_msgs/slg_msgs/msg/detail/segment__type_support.cpp
[3.646s] -- Up-to-date: /home/rhobtor/PHD/ARGOJ8_IA/ARGOSJ8_IA_/install/slg_msgs/lib/libslg_msgs__rosidl_typesupport_introspection_cpp.so
[3.646s] -- Up-to-date: /home/rhobtor/PHD/ARGOJ8_IA/ARGOSJ8_IA_/install/slg_msgs/lib/libslg_msgs__rosidl_typesupport_cpp.so
[3.646s] -- Up-to-date: /home/rhobtor/PHD/ARGOJ8_IA/ARGOSJ8_IA_/install/slg_msgs/share/slg_msgs/environment/pythonpath.sh
[3.647s] -- Up-to-date: /home/rhobtor/PHD/ARGOJ8_IA/ARGOSJ8_IA_/install/slg_msgs/share/slg_msgs/environment/pythonpath.dsv
[3.647s] -- Up-to-date: /home/rhobtor/PHD/ARGOJ8_IA/ARGOSJ8_IA_/install/slg_msgs/local/lib/python3.10/dist-packages/slg_msgs-3.8.0-py3.10.egg-info
[3.647s] -- Installing: /home/rhobtor/PHD/ARGOJ8_IA/ARGOSJ8_IA_/install/slg_msgs/local/lib/python3.10/dist-packages/slg_msgs-3.8.0-py3.10.egg-info/top_level.txt
[3.647s] -- Installing: /home/rhobtor/PHD/ARGOJ8_IA/ARGOSJ8_IA_/install/slg_msgs/local/lib/python3.10/dist-packages/slg_msgs-3.8.0-py3.10.egg-info/SOURCES.txt
[3.647s] -- Installing: /home/rhobtor/PHD/ARGOJ8_IA/ARGOSJ8_IA_/install/slg_msgs/local/lib/python3.10/dist-packages/slg_msgs-3.8.0-py3.10.egg-info/PKG-INFO
[3.647s] -- Installing: /home/rhobtor/PHD/ARGOJ8_IA/ARGOSJ8_IA_/install/slg_msgs/local/lib/python3.10/dist-packages/slg_msgs-3.8.0-py3.10.egg-info/dependency_links.txt
[3.647s] -- Up-to-date: /home/rhobtor/PHD/ARGOJ8_IA/ARGOSJ8_IA_/install/slg_msgs/local/lib/python3.10/dist-packages/slg_msgs
[3.647s] -- Up-to-date: /home/rhobtor/PHD/ARGOJ8_IA/ARGOSJ8_IA_/install/slg_msgs/local/lib/python3.10/dist-packages/slg_msgs/slg_msgs_s__rosidl_typesupport_introspection_c.cpython-310-x86_64-linux-gnu.so
[3.648s] -- Up-to-date: /home/rhobtor/PHD/ARGOJ8_IA/ARGOSJ8_IA_/install/slg_msgs/local/lib/python3.10/dist-packages/slg_msgs/_slg_msgs_s.ep.rosidl_typesupport_fastrtps_c.c
[3.648s] -- Up-to-date: /home/rhobtor/PHD/ARGOJ8_IA/ARGOSJ8_IA_/install/slg_msgs/local/lib/python3.10/dist-packages/slg_msgs/_slg_msgs_s.ep.rosidl_typesupport_c.c
[3.648s] -- Up-to-date: /home/rhobtor/PHD/ARGOJ8_IA/ARGOSJ8_IA_/install/slg_msgs/local/lib/python3.10/dist-packages/slg_msgs/_slg_msgs_s.ep.rosidl_typesupport_introspection_c.c
[3.648s] -- Up-to-date: /home/rhobtor/PHD/ARGOJ8_IA/ARGOSJ8_IA_/install/slg_msgs/local/lib/python3.10/dist-packages/slg_msgs/__init__.py
[3.648s] -- Up-to-date: /home/rhobtor/PHD/ARGOJ8_IA/ARGOSJ8_IA_/install/slg_msgs/local/lib/python3.10/dist-packages/slg_msgs/slg_msgs_s__rosidl_typesupport_fastrtps_c.cpython-310-x86_64-linux-gnu.so
[3.648s] -- Up-to-date: /home/rhobtor/PHD/ARGOJ8_IA/ARGOSJ8_IA_/install/slg_msgs/local/lib/python3.10/dist-packages/slg_msgs/slg_msgs_s__rosidl_typesupport_c.cpython-310-x86_64-linux-gnu.so
[3.648s] -- Up-to-date: /home/rhobtor/PHD/ARGOJ8_IA/ARGOSJ8_IA_/install/slg_msgs/local/lib/python3.10/dist-packages/slg_msgs/msg
[3.648s] -- Up-to-date: /home/rhobtor/PHD/ARGOJ8_IA/ARGOSJ8_IA_/install/slg_msgs/local/lib/python3.10/dist-packages/slg_msgs/msg/_segment_array_s.c
[3.649s] -- Up-to-date: /home/rhobtor/PHD/ARGOJ8_IA/ARGOSJ8_IA_/install/slg_msgs/local/lib/python3.10/dist-packages/slg_msgs/msg/__init__.py
[3.649s] -- Up-to-date: /home/rhobtor/PHD/ARGOJ8_IA/ARGOSJ8_IA_/install/slg_msgs/local/lib/python3.10/dist-packages/slg_msgs/msg/_segment_array.py
[3.649s] -- Up-to-date: /home/rhobtor/PHD/ARGOJ8_IA/ARGOSJ8_IA_/install/slg_msgs/local/lib/python3.10/dist-packages/slg_msgs/msg/_segment_s.c
[3.649s] -- Up-to-date: /home/rhobtor/PHD/ARGOJ8_IA/ARGOSJ8_IA_/install/slg_msgs/local/lib/python3.10/dist-packages/slg_msgs/msg/_segment.py
[3.650s] -- Up-to-date: /home/rhobtor/PHD/ARGOJ8_IA/ARGOSJ8_IA_/install/slg_msgs/local/lib/python3.10/dist-packages/slg_msgs/libslg_msgs__rosidl_generator_py.so
[3.671s] Listing '/home/rhobtor/PHD/ARGOJ8_IA/ARGOSJ8_IA_/install/slg_msgs/local/lib/python3.10/dist-packages/slg_msgs'...
[3.672s] Listing '/home/rhobtor/PHD/ARGOJ8_IA/ARGOSJ8_IA_/install/slg_msgs/local/lib/python3.10/dist-packages/slg_msgs/msg'...
[3.710s] -- Up-to-date: /home/rhobtor/PHD/ARGOJ8_IA/ARGOSJ8_IA_/install/slg_msgs/local/lib/python3.10/dist-packages/slg_msgs/slg_msgs_s__rosidl_typesupport_fastrtps_c.cpython-310-x86_64-linux-gnu.so
[3.710s] -- Up-to-date: /home/rhobtor/PHD/ARGOJ8_IA/ARGOSJ8_IA_/install/slg_msgs/local/lib/python3.10/dist-packages/slg_msgs/slg_msgs_s__rosidl_typesupport_introspection_c.cpython-310-x86_64-linux-gnu.so
[3.711s] -- Up-to-date: /home/rhobtor/PHD/ARGOJ8_IA/ARGOSJ8_IA_/install/slg_msgs/local/lib/python3.10/dist-packages/slg_msgs/slg_msgs_s__rosidl_typesupport_c.cpython-310-x86_64-linux-gnu.so
[3.713s] -- Up-to-date: /home/rhobtor/PHD/ARGOJ8_IA/ARGOSJ8_IA_/install/slg_msgs/lib/libslg_msgs__rosidl_generator_py.so
[3.715s] -- Up-to-date: /home/rhobtor/PHD/ARGOJ8_IA/ARGOSJ8_IA_/install/slg_msgs/share/slg_msgs/msg/Segment.idl
[3.715s] -- Up-to-date: /home/rhobtor/PHD/ARGOJ8_IA/ARGOSJ8_IA_/install/slg_msgs/share/slg_msgs/msg/SegmentArray.idl
[3.715s] -- Up-to-date: /home/rhobtor/PHD/ARGOJ8_IA/ARGOSJ8_IA_/install/slg_msgs/share/slg_msgs/msg/Segment.msg
[3.716s] -- Up-to-date: /home/rhobtor/PHD/ARGOJ8_IA/ARGOSJ8_IA_/install/slg_msgs/share/slg_msgs/msg/SegmentArray.msg
[3.717s] -- Up-to-date: /home/rhobtor/PHD/ARGOJ8_IA/ARGOSJ8_IA_/install/slg_msgs/include/slg_msgs
[3.717s] -- Up-to-date: /home/rhobtor/PHD/ARGOJ8_IA/ARGOSJ8_IA_/install/slg_msgs/include/slg_msgs/segment2D.hpp
[3.717s] -- Up-to-date: /home/rhobtor/PHD/ARGOJ8_IA/ARGOSJ8_IA_/install/slg_msgs/include/slg_msgs/polygon.hpp
[3.717s] -- Up-to-date: /home/rhobtor/PHD/ARGOJ8_IA/ARGOSJ8_IA_/install/slg_msgs/include/slg_msgs/point2D.hpp
[3.717s] -- Up-to-date: /home/rhobtor/PHD/ARGOJ8_IA/ARGOSJ8_IA_/install/slg_msgs/share/ament_index/resource_index/package_run_dependencies/slg_msgs
[3.717s] -- Up-to-date: /home/rhobtor/PHD/ARGOJ8_IA/ARGOSJ8_IA_/install/slg_msgs/share/ament_index/resource_index/parent_prefix_path/slg_msgs
[3.717s] -- Up-to-date: /home/rhobtor/PHD/ARGOJ8_IA/ARGOSJ8_IA_/install/slg_msgs/share/slg_msgs/environment/ament_prefix_path.sh
[3.718s] -- Up-to-date: /home/rhobtor/PHD/ARGOJ8_IA/ARGOSJ8_IA_/install/slg_msgs/share/slg_msgs/environment/ament_prefix_path.dsv
[3.718s] -- Up-to-date: /home/rhobtor/PHD/ARGOJ8_IA/ARGOSJ8_IA_/install/slg_msgs/share/slg_msgs/environment/path.sh
[3.718s] -- Up-to-date: /home/rhobtor/PHD/ARGOJ8_IA/ARGOSJ8_IA_/install/slg_msgs/share/slg_msgs/environment/path.dsv
[3.718s] -- Up-to-date: /home/rhobtor/PHD/ARGOJ8_IA/ARGOSJ8_IA_/install/slg_msgs/share/slg_msgs/local_setup.bash
[3.718s] -- Up-to-date: /home/rhobtor/PHD/ARGOJ8_IA/ARGOSJ8_IA_/install/slg_msgs/share/slg_msgs/local_setup.sh
[3.719s] -- Up-to-date: /home/rhobtor/PHD/ARGOJ8_IA/ARGOSJ8_IA_/install/slg_msgs/share/slg_msgs/local_setup.zsh
[3.719s] -- Up-to-date: /home/rhobtor/PHD/ARGOJ8_IA/ARGOSJ8_IA_/install/slg_msgs/share/slg_msgs/local_setup.dsv
[3.719s] -- Installing: /home/rhobtor/PHD/ARGOJ8_IA/ARGOSJ8_IA_/install/slg_msgs/share/slg_msgs/package.dsv
[3.719s] -- Up-to-date: /home/rhobtor/PHD/ARGOJ8_IA/ARGOSJ8_IA_/install/slg_msgs/share/ament_index/resource_index/packages/slg_msgs
[3.719s] -- Up-to-date: /home/rhobtor/PHD/ARGOJ8_IA/ARGOSJ8_IA_/install/slg_msgs/share/slg_msgs/cmake/export_slg_msgs__rosidl_generator_cExport.cmake
[3.719s] -- Up-to-date: /home/rhobtor/PHD/ARGOJ8_IA/ARGOSJ8_IA_/install/slg_msgs/share/slg_msgs/cmake/export_slg_msgs__rosidl_generator_cExport-release.cmake
[3.720s] -- Up-to-date: /home/rhobtor/PHD/ARGOJ8_IA/ARGOSJ8_IA_/install/slg_msgs/share/slg_msgs/cmake/export_slg_msgs__rosidl_typesupport_fastrtps_cExport.cmake
[3.720s] -- Up-to-date: /home/rhobtor/PHD/ARGOJ8_IA/ARGOSJ8_IA_/install/slg_msgs/share/slg_msgs/cmake/export_slg_msgs__rosidl_typesupport_fastrtps_cExport-release.cmake
[3.720s] -- Up-to-date: /home/rhobtor/PHD/ARGOJ8_IA/ARGOSJ8_IA_/install/slg_msgs/share/slg_msgs/cmake/slg_msgs__rosidl_typesupport_introspection_cExport.cmake
[3.720s] -- Up-to-date: /home/rhobtor/PHD/ARGOJ8_IA/ARGOSJ8_IA_/install/slg_msgs/share/slg_msgs/cmake/slg_msgs__rosidl_typesupport_introspection_cExport-release.cmake
[3.720s] -- Up-to-date: /home/rhobtor/PHD/ARGOJ8_IA/ARGOSJ8_IA_/install/slg_msgs/share/slg_msgs/cmake/slg_msgs__rosidl_typesupport_cExport.cmake
[3.720s] -- Up-to-date: /home/rhobtor/PHD/ARGOJ8_IA/ARGOSJ8_IA_/install/slg_msgs/share/slg_msgs/cmake/slg_msgs__rosidl_typesupport_cExport-release.cmake
[3.721s] -- Up-to-date: /home/rhobtor/PHD/ARGOJ8_IA/ARGOSJ8_IA_/install/slg_msgs/share/slg_msgs/cmake/export_slg_msgs__rosidl_generator_cppExport.cmake
[3.721s] -- Up-to-date: /home/rhobtor/PHD/ARGOJ8_IA/ARGOSJ8_IA_/install/slg_msgs/share/slg_msgs/cmake/export_slg_msgs__rosidl_typesupport_fastrtps_cppExport.cmake
[3.721s] -- Up-to-date: /home/rhobtor/PHD/ARGOJ8_IA/ARGOSJ8_IA_/install/slg_msgs/share/slg_msgs/cmake/export_slg_msgs__rosidl_typesupport_fastrtps_cppExport-release.cmake
[3.721s] -- Up-to-date: /home/rhobtor/PHD/ARGOJ8_IA/ARGOSJ8_IA_/install/slg_msgs/share/slg_msgs/cmake/slg_msgs__rosidl_typesupport_introspection_cppExport.cmake
[3.722s] -- Up-to-date: /home/rhobtor/PHD/ARGOJ8_IA/ARGOSJ8_IA_/install/slg_msgs/share/slg_msgs/cmake/slg_msgs__rosidl_typesupport_introspection_cppExport-release.cmake
[3.722s] -- Up-to-date: /home/rhobtor/PHD/ARGOJ8_IA/ARGOSJ8_IA_/install/slg_msgs/share/slg_msgs/cmake/slg_msgs__rosidl_typesupport_cppExport.cmake
[3.722s] -- Up-to-date: /home/rhobtor/PHD/ARGOJ8_IA/ARGOSJ8_IA_/install/slg_msgs/share/slg_msgs/cmake/slg_msgs__rosidl_typesupport_cppExport-release.cmake
[3.722s] -- Up-to-date: /home/rhobtor/PHD/ARGOJ8_IA/ARGOSJ8_IA_/install/slg_msgs/share/slg_msgs/cmake/export_slg_msgs__rosidl_generator_pyExport.cmake
[3.722s] -- Up-to-date: /home/rhobtor/PHD/ARGOJ8_IA/ARGOSJ8_IA_/install/slg_msgs/share/slg_msgs/cmake/export_slg_msgs__rosidl_generator_pyExport-release.cmake
[3.722s] -- Up-to-date: /home/rhobtor/PHD/ARGOJ8_IA/ARGOSJ8_IA_/install/slg_msgs/share/slg_msgs/cmake/export_slg_msgsExport.cmake
[3.722s] -- Up-to-date: /home/rhobtor/PHD/ARGOJ8_IA/ARGOSJ8_IA_/install/slg_msgs/share/slg_msgs/cmake/rosidl_cmake-extras.cmake
[3.723s] -- Up-to-date: /home/rhobtor/PHD/ARGOJ8_IA/ARGOSJ8_IA_/install/slg_msgs/share/slg_msgs/cmake/ament_cmake_export_dependencies-extras.cmake
[3.723s] -- Up-to-date: /home/rhobtor/PHD/ARGOJ8_IA/ARGOSJ8_IA_/install/slg_msgs/share/slg_msgs/cmake/ament_cmake_export_include_directories-extras.cmake
[3.723s] -- Up-to-date: /home/rhobtor/PHD/ARGOJ8_IA/ARGOSJ8_IA_/install/slg_msgs/share/slg_msgs/cmake/ament_cmake_export_libraries-extras.cmake
[3.723s] -- Up-to-date: /home/rhobtor/PHD/ARGOJ8_IA/ARGOSJ8_IA_/install/slg_msgs/share/slg_msgs/cmake/ament_cmake_export_targets-extras.cmake
[3.723s] -- Up-to-date: /home/rhobtor/PHD/ARGOJ8_IA/ARGOSJ8_IA_/install/slg_msgs/share/slg_msgs/cmake/rosidl_cmake_export_typesupport_targets-extras.cmake
[3.723s] -- Up-to-date: /home/rhobtor/PHD/ARGOJ8_IA/ARGOSJ8_IA_/install/slg_msgs/share/slg_msgs/cmake/rosidl_cmake_export_typesupport_libraries-extras.cmake
[3.723s] -- Up-to-date: /home/rhobtor/PHD/ARGOJ8_IA/ARGOSJ8_IA_/install/slg_msgs/share/slg_msgs/cmake/slg_msgsConfig.cmake
[3.723s] -- Up-to-date: /home/rhobtor/PHD/ARGOJ8_IA/ARGOSJ8_IA_/install/slg_msgs/share/slg_msgs/cmake/slg_msgsConfig-version.cmake
[3.724s] -- Up-to-date: /home/rhobtor/PHD/ARGOJ8_IA/ARGOSJ8_IA_/install/slg_msgs/share/slg_msgs/package.xml
[4.112s] Invoked command in '/home/rhobtor/PHD/ARGOJ8_IA/ARGOSJ8_IA_/build/slg_msgs' returned '0': CMAKE_PREFIX_PATH=${CMAKE_PREFIX_PATH}:/home/rhobtor/PHD/ARGOJ8_IA/ARGOSJ8_IA_/install/ntrip_client:/home/rhobtor/PHD/ARGOJ8_IA/ARGOSJ8_IA_/install/j8_gui:/home/rhobtor/PHD/ARGOJ8_IA/ARGOSJ8_IA_/install/car:/home/rhobtor/PHD/ARGOJ8_IA/ARGOSJ8_IA_/install/android_ros2_server:/home/rhobtor/PHD/ARGOJ8_IA/ARGOSJ8_IA_/install/GUI_pkg:/opt/ros/humble /opt/st/stm32cubeclt_1.18.0/CMake/bin/cmake --install /home/rhobtor/PHD/ARGOJ8_IA/ARGOSJ8_IA_/build/slg_msgs
