[4.242s] Invoking command in '/home/rhobtor/PHD/ARGOJ8_IA/ARGOSJ8_IA_/src/car_python': CMAKE_PREFIX_PATH=/home/rhobtor/PHD/ARGOJ8_IA/ARGOSJ8_IA_/install/car_interfaces:/home/rhobtor/PHD/ARGOJ8_IA/ARGOSJ8_IA_/install/argj801_ctl_platform_interfaces:/home/rhobtor/PHD/ARGOJ8_IA/ARGOSJ8_IA_/install/wiimote_msgs:/home/rhobtor/PHD/ARGOJ8_IA/ARGOSJ8_IA_/install/ublox:/home/rhobtor/PHD/ARGOJ8_IA/ARGOSJ8_IA_/install/ublox_gps:/home/rhobtor/PHD/ARGOJ8_IA/ARGOSJ8_IA_/install/security_check:/home/rhobtor/PHD/ARGOJ8_IA/ARGOSJ8_IA_/install/ctl_mission:/home/rhobtor/PHD/ARGOJ8_IA/ARGOSJ8_IA_/install/ublox_msgs:/home/rhobtor/PHD/ARGOJ8_IA/ARGOSJ8_IA_/install/ublox_serialization:/home/rhobtor/PHD/ARGOJ8_IA/ARGOSJ8_IA_/install/spacenav:/home/rhobtor/PHD/ARGOJ8_IA/ARGOSJ8_IA_/install/laser_segmentation:/home/rhobtor/PHD/ARGOJ8_IA/ARGOSJ8_IA_/install/slg_msgs:/home/rhobtor/PHD/ARGOJ8_IA/ARGOSJ8_IA_/install/security_check_interfaces:/home/rhobtor/PHD/ARGOJ8_IA/ARGOSJ8_IA_/install/joy:/home/rhobtor/PHD/ARGOJ8_IA/ARGOSJ8_IA_/install/sdl2_vendor:/home/rhobtor/PHD/ARGOJ8_IA/ARGOSJ8_IA_/install/path_manager:/home/rhobtor/PHD/ARGOJ8_IA/ARGOSJ8_IA_/install/path_manager_interfaces:/home/rhobtor/PHD/ARGOJ8_IA/ARGOSJ8_IA_/install/joy_linux:/home/rhobtor/PHD/ARGOJ8_IA/ARGOSJ8_IA_/install/j8_xacro_model:/home/rhobtor/PHD/ARGOJ8_IA/ARGOSJ8_IA_/install/hector_gazebo_plugins:/home/rhobtor/PHD/ARGOJ8_IA/ARGOSJ8_IA_/install/fixposition_sensor_pkg:/home/rhobtor/PHD/ARGOJ8_IA/ARGOSJ8_IA_/install/fixposition_odometry_converter_ros2:/home/rhobtor/PHD/ARGOJ8_IA/ARGOSJ8_IA_/install/fixposition_driver_ros2:/home/rhobtor/PHD/ARGOJ8_IA/ARGOSJ8_IA_/install/fixposition_driver_lib:/home/rhobtor/PHD/ARGOJ8_IA/ARGOSJ8_IA_/install/fixposition_gnss_tf:/home/rhobtor/PHD/ARGOJ8_IA/ARGOSJ8_IA_/install/ctl_mission_interfaces:/home/rhobtor/PHD/ARGOJ8_IA/ARGOSJ8_IA_/install/car_cpp:/home/rhobtor/PHD/ARGOJ8_IA/ARGOSJ8_IA_/install/argj801_setup:/home/rhobtor/PHD/ARGOJ8_IA/ARGOSJ8_IA_/install/argj801_sensors:/home/rhobtor/PHD/ARGOJ8_IA/ARGOSJ8_IA_/install/argj801_sensors_msgs:/home/rhobtor/PHD/ARGOJ8_IA/ARGOSJ8_IA_/install/argj801_ctl_platform:/home/rhobtor/zed/install/zed_ros2:/home/rhobtor/zed/install/zed_wrapper:/home/rhobtor/zed/install/zed_components:/home/rhobtor/zed/install/zed_interfaces LD_LIBRARY_PATH=/home/rhobtor/PHD/ARGOJ8_IA/ARGOSJ8_IA_/install/car_interfaces/lib:/home/rhobtor/PHD/ARGOJ8_IA/ARGOSJ8_IA_/install/argj801_ctl_platform_interfaces/lib:/home/rhobtor/PHD/ARGOJ8_IA/ARGOSJ8_IA_/install/wiimote_msgs/lib:/home/rhobtor/PHD/ARGOJ8_IA/ARGOSJ8_IA_/install/ublox_gps/lib:/home/rhobtor/PHD/ARGOJ8_IA/ARGOSJ8_IA_/install/ublox_msgs/lib:/home/rhobtor/PHD/ARGOJ8_IA/ARGOSJ8_IA_/install/spacenav/lib:/home/rhobtor/PHD/ARGOJ8_IA/ARGOSJ8_IA_/install/laser_segmentation/lib:/home/rhobtor/PHD/ARGOJ8_IA/ARGOSJ8_IA_/install/slg_msgs/lib:/home/rhobtor/PHD/ARGOJ8_IA/ARGOSJ8_IA_/install/security_check_interfaces/lib:/home/rhobtor/PHD/ARGOJ8_IA/ARGOSJ8_IA_/install/joy/lib:/home/rhobtor/PHD/ARGOJ8_IA/ARGOSJ8_IA_/install/path_manager_interfaces/lib:/home/rhobtor/PHD/ARGOJ8_IA/ARGOSJ8_IA_/install/j8_xacro_model/lib:/home/rhobtor/PHD/ARGOJ8_IA/ARGOSJ8_IA_/install/hector_gazebo_plugins/lib:/home/rhobtor/PHD/ARGOJ8_IA/ARGOSJ8_IA_/install/fixposition_sensor_pkg/lib:/home/rhobtor/PHD/ARGOJ8_IA/ARGOSJ8_IA_/install/fixposition_odometry_converter_ros2/lib:/home/rhobtor/PHD/ARGOJ8_IA/ARGOSJ8_IA_/install/fixposition_driver_ros2/lib:/home/rhobtor/PHD/ARGOJ8_IA/ARGOSJ8_IA_/install/fixposition_driver_lib/lib:/home/rhobtor/PHD/ARGOJ8_IA/ARGOSJ8_IA_/install/fixposition_gnss_tf/lib:/home/rhobtor/PHD/ARGOJ8_IA/ARGOSJ8_IA_/install/ctl_mission_interfaces/lib:/home/rhobtor/PHD/ARGOJ8_IA/ARGOSJ8_IA_/install/car_cpp/lib:/home/rhobtor/PHD/ARGOJ8_IA/ARGOSJ8_IA_/install/argj801_sensors_msgs/lib:/usr/local/cuda/lib64:/usr/local/cuda/lib64:/usr/local/cuda-12.1/lib64:/usr/local/cuda-11.8/lib64:/home/rhobtor/zed/install/zed_components/lib:/home/rhobtor/zed/install/zed_interfaces/lib:/usr/lib/x86_64-linux-gnu/gazebo-11/plugins:/opt/ros/humble/opt/rviz_ogre_vendor/lib:/opt/ros/humble/lib/x86_64-linux-gnu:/opt/ros/humble/lib PYTHONPATH=/home/rhobtor/PHD/ARGOJ8_IA/ARGOSJ8_IA_/build/car/prefix_override:/usr/lib/python3/dist-packages/colcon_core/task/python/colcon_distutils_commands:/home/rhobtor/PHD/ARGOJ8_IA/ARGOSJ8_IA_/install/car/lib/python3.10/site-packages:${PYTHONPATH} /usr/bin/python3 -W ignore:setup.py install is deprecated -W ignore:easy_install command is deprecated setup.py egg_info --egg-base ../../build/car build --build-base /home/rhobtor/PHD/ARGOJ8_IA/ARGOSJ8_IA_/build/car/build install --record /home/rhobtor/PHD/ARGOJ8_IA/ARGOSJ8_IA_/build/car/install.log --single-version-externally-managed install_data
[4.837s] /home/rhobtor/.local/lib/python3.10/site-packages/setuptools/_distutils/dist.py:289: UserWarning: Unknown distribution option: 'tests_require'
[4.838s]   warnings.warn(msg)
[5.358s] running egg_info
[5.360s] writing ../../build/car/car.egg-info/PKG-INFO
[5.360s] writing dependency_links to ../../build/car/car.egg-info/dependency_links.txt
[5.360s] writing entry points to ../../build/car/car.egg-info/entry_points.txt
[5.360s] writing requirements to ../../build/car/car.egg-info/requires.txt
[5.360s] writing top-level names to ../../build/car/car.egg-info/top_level.txt
[5.360s] reading manifest file '../../build/car/car.egg-info/SOURCES.txt'
[5.363s] writing manifest file '../../build/car/car.egg-info/SOURCES.txt'
[5.363s] running build
[5.363s] running build_py
[5.363s] copying car/latlon_circuit.py -> /home/rhobtor/PHD/ARGOJ8_IA/ARGOSJ8_IA_/build/car/build/lib/car
[5.364s] copying car/points_goal_old.py -> /home/rhobtor/PHD/ARGOJ8_IA/ARGOSJ8_IA_/build/car/build/lib/car
[5.364s] copying car/keyboard_control.py -> /home/rhobtor/PHD/ARGOJ8_IA/ARGOSJ8_IA_/build/car/build/lib/car
[5.364s] copying car/memory_map.py -> /home/rhobtor/PHD/ARGOJ8_IA/ARGOSJ8_IA_/build/car/build/lib/car
[5.364s] copying car/path_ppo_cnn_lstm_full_model.py -> /home/rhobtor/PHD/ARGOJ8_IA/ARGOSJ8_IA_/build/car/build/lib/car
[5.364s] copying car/j8_test_ppo.py -> /home/rhobtor/PHD/ARGOJ8_IA/ARGOSJ8_IA_/build/car/build/lib/car
[5.364s] copying car/scape_test.py -> /home/rhobtor/PHD/ARGOJ8_IA/ARGOSJ8_IA_/build/car/build/lib/car
[5.364s] copying car/movement_predictive.py -> /home/rhobtor/PHD/ARGOJ8_IA/ARGOSJ8_IA_/build/car/build/lib/car
[5.364s] copying car/cmd_vel_to_throttle.py -> /home/rhobtor/PHD/ARGOJ8_IA/ARGOSJ8_IA_/build/car/build/lib/car
[5.365s] copying car/goal_local_marker.py -> /home/rhobtor/PHD/ARGOJ8_IA/ARGOSJ8_IA_/build/car/build/lib/car
[5.365s] copying car/gnss_goal_circuit.py -> /home/rhobtor/PHD/ARGOJ8_IA/ARGOSJ8_IA_/build/car/build/lib/car
[5.365s] copying car/navsatfix_to_ecef.py -> /home/rhobtor/PHD/ARGOJ8_IA/ARGOSJ8_IA_/build/car/build/lib/car
[5.365s] copying car/lidar_obstacle_detection.py -> /home/rhobtor/PHD/ARGOJ8_IA/ARGOSJ8_IA_/build/car/build/lib/car
[5.365s] copying car/voxel_unity.py -> /home/rhobtor/PHD/ARGOJ8_IA/ARGOSJ8_IA_/build/car/build/lib/car
[5.365s] copying car/check_goal_gnss.py -> /home/rhobtor/PHD/ARGOJ8_IA/ARGOSJ8_IA_/build/car/build/lib/car
[5.365s] copying car/test_octomap.py -> /home/rhobtor/PHD/ARGOJ8_IA/ARGOSJ8_IA_/build/car/build/lib/car
[5.366s] copying car/frontier_centroid.py -> /home/rhobtor/PHD/ARGOJ8_IA/ARGOSJ8_IA_/build/car/build/lib/car
[5.367s] copying car/fixposition_map_anchor.py -> /home/rhobtor/PHD/ARGOJ8_IA/ARGOSJ8_IA_/build/car/build/lib/car
[5.368s] copying car/fixposition_local_tf_from_odom.py -> /home/rhobtor/PHD/ARGOJ8_IA/ARGOSJ8_IA_/build/car/build/lib/car
[5.368s] copying car/j8_bueno.py -> /home/rhobtor/PHD/ARGOJ8_IA/ARGOSJ8_IA_/build/car/build/lib/car
[5.369s] copying car/colision_zone.py -> /home/rhobtor/PHD/ARGOJ8_IA/ARGOSJ8_IA_/build/car/build/lib/car
[5.369s] copying car/supervisor_circuit.py -> /home/rhobtor/PHD/ARGOJ8_IA/ARGOSJ8_IA_/build/car/build/lib/car
[5.370s] copying car/backup_model_ppo_cnn_lstm.py -> /home/rhobtor/PHD/ARGOJ8_IA/ARGOSJ8_IA_/build/car/build/lib/car
[5.370s] copying car/odom_to_tf.py -> /home/rhobtor/PHD/ARGOJ8_IA/ARGOSJ8_IA_/build/car/build/lib/car
[5.370s] copying car/inference_full_model.py -> /home/rhobtor/PHD/ARGOJ8_IA/ARGOSJ8_IA_/build/car/build/lib/car
[5.371s] copying car/prior_map_builder.py -> /home/rhobtor/PHD/ARGOJ8_IA/ARGOSJ8_IA_/build/car/build/lib/car
[5.374s] copying car/inference_j8.py -> /home/rhobtor/PHD/ARGOJ8_IA/ARGOSJ8_IA_/build/car/build/lib/car
[5.376s] copying car/__init__.py -> /home/rhobtor/PHD/ARGOJ8_IA/ARGOSJ8_IA_/build/car/build/lib/car
[5.376s] copying car/latlon_posearray_to_local.py -> /home/rhobtor/PHD/ARGOJ8_IA/ARGOSJ8_IA_/build/car/build/lib/car
[5.376s] copying car/fixposition_map_odom_static_from_odom.py -> /home/rhobtor/PHD/ARGOJ8_IA/ARGOSJ8_IA_/build/car/build/lib/car
[5.376s] copying car/inference_training_mode_simple.py -> /home/rhobtor/PHD/ARGOJ8_IA/ARGOSJ8_IA_/build/car/build/lib/car
[5.376s] copying car/joystick_control.py -> /home/rhobtor/PHD/ARGOJ8_IA/ARGOSJ8_IA_/build/car/build/lib/car
[5.376s] copying car/planificador_script.py -> /home/rhobtor/PHD/ARGOJ8_IA/ARGOSJ8_IA_/build/car/build/lib/car
[5.377s] copying car/map_test_navigation_hgh.py -> /home/rhobtor/PHD/ARGOJ8_IA/ARGOSJ8_IA_/build/car/build/lib/car
[5.378s] copying car/circuit1.py -> /home/rhobtor/PHD/ARGOJ8_IA/ARGOSJ8_IA_/build/car/build/lib/car
[5.379s] copying car/fixposition_reframe.py -> /home/rhobtor/PHD/ARGOJ8_IA/ARGOSJ8_IA_/build/car/build/lib/car
[5.381s] copying car/points_goal.py -> /home/rhobtor/PHD/ARGOJ8_IA/ARGOSJ8_IA_/build/car/build/lib/car
[5.382s] copying car/path_ppo_cnn_lstm_training_init_mode_j8.py -> /home/rhobtor/PHD/ARGOJ8_IA/ARGOSJ8_IA_/build/car/build/lib/car
[5.382s] copying car/map_navegation.py -> /home/rhobtor/PHD/ARGOJ8_IA/ARGOSJ8_IA_/build/car/build/lib/car
[5.383s] copying car/fixposition_odom_to_base_link_tf.py -> /home/rhobtor/PHD/ARGOJ8_IA/ARGOSJ8_IA_/build/car/build/lib/car
[5.383s] copying car/test_vel.py -> /home/rhobtor/PHD/ARGOJ8_IA/ARGOSJ8_IA_/build/car/build/lib/car
[5.384s] copying car/zed_static_tf_tree.py -> /home/rhobtor/PHD/ARGOJ8_IA/ARGOSJ8_IA_/build/car/build/lib/car
[5.384s] copying car/supervisor.py -> /home/rhobtor/PHD/ARGOJ8_IA/ARGOSJ8_IA_/build/car/build/lib/car
[5.385s] copying car/costmap.py -> /home/rhobtor/PHD/ARGOJ8_IA/ARGOSJ8_IA_/build/car/build/lib/car
[5.386s] copying car/navsatfix_goal_to_map_pose.py -> /home/rhobtor/PHD/ARGOJ8_IA/ARGOSJ8_IA_/build/car/build/lib/car
[5.386s] copying car/unity_goal.py -> /home/rhobtor/PHD/ARGOJ8_IA/ARGOSJ8_IA_/build/car/build/lib/car
[5.386s] copying car/path_ppo_cnn_lstm_training_init_mode.py -> /home/rhobtor/PHD/ARGOJ8_IA/ARGOSJ8_IA_/build/car/build/lib/car
[5.387s] copying car/path_ppo_cnn_lstm_training_init_mode_simple.py -> /home/rhobtor/PHD/ARGOJ8_IA/ARGOSJ8_IA_/build/car/build/lib/car
[5.387s] copying car/latlon_posearray_to_local_utm.py -> /home/rhobtor/PHD/ARGOJ8_IA/ARGOSJ8_IA_/build/car/build/lib/car
[5.387s] copying car/inference_test_j8.py -> /home/rhobtor/PHD/ARGOJ8_IA/ARGOSJ8_IA_/build/car/build/lib/car
[5.387s] copying car/filter_points_cloud.py -> /home/rhobtor/PHD/ARGOJ8_IA/ARGOSJ8_IA_/build/car/build/lib/car
[5.387s] copying car/test_j8_old.py -> /home/rhobtor/PHD/ARGOJ8_IA/ARGOSJ8_IA_/build/car/build/lib/car
[5.387s] copying car/fusion.py -> /home/rhobtor/PHD/ARGOJ8_IA/ARGOSJ8_IA_/build/car/build/lib/car
[5.387s] copying car/j8_policy.py -> /home/rhobtor/PHD/ARGOJ8_IA/ARGOSJ8_IA_/build/car/build/lib/car
[5.388s] running install
[5.388s] running install_lib
[5.388s] running install_data
[5.388s] copying resource/car -> /home/rhobtor/PHD/ARGOJ8_IA/ARGOSJ8_IA_/install/car/share/ament_index/resource_index/packages
[5.389s] copying package.xml -> /home/rhobtor/PHD/ARGOJ8_IA/ARGOSJ8_IA_/install/car/share/car
[5.389s] copying launch/gazebo.launch.py -> /home/rhobtor/PHD/ARGOJ8_IA/ARGOSJ8_IA_/install/car/share/car/launch
[5.389s] copying launch/ekf.launch.py -> /home/rhobtor/PHD/ARGOJ8_IA/ARGOSJ8_IA_/install/car/share/car/launch
[5.389s] copying launch/fixposition_local_j8_urdf.launch.py -> /home/rhobtor/PHD/ARGOJ8_IA/ARGOSJ8_IA_/install/car/share/car/launch
[5.389s] copying launch/control.launch.py -> /home/rhobtor/PHD/ARGOJ8_IA/ARGOSJ8_IA_/install/car/share/car/launch
[5.389s] copying launch/gazebo_mountain.launch.py -> /home/rhobtor/PHD/ARGOJ8_IA/ARGOSJ8_IA_/install/car/share/car/launch
[5.390s] copying launch/world_1_b.launch.py -> /home/rhobtor/PHD/ARGOJ8_IA/ARGOSJ8_IA_/install/car/share/car/launch
[5.390s] copying launch/circuit1.launch.py -> /home/rhobtor/PHD/ARGOJ8_IA/ARGOSJ8_IA_/install/car/share/car/launch
[5.390s] copying launch/gazebo_empty_world.launch.py -> /home/rhobtor/PHD/ARGOJ8_IA/ARGOSJ8_IA_/install/car/share/car/launch
[5.390s] copying launch/gazebo_simple5.launch.py -> /home/rhobtor/PHD/ARGOJ8_IA/ARGOSJ8_IA_/install/car/share/car/launch
[5.390s] copying launch/gazebo_simple2.launch.py -> /home/rhobtor/PHD/ARGOJ8_IA/ARGOSJ8_IA_/install/car/share/car/launch
[5.390s] copying launch/gnss_goals.launch.py -> /home/rhobtor/PHD/ARGOJ8_IA/ARGOSJ8_IA_/install/car/share/car/launch
[5.390s] copying launch/gazebo_simple7.launch.py -> /home/rhobtor/PHD/ARGOJ8_IA/ARGOSJ8_IA_/install/car/share/car/launch
[5.391s] copying launch/joystick.launch.py -> /home/rhobtor/PHD/ARGOJ8_IA/ARGOSJ8_IA_/install/car/share/car/launch
[5.391s] copying launch/display.launch.py -> /home/rhobtor/PHD/ARGOJ8_IA/ARGOSJ8_IA_/install/car/share/car/launch
[5.391s] copying launch/circuit4.launch.py -> /home/rhobtor/PHD/ARGOJ8_IA/ARGOSJ8_IA_/install/car/share/car/launch
[5.391s] copying launch/river_and_forest.launch.py -> /home/rhobtor/PHD/ARGOJ8_IA/ARGOSJ8_IA_/install/car/share/car/launch
[5.391s] copying launch/gazebo_simple8.launch.py -> /home/rhobtor/PHD/ARGOJ8_IA/ARGOSJ8_IA_/install/car/share/car/launch
[5.392s] copying launch/rtamap_test.launch.py -> /home/rhobtor/PHD/ARGOJ8_IA/ARGOSJ8_IA_/install/car/share/car/launch
[5.392s] copying launch/gazebo_simple_world.launch.py -> /home/rhobtor/PHD/ARGOJ8_IA/ARGOSJ8_IA_/install/car/share/car/launch
[5.392s] copying launch/fixposition_with_zed_no_tf.launch.py -> /home/rhobtor/PHD/ARGOJ8_IA/ARGOSJ8_IA_/install/car/share/car/launch
[5.392s] copying launch/fixposition_reframe.launch.py -> /home/rhobtor/PHD/ARGOJ8_IA/ARGOSJ8_IA_/install/car/share/car/launch
[5.393s] copying launch/gazebo_simple9.launch.py -> /home/rhobtor/PHD/ARGOJ8_IA/ARGOSJ8_IA_/install/car/share/car/launch
[5.393s] copying launch/circuit3.launch.py -> /home/rhobtor/PHD/ARGOJ8_IA/ARGOSJ8_IA_/install/car/share/car/launch
[5.393s] copying launch/rviz_fixposition_j8.launch.py -> /home/rhobtor/PHD/ARGOJ8_IA/ARGOSJ8_IA_/install/car/share/car/launch
[5.394s] copying launch/object_move_gazebo.launch.py -> /home/rhobtor/PHD/ARGOJ8_IA/ARGOSJ8_IA_/install/car/share/car/launch
[5.394s] copying launch/world_1.launch.py -> /home/rhobtor/PHD/ARGOJ8_IA/ARGOSJ8_IA_/install/car/share/car/launch
[5.394s] copying launch/circuit2.launch.py -> /home/rhobtor/PHD/ARGOJ8_IA/ARGOSJ8_IA_/install/car/share/car/launch
[5.394s] copying launch/gazebo_simple3.launch.py -> /home/rhobtor/PHD/ARGOJ8_IA/ARGOSJ8_IA_/install/car/share/car/launch
[5.394s] copying launch/gazebo_no_gui.launch.py -> /home/rhobtor/PHD/ARGOJ8_IA/ARGOSJ8_IA_/install/car/share/car/launch
[5.394s] copying launch/easy_world.launch.py -> /home/rhobtor/PHD/ARGOJ8_IA/ARGOSJ8_IA_/install/car/share/car/launch
[5.394s] copying launch/gazebo_simple6.launch.py -> /home/rhobtor/PHD/ARGOJ8_IA/ARGOSJ8_IA_/install/car/share/car/launch
[5.395s] copying launch/gazebo_simple4.launch.py -> /home/rhobtor/PHD/ARGOJ8_IA/ARGOSJ8_IA_/install/car/share/car/launch
[5.395s] copying launch/forest.launch.py -> /home/rhobtor/PHD/ARGOJ8_IA/ARGOSJ8_IA_/install/car/share/car/launch
[5.395s] copying launch/J8_unity.launch.py -> /home/rhobtor/PHD/ARGOJ8_IA/ARGOSJ8_IA_/install/car/share/car/launch
[5.395s] copying launch/goals_unity.launch.py -> /home/rhobtor/PHD/ARGOJ8_IA/ARGOSJ8_IA_/install/car/share/car/launch
[5.395s] copying launch/control_with_gazebo.launch.py -> /home/rhobtor/PHD/ARGOJ8_IA/ARGOSJ8_IA_/install/car/share/car/launch
[5.396s] copying launch/tf_fixposition_j8.launch.py -> /home/rhobtor/PHD/ARGOJ8_IA/ARGOSJ8_IA_/install/car/share/car/launch
[5.396s] copying launch/rviz_fixposition_urdf.launch.py -> /home/rhobtor/PHD/ARGOJ8_IA/ARGOSJ8_IA_/install/car/share/car/launch
[5.396s] copying launch/j8.launch.py -> /home/rhobtor/PHD/ARGOJ8_IA/ARGOSJ8_IA_/install/car/share/car/launch
[5.396s] copying launch/tf_fixposition_map_odom_static_j8.launch.py -> /home/rhobtor/PHD/ARGOJ8_IA/ARGOSJ8_IA_/install/car/share/car/launch
[5.396s] copying urdf/object_movement.sdf -> /home/rhobtor/PHD/ARGOJ8_IA/ARGOSJ8_IA_/install/car/share/car/urdf
[5.396s] copying urdf/materials.xacro -> /home/rhobtor/PHD/ARGOJ8_IA/ARGOSJ8_IA_/install/car/share/car/urdf
[5.397s] copying urdf/car.xacro -> /home/rhobtor/PHD/ARGOJ8_IA/ARGOSJ8_IA_/install/car/share/car/urdf
[5.397s] copying urdf/camara.plugin.xacro -> /home/rhobtor/PHD/ARGOJ8_IA/ARGOSJ8_IA_/install/car/share/car/urdf
[5.397s] copying urdf/car.gazebo -> /home/rhobtor/PHD/ARGOJ8_IA/ARGOSJ8_IA_/install/car/share/car/urdf
[5.398s] copying urdf/lidar.plugin.xacro -> /home/rhobtor/PHD/ARGOJ8_IA/ARGOSJ8_IA_/install/car/share/car/urdf
[5.398s] copying urdf/control.plugin.xacro -> /home/rhobtor/PHD/ARGOJ8_IA/ARGOSJ8_IA_/install/car/share/car/urdf
[5.398s] copying urdf/virt_lidar.xacro -> /home/rhobtor/PHD/ARGOJ8_IA/ARGOSJ8_IA_/install/car/share/car/urdf
[5.398s] copying urdf/car.trans -> /home/rhobtor/PHD/ARGOJ8_IA/ARGOSJ8_IA_/install/car/share/car/urdf
[5.400s] copying worlds/grass.world -> /home/rhobtor/PHD/ARGOJ8_IA/ARGOSJ8_IA_/install/car/share/car/worlds
[5.400s] copying worlds/world_simple_object.world -> /home/rhobtor/PHD/ARGOJ8_IA/ARGOSJ8_IA_/install/car/share/car/worlds
[5.400s] copying worlds/hill_tagged.world -> /home/rhobtor/PHD/ARGOJ8_IA/ARGOSJ8_IA_/install/car/share/car/worlds
[5.402s] copying worlds/world_simple3.world -> /home/rhobtor/PHD/ARGOJ8_IA/ARGOSJ8_IA_/install/car/share/car/worlds
[5.402s] copying worlds/world_simple9.world -> /home/rhobtor/PHD/ARGOJ8_IA/ARGOSJ8_IA_/install/car/share/car/worlds
[5.403s] copying worlds/world_simple6.world -> /home/rhobtor/PHD/ARGOJ8_IA/ARGOSJ8_IA_/install/car/share/car/worlds
[5.404s] copying worlds/forest.world -> /home/rhobtor/PHD/ARGOJ8_IA/ARGOSJ8_IA_/install/car/share/car/worlds
[5.409s] copying worlds/map1_test.world -> /home/rhobtor/PHD/ARGOJ8_IA/ARGOSJ8_IA_/install/car/share/car/worlds
[5.410s] copying worlds/world_1.world -> /home/rhobtor/PHD/ARGOJ8_IA/ARGOSJ8_IA_/install/car/share/car/worlds
[5.410s] copying worlds/world_simple8.world -> /home/rhobtor/PHD/ARGOJ8_IA/ARGOSJ8_IA_/install/car/share/car/worlds
[5.410s] copying worlds/blender_builder.world -> /home/rhobtor/PHD/ARGOJ8_IA/ARGOSJ8_IA_/install/car/share/car/worlds
[5.411s] copying worlds/mountain.world -> /home/rhobtor/PHD/ARGOJ8_IA/ARGOSJ8_IA_/install/car/share/car/worlds
[5.412s] copying worlds/world_1_b1.world -> /home/rhobtor/PHD/ARGOJ8_IA/ARGOSJ8_IA_/install/car/share/car/worlds
[5.414s] copying worlds/world_1_b.world -> /home/rhobtor/PHD/ARGOJ8_IA/ARGOSJ8_IA_/install/car/share/car/worlds
[5.415s] copying worlds/empty.world -> /home/rhobtor/PHD/ARGOJ8_IA/ARGOSJ8_IA_/install/car/share/car/worlds
[5.416s] copying worlds/easy_world.world -> /home/rhobtor/PHD/ARGOJ8_IA/ARGOSJ8_IA_/install/car/share/car/worlds
[5.418s] copying worlds/grass_test.world -> /home/rhobtor/PHD/ARGOJ8_IA/ARGOSJ8_IA_/install/car/share/car/worlds
[5.418s] copying worlds/park.world -> /home/rhobtor/PHD/ARGOJ8_IA/ARGOSJ8_IA_/install/car/share/car/worlds
[5.419s] copying worlds/obstacles_and_traps.world -> /home/rhobtor/PHD/ARGOJ8_IA/ARGOSJ8_IA_/install/car/share/car/worlds
[5.420s] copying worlds/world_simple5.world -> /home/rhobtor/PHD/ARGOJ8_IA/ARGOSJ8_IA_/install/car/share/car/worlds
[5.421s] copying worlds/obstacles.world -> /home/rhobtor/PHD/ARGOJ8_IA/ARGOSJ8_IA_/install/car/share/car/worlds
[5.421s] copying worlds/hill.world -> /home/rhobtor/PHD/ARGOJ8_IA/ARGOSJ8_IA_/install/car/share/car/worlds
[5.421s] copying worlds/world_simple7.world -> /home/rhobtor/PHD/ARGOJ8_IA/ARGOSJ8_IA_/install/car/share/car/worlds
[5.422s] copying worlds/test.world -> /home/rhobtor/PHD/ARGOJ8_IA/ARGOSJ8_IA_/install/car/share/car/worlds
[5.423s] copying worlds/lake.world -> /home/rhobtor/PHD/ARGOJ8_IA/ARGOSJ8_IA_/install/car/share/car/worlds
[5.428s] copying worlds/forest_tagged.world -> /home/rhobtor/PHD/ARGOJ8_IA/ARGOSJ8_IA_/install/car/share/car/worlds
[5.428s] copying worlds/heightmap_world.world -> /home/rhobtor/PHD/ARGOJ8_IA/ARGOSJ8_IA_/install/car/share/car/worlds
[5.428s] copying worlds/world_simple2.world -> /home/rhobtor/PHD/ARGOJ8_IA/ARGOSJ8_IA_/install/car/share/car/worlds
[5.429s] copying worlds/park_tagged.world -> /home/rhobtor/PHD/ARGOJ8_IA/ARGOSJ8_IA_/install/car/share/car/worlds
[5.429s] copying worlds/river_and_forest.world -> /home/rhobtor/PHD/ARGOJ8_IA/ARGOSJ8_IA_/install/car/share/car/worlds
[5.430s] copying worlds/world_simple4.world -> /home/rhobtor/PHD/ARGOJ8_IA/ARGOSJ8_IA_/install/car/share/car/worlds
[5.430s] copying worlds/lake_tagged.world -> /home/rhobtor/PHD/ARGOJ8_IA/ARGOSJ8_IA_/install/car/share/car/worlds
[5.431s] copying meshes/tire.stl -> /home/rhobtor/PHD/ARGOJ8_IA/ARGOSJ8_IA_/install/car/share/car/meshes
[5.435s] copying meshes/rim_front_right_1.stl -> /home/rhobtor/PHD/ARGOJ8_IA/ARGOSJ8_IA_/install/car/share/car/meshes
[5.438s] copying meshes/tire_front_left_1.stl -> /home/rhobtor/PHD/ARGOJ8_IA/ARGOSJ8_IA_/install/car/share/car/meshes
[5.441s] copying meshes/rim_back_right_1.stl -> /home/rhobtor/PHD/ARGOJ8_IA/ARGOSJ8_IA_/install/car/share/car/meshes
[5.445s] copying meshes/direction_front_left_1.stl -> /home/rhobtor/PHD/ARGOJ8_IA/ARGOSJ8_IA_/install/car/share/car/meshes
[5.446s] copying meshes/rim.stl -> /home/rhobtor/PHD/ARGOJ8_IA/ARGOSJ8_IA_/install/car/share/car/meshes
[5.453s] copying meshes/Lidar.stl -> /home/rhobtor/PHD/ARGOJ8_IA/ARGOSJ8_IA_/install/car/share/car/meshes
[5.453s] copying meshes/Camara.stl -> /home/rhobtor/PHD/ARGOJ8_IA/ARGOSJ8_IA_/install/car/share/car/meshes
[5.453s] copying meshes/tire_front_right_1.stl -> /home/rhobtor/PHD/ARGOJ8_IA/ARGOSJ8_IA_/install/car/share/car/meshes
[5.456s] copying meshes/base_link.stl -> /home/rhobtor/PHD/ARGOJ8_IA/ARGOSJ8_IA_/install/car/share/car/meshes
[5.456s] copying meshes/tire_back_right_1.stl -> /home/rhobtor/PHD/ARGOJ8_IA/ARGOSJ8_IA_/install/car/share/car/meshes
[5.460s] copying meshes/tire_back_left_1.stl -> /home/rhobtor/PHD/ARGOJ8_IA/ARGOSJ8_IA_/install/car/share/car/meshes
[5.470s] copying meshes/suspension_front_left__1.stl -> /home/rhobtor/PHD/ARGOJ8_IA/ARGOSJ8_IA_/install/car/share/car/meshes
[5.473s] copying meshes/direction_front_right_1.stl -> /home/rhobtor/PHD/ARGOJ8_IA/ARGOSJ8_IA_/install/car/share/car/meshes
[5.474s] copying meshes/suspension_back_right_1.stl -> /home/rhobtor/PHD/ARGOJ8_IA/ARGOSJ8_IA_/install/car/share/car/meshes
[5.475s] copying meshes/chasis_1.stl -> /home/rhobtor/PHD/ARGOJ8_IA/ARGOSJ8_IA_/install/car/share/car/meshes
[5.477s] copying meshes/rim_front_left_1.stl -> /home/rhobtor/PHD/ARGOJ8_IA/ARGOSJ8_IA_/install/car/share/car/meshes
[5.479s] copying meshes/direction_back_right_1.stl -> /home/rhobtor/PHD/ARGOJ8_IA/ARGOSJ8_IA_/install/car/share/car/meshes
[5.480s] copying meshes/direction_back_left_1.stl -> /home/rhobtor/PHD/ARGOJ8_IA/ARGOSJ8_IA_/install/car/share/car/meshes
[5.480s] copying meshes/rim_back_left_1.stl -> /home/rhobtor/PHD/ARGOJ8_IA/ARGOSJ8_IA_/install/car/share/car/meshes
[5.480s] copying meshes/suspension_front_right_1.stl -> /home/rhobtor/PHD/ARGOJ8_IA/ARGOSJ8_IA_/install/car/share/car/meshes
[5.480s] copying meshes/suspension_back_left_1.stl -> /home/rhobtor/PHD/ARGOJ8_IA/ARGOSJ8_IA_/install/car/share/car/meshes
[5.480s] copying config/world_1_b.yaml -> /home/rhobtor/PHD/ARGOJ8_IA/ARGOSJ8_IA_/install/car/share/car/config
[5.480s] copying config/nav2.yaml -> /home/rhobtor/PHD/ARGOJ8_IA/ARGOSJ8_IA_/install/car/share/car/config
[5.481s] copying config/circuit_1.yaml -> /home/rhobtor/PHD/ARGOJ8_IA/ARGOSJ8_IA_/install/car/share/car/config
[5.482s] copying config/circuit_4.yaml -> /home/rhobtor/PHD/ARGOJ8_IA/ARGOSJ8_IA_/install/car/share/car/config
[5.483s] copying config/circuit_3.yaml -> /home/rhobtor/PHD/ARGOJ8_IA/ARGOSJ8_IA_/install/car/share/car/config
[5.483s] copying config/ekf_params.yaml -> /home/rhobtor/PHD/ARGOJ8_IA/ARGOSJ8_IA_/install/car/share/car/config
[5.483s] copying config/display.rviz -> /home/rhobtor/PHD/ARGOJ8_IA/ARGOSJ8_IA_/install/car/share/car/config
[5.484s] copying config/world1.yaml -> /home/rhobtor/PHD/ARGOJ8_IA/ARGOSJ8_IA_/install/car/share/car/config
[5.484s] copying config/circuit_2.yaml -> /home/rhobtor/PHD/ARGOJ8_IA/ARGOSJ8_IA_/install/car/share/car/config
[5.484s] copying config/mapper_params_online_async.yaml -> /home/rhobtor/PHD/ARGOJ8_IA/ARGOSJ8_IA_/install/car/share/car/config
[5.486s] copying config/goal.yaml -> /home/rhobtor/PHD/ARGOJ8_IA/ARGOSJ8_IA_/install/car/share/car/config
[5.486s] copying config/river_and_forest.yaml -> /home/rhobtor/PHD/ARGOJ8_IA/ARGOSJ8_IA_/install/car/share/car/config
[5.487s] copying config/gnss_goals.yaml -> /home/rhobtor/PHD/ARGOJ8_IA/ARGOSJ8_IA_/install/car/share/car/config
[5.487s] copying config/octomap.yaml -> /home/rhobtor/PHD/ARGOJ8_IA/ARGOSJ8_IA_/install/car/share/car/config
[5.488s] running install_egg_info
[5.571s] removing '/home/rhobtor/PHD/ARGOJ8_IA/ARGOSJ8_IA_/install/car/lib/python3.10/site-packages/car-0.0.0-py3.10.egg-info' (and everything under it)
[5.572s] Copying ../../build/car/car.egg-info to /home/rhobtor/PHD/ARGOJ8_IA/ARGOSJ8_IA_/install/car/lib/python3.10/site-packages/car-0.0.0-py3.10.egg-info
[5.577s] running install_scripts
[5.726s] Installing check_goal_gnss script to /home/rhobtor/PHD/ARGOJ8_IA/ARGOSJ8_IA_/install/car/lib/car
[5.728s] Installing circuit1 script to /home/rhobtor/PHD/ARGOJ8_IA/ARGOSJ8_IA_/install/car/lib/car
[5.729s] Installing circuit_supervisor script to /home/rhobtor/PHD/ARGOJ8_IA/ARGOSJ8_IA_/install/car/lib/car
[5.729s] Installing cmd_vel_to_throttle script to /home/rhobtor/PHD/ARGOJ8_IA/ARGOSJ8_IA_/install/car/lib/car
[5.730s] Installing colision_zone script to /home/rhobtor/PHD/ARGOJ8_IA/ARGOSJ8_IA_/install/car/lib/car
[5.730s] Installing filter_points_cloud script to /home/rhobtor/PHD/ARGOJ8_IA/ARGOSJ8_IA_/install/car/lib/car
[5.731s] Installing fixposition_local_tf_from_odom script to /home/rhobtor/PHD/ARGOJ8_IA/ARGOSJ8_IA_/install/car/lib/car
[5.731s] Installing fixposition_map_anchor script to /home/rhobtor/PHD/ARGOJ8_IA/ARGOSJ8_IA_/install/car/lib/car
[5.732s] Installing fixposition_map_odom_static_from_odom script to /home/rhobtor/PHD/ARGOJ8_IA/ARGOSJ8_IA_/install/car/lib/car
[5.732s] Installing fixposition_odom_to_base_link_tf script to /home/rhobtor/PHD/ARGOJ8_IA/ARGOSJ8_IA_/install/car/lib/car
[5.733s] Installing fixposition_reframe script to /home/rhobtor/PHD/ARGOJ8_IA/ARGOSJ8_IA_/install/car/lib/car
[5.733s] Installing frontier_centroid script to /home/rhobtor/PHD/ARGOJ8_IA/ARGOSJ8_IA_/install/car/lib/car
[5.733s] Installing fusion script to /home/rhobtor/PHD/ARGOJ8_IA/ARGOSJ8_IA_/install/car/lib/car
[5.734s] Installing gnss_goal_circuit script to /home/rhobtor/PHD/ARGOJ8_IA/ARGOSJ8_IA_/install/car/lib/car
[5.735s] Installing goal_local_marker script to /home/rhobtor/PHD/ARGOJ8_IA/ARGOSJ8_IA_/install/car/lib/car
[5.735s] Installing inference_full_model script to /home/rhobtor/PHD/ARGOJ8_IA/ARGOSJ8_IA_/install/car/lib/car
[5.735s] Installing inference_j8 script to /home/rhobtor/PHD/ARGOJ8_IA/ARGOSJ8_IA_/install/car/lib/car
[5.735s] Installing inference_test_j8 script to /home/rhobtor/PHD/ARGOJ8_IA/ARGOSJ8_IA_/install/car/lib/car
[5.735s] Installing inference_training_mode_simple script to /home/rhobtor/PHD/ARGOJ8_IA/ARGOSJ8_IA_/install/car/lib/car
[5.736s] Installing j8_bueno script to /home/rhobtor/PHD/ARGOJ8_IA/ARGOSJ8_IA_/install/car/lib/car
[5.736s] Installing j8_policy script to /home/rhobtor/PHD/ARGOJ8_IA/ARGOSJ8_IA_/install/car/lib/car
[5.736s] Installing j8_test_ppo script to /home/rhobtor/PHD/ARGOJ8_IA/ARGOSJ8_IA_/install/car/lib/car
[5.736s] Installing joystick_control script to /home/rhobtor/PHD/ARGOJ8_IA/ARGOSJ8_IA_/install/car/lib/car
[5.736s] Installing keyboard_control script to /home/rhobtor/PHD/ARGOJ8_IA/ARGOSJ8_IA_/install/car/lib/car
[5.736s] Installing latlon_circuit script to /home/rhobtor/PHD/ARGOJ8_IA/ARGOSJ8_IA_/install/car/lib/car
[5.737s] Installing latlon_posearray_to_local script to /home/rhobtor/PHD/ARGOJ8_IA/ARGOSJ8_IA_/install/car/lib/car
[5.737s] Installing latlon_posearray_to_local_utm script to /home/rhobtor/PHD/ARGOJ8_IA/ARGOSJ8_IA_/install/car/lib/car
[5.737s] Installing lidar_detection script to /home/rhobtor/PHD/ARGOJ8_IA/ARGOSJ8_IA_/install/car/lib/car
[5.737s] Installing map_navegation script to /home/rhobtor/PHD/ARGOJ8_IA/ARGOSJ8_IA_/install/car/lib/car
[5.737s] Installing map_navegation_test script to /home/rhobtor/PHD/ARGOJ8_IA/ARGOSJ8_IA_/install/car/lib/car
[5.738s] Installing memory_map script to /home/rhobtor/PHD/ARGOJ8_IA/ARGOSJ8_IA_/install/car/lib/car
[5.738s] Installing movement_predictive script to /home/rhobtor/PHD/ARGOJ8_IA/ARGOSJ8_IA_/install/car/lib/car
[5.738s] Installing navsatfix_goal_to_map_pose script to /home/rhobtor/PHD/ARGOJ8_IA/ARGOSJ8_IA_/install/car/lib/car
[5.738s] Installing navsatfix_to_ecef script to /home/rhobtor/PHD/ARGOJ8_IA/ARGOSJ8_IA_/install/car/lib/car
[5.738s] Installing odom_to_tf script to /home/rhobtor/PHD/ARGOJ8_IA/ARGOSJ8_IA_/install/car/lib/car
[5.738s] Installing path_ppo_cnn_lstm_full_model script to /home/rhobtor/PHD/ARGOJ8_IA/ARGOSJ8_IA_/install/car/lib/car
[5.739s] Installing path_ppo_cnn_lstm_training_init_mode script to /home/rhobtor/PHD/ARGOJ8_IA/ARGOSJ8_IA_/install/car/lib/car
[5.739s] Installing path_ppo_cnn_lstm_training_init_mode_j8 script to /home/rhobtor/PHD/ARGOJ8_IA/ARGOSJ8_IA_/install/car/lib/car
[5.739s] Installing path_ppo_cnn_lstm_training_init_mode_simple script to /home/rhobtor/PHD/ARGOJ8_IA/ARGOSJ8_IA_/install/car/lib/car
[5.739s] Installing points_goal script to /home/rhobtor/PHD/ARGOJ8_IA/ARGOSJ8_IA_/install/car/lib/car
[5.739s] Installing points_goal_old script to /home/rhobtor/PHD/ARGOJ8_IA/ARGOSJ8_IA_/install/car/lib/car
[5.740s] Installing prior_map_builder script to /home/rhobtor/PHD/ARGOJ8_IA/ARGOSJ8_IA_/install/car/lib/car
[5.740s] Installing scape_test script to /home/rhobtor/PHD/ARGOJ8_IA/ARGOSJ8_IA_/install/car/lib/car
[5.740s] Installing supervisor_node script to /home/rhobtor/PHD/ARGOJ8_IA/ARGOSJ8_IA_/install/car/lib/car
[5.740s] Installing test_j8_old script to /home/rhobtor/PHD/ARGOJ8_IA/ARGOSJ8_IA_/install/car/lib/car
[5.740s] Installing test_octomap script to /home/rhobtor/PHD/ARGOJ8_IA/ARGOSJ8_IA_/install/car/lib/car
[5.740s] Installing test_vel script to /home/rhobtor/PHD/ARGOJ8_IA/ARGOSJ8_IA_/install/car/lib/car
[5.740s] Installing unity_goal script to /home/rhobtor/PHD/ARGOJ8_IA/ARGOSJ8_IA_/install/car/lib/car
[5.741s] Installing voxel_unity script to /home/rhobtor/PHD/ARGOJ8_IA/ARGOSJ8_IA_/install/car/lib/car
[5.741s] Installing zed_static_tf_tree script to /home/rhobtor/PHD/ARGOJ8_IA/ARGOSJ8_IA_/install/car/lib/car
[5.741s] writing list of installed files to '/home/rhobtor/PHD/ARGOJ8_IA/ARGOSJ8_IA_/build/car/install.log'
[5.815s] Invoked command in '/home/rhobtor/PHD/ARGOJ8_IA/ARGOSJ8_IA_/src/car_python' returned '0': CMAKE_PREFIX_PATH=/home/rhobtor/PHD/ARGOJ8_IA/ARGOSJ8_IA_/install/car_interfaces:/home/rhobtor/PHD/ARGOJ8_IA/ARGOSJ8_IA_/install/argj801_ctl_platform_interfaces:/home/rhobtor/PHD/ARGOJ8_IA/ARGOSJ8_IA_/install/wiimote_msgs:/home/rhobtor/PHD/ARGOJ8_IA/ARGOSJ8_IA_/install/ublox:/home/rhobtor/PHD/ARGOJ8_IA/ARGOSJ8_IA_/install/ublox_gps:/home/rhobtor/PHD/ARGOJ8_IA/ARGOSJ8_IA_/install/security_check:/home/rhobtor/PHD/ARGOJ8_IA/ARGOSJ8_IA_/install/ctl_mission:/home/rhobtor/PHD/ARGOJ8_IA/ARGOSJ8_IA_/install/ublox_msgs:/home/rhobtor/PHD/ARGOJ8_IA/ARGOSJ8_IA_/install/ublox_serialization:/home/rhobtor/PHD/ARGOJ8_IA/ARGOSJ8_IA_/install/spacenav:/home/rhobtor/PHD/ARGOJ8_IA/ARGOSJ8_IA_/install/laser_segmentation:/home/rhobtor/PHD/ARGOJ8_IA/ARGOSJ8_IA_/install/slg_msgs:/home/rhobtor/PHD/ARGOJ8_IA/ARGOSJ8_IA_/install/security_check_interfaces:/home/rhobtor/PHD/ARGOJ8_IA/ARGOSJ8_IA_/install/joy:/home/rhobtor/PHD/ARGOJ8_IA/ARGOSJ8_IA_/install/sdl2_vendor:/home/rhobtor/PHD/ARGOJ8_IA/ARGOSJ8_IA_/install/path_manager:/home/rhobtor/PHD/ARGOJ8_IA/ARGOSJ8_IA_/install/path_manager_interfaces:/home/rhobtor/PHD/ARGOJ8_IA/ARGOSJ8_IA_/install/joy_linux:/home/rhobtor/PHD/ARGOJ8_IA/ARGOSJ8_IA_/install/j8_xacro_model:/home/rhobtor/PHD/ARGOJ8_IA/ARGOSJ8_IA_/install/hector_gazebo_plugins:/home/rhobtor/PHD/ARGOJ8_IA/ARGOSJ8_IA_/install/fixposition_sensor_pkg:/home/rhobtor/PHD/ARGOJ8_IA/ARGOSJ8_IA_/install/fixposition_odometry_converter_ros2:/home/rhobtor/PHD/ARGOJ8_IA/ARGOSJ8_IA_/install/fixposition_driver_ros2:/home/rhobtor/PHD/ARGOJ8_IA/ARGOSJ8_IA_/install/fixposition_driver_lib:/home/rhobtor/PHD/ARGOJ8_IA/ARGOSJ8_IA_/install/fixposition_gnss_tf:/home/rhobtor/PHD/ARGOJ8_IA/ARGOSJ8_IA_/install/ctl_mission_interfaces:/home/rhobtor/PHD/ARGOJ8_IA/ARGOSJ8_IA_/install/car_cpp:/home/rhobtor/PHD/ARGOJ8_IA/ARGOSJ8_IA_/install/argj801_setup:/home/rhobtor/PHD/ARGOJ8_IA/ARGOSJ8_IA_/install/argj801_sensors:/home/rhobtor/PHD/ARGOJ8_IA/ARGOSJ8_IA_/install/argj801_sensors_msgs:/home/rhobtor/PHD/ARGOJ8_IA/ARGOSJ8_IA_/install/argj801_ctl_platform:/home/rhobtor/zed/install/zed_ros2:/home/rhobtor/zed/install/zed_wrapper:/home/rhobtor/zed/install/zed_components:/home/rhobtor/zed/install/zed_interfaces LD_LIBRARY_PATH=/home/rhobtor/PHD/ARGOJ8_IA/ARGOSJ8_IA_/install/car_interfaces/lib:/home/rhobtor/PHD/ARGOJ8_IA/ARGOSJ8_IA_/install/argj801_ctl_platform_interfaces/lib:/home/rhobtor/PHD/ARGOJ8_IA/ARGOSJ8_IA_/install/wiimote_msgs/lib:/home/rhobtor/PHD/ARGOJ8_IA/ARGOSJ8_IA_/install/ublox_gps/lib:/home/rhobtor/PHD/ARGOJ8_IA/ARGOSJ8_IA_/install/ublox_msgs/lib:/home/rhobtor/PHD/ARGOJ8_IA/ARGOSJ8_IA_/install/spacenav/lib:/home/rhobtor/PHD/ARGOJ8_IA/ARGOSJ8_IA_/install/laser_segmentation/lib:/home/rhobtor/PHD/ARGOJ8_IA/ARGOSJ8_IA_/install/slg_msgs/lib:/home/rhobtor/PHD/ARGOJ8_IA/ARGOSJ8_IA_/install/security_check_interfaces/lib:/home/rhobtor/PHD/ARGOJ8_IA/ARGOSJ8_IA_/install/joy/lib:/home/rhobtor/PHD/ARGOJ8_IA/ARGOSJ8_IA_/install/path_manager_interfaces/lib:/home/rhobtor/PHD/ARGOJ8_IA/ARGOSJ8_IA_/install/j8_xacro_model/lib:/home/rhobtor/PHD/ARGOJ8_IA/ARGOSJ8_IA_/install/hector_gazebo_plugins/lib:/home/rhobtor/PHD/ARGOJ8_IA/ARGOSJ8_IA_/install/fixposition_sensor_pkg/lib:/home/rhobtor/PHD/ARGOJ8_IA/ARGOSJ8_IA_/install/fixposition_odometry_converter_ros2/lib:/home/rhobtor/PHD/ARGOJ8_IA/ARGOSJ8_IA_/install/fixposition_driver_ros2/lib:/home/rhobtor/PHD/ARGOJ8_IA/ARGOSJ8_IA_/install/fixposition_driver_lib/lib:/home/rhobtor/PHD/ARGOJ8_IA/ARGOSJ8_IA_/install/fixposition_gnss_tf/lib:/home/rhobtor/PHD/ARGOJ8_IA/ARGOSJ8_IA_/install/ctl_mission_interfaces/lib:/home/rhobtor/PHD/ARGOJ8_IA/ARGOSJ8_IA_/install/car_cpp/lib:/home/rhobtor/PHD/ARGOJ8_IA/ARGOSJ8_IA_/install/argj801_sensors_msgs/lib:/usr/local/cuda/lib64:/usr/local/cuda/lib64:/usr/local/cuda-12.1/lib64:/usr/local/cuda-11.8/lib64:/home/rhobtor/zed/install/zed_components/lib:/home/rhobtor/zed/install/zed_interfaces/lib:/usr/lib/x86_64-linux-gnu/gazebo-11/plugins:/opt/ros/humble/opt/rviz_ogre_vendor/lib:/opt/ros/humble/lib/x86_64-linux-gnu:/opt/ros/humble/lib PYTHONPATH=/home/rhobtor/PHD/ARGOJ8_IA/ARGOSJ8_IA_/build/car/prefix_override:/usr/lib/python3/dist-packages/colcon_core/task/python/colcon_distutils_commands:/home/rhobtor/PHD/ARGOJ8_IA/ARGOSJ8_IA_/install/car/lib/python3.10/site-packages:${PYTHONPATH} /usr/bin/python3 -W ignore:setup.py install is deprecated -W ignore:easy_install command is deprecated setup.py egg_info --egg-base ../../build/car build --build-base /home/rhobtor/PHD/ARGOJ8_IA/ARGOSJ8_IA_/build/car/build install --record /home/rhobtor/PHD/ARGOJ8_IA/ARGOSJ8_IA_/build/car/install.log --single-version-externally-managed install_data
