-- Found ament_cmake_ros: 0.10.0 (/opt/ros/humble/share/ament_cmake_ros/cmake)
-- Found rclcpp: 16.0.18 (/opt/ros/humble/share/rclcpp/cmake)
-- Found rosidl_generator_c: 3.1.8 (/opt/ros/humble/share/rosidl_generator_c/cmake)
-- Found rosidl_adapter: 3.1.8 (/opt/ros/humble/share/rosidl_adapter/cmake)
-- Found rosidl_generator_cpp: 3.1.8 (/opt/ros/humble/share/rosidl_generator_cpp/cmake)
-- Using all available rosidl_typesupport_c: rosidl_typesupport_fastrtps_c;rosidl_typesupport_introspection_c
-- Using all available rosidl_typesupport_cpp: rosidl_typesupport_fastrtps_cpp;rosidl_typesupport_introspection_cpp
-- Found rmw_implementation_cmake: 6.1.2 (/opt/ros/humble/share/rmw_implementation_cmake/cmake)
-- Found rmw_fastrtps_cpp: 6.2.10 (/opt/ros/humble/share/rmw_fastrtps_cpp/cmake)
-- Using RMW implementation 'rmw_fastrtps_cpp' as default
-- Found rclcpp_components: 16.0.18 (/opt/ros/humble/share/rclcpp_components/cmake)
-- Found sdl2_vendor: 3.1.0 (/home/rhobtor/PHD/ARGOJ8_IA/ARGOSJ8_IA_/install/sdl2_vendor/share/sdl2_vendor/cmake)
-- Found sensor_msgs: 4.9.1 (/opt/ros/humble/share/sensor_msgs/cmake)
-- Found ament_lint_auto: 0.12.15 (/opt/ros/humble/share/ament_lint_auto/cmake)
-- Added test 'cppcheck' to perform static code analysis on C / C++ code
-- Configured cppcheck include dirs: $<BUILD_INTERFACE:/home/rhobtor/PHD/ARGOJ8_IA/ARGOSJ8_IA_/src/j8_joystick/joy/include>
-- Configured cppcheck exclude dirs and/or files: 
-- Added test 'cpplint' to check C / C++ code against the Google style
-- Configured cpplint exclude dirs and/or files: 
-- Added test 'flake8' to check Python code syntax and style conventions
-- Added test 'lint_cmake' to check CMake code style
-- Added test 'pep257' to check Python code against some of the docstring style conventions in PEP 257
-- Added test 'uncrustify' to check C / C++ code style
-- Configured uncrustify additional arguments: 
-- Added test 'xmllint' to check XML markup files
-- Configuring done (6.4s)
-- Generating done (0.1s)
-- Build files have been written to: /home/rhobtor/PHD/ARGOJ8_IA/ARGOSJ8_IA_/build/joy
[ 33%] Built target joy_enumerate_devices
[ 66%] Built target joy
[100%] Built target joy_node
-- Install configuration: ""
-- Up-to-date: /home/rhobtor/PHD/ARGOJ8_IA/ARGOSJ8_IA_/install/joy/lib/libjoy.so
-- Up-to-date: /home/rhobtor/PHD/ARGOJ8_IA/ARGOSJ8_IA_/install/joy/lib/joy/joy_node
-- Up-to-date: /home/rhobtor/PHD/ARGOJ8_IA/ARGOSJ8_IA_/install/joy/lib/joy/joy_enumerate_devices
-- Up-to-date: /home/rhobtor/PHD/ARGOJ8_IA/ARGOSJ8_IA_/install/joy/include/joy
-- Up-to-date: /home/rhobtor/PHD/ARGOJ8_IA/ARGOSJ8_IA_/install/joy/include/joy/joy
-- Up-to-date: /home/rhobtor/PHD/ARGOJ8_IA/ARGOSJ8_IA_/install/joy/include/joy/joy/joy.hpp
-- Up-to-date: /home/rhobtor/PHD/ARGOJ8_IA/ARGOSJ8_IA_/install/joy/share/joy/config
-- Up-to-date: /home/rhobtor/PHD/ARGOJ8_IA/ARGOSJ8_IA_/install/joy/share/joy/config/joy-params.yaml
-- Up-to-date: /home/rhobtor/PHD/ARGOJ8_IA/ARGOSJ8_IA_/install/joy/share/joy/launch
-- Up-to-date: /home/rhobtor/PHD/ARGOJ8_IA/ARGOSJ8_IA_/install/joy/share/joy/launch/joy-launch_test.py
-- Up-to-date: /home/rhobtor/PHD/ARGOJ8_IA/ARGOSJ8_IA_/install/joy/share/joy/launch/joy-composed-launch.py
-- Up-to-date: /home/rhobtor/PHD/ARGOJ8_IA/ARGOSJ8_IA_/install/joy/share/ament_index/resource_index/package_run_dependencies/joy
-- Up-to-date: /home/rhobtor/PHD/ARGOJ8_IA/ARGOSJ8_IA_/install/joy/share/ament_index/resource_index/parent_prefix_path/joy
-- Installing: /home/rhobtor/PHD/ARGOJ8_IA/ARGOSJ8_IA_/install/joy/share/joy/environment/ament_prefix_path.sh
-- Installing: /home/rhobtor/PHD/ARGOJ8_IA/ARGOSJ8_IA_/install/joy/share/joy/environment/ament_prefix_path.dsv
-- Installing: /home/rhobtor/PHD/ARGOJ8_IA/ARGOSJ8_IA_/install/joy/share/joy/environment/path.sh
-- Installing: /home/rhobtor/PHD/ARGOJ8_IA/ARGOSJ8_IA_/install/joy/share/joy/environment/path.dsv
-- Up-to-date: /home/rhobtor/PHD/ARGOJ8_IA/ARGOSJ8_IA_/install/joy/share/joy/local_setup.bash
-- Up-to-date: /home/rhobtor/PHD/ARGOJ8_IA/ARGOSJ8_IA_/install/joy/share/joy/local_setup.sh
-- Up-to-date: /home/rhobtor/PHD/ARGOJ8_IA/ARGOSJ8_IA_/install/joy/share/joy/local_setup.zsh
-- Installing: /home/rhobtor/PHD/ARGOJ8_IA/ARGOSJ8_IA_/install/joy/share/joy/local_setup.dsv
-- Installing: /home/rhobtor/PHD/ARGOJ8_IA/ARGOSJ8_IA_/install/joy/share/joy/package.dsv
-- Up-to-date: /home/rhobtor/PHD/ARGOJ8_IA/ARGOSJ8_IA_/install/joy/share/ament_index/resource_index/packages/joy
-- Up-to-date: /home/rhobtor/PHD/ARGOJ8_IA/ARGOSJ8_IA_/install/joy/share/ament_index/resource_index/rclcpp_components/joy
-- Up-to-date: /home/rhobtor/PHD/ARGOJ8_IA/ARGOSJ8_IA_/install/joy/share/joy/cmake/export_joyExport.cmake
-- Up-to-date: /home/rhobtor/PHD/ARGOJ8_IA/ARGOSJ8_IA_/install/joy/share/joy/cmake/export_joyExport-noconfig.cmake
-- Up-to-date: /home/rhobtor/PHD/ARGOJ8_IA/ARGOSJ8_IA_/install/joy/share/joy/cmake/ament_cmake_export_targets-extras.cmake
-- Up-to-date: /home/rhobtor/PHD/ARGOJ8_IA/ARGOSJ8_IA_/install/joy/share/joy/cmake/ament_cmake_export_dependencies-extras.cmake
-- Up-to-date: /home/rhobtor/PHD/ARGOJ8_IA/ARGOSJ8_IA_/install/joy/share/joy/cmake/joyConfig.cmake
-- Up-to-date: /home/rhobtor/PHD/ARGOJ8_IA/ARGOSJ8_IA_/install/joy/share/joy/cmake/joyConfig-version.cmake
-- Up-to-date: /home/rhobtor/PHD/ARGOJ8_IA/ARGOSJ8_IA_/install/joy/share/joy/package.xml
