[17.398s] Invoking command in '/home/rhobtor/PHD/ARGOSJ8_IA/ARGOSJ8_IA_/src/android_ros2_server': PYTHONPATH=/home/rhobtor/PHD/ARGOSJ8_IA/ARGOSJ8_IA_/build/android_ros2_server/prefix_override:/usr/lib/python3/dist-packages/colcon_core/task/python/colcon_distutils_commands:/home/rhobtor/PHD/ARGOSJ8_IA/ARGOSJ8_IA_/install/android_ros2_server/lib/python3.10/site-packages:${PYTHONPATH} /usr/bin/python3 -W ignore:setup.py install is deprecated -W ignore:easy_install command is deprecated setup.py egg_info --egg-base ../../build/android_ros2_server build --build-base /home/rhobtor/PHD/ARGOSJ8_IA/ARGOSJ8_IA_/build/android_ros2_server/build install --record /home/rhobtor/PHD/ARGOSJ8_IA/ARGOSJ8_IA_/build/android_ros2_server/install.log --single-version-externally-managed install_data
[95.286s] running egg_info
[96.073s] writing ../../build/android_ros2_server/android_ros2_server.egg-info/PKG-INFO
[96.451s] writing dependency_links to ../../build/android_ros2_server/android_ros2_server.egg-info/dependency_links.txt
[97.066s] writing entry points to ../../build/android_ros2_server/android_ros2_server.egg-info/entry_points.txt
[98.284s] writing requirements to ../../build/android_ros2_server/android_ros2_server.egg-info/requires.txt
[98.627s] writing top-level names to ../../build/android_ros2_server/android_ros2_server.egg-info/top_level.txt
[98.627s] reading manifest file '../../build/android_ros2_server/android_ros2_server.egg-info/SOURCES.txt'
[98.627s] writing manifest file '../../build/android_ros2_server/android_ros2_server.egg-info/SOURCES.txt'
[98.627s] running build
[98.627s] running build_py
[98.627s] copying android_ros2_server/server.py -> /home/rhobtor/PHD/ARGOSJ8_IA/ARGOSJ8_IA_/build/android_ros2_server/build/lib/android_ros2_server
[98.627s] copying android_ros2_server/__init__.py -> /home/rhobtor/PHD/ARGOSJ8_IA/ARGOSJ8_IA_/build/android_ros2_server/build/lib/android_ros2_server
[98.627s] running install
[98.627s] running install_lib
[98.627s] running install_data
[98.627s] copying resource/android_ros2_server -> /home/rhobtor/PHD/ARGOSJ8_IA/ARGOSJ8_IA_/install/android_ros2_server/share/ament_index/resource_index/packages
[98.627s] copying package.xml -> /home/rhobtor/PHD/ARGOSJ8_IA/ARGOSJ8_IA_/install/android_ros2_server/share/android_ros2_server
[98.627s] running install_egg_info
[98.628s] removing '/home/rhobtor/PHD/ARGOSJ8_IA/ARGOSJ8_IA_/install/android_ros2_server/lib/python3.10/site-packages/android_ros2_server-0.0.0-py3.10.egg-info' (and everything under it)
[98.628s] Copying ../../build/android_ros2_server/android_ros2_server.egg-info to /home/rhobtor/PHD/ARGOSJ8_IA/ARGOSJ8_IA_/install/android_ros2_server/lib/python3.10/site-packages/android_ros2_server-0.0.0-py3.10.egg-info
[98.628s] running install_scripts
[155.895s] Installing tcp_server_node script to /home/rhobtor/PHD/ARGOSJ8_IA/ARGOSJ8_IA_/install/android_ros2_server/lib/android_ros2_server
[155.896s] writing list of installed files to '/home/rhobtor/PHD/ARGOSJ8_IA/ARGOSJ8_IA_/build/android_ros2_server/install.log'
[176.897s] Invoked command in '/home/rhobtor/PHD/ARGOSJ8_IA/ARGOSJ8_IA_/src/android_ros2_server' returned '0': PYTHONPATH=/home/rhobtor/PHD/ARGOSJ8_IA/ARGOSJ8_IA_/build/android_ros2_server/prefix_override:/usr/lib/python3/dist-packages/colcon_core/task/python/colcon_distutils_commands:/home/rhobtor/PHD/ARGOSJ8_IA/ARGOSJ8_IA_/install/android_ros2_server/lib/python3.10/site-packages:${PYTHONPATH} /usr/bin/python3 -W ignore:setup.py install is deprecated -W ignore:easy_install command is deprecated setup.py egg_info --egg-base ../../build/android_ros2_server build --build-base /home/rhobtor/PHD/ARGOSJ8_IA/ARGOSJ8_IA_/build/android_ros2_server/build install --record /home/rhobtor/PHD/ARGOSJ8_IA/ARGOSJ8_IA_/build/android_ros2_server/install.log --single-version-externally-managed install_data
