[0.254s] Invoking command in '/home/rhobtor/PHD/ARGOJ8_IA/ARGOSJ8_IA_/build/argj801_sensors_msgs': CMAKE_PREFIX_PATH=${CMAKE_PREFIX_PATH}:/home/rhobtor/PHD/ARGOJ8_IA/ARGOSJ8_IA_/install/ntrip_client:/home/rhobtor/PHD/ARGOJ8_IA/ARGOSJ8_IA_/install/j8_gui:/home/rhobtor/PHD/ARGOJ8_IA/ARGOSJ8_IA_/install/car:/home/rhobtor/PHD/ARGOJ8_IA/ARGOSJ8_IA_/install/android_ros2_server:/home/rhobtor/PHD/ARGOJ8_IA/ARGOSJ8_IA_/install/GUI_pkg:/opt/ros/humble /opt/st/stm32cubeclt_1.18.0/CMake/bin/cmake --build /home/rhobtor/PHD/ARGOJ8_IA/ARGOSJ8_IA_/build/argj801_sensors_msgs -- -j16 -l16
[6.240s] [  2%] Built target argj801_sensors_msgs__cpp
[6.241s] [  2%] Built target ament_cmake_python_copy_argj801_sensors_msgs
[6.241s] [ 12%] Built target argj801_sensors_msgs__rosidl_generator_c
[6.241s] [ 17%] [32mBuilding CXX object CMakeFiles/argj801_sensors_msgs__rosidl_typesupport_cpp.dir/rosidl_typesupport_cpp/argj801_sensors_msgs/msg/odometer__type_support.cpp.o[0m
[6.242s] [ 17%] [32mBuilding CXX object CMakeFiles/argj801_sensors_msgs__rosidl_typesupport_cpp.dir/rosidl_typesupport_cpp/argj801_sensors_msgs/msg/motor_telemetry__type_support.cpp.o[0m
[6.242s] [ 28%] Built target argj801_sensors_msgs__rosidl_typesupport_introspection_c
[6.242s] [ 38%] Built target argj801_sensors_msgs__rosidl_typesupport_c
[6.242s] [ 41%] [32mBuilding CXX object CMakeFiles/argj801_sensors_msgs__rosidl_typesupport_introspection_cpp.dir/rosidl_typesupport_introspection_cpp/argj801_sensors_msgs/msg/detail/motor_telemetry__type_support.cpp.o[0m
[6.242s] [ 43%] [32mBuilding CXX object CMakeFiles/argj801_sensors_msgs__rosidl_typesupport_introspection_cpp.dir/rosidl_typesupport_introspection_cpp/argj801_sensors_msgs/msg/detail/odometer__type_support.cpp.o[0m
[6.243s] [ 46%] [32mBuilding CXX object CMakeFiles/argj801_sensors_msgs__rosidl_typesupport_fastrtps_c.dir/rosidl_typesupport_fastrtps_c/argj801_sensors_msgs/msg/detail/motor_telemetry__type_support_c.cpp.o[0m
[6.243s] [ 48%] [32mBuilding CXX object CMakeFiles/argj801_sensors_msgs__rosidl_typesupport_fastrtps_c.dir/rosidl_typesupport_fastrtps_c/argj801_sensors_msgs/msg/detail/odometer__type_support_c.cpp.o[0m
[6.243s] [ 51%] [32mBuilding CXX object CMakeFiles/argj801_sensors_msgs__rosidl_typesupport_fastrtps_cpp.dir/rosidl_typesupport_fastrtps_cpp/argj801_sensors_msgs/msg/detail/dds_fastrtps/odometer__type_support.cpp.o[0m
[6.259s] [ 53%] [32mBuilding CXX object CMakeFiles/argj801_sensors_msgs__rosidl_typesupport_fastrtps_cpp.dir/rosidl_typesupport_fastrtps_cpp/argj801_sensors_msgs/msg/detail/dds_fastrtps/motor_telemetry__type_support.cpp.o[0m
[6.260s] [ 56%] [32m[1mLinking CXX shared library libargj801_sensors_msgs__rosidl_typesupport_fastrtps_c.so[0m
[7.787s] [ 58%] Built target argj801_sensors_msgs__rosidl_typesupport_fastrtps_c
[10.031s] running egg_info
[11.002s] writing argj801_sensors_msgs.egg-info/PKG-INFO
[11.023s] writing dependency_links to argj801_sensors_msgs.egg-info/dependency_links.txt
[11.024s] writing top-level names to argj801_sensors_msgs.egg-info/top_level.txt
[11.280s] [ 61%] [32m[1mLinking CXX shared library libargj801_sensors_msgs__rosidl_typesupport_introspection_cpp.so[0m
[11.509s] [ 64%] Built target argj801_sensors_msgs__rosidl_typesupport_introspection_cpp
[11.593s] [ 66%] [32m[1mLinking CXX shared library libargj801_sensors_msgs__rosidl_typesupport_cpp.so[0m
[11.743s] [ 69%] Built target argj801_sensors_msgs__rosidl_typesupport_cpp
[12.966s] reading manifest file 'argj801_sensors_msgs.egg-info/SOURCES.txt'
[13.006s] writing manifest file 'argj801_sensors_msgs.egg-info/SOURCES.txt'
[13.553s] [ 69%] Built target ament_cmake_python_build_argj801_sensors_msgs_egg
[14.561s] [ 71%] [32m[1mLinking CXX shared library libargj801_sensors_msgs__rosidl_typesupport_fastrtps_cpp.so[0m
[14.963s] [ 74%] Built target argj801_sensors_msgs__rosidl_typesupport_fastrtps_cpp
[15.047s] [ 74%] Built target argj801_sensors_msgs
[15.201s] [ 76%] Built target argj801_sensors_msgs__py
[15.331s] [ 79%] [32mBuilding C object CMakeFiles/argj801_sensors_msgs__rosidl_generator_py.dir/rosidl_generator_py/argj801_sensors_msgs/msg/_motor_telemetry_s.c.o[0m
[16.030s] [ 82%] [32mBuilding C object CMakeFiles/argj801_sensors_msgs__rosidl_generator_py.dir/rosidl_generator_py/argj801_sensors_msgs/msg/_odometer_s.c.o[0m
[17.034s] [ 84%] [32m[1mLinking C shared library rosidl_generator_py/argj801_sensors_msgs/libargj801_sensors_msgs__rosidl_generator_py.so[0m
[17.256s] [ 84%] Built target argj801_sensors_msgs__rosidl_generator_py
[17.391s] [ 87%] [32mBuilding C object CMakeFiles/argj801_sensors_msgs__rosidl_typesupport_fastrtps_c__pyext.dir/rosidl_generator_py/argj801_sensors_msgs/_argj801_sensors_msgs_s.ep.rosidl_typesupport_fastrtps_c.c.o[0m
[18.581s] [ 89%] [32m[1mLinking C shared library rosidl_generator_py/argj801_sensors_msgs/argj801_sensors_msgs_s__rosidl_typesupport_fastrtps_c.cpython-310-x86_64-linux-gnu.so[0m
[18.971s] [ 89%] Built target argj801_sensors_msgs__rosidl_typesupport_fastrtps_c__pyext
[19.102s] [ 92%] [32mBuilding C object CMakeFiles/argj801_sensors_msgs__rosidl_typesupport_c__pyext.dir/rosidl_generator_py/argj801_sensors_msgs/_argj801_sensors_msgs_s.ep.rosidl_typesupport_c.c.o[0m
[19.971s] [ 94%] [32m[1mLinking C shared library rosidl_generator_py/argj801_sensors_msgs/argj801_sensors_msgs_s__rosidl_typesupport_c.cpython-310-x86_64-linux-gnu.so[0m
[20.132s] [ 94%] Built target argj801_sensors_msgs__rosidl_typesupport_c__pyext
[20.272s] [ 97%] [32mBuilding C object CMakeFiles/argj801_sensors_msgs__rosidl_typesupport_introspection_c__pyext.dir/rosidl_generator_py/argj801_sensors_msgs/_argj801_sensors_msgs_s.ep.rosidl_typesupport_introspection_c.c.o[0m
[20.709s] [100%] [32m[1mLinking C shared library rosidl_generator_py/argj801_sensors_msgs/argj801_sensors_msgs_s__rosidl_typesupport_introspection_c.cpython-310-x86_64-linux-gnu.so[0m
[21.176s] [100%] Built target argj801_sensors_msgs__rosidl_typesupport_introspection_c__pyext
[21.189s] Invoked command in '/home/rhobtor/PHD/ARGOJ8_IA/ARGOSJ8_IA_/build/argj801_sensors_msgs' returned '0': CMAKE_PREFIX_PATH=${CMAKE_PREFIX_PATH}:/home/rhobtor/PHD/ARGOJ8_IA/ARGOSJ8_IA_/install/ntrip_client:/home/rhobtor/PHD/ARGOJ8_IA/ARGOSJ8_IA_/install/j8_gui:/home/rhobtor/PHD/ARGOJ8_IA/ARGOSJ8_IA_/install/car:/home/rhobtor/PHD/ARGOJ8_IA/ARGOSJ8_IA_/install/android_ros2_server:/home/rhobtor/PHD/ARGOJ8_IA/ARGOSJ8_IA_/install/GUI_pkg:/opt/ros/humble /opt/st/stm32cubeclt_1.18.0/CMake/bin/cmake --build /home/rhobtor/PHD/ARGOJ8_IA/ARGOSJ8_IA_/build/argj801_sensors_msgs -- -j16 -l16
[21.199s] Invoking command in '/home/rhobtor/PHD/ARGOJ8_IA/ARGOSJ8_IA_/build/argj801_sensors_msgs': CMAKE_PREFIX_PATH=${CMAKE_PREFIX_PATH}:/home/rhobtor/PHD/ARGOJ8_IA/ARGOSJ8_IA_/install/ntrip_client:/home/rhobtor/PHD/ARGOJ8_IA/ARGOSJ8_IA_/install/j8_gui:/home/rhobtor/PHD/ARGOJ8_IA/ARGOSJ8_IA_/install/car:/home/rhobtor/PHD/ARGOJ8_IA/ARGOSJ8_IA_/install/android_ros2_server:/home/rhobtor/PHD/ARGOJ8_IA/ARGOSJ8_IA_/install/GUI_pkg:/opt/ros/humble /opt/st/stm32cubeclt_1.18.0/CMake/bin/cmake --install /home/rhobtor/PHD/ARGOJ8_IA/ARGOSJ8_IA_/build/argj801_sensors_msgs
[21.840s] -- Install configuration: ""
[21.840s] -- Up-to-date: /home/rhobtor/PHD/ARGOJ8_IA/ARGOSJ8_IA_/install/argj801_sensors_msgs/share/ament_index/resource_index/rosidl_interfaces/argj801_sensors_msgs
[21.840s] -- Up-to-date: /home/rhobtor/PHD/ARGOJ8_IA/ARGOSJ8_IA_/install/argj801_sensors_msgs/include/argj801_sensors_msgs/argj801_sensors_msgs
[21.840s] -- Up-to-date: /home/rhobtor/PHD/ARGOJ8_IA/ARGOSJ8_IA_/install/argj801_sensors_msgs/include/argj801_sensors_msgs/argj801_sensors_msgs/msg
[21.841s] -- Up-to-date: /home/rhobtor/PHD/ARGOJ8_IA/ARGOSJ8_IA_/install/argj801_sensors_msgs/include/argj801_sensors_msgs/argj801_sensors_msgs/msg/motor_telemetry.h
[21.841s] -- Up-to-date: /home/rhobtor/PHD/ARGOJ8_IA/ARGOSJ8_IA_/install/argj801_sensors_msgs/include/argj801_sensors_msgs/argj801_sensors_msgs/msg/rosidl_generator_c__visibility_control.h
[21.841s] -- Up-to-date: /home/rhobtor/PHD/ARGOJ8_IA/ARGOSJ8_IA_/install/argj801_sensors_msgs/include/argj801_sensors_msgs/argj801_sensors_msgs/msg/detail
[21.841s] -- Up-to-date: /home/rhobtor/PHD/ARGOJ8_IA/ARGOSJ8_IA_/install/argj801_sensors_msgs/include/argj801_sensors_msgs/argj801_sensors_msgs/msg/detail/odometer__functions.c
[21.842s] -- Up-to-date: /home/rhobtor/PHD/ARGOJ8_IA/ARGOSJ8_IA_/install/argj801_sensors_msgs/include/argj801_sensors_msgs/argj801_sensors_msgs/msg/detail/motor_telemetry__struct.h
[21.842s] -- Up-to-date: /home/rhobtor/PHD/ARGOJ8_IA/ARGOSJ8_IA_/install/argj801_sensors_msgs/include/argj801_sensors_msgs/argj801_sensors_msgs/msg/detail/motor_telemetry__functions.c
[21.842s] -- Up-to-date: /home/rhobtor/PHD/ARGOJ8_IA/ARGOSJ8_IA_/install/argj801_sensors_msgs/include/argj801_sensors_msgs/argj801_sensors_msgs/msg/detail/motor_telemetry__type_support.h
[21.850s] -- Up-to-date: /home/rhobtor/PHD/ARGOJ8_IA/ARGOSJ8_IA_/install/argj801_sensors_msgs/include/argj801_sensors_msgs/argj801_sensors_msgs/msg/detail/odometer__type_support.h
[21.850s] -- Up-to-date: /home/rhobtor/PHD/ARGOJ8_IA/ARGOSJ8_IA_/install/argj801_sensors_msgs/include/argj801_sensors_msgs/argj801_sensors_msgs/msg/detail/odometer__functions.h
[21.851s] -- Up-to-date: /home/rhobtor/PHD/ARGOJ8_IA/ARGOSJ8_IA_/install/argj801_sensors_msgs/include/argj801_sensors_msgs/argj801_sensors_msgs/msg/detail/motor_telemetry__functions.h
[21.851s] -- Up-to-date: /home/rhobtor/PHD/ARGOJ8_IA/ARGOSJ8_IA_/install/argj801_sensors_msgs/include/argj801_sensors_msgs/argj801_sensors_msgs/msg/detail/odometer__struct.h
[21.856s] -- Up-to-date: /home/rhobtor/PHD/ARGOJ8_IA/ARGOSJ8_IA_/install/argj801_sensors_msgs/include/argj801_sensors_msgs/argj801_sensors_msgs/msg/odometer.h
[21.857s] -- Up-to-date: /home/rhobtor/PHD/ARGOJ8_IA/ARGOSJ8_IA_/install/argj801_sensors_msgs/share/argj801_sensors_msgs/environment/library_path.sh
[21.857s] -- Up-to-date: /home/rhobtor/PHD/ARGOJ8_IA/ARGOSJ8_IA_/install/argj801_sensors_msgs/share/argj801_sensors_msgs/environment/library_path.dsv
[21.860s] -- Up-to-date: /home/rhobtor/PHD/ARGOJ8_IA/ARGOSJ8_IA_/install/argj801_sensors_msgs/lib/libargj801_sensors_msgs__rosidl_generator_c.so
[21.861s] -- Up-to-date: /home/rhobtor/PHD/ARGOJ8_IA/ARGOSJ8_IA_/install/argj801_sensors_msgs/include/argj801_sensors_msgs/argj801_sensors_msgs
[21.861s] -- Up-to-date: /home/rhobtor/PHD/ARGOJ8_IA/ARGOSJ8_IA_/install/argj801_sensors_msgs/include/argj801_sensors_msgs/argj801_sensors_msgs/msg
[21.861s] -- Up-to-date: /home/rhobtor/PHD/ARGOJ8_IA/ARGOSJ8_IA_/install/argj801_sensors_msgs/include/argj801_sensors_msgs/argj801_sensors_msgs/msg/detail
[21.862s] -- Up-to-date: /home/rhobtor/PHD/ARGOJ8_IA/ARGOSJ8_IA_/install/argj801_sensors_msgs/include/argj801_sensors_msgs/argj801_sensors_msgs/msg/detail/odometer__rosidl_typesupport_fastrtps_c.h
[21.862s] -- Up-to-date: /home/rhobtor/PHD/ARGOJ8_IA/ARGOSJ8_IA_/install/argj801_sensors_msgs/include/argj801_sensors_msgs/argj801_sensors_msgs/msg/detail/motor_telemetry__rosidl_typesupport_fastrtps_c.h
[21.862s] -- Up-to-date: /home/rhobtor/PHD/ARGOJ8_IA/ARGOSJ8_IA_/install/argj801_sensors_msgs/include/argj801_sensors_msgs/argj801_sensors_msgs/msg/rosidl_typesupport_fastrtps_c__visibility_control.h
[21.862s] -- Installing: /home/rhobtor/PHD/ARGOJ8_IA/ARGOSJ8_IA_/install/argj801_sensors_msgs/lib/libargj801_sensors_msgs__rosidl_typesupport_fastrtps_c.so
[21.862s] -- Set non-toolchain portion of runtime path of "/home/rhobtor/PHD/ARGOJ8_IA/ARGOSJ8_IA_/install/argj801_sensors_msgs/lib/libargj801_sensors_msgs__rosidl_typesupport_fastrtps_c.so" to ""
[21.863s] -- Up-to-date: /home/rhobtor/PHD/ARGOJ8_IA/ARGOSJ8_IA_/install/argj801_sensors_msgs/include/argj801_sensors_msgs/argj801_sensors_msgs
[21.863s] -- Up-to-date: /home/rhobtor/PHD/ARGOJ8_IA/ARGOSJ8_IA_/install/argj801_sensors_msgs/include/argj801_sensors_msgs/argj801_sensors_msgs/msg
[21.866s] -- Up-to-date: /home/rhobtor/PHD/ARGOJ8_IA/ARGOSJ8_IA_/install/argj801_sensors_msgs/include/argj801_sensors_msgs/argj801_sensors_msgs/msg/rosidl_typesupport_introspection_c__visibility_control.h
[21.867s] -- Up-to-date: /home/rhobtor/PHD/ARGOJ8_IA/ARGOSJ8_IA_/install/argj801_sensors_msgs/include/argj801_sensors_msgs/argj801_sensors_msgs/msg/detail
[21.867s] -- Up-to-date: /home/rhobtor/PHD/ARGOJ8_IA/ARGOSJ8_IA_/install/argj801_sensors_msgs/include/argj801_sensors_msgs/argj801_sensors_msgs/msg/detail/motor_telemetry__type_support.c
[21.867s] -- Up-to-date: /home/rhobtor/PHD/ARGOJ8_IA/ARGOSJ8_IA_/install/argj801_sensors_msgs/include/argj801_sensors_msgs/argj801_sensors_msgs/msg/detail/motor_telemetry__rosidl_typesupport_introspection_c.h
[21.868s] -- Up-to-date: /home/rhobtor/PHD/ARGOJ8_IA/ARGOSJ8_IA_/install/argj801_sensors_msgs/include/argj801_sensors_msgs/argj801_sensors_msgs/msg/detail/odometer__rosidl_typesupport_introspection_c.h
[21.868s] -- Up-to-date: /home/rhobtor/PHD/ARGOJ8_IA/ARGOSJ8_IA_/install/argj801_sensors_msgs/include/argj801_sensors_msgs/argj801_sensors_msgs/msg/detail/odometer__type_support.c
[21.868s] -- Up-to-date: /home/rhobtor/PHD/ARGOJ8_IA/ARGOSJ8_IA_/install/argj801_sensors_msgs/lib/libargj801_sensors_msgs__rosidl_typesupport_introspection_c.so
[21.868s] -- Up-to-date: /home/rhobtor/PHD/ARGOJ8_IA/ARGOSJ8_IA_/install/argj801_sensors_msgs/lib/libargj801_sensors_msgs__rosidl_typesupport_c.so
[21.868s] -- Up-to-date: /home/rhobtor/PHD/ARGOJ8_IA/ARGOSJ8_IA_/install/argj801_sensors_msgs/include/argj801_sensors_msgs/argj801_sensors_msgs
[21.869s] -- Up-to-date: /home/rhobtor/PHD/ARGOJ8_IA/ARGOSJ8_IA_/install/argj801_sensors_msgs/include/argj801_sensors_msgs/argj801_sensors_msgs/msg
[21.869s] -- Up-to-date: /home/rhobtor/PHD/ARGOJ8_IA/ARGOSJ8_IA_/install/argj801_sensors_msgs/include/argj801_sensors_msgs/argj801_sensors_msgs/msg/rosidl_generator_cpp__visibility_control.hpp
[21.872s] -- Up-to-date: /home/rhobtor/PHD/ARGOJ8_IA/ARGOSJ8_IA_/install/argj801_sensors_msgs/include/argj801_sensors_msgs/argj801_sensors_msgs/msg/odometer.hpp
[21.873s] -- Up-to-date: /home/rhobtor/PHD/ARGOJ8_IA/ARGOSJ8_IA_/install/argj801_sensors_msgs/include/argj801_sensors_msgs/argj801_sensors_msgs/msg/detail
[21.873s] -- Up-to-date: /home/rhobtor/PHD/ARGOJ8_IA/ARGOSJ8_IA_/install/argj801_sensors_msgs/include/argj801_sensors_msgs/argj801_sensors_msgs/msg/detail/odometer__builder.hpp
[21.873s] -- Up-to-date: /home/rhobtor/PHD/ARGOJ8_IA/ARGOSJ8_IA_/install/argj801_sensors_msgs/include/argj801_sensors_msgs/argj801_sensors_msgs/msg/detail/odometer__struct.hpp
[21.873s] -- Up-to-date: /home/rhobtor/PHD/ARGOJ8_IA/ARGOSJ8_IA_/install/argj801_sensors_msgs/include/argj801_sensors_msgs/argj801_sensors_msgs/msg/detail/motor_telemetry__builder.hpp
[21.874s] -- Up-to-date: /home/rhobtor/PHD/ARGOJ8_IA/ARGOSJ8_IA_/install/argj801_sensors_msgs/include/argj801_sensors_msgs/argj801_sensors_msgs/msg/detail/odometer__type_support.hpp
[21.874s] -- Up-to-date: /home/rhobtor/PHD/ARGOJ8_IA/ARGOSJ8_IA_/install/argj801_sensors_msgs/include/argj801_sensors_msgs/argj801_sensors_msgs/msg/detail/motor_telemetry__struct.hpp
[21.874s] -- Up-to-date: /home/rhobtor/PHD/ARGOJ8_IA/ARGOSJ8_IA_/install/argj801_sensors_msgs/include/argj801_sensors_msgs/argj801_sensors_msgs/msg/detail/motor_telemetry__type_support.hpp
[21.874s] -- Up-to-date: /home/rhobtor/PHD/ARGOJ8_IA/ARGOSJ8_IA_/install/argj801_sensors_msgs/include/argj801_sensors_msgs/argj801_sensors_msgs/msg/detail/motor_telemetry__traits.hpp
[21.875s] -- Up-to-date: /home/rhobtor/PHD/ARGOJ8_IA/ARGOSJ8_IA_/install/argj801_sensors_msgs/include/argj801_sensors_msgs/argj801_sensors_msgs/msg/detail/odometer__traits.hpp
[21.875s] -- Up-to-date: /home/rhobtor/PHD/ARGOJ8_IA/ARGOSJ8_IA_/install/argj801_sensors_msgs/include/argj801_sensors_msgs/argj801_sensors_msgs/msg/motor_telemetry.hpp
[21.875s] -- Up-to-date: /home/rhobtor/PHD/ARGOJ8_IA/ARGOSJ8_IA_/install/argj801_sensors_msgs/include/argj801_sensors_msgs/argj801_sensors_msgs
[21.877s] -- Up-to-date: /home/rhobtor/PHD/ARGOJ8_IA/ARGOSJ8_IA_/install/argj801_sensors_msgs/include/argj801_sensors_msgs/argj801_sensors_msgs/msg
[21.878s] -- Up-to-date: /home/rhobtor/PHD/ARGOJ8_IA/ARGOSJ8_IA_/install/argj801_sensors_msgs/include/argj801_sensors_msgs/argj801_sensors_msgs/msg/rosidl_typesupport_fastrtps_cpp__visibility_control.h
[21.878s] -- Up-to-date: /home/rhobtor/PHD/ARGOJ8_IA/ARGOSJ8_IA_/install/argj801_sensors_msgs/include/argj801_sensors_msgs/argj801_sensors_msgs/msg/detail
[21.878s] -- Up-to-date: /home/rhobtor/PHD/ARGOJ8_IA/ARGOSJ8_IA_/install/argj801_sensors_msgs/include/argj801_sensors_msgs/argj801_sensors_msgs/msg/detail/motor_telemetry__rosidl_typesupport_fastrtps_cpp.hpp
[21.879s] -- Up-to-date: /home/rhobtor/PHD/ARGOJ8_IA/ARGOSJ8_IA_/install/argj801_sensors_msgs/include/argj801_sensors_msgs/argj801_sensors_msgs/msg/detail/dds_fastrtps
[21.879s] -- Up-to-date: /home/rhobtor/PHD/ARGOJ8_IA/ARGOSJ8_IA_/install/argj801_sensors_msgs/include/argj801_sensors_msgs/argj801_sensors_msgs/msg/detail/odometer__rosidl_typesupport_fastrtps_cpp.hpp
[21.879s] -- Installing: /home/rhobtor/PHD/ARGOJ8_IA/ARGOSJ8_IA_/install/argj801_sensors_msgs/lib/libargj801_sensors_msgs__rosidl_typesupport_fastrtps_cpp.so
[21.879s] -- Set non-toolchain portion of runtime path of "/home/rhobtor/PHD/ARGOJ8_IA/ARGOSJ8_IA_/install/argj801_sensors_msgs/lib/libargj801_sensors_msgs__rosidl_typesupport_fastrtps_cpp.so" to ""
[21.879s] -- Up-to-date: /home/rhobtor/PHD/ARGOJ8_IA/ARGOSJ8_IA_/install/argj801_sensors_msgs/include/argj801_sensors_msgs/argj801_sensors_msgs
[21.880s] -- Up-to-date: /home/rhobtor/PHD/ARGOJ8_IA/ARGOSJ8_IA_/install/argj801_sensors_msgs/include/argj801_sensors_msgs/argj801_sensors_msgs/msg
[21.880s] -- Up-to-date: /home/rhobtor/PHD/ARGOJ8_IA/ARGOSJ8_IA_/install/argj801_sensors_msgs/include/argj801_sensors_msgs/argj801_sensors_msgs/msg/detail
[21.880s] -- Up-to-date: /home/rhobtor/PHD/ARGOJ8_IA/ARGOSJ8_IA_/install/argj801_sensors_msgs/include/argj801_sensors_msgs/argj801_sensors_msgs/msg/detail/odometer__type_support.cpp
[21.884s] -- Up-to-date: /home/rhobtor/PHD/ARGOJ8_IA/ARGOSJ8_IA_/install/argj801_sensors_msgs/include/argj801_sensors_msgs/argj801_sensors_msgs/msg/detail/odometer__rosidl_typesupport_introspection_cpp.hpp
[21.885s] -- Up-to-date: /home/rhobtor/PHD/ARGOJ8_IA/ARGOSJ8_IA_/install/argj801_sensors_msgs/include/argj801_sensors_msgs/argj801_sensors_msgs/msg/detail/motor_telemetry__rosidl_typesupport_introspection_cpp.hpp
[21.885s] -- Up-to-date: /home/rhobtor/PHD/ARGOJ8_IA/ARGOSJ8_IA_/install/argj801_sensors_msgs/include/argj801_sensors_msgs/argj801_sensors_msgs/msg/detail/motor_telemetry__type_support.cpp
[21.885s] -- Installing: /home/rhobtor/PHD/ARGOJ8_IA/ARGOSJ8_IA_/install/argj801_sensors_msgs/lib/libargj801_sensors_msgs__rosidl_typesupport_introspection_cpp.so
[21.885s] -- Set non-toolchain portion of runtime path of "/home/rhobtor/PHD/ARGOJ8_IA/ARGOSJ8_IA_/install/argj801_sensors_msgs/lib/libargj801_sensors_msgs__rosidl_typesupport_introspection_cpp.so" to ""
[21.886s] -- Installing: /home/rhobtor/PHD/ARGOJ8_IA/ARGOSJ8_IA_/install/argj801_sensors_msgs/lib/libargj801_sensors_msgs__rosidl_typesupport_cpp.so
[21.886s] -- Set non-toolchain portion of runtime path of "/home/rhobtor/PHD/ARGOJ8_IA/ARGOSJ8_IA_/install/argj801_sensors_msgs/lib/libargj801_sensors_msgs__rosidl_typesupport_cpp.so" to ""
[21.886s] -- Up-to-date: /home/rhobtor/PHD/ARGOJ8_IA/ARGOSJ8_IA_/install/argj801_sensors_msgs/share/argj801_sensors_msgs/environment/pythonpath.sh
[21.886s] -- Up-to-date: /home/rhobtor/PHD/ARGOJ8_IA/ARGOSJ8_IA_/install/argj801_sensors_msgs/share/argj801_sensors_msgs/environment/pythonpath.dsv
[21.887s] -- Up-to-date: /home/rhobtor/PHD/ARGOJ8_IA/ARGOSJ8_IA_/install/argj801_sensors_msgs/local/lib/python3.10/dist-packages/argj801_sensors_msgs-0.0.0-py3.10.egg-info
[21.887s] -- Installing: /home/rhobtor/PHD/ARGOJ8_IA/ARGOSJ8_IA_/install/argj801_sensors_msgs/local/lib/python3.10/dist-packages/argj801_sensors_msgs-0.0.0-py3.10.egg-info/top_level.txt
[21.887s] -- Installing: /home/rhobtor/PHD/ARGOJ8_IA/ARGOSJ8_IA_/install/argj801_sensors_msgs/local/lib/python3.10/dist-packages/argj801_sensors_msgs-0.0.0-py3.10.egg-info/SOURCES.txt
[21.899s] -- Installing: /home/rhobtor/PHD/ARGOJ8_IA/ARGOSJ8_IA_/install/argj801_sensors_msgs/local/lib/python3.10/dist-packages/argj801_sensors_msgs-0.0.0-py3.10.egg-info/PKG-INFO
[21.900s] -- Installing: /home/rhobtor/PHD/ARGOJ8_IA/ARGOSJ8_IA_/install/argj801_sensors_msgs/local/lib/python3.10/dist-packages/argj801_sensors_msgs-0.0.0-py3.10.egg-info/dependency_links.txt
[21.900s] -- Up-to-date: /home/rhobtor/PHD/ARGOJ8_IA/ARGOSJ8_IA_/install/argj801_sensors_msgs/local/lib/python3.10/dist-packages/argj801_sensors_msgs
[21.900s] -- Up-to-date: /home/rhobtor/PHD/ARGOJ8_IA/ARGOSJ8_IA_/install/argj801_sensors_msgs/local/lib/python3.10/dist-packages/argj801_sensors_msgs/_argj801_sensors_msgs_s.ep.rosidl_typesupport_introspection_c.c
[21.901s] -- Installing: /home/rhobtor/PHD/ARGOJ8_IA/ARGOSJ8_IA_/install/argj801_sensors_msgs/local/lib/python3.10/dist-packages/argj801_sensors_msgs/argj801_sensors_msgs_s__rosidl_typesupport_c.cpython-310-x86_64-linux-gnu.so
[21.901s] -- Installing: /home/rhobtor/PHD/ARGOJ8_IA/ARGOSJ8_IA_/install/argj801_sensors_msgs/local/lib/python3.10/dist-packages/argj801_sensors_msgs/argj801_sensors_msgs_s__rosidl_typesupport_fastrtps_c.cpython-310-x86_64-linux-gnu.so
[21.901s] -- Installing: /home/rhobtor/PHD/ARGOJ8_IA/ARGOSJ8_IA_/install/argj801_sensors_msgs/local/lib/python3.10/dist-packages/argj801_sensors_msgs/libargj801_sensors_msgs__rosidl_generator_py.so
[21.901s] -- Up-to-date: /home/rhobtor/PHD/ARGOJ8_IA/ARGOSJ8_IA_/install/argj801_sensors_msgs/local/lib/python3.10/dist-packages/argj801_sensors_msgs/__init__.py
[21.901s] -- Installing: /home/rhobtor/PHD/ARGOJ8_IA/ARGOSJ8_IA_/install/argj801_sensors_msgs/local/lib/python3.10/dist-packages/argj801_sensors_msgs/argj801_sensors_msgs_s__rosidl_typesupport_introspection_c.cpython-310-x86_64-linux-gnu.so
[21.901s] -- Up-to-date: /home/rhobtor/PHD/ARGOJ8_IA/ARGOSJ8_IA_/install/argj801_sensors_msgs/local/lib/python3.10/dist-packages/argj801_sensors_msgs/_argj801_sensors_msgs_s.ep.rosidl_typesupport_c.c
[21.901s] -- Up-to-date: /home/rhobtor/PHD/ARGOJ8_IA/ARGOSJ8_IA_/install/argj801_sensors_msgs/local/lib/python3.10/dist-packages/argj801_sensors_msgs/_argj801_sensors_msgs_s.ep.rosidl_typesupport_fastrtps_c.c
[21.902s] -- Up-to-date: /home/rhobtor/PHD/ARGOJ8_IA/ARGOSJ8_IA_/install/argj801_sensors_msgs/local/lib/python3.10/dist-packages/argj801_sensors_msgs/msg
[21.902s] -- Up-to-date: /home/rhobtor/PHD/ARGOJ8_IA/ARGOSJ8_IA_/install/argj801_sensors_msgs/local/lib/python3.10/dist-packages/argj801_sensors_msgs/msg/_motor_telemetry_s.c
[21.902s] -- Up-to-date: /home/rhobtor/PHD/ARGOJ8_IA/ARGOSJ8_IA_/install/argj801_sensors_msgs/local/lib/python3.10/dist-packages/argj801_sensors_msgs/msg/_motor_telemetry.py
[21.902s] -- Up-to-date: /home/rhobtor/PHD/ARGOJ8_IA/ARGOSJ8_IA_/install/argj801_sensors_msgs/local/lib/python3.10/dist-packages/argj801_sensors_msgs/msg/__init__.py
[21.904s] -- Up-to-date: /home/rhobtor/PHD/ARGOJ8_IA/ARGOSJ8_IA_/install/argj801_sensors_msgs/local/lib/python3.10/dist-packages/argj801_sensors_msgs/msg/_odometer_s.c
[21.904s] -- Up-to-date: /home/rhobtor/PHD/ARGOJ8_IA/ARGOSJ8_IA_/install/argj801_sensors_msgs/local/lib/python3.10/dist-packages/argj801_sensors_msgs/msg/_odometer.py
[21.911s] Listing '/home/rhobtor/PHD/ARGOJ8_IA/ARGOSJ8_IA_/install/argj801_sensors_msgs/local/lib/python3.10/dist-packages/argj801_sensors_msgs'...
[21.911s] Listing '/home/rhobtor/PHD/ARGOJ8_IA/ARGOSJ8_IA_/install/argj801_sensors_msgs/local/lib/python3.10/dist-packages/argj801_sensors_msgs/msg'...
[21.912s] -- Installing: /home/rhobtor/PHD/ARGOJ8_IA/ARGOSJ8_IA_/install/argj801_sensors_msgs/local/lib/python3.10/dist-packages/argj801_sensors_msgs/argj801_sensors_msgs_s__rosidl_typesupport_fastrtps_c.cpython-310-x86_64-linux-gnu.so
[21.912s] -- Set non-toolchain portion of runtime path of "/home/rhobtor/PHD/ARGOJ8_IA/ARGOSJ8_IA_/install/argj801_sensors_msgs/local/lib/python3.10/dist-packages/argj801_sensors_msgs/argj801_sensors_msgs_s__rosidl_typesupport_fastrtps_c.cpython-310-x86_64-linux-gnu.so" to ""
[21.912s] -- Installing: /home/rhobtor/PHD/ARGOJ8_IA/ARGOSJ8_IA_/install/argj801_sensors_msgs/local/lib/python3.10/dist-packages/argj801_sensors_msgs/argj801_sensors_msgs_s__rosidl_typesupport_introspection_c.cpython-310-x86_64-linux-gnu.so
[21.929s] -- Set non-toolchain portion of runtime path of "/home/rhobtor/PHD/ARGOJ8_IA/ARGOSJ8_IA_/install/argj801_sensors_msgs/local/lib/python3.10/dist-packages/argj801_sensors_msgs/argj801_sensors_msgs_s__rosidl_typesupport_introspection_c.cpython-310-x86_64-linux-gnu.so" to ""
[21.952s] -- Installing: /home/rhobtor/PHD/ARGOJ8_IA/ARGOSJ8_IA_/install/argj801_sensors_msgs/local/lib/python3.10/dist-packages/argj801_sensors_msgs/argj801_sensors_msgs_s__rosidl_typesupport_c.cpython-310-x86_64-linux-gnu.so
[21.953s] -- Set non-toolchain portion of runtime path of "/home/rhobtor/PHD/ARGOJ8_IA/ARGOSJ8_IA_/install/argj801_sensors_msgs/local/lib/python3.10/dist-packages/argj801_sensors_msgs/argj801_sensors_msgs_s__rosidl_typesupport_c.cpython-310-x86_64-linux-gnu.so" to ""
[21.953s] -- Installing: /home/rhobtor/PHD/ARGOJ8_IA/ARGOSJ8_IA_/install/argj801_sensors_msgs/lib/libargj801_sensors_msgs__rosidl_generator_py.so
[21.954s] -- Set non-toolchain portion of runtime path of "/home/rhobtor/PHD/ARGOJ8_IA/ARGOSJ8_IA_/install/argj801_sensors_msgs/lib/libargj801_sensors_msgs__rosidl_generator_py.so" to ""
[21.954s] -- Up-to-date: /home/rhobtor/PHD/ARGOJ8_IA/ARGOSJ8_IA_/install/argj801_sensors_msgs/share/argj801_sensors_msgs/msg/MotorTelemetry.idl
[21.954s] -- Up-to-date: /home/rhobtor/PHD/ARGOJ8_IA/ARGOSJ8_IA_/install/argj801_sensors_msgs/share/argj801_sensors_msgs/msg/Odometer.idl
[21.955s] -- Up-to-date: /home/rhobtor/PHD/ARGOJ8_IA/ARGOSJ8_IA_/install/argj801_sensors_msgs/share/argj801_sensors_msgs/msg/MotorTelemetry.msg
[21.955s] -- Up-to-date: /home/rhobtor/PHD/ARGOJ8_IA/ARGOSJ8_IA_/install/argj801_sensors_msgs/share/argj801_sensors_msgs/msg/Odometer.msg
[21.961s] -- Up-to-date: /home/rhobtor/PHD/ARGOJ8_IA/ARGOSJ8_IA_/install/argj801_sensors_msgs/share/ament_index/resource_index/package_run_dependencies/argj801_sensors_msgs
[21.962s] -- Up-to-date: /home/rhobtor/PHD/ARGOJ8_IA/ARGOSJ8_IA_/install/argj801_sensors_msgs/share/ament_index/resource_index/parent_prefix_path/argj801_sensors_msgs
[21.962s] -- Up-to-date: /home/rhobtor/PHD/ARGOJ8_IA/ARGOSJ8_IA_/install/argj801_sensors_msgs/share/argj801_sensors_msgs/environment/ament_prefix_path.sh
[21.969s] -- Up-to-date: /home/rhobtor/PHD/ARGOJ8_IA/ARGOSJ8_IA_/install/argj801_sensors_msgs/share/argj801_sensors_msgs/environment/ament_prefix_path.dsv
[21.970s] -- Up-to-date: /home/rhobtor/PHD/ARGOJ8_IA/ARGOSJ8_IA_/install/argj801_sensors_msgs/share/argj801_sensors_msgs/environment/path.sh
[21.970s] -- Up-to-date: /home/rhobtor/PHD/ARGOJ8_IA/ARGOSJ8_IA_/install/argj801_sensors_msgs/share/argj801_sensors_msgs/environment/path.dsv
[21.970s] -- Up-to-date: /home/rhobtor/PHD/ARGOJ8_IA/ARGOSJ8_IA_/install/argj801_sensors_msgs/share/argj801_sensors_msgs/local_setup.bash
[21.971s] -- Up-to-date: /home/rhobtor/PHD/ARGOJ8_IA/ARGOSJ8_IA_/install/argj801_sensors_msgs/share/argj801_sensors_msgs/local_setup.sh
[21.971s] -- Up-to-date: /home/rhobtor/PHD/ARGOJ8_IA/ARGOSJ8_IA_/install/argj801_sensors_msgs/share/argj801_sensors_msgs/local_setup.zsh
[21.971s] -- Up-to-date: /home/rhobtor/PHD/ARGOJ8_IA/ARGOSJ8_IA_/install/argj801_sensors_msgs/share/argj801_sensors_msgs/local_setup.dsv
[21.971s] -- Installing: /home/rhobtor/PHD/ARGOJ8_IA/ARGOSJ8_IA_/install/argj801_sensors_msgs/share/argj801_sensors_msgs/package.dsv
[21.971s] -- Up-to-date: /home/rhobtor/PHD/ARGOJ8_IA/ARGOSJ8_IA_/install/argj801_sensors_msgs/share/ament_index/resource_index/packages/argj801_sensors_msgs
[21.975s] -- Up-to-date: /home/rhobtor/PHD/ARGOJ8_IA/ARGOSJ8_IA_/install/argj801_sensors_msgs/share/argj801_sensors_msgs/cmake/export_argj801_sensors_msgs__rosidl_generator_cExport.cmake
[21.975s] -- Up-to-date: /home/rhobtor/PHD/ARGOJ8_IA/ARGOSJ8_IA_/install/argj801_sensors_msgs/share/argj801_sensors_msgs/cmake/export_argj801_sensors_msgs__rosidl_generator_cExport-noconfig.cmake
[21.975s] -- Up-to-date: /home/rhobtor/PHD/ARGOJ8_IA/ARGOSJ8_IA_/install/argj801_sensors_msgs/share/argj801_sensors_msgs/cmake/export_argj801_sensors_msgs__rosidl_typesupport_fastrtps_cExport.cmake
[21.976s] -- Up-to-date: /home/rhobtor/PHD/ARGOJ8_IA/ARGOSJ8_IA_/install/argj801_sensors_msgs/share/argj801_sensors_msgs/cmake/export_argj801_sensors_msgs__rosidl_typesupport_fastrtps_cExport-noconfig.cmake
[21.976s] -- Up-to-date: /home/rhobtor/PHD/ARGOJ8_IA/ARGOSJ8_IA_/install/argj801_sensors_msgs/share/argj801_sensors_msgs/cmake/argj801_sensors_msgs__rosidl_typesupport_introspection_cExport.cmake
[21.976s] -- Up-to-date: /home/rhobtor/PHD/ARGOJ8_IA/ARGOSJ8_IA_/install/argj801_sensors_msgs/share/argj801_sensors_msgs/cmake/argj801_sensors_msgs__rosidl_typesupport_introspection_cExport-noconfig.cmake
[21.977s] -- Up-to-date: /home/rhobtor/PHD/ARGOJ8_IA/ARGOSJ8_IA_/install/argj801_sensors_msgs/share/argj801_sensors_msgs/cmake/argj801_sensors_msgs__rosidl_typesupport_cExport.cmake
[21.977s] -- Up-to-date: /home/rhobtor/PHD/ARGOJ8_IA/ARGOSJ8_IA_/install/argj801_sensors_msgs/share/argj801_sensors_msgs/cmake/argj801_sensors_msgs__rosidl_typesupport_cExport-noconfig.cmake
[21.977s] -- Up-to-date: /home/rhobtor/PHD/ARGOJ8_IA/ARGOSJ8_IA_/install/argj801_sensors_msgs/share/argj801_sensors_msgs/cmake/export_argj801_sensors_msgs__rosidl_generator_cppExport.cmake
[21.977s] -- Up-to-date: /home/rhobtor/PHD/ARGOJ8_IA/ARGOSJ8_IA_/install/argj801_sensors_msgs/share/argj801_sensors_msgs/cmake/export_argj801_sensors_msgs__rosidl_typesupport_fastrtps_cppExport.cmake
[21.977s] -- Up-to-date: /home/rhobtor/PHD/ARGOJ8_IA/ARGOSJ8_IA_/install/argj801_sensors_msgs/share/argj801_sensors_msgs/cmake/export_argj801_sensors_msgs__rosidl_typesupport_fastrtps_cppExport-noconfig.cmake
[21.977s] -- Up-to-date: /home/rhobtor/PHD/ARGOJ8_IA/ARGOSJ8_IA_/install/argj801_sensors_msgs/share/argj801_sensors_msgs/cmake/argj801_sensors_msgs__rosidl_typesupport_introspection_cppExport.cmake
[21.978s] -- Up-to-date: /home/rhobtor/PHD/ARGOJ8_IA/ARGOSJ8_IA_/install/argj801_sensors_msgs/share/argj801_sensors_msgs/cmake/argj801_sensors_msgs__rosidl_typesupport_introspection_cppExport-noconfig.cmake
[21.982s] -- Up-to-date: /home/rhobtor/PHD/ARGOJ8_IA/ARGOSJ8_IA_/install/argj801_sensors_msgs/share/argj801_sensors_msgs/cmake/argj801_sensors_msgs__rosidl_typesupport_cppExport.cmake
[21.986s] -- Up-to-date: /home/rhobtor/PHD/ARGOJ8_IA/ARGOSJ8_IA_/install/argj801_sensors_msgs/share/argj801_sensors_msgs/cmake/argj801_sensors_msgs__rosidl_typesupport_cppExport-noconfig.cmake
[21.986s] -- Up-to-date: /home/rhobtor/PHD/ARGOJ8_IA/ARGOSJ8_IA_/install/argj801_sensors_msgs/share/argj801_sensors_msgs/cmake/export_argj801_sensors_msgs__rosidl_generator_pyExport.cmake
[21.986s] -- Up-to-date: /home/rhobtor/PHD/ARGOJ8_IA/ARGOSJ8_IA_/install/argj801_sensors_msgs/share/argj801_sensors_msgs/cmake/export_argj801_sensors_msgs__rosidl_generator_pyExport-noconfig.cmake
[21.987s] -- Up-to-date: /home/rhobtor/PHD/ARGOJ8_IA/ARGOSJ8_IA_/install/argj801_sensors_msgs/share/argj801_sensors_msgs/cmake/rosidl_cmake-extras.cmake
[21.987s] -- Up-to-date: /home/rhobtor/PHD/ARGOJ8_IA/ARGOSJ8_IA_/install/argj801_sensors_msgs/share/argj801_sensors_msgs/cmake/ament_cmake_export_dependencies-extras.cmake
[21.987s] -- Up-to-date: /home/rhobtor/PHD/ARGOJ8_IA/ARGOSJ8_IA_/install/argj801_sensors_msgs/share/argj801_sensors_msgs/cmake/ament_cmake_export_include_directories-extras.cmake
[21.987s] -- Up-to-date: /home/rhobtor/PHD/ARGOJ8_IA/ARGOSJ8_IA_/install/argj801_sensors_msgs/share/argj801_sensors_msgs/cmake/ament_cmake_export_libraries-extras.cmake
[21.987s] -- Up-to-date: /home/rhobtor/PHD/ARGOJ8_IA/ARGOSJ8_IA_/install/argj801_sensors_msgs/share/argj801_sensors_msgs/cmake/ament_cmake_export_targets-extras.cmake
[21.988s] -- Up-to-date: /home/rhobtor/PHD/ARGOJ8_IA/ARGOSJ8_IA_/install/argj801_sensors_msgs/share/argj801_sensors_msgs/cmake/rosidl_cmake_export_typesupport_targets-extras.cmake
[21.988s] -- Up-to-date: /home/rhobtor/PHD/ARGOJ8_IA/ARGOSJ8_IA_/install/argj801_sensors_msgs/share/argj801_sensors_msgs/cmake/rosidl_cmake_export_typesupport_libraries-extras.cmake
[21.988s] -- Up-to-date: /home/rhobtor/PHD/ARGOJ8_IA/ARGOSJ8_IA_/install/argj801_sensors_msgs/share/argj801_sensors_msgs/cmake/argj801_sensors_msgsConfig.cmake
[21.988s] -- Up-to-date: /home/rhobtor/PHD/ARGOJ8_IA/ARGOSJ8_IA_/install/argj801_sensors_msgs/share/argj801_sensors_msgs/cmake/argj801_sensors_msgsConfig-version.cmake
[21.988s] -- Up-to-date: /home/rhobtor/PHD/ARGOJ8_IA/ARGOSJ8_IA_/install/argj801_sensors_msgs/share/argj801_sensors_msgs/package.xml
[22.642s] Invoked command in '/home/rhobtor/PHD/ARGOJ8_IA/ARGOSJ8_IA_/build/argj801_sensors_msgs' returned '0': CMAKE_PREFIX_PATH=${CMAKE_PREFIX_PATH}:/home/rhobtor/PHD/ARGOJ8_IA/ARGOSJ8_IA_/install/ntrip_client:/home/rhobtor/PHD/ARGOJ8_IA/ARGOSJ8_IA_/install/j8_gui:/home/rhobtor/PHD/ARGOJ8_IA/ARGOSJ8_IA_/install/car:/home/rhobtor/PHD/ARGOJ8_IA/ARGOSJ8_IA_/install/android_ros2_server:/home/rhobtor/PHD/ARGOJ8_IA/ARGOSJ8_IA_/install/GUI_pkg:/opt/ros/humble /opt/st/stm32cubeclt_1.18.0/CMake/bin/cmake --install /home/rhobtor/PHD/ARGOJ8_IA/ARGOSJ8_IA_/build/argj801_sensors_msgs
