[0.050s] Invoking command in '/home/rhobtor/PHD/ARGOSJ8_IA/ARGOSJ8_IA_/build/argj801_ctl_platform_interfaces': CMAKE_PREFIX_PATH=${CMAKE_PREFIX_PATH}:/home/rhobtor/PHD/ARGOSJ8_IA/ARGOSJ8_IA_/install/ntrip_client:/home/rhobtor/PHD/ARGOSJ8_IA/ARGOSJ8_IA_/install/j8_gui:/home/rhobtor/PHD/ARGOSJ8_IA/ARGOSJ8_IA_/install/car:/home/rhobtor/PHD/ARGOSJ8_IA/ARGOSJ8_IA_/install/android_ros2_server:/home/rhobtor/PHD/ARGOSJ8_IA/ARGOSJ8_IA_/install/GUI_pkg:/home/rhobtor/reactive/Reactive-Navegation/workspace_full_conected/install/car:/opt/ros/humble /usr/bin/cmake /home/rhobtor/PHD/ARGOSJ8_IA/ARGOSJ8_IA_/src/argj801_ctl_platform/argj801_ctl_platform_interfaces -DCMAKE_INSTALL_PREFIX=/home/rhobtor/PHD/ARGOSJ8_IA/ARGOSJ8_IA_/install/argj801_ctl_platform_interfaces
[3.080s] -- The C compiler identification is GNU 11.4.0
[3.270s] -- The CXX compiler identification is GNU 11.4.0
[3.309s] -- Detecting C compiler ABI info
[3.494s] -- Detecting C compiler ABI info - done
[3.499s] -- Check for working C compiler: /usr/bin/cc - skipped
[3.499s] -- Detecting C compile features
[3.525s] -- Detecting C compile features - done
[3.526s] -- Detecting CXX compiler ABI info
[3.637s] -- Detecting CXX compiler ABI info - done
[3.642s] -- Check for working CXX compiler: /usr/bin/c++ - skipped
[3.642s] -- Detecting CXX compile features
[3.643s] -- Detecting CXX compile features - done
[3.665s] -- Found ament_cmake: 1.3.14 (/opt/ros/humble/share/ament_cmake/cmake)
[4.490s] -- Found Python3: /usr/bin/python3 (found version "3.10.12") found components: Interpreter 
[4.850s] -- Found rosidl_default_runtime: 1.2.1 (/opt/ros/humble/share/rosidl_default_runtime/cmake)
[4.879s] -- Using all available rosidl_typesupport_c: rosidl_typesupport_fastrtps_c;rosidl_typesupport_introspection_c
[4.887s] -- Found rosidl_adapter: 3.1.8 (/opt/ros/humble/share/rosidl_adapter/cmake)
[4.909s] -- Using all available rosidl_typesupport_cpp: rosidl_typesupport_fastrtps_cpp;rosidl_typesupport_introspection_cpp
[4.933s] -- Found rosidl_default_generators: 1.2.1 (/opt/ros/humble/share/rosidl_default_generators/cmake)
[5.206s] -- Found ament_cmake_ros: 0.10.0 (/opt/ros/humble/share/ament_cmake_ros/cmake)
[5.386s] -- Using all available rosidl_typesupport_c: rosidl_typesupport_fastrtps_c;rosidl_typesupport_introspection_c
[5.586s] -- Using all available rosidl_typesupport_cpp: rosidl_typesupport_fastrtps_cpp;rosidl_typesupport_introspection_cpp
[5.708s] -- Found PythonInterp: /usr/bin/python3 (found suitable version "3.10.12", minimum required is "3.6") 
[5.711s] -- Found python_cmake_module: 0.10.0 (/opt/ros/humble/share/python_cmake_module/cmake)
[6.075s] -- Found PythonLibs: /usr/lib/x86_64-linux-gnu/libpython3.10.so (found suitable version "3.10.12", minimum required is "3.5") 
[6.076s] -- Using PYTHON_EXECUTABLE: /usr/bin/python3
[6.076s] -- Using PYTHON_INCLUDE_DIRS: /usr/include/python3.10
[6.076s] -- Using PYTHON_LIBRARIES: /usr/lib/x86_64-linux-gnu/libpython3.10.so
[6.093s] -- Found PythonExtra: .so  
[6.227s] -- Configuring done
[6.259s] -- Generating done
[6.270s] -- Build files have been written to: /home/rhobtor/PHD/ARGOSJ8_IA/ARGOSJ8_IA_/build/argj801_ctl_platform_interfaces
[6.285s] Invoked command in '/home/rhobtor/PHD/ARGOSJ8_IA/ARGOSJ8_IA_/build/argj801_ctl_platform_interfaces' returned '0': CMAKE_PREFIX_PATH=${CMAKE_PREFIX_PATH}:/home/rhobtor/PHD/ARGOSJ8_IA/ARGOSJ8_IA_/install/ntrip_client:/home/rhobtor/PHD/ARGOSJ8_IA/ARGOSJ8_IA_/install/j8_gui:/home/rhobtor/PHD/ARGOSJ8_IA/ARGOSJ8_IA_/install/car:/home/rhobtor/PHD/ARGOSJ8_IA/ARGOSJ8_IA_/install/android_ros2_server:/home/rhobtor/PHD/ARGOSJ8_IA/ARGOSJ8_IA_/install/GUI_pkg:/home/rhobtor/reactive/Reactive-Navegation/workspace_full_conected/install/car:/opt/ros/humble /usr/bin/cmake /home/rhobtor/PHD/ARGOSJ8_IA/ARGOSJ8_IA_/src/argj801_ctl_platform/argj801_ctl_platform_interfaces -DCMAKE_INSTALL_PREFIX=/home/rhobtor/PHD/ARGOSJ8_IA/ARGOSJ8_IA_/install/argj801_ctl_platform_interfaces
[6.286s] Invoking command in '/home/rhobtor/PHD/ARGOSJ8_IA/ARGOSJ8_IA_/build/argj801_ctl_platform_interfaces': CMAKE_PREFIX_PATH=${CMAKE_PREFIX_PATH}:/home/rhobtor/PHD/ARGOSJ8_IA/ARGOSJ8_IA_/install/ntrip_client:/home/rhobtor/PHD/ARGOSJ8_IA/ARGOSJ8_IA_/install/j8_gui:/home/rhobtor/PHD/ARGOSJ8_IA/ARGOSJ8_IA_/install/car:/home/rhobtor/PHD/ARGOSJ8_IA/ARGOSJ8_IA_/install/android_ros2_server:/home/rhobtor/PHD/ARGOSJ8_IA/ARGOSJ8_IA_/install/GUI_pkg:/home/rhobtor/reactive/Reactive-Navegation/workspace_full_conected/install/car:/opt/ros/humble /usr/bin/cmake --build /home/rhobtor/PHD/ARGOSJ8_IA/ARGOSJ8_IA_/build/argj801_ctl_platform_interfaces -- -j20 -l20
[6.327s] [  1%] [34m[1mGenerating C code for ROS interfaces[0m
[6.340s] [  3%] [34m[1mGenerating C++ code for ROS interfaces[0m
[6.340s] [  4%] [34m[1mGenerating Rust code for ROS interfaces[0m
[6.347s] [  4%] Built target ament_cmake_python_copy_argj801_ctl_platform_interfaces
[6.792s] running egg_info
[6.792s] creating argj801_ctl_platform_interfaces.egg-info
[6.871s] writing argj801_ctl_platform_interfaces.egg-info/PKG-INFO
[6.871s] writing dependency_links to argj801_ctl_platform_interfaces.egg-info/dependency_links.txt
[6.875s] writing top-level names to argj801_ctl_platform_interfaces.egg-info/top_level.txt
[6.875s] writing manifest file 'argj801_ctl_platform_interfaces.egg-info/SOURCES.txt'
[6.937s] [  4%] Built target argj801_ctl_platform_interfaces__rs
[7.197s] reading manifest file 'argj801_ctl_platform_interfaces.egg-info/SOURCES.txt'
[7.199s] writing manifest file 'argj801_ctl_platform_interfaces.egg-info/SOURCES.txt'
[7.286s] [  4%] Built target ament_cmake_python_build_argj801_ctl_platform_interfaces_egg
[7.524s] [  4%] Built target argj801_ctl_platform_interfaces__cpp
[7.539s] [  6%] [34m[1mGenerating C++ introspection for ROS interfaces[0m
[7.541s] [  7%] [34m[1mGenerating C++ type support for eProsima Fast-RTPS[0m
[7.543s] [  9%] [34m[1mGenerating C++ type support dispatch for ROS interfaces[0m
[7.563s] [ 10%] [32mBuilding C object CMakeFiles/argj801_ctl_platform_interfaces__rosidl_generator_c.dir/rosidl_generator_c/argj801_ctl_platform_interfaces/srv/detail/set_velocity__functions.c.o[0m
[7.571s] [ 12%] [32mBuilding C object CMakeFiles/argj801_ctl_platform_interfaces__rosidl_generator_c.dir/rosidl_generator_c/argj801_ctl_platform_interfaces/srv/detail/emergency_stop__functions.c.o[0m
[7.576s] [ 14%] [32mBuilding C object CMakeFiles/argj801_ctl_platform_interfaces__rosidl_generator_c.dir/rosidl_generator_c/argj801_ctl_platform_interfaces/srv/detail/get_velocity__functions.c.o[0m
[7.578s] [ 15%] [32mBuilding C object CMakeFiles/argj801_ctl_platform_interfaces__rosidl_generator_c.dir/rosidl_generator_c/argj801_ctl_platform_interfaces/msg/detail/cmd_throttle_msg__functions.c.o[0m
[7.583s] [ 17%] [32mBuilding C object CMakeFiles/argj801_ctl_platform_interfaces__rosidl_generator_c.dir/rosidl_generator_c/argj801_ctl_platform_interfaces/msg/detail/kinematic_debug_msg__functions.c.o[0m
[8.127s] [ 18%] [32mBuilding CXX object CMakeFiles/argj801_ctl_platform_interfaces__rosidl_typesupport_fastrtps_cpp.dir/rosidl_typesupport_fastrtps_cpp/argj801_ctl_platform_interfaces/srv/detail/dds_fastrtps/get_velocity__type_support.cpp.o[0m
[8.128s] [ 20%] [32mBuilding CXX object CMakeFiles/argj801_ctl_platform_interfaces__rosidl_typesupport_fastrtps_cpp.dir/rosidl_typesupport_fastrtps_cpp/argj801_ctl_platform_interfaces/srv/detail/dds_fastrtps/set_velocity__type_support.cpp.o[0m
[8.134s] [ 21%] [32mBuilding CXX object CMakeFiles/argj801_ctl_platform_interfaces__rosidl_typesupport_fastrtps_cpp.dir/rosidl_typesupport_fastrtps_cpp/argj801_ctl_platform_interfaces/srv/detail/dds_fastrtps/emergency_stop__type_support.cpp.o[0m
[8.144s] [ 23%] [32mBuilding CXX object CMakeFiles/argj801_ctl_platform_interfaces__rosidl_typesupport_fastrtps_cpp.dir/rosidl_typesupport_fastrtps_cpp/argj801_ctl_platform_interfaces/msg/detail/dds_fastrtps/cmd_throttle_msg__type_support.cpp.o[0m
[8.145s] [ 25%] [32mBuilding CXX object CMakeFiles/argj801_ctl_platform_interfaces__rosidl_typesupport_fastrtps_cpp.dir/rosidl_typesupport_fastrtps_cpp/argj801_ctl_platform_interfaces/msg/detail/dds_fastrtps/kinematic_debug_msg__type_support.cpp.o[0m
[8.173s] [ 26%] [32mBuilding CXX object CMakeFiles/argj801_ctl_platform_interfaces__rosidl_typesupport_cpp.dir/rosidl_typesupport_cpp/argj801_ctl_platform_interfaces/srv/set_velocity__type_support.cpp.o[0m
[8.174s] [ 28%] [32mBuilding CXX object CMakeFiles/argj801_ctl_platform_interfaces__rosidl_typesupport_cpp.dir/rosidl_typesupport_cpp/argj801_ctl_platform_interfaces/srv/get_velocity__type_support.cpp.o[0m
[8.184s] [ 29%] [32mBuilding CXX object CMakeFiles/argj801_ctl_platform_interfaces__rosidl_typesupport_cpp.dir/rosidl_typesupport_cpp/argj801_ctl_platform_interfaces/msg/cmd_throttle_msg__type_support.cpp.o[0m
[8.190s] [ 31%] [32mBuilding CXX object CMakeFiles/argj801_ctl_platform_interfaces__rosidl_typesupport_cpp.dir/rosidl_typesupport_cpp/argj801_ctl_platform_interfaces/srv/emergency_stop__type_support.cpp.o[0m
[8.204s] [ 32%] [32mBuilding CXX object CMakeFiles/argj801_ctl_platform_interfaces__rosidl_typesupport_cpp.dir/rosidl_typesupport_cpp/argj801_ctl_platform_interfaces/msg/kinematic_debug_msg__type_support.cpp.o[0m
[8.269s] [ 34%] [32mBuilding CXX object CMakeFiles/argj801_ctl_platform_interfaces__rosidl_typesupport_introspection_cpp.dir/rosidl_typesupport_introspection_cpp/argj801_ctl_platform_interfaces/srv/detail/set_velocity__type_support.cpp.o[0m
[8.278s] [ 35%] [32mBuilding CXX object CMakeFiles/argj801_ctl_platform_interfaces__rosidl_typesupport_introspection_cpp.dir/rosidl_typesupport_introspection_cpp/argj801_ctl_platform_interfaces/srv/detail/get_velocity__type_support.cpp.o[0m
[8.278s] [ 37%] [32mBuilding CXX object CMakeFiles/argj801_ctl_platform_interfaces__rosidl_typesupport_introspection_cpp.dir/rosidl_typesupport_introspection_cpp/argj801_ctl_platform_interfaces/srv/detail/emergency_stop__type_support.cpp.o[0m
[8.283s] [ 39%] [32mBuilding CXX object CMakeFiles/argj801_ctl_platform_interfaces__rosidl_typesupport_introspection_cpp.dir/rosidl_typesupport_introspection_cpp/argj801_ctl_platform_interfaces/msg/detail/cmd_throttle_msg__type_support.cpp.o[0m
[8.285s] [ 40%] [32mBuilding CXX object CMakeFiles/argj801_ctl_platform_interfaces__rosidl_typesupport_introspection_cpp.dir/rosidl_typesupport_introspection_cpp/argj801_ctl_platform_interfaces/msg/detail/kinematic_debug_msg__type_support.cpp.o[0m
[8.355s] [ 42%] [32m[1mLinking C shared library libargj801_ctl_platform_interfaces__rosidl_generator_c.so[0m
[8.510s] [ 42%] Built target argj801_ctl_platform_interfaces__rosidl_generator_c
[8.541s] [ 43%] [34m[1mGenerating C introspection for ROS interfaces[0m
[8.559s] [ 45%] [34m[1mGenerating C type support for eProsima Fast-RTPS[0m
[8.561s] [ 46%] [34m[1mGenerating C type support dispatch for ROS interfaces[0m
[9.662s] [ 48%] [32mBuilding CXX object CMakeFiles/argj801_ctl_platform_interfaces__rosidl_typesupport_fastrtps_c.dir/rosidl_typesupport_fastrtps_c/argj801_ctl_platform_interfaces/srv/detail/get_velocity__type_support_c.cpp.o[0m
[9.666s] [ 50%] [32mBuilding CXX object CMakeFiles/argj801_ctl_platform_interfaces__rosidl_typesupport_c.dir/rosidl_typesupport_c/argj801_ctl_platform_interfaces/srv/set_velocity__type_support.cpp.o[0m
[9.668s] [ 51%] [32mBuilding CXX object CMakeFiles/argj801_ctl_platform_interfaces__rosidl_typesupport_fastrtps_c.dir/rosidl_typesupport_fastrtps_c/argj801_ctl_platform_interfaces/srv/detail/set_velocity__type_support_c.cpp.o[0m
[9.683s] [ 53%] [32mBuilding CXX object CMakeFiles/argj801_ctl_platform_interfaces__rosidl_typesupport_c.dir/rosidl_typesupport_c/argj801_ctl_platform_interfaces/srv/get_velocity__type_support.cpp.o[0m
[9.769s] [ 54%] [32mBuilding CXX object CMakeFiles/argj801_ctl_platform_interfaces__rosidl_typesupport_c.dir/rosidl_typesupport_c/argj801_ctl_platform_interfaces/srv/emergency_stop__type_support.cpp.o[0m
[9.797s] [ 56%] [32mBuilding CXX object CMakeFiles/argj801_ctl_platform_interfaces__rosidl_typesupport_c.dir/rosidl_typesupport_c/argj801_ctl_platform_interfaces/msg/cmd_throttle_msg__type_support.cpp.o[0m
[9.911s] [ 57%] [32mBuilding CXX object CMakeFiles/argj801_ctl_platform_interfaces__rosidl_typesupport_c.dir/rosidl_typesupport_c/argj801_ctl_platform_interfaces/msg/kinematic_debug_msg__type_support.cpp.o[0m
[9.940s] [ 59%] [32mBuilding CXX object CMakeFiles/argj801_ctl_platform_interfaces__rosidl_typesupport_fastrtps_c.dir/rosidl_typesupport_fastrtps_c/argj801_ctl_platform_interfaces/srv/detail/emergency_stop__type_support_c.cpp.o[0m
[10.007s] [ 60%] [32m[1mLinking CXX shared library libargj801_ctl_platform_interfaces__rosidl_typesupport_c.so[0m
[10.058s] [ 62%] [32mBuilding CXX object CMakeFiles/argj801_ctl_platform_interfaces__rosidl_typesupport_fastrtps_c.dir/rosidl_typesupport_fastrtps_c/argj801_ctl_platform_interfaces/msg/detail/cmd_throttle_msg__type_support_c.cpp.o[0m
[10.096s] [ 62%] Built target argj801_ctl_platform_interfaces__rosidl_typesupport_c
[10.119s] [ 64%] [32mBuilding CXX object CMakeFiles/argj801_ctl_platform_interfaces__rosidl_typesupport_fastrtps_c.dir/rosidl_typesupport_fastrtps_c/argj801_ctl_platform_interfaces/msg/detail/kinematic_debug_msg__type_support_c.cpp.o[0m
[10.829s] [ 65%] [32mBuilding C object CMakeFiles/argj801_ctl_platform_interfaces__rosidl_typesupport_introspection_c.dir/rosidl_typesupport_introspection_c/argj801_ctl_platform_interfaces/srv/detail/set_velocity__type_support.c.o[0m
[10.829s] [ 67%] [32mBuilding C object CMakeFiles/argj801_ctl_platform_interfaces__rosidl_typesupport_introspection_c.dir/rosidl_typesupport_introspection_c/argj801_ctl_platform_interfaces/srv/detail/get_velocity__type_support.c.o[0m
[10.861s] [ 68%] [32mBuilding C object CMakeFiles/argj801_ctl_platform_interfaces__rosidl_typesupport_introspection_c.dir/rosidl_typesupport_introspection_c/argj801_ctl_platform_interfaces/srv/detail/emergency_stop__type_support.c.o[0m
[10.923s] [ 70%] [32m[1mLinking CXX shared library libargj801_ctl_platform_interfaces__rosidl_typesupport_cpp.so[0m
[10.934s] [ 71%] [32mBuilding C object CMakeFiles/argj801_ctl_platform_interfaces__rosidl_typesupport_introspection_c.dir/rosidl_typesupport_introspection_c/argj801_ctl_platform_interfaces/msg/detail/cmd_throttle_msg__type_support.c.o[0m
[11.011s] [ 73%] [32mBuilding C object CMakeFiles/argj801_ctl_platform_interfaces__rosidl_typesupport_introspection_c.dir/rosidl_typesupport_introspection_c/argj801_ctl_platform_interfaces/msg/detail/kinematic_debug_msg__type_support.c.o[0m
[11.283s] [ 75%] [32m[1mLinking C shared library libargj801_ctl_platform_interfaces__rosidl_typesupport_introspection_c.so[0m
[11.300s] [ 75%] Built target argj801_ctl_platform_interfaces__rosidl_typesupport_cpp
[11.605s] [ 75%] Built target argj801_ctl_platform_interfaces__rosidl_typesupport_introspection_c
[12.046s] [ 76%] [32m[1mLinking CXX shared library libargj801_ctl_platform_interfaces__rosidl_typesupport_introspection_cpp.so[0m
[12.065s] [ 78%] [32m[1mLinking CXX shared library libargj801_ctl_platform_interfaces__rosidl_typesupport_fastrtps_cpp.so[0m
[12.119s] [ 79%] [32m[1mLinking CXX shared library libargj801_ctl_platform_interfaces__rosidl_typesupport_fastrtps_c.so[0m
[12.324s] [ 79%] Built target argj801_ctl_platform_interfaces__rosidl_typesupport_introspection_cpp
[12.520s] [ 79%] Built target argj801_ctl_platform_interfaces__rosidl_typesupport_fastrtps_c
[12.852s] [ 79%] Built target argj801_ctl_platform_interfaces__rosidl_typesupport_fastrtps_cpp
[12.945s] [ 79%] Built target argj801_ctl_platform_interfaces
[13.075s] [ 81%] [34m[1mGenerating Python code for ROS interfaces[0m
[15.047s] [ 81%] Built target argj801_ctl_platform_interfaces__py
[15.077s] [ 82%] [32mBuilding C object CMakeFiles/argj801_ctl_platform_interfaces__rosidl_generator_py.dir/rosidl_generator_py/argj801_ctl_platform_interfaces/srv/_get_velocity_s.c.o[0m
[15.078s] [ 84%] [32mBuilding C object CMakeFiles/argj801_ctl_platform_interfaces__rosidl_generator_py.dir/rosidl_generator_py/argj801_ctl_platform_interfaces/srv/_emergency_stop_s.c.o[0m
[15.078s] [ 85%] [32mBuilding C object CMakeFiles/argj801_ctl_platform_interfaces__rosidl_generator_py.dir/rosidl_generator_py/argj801_ctl_platform_interfaces/srv/_set_velocity_s.c.o[0m
[15.084s] [ 87%] [32mBuilding C object CMakeFiles/argj801_ctl_platform_interfaces__rosidl_generator_py.dir/rosidl_generator_py/argj801_ctl_platform_interfaces/msg/_cmd_throttle_msg_s.c.o[0m
[15.086s] [ 89%] [32mBuilding C object CMakeFiles/argj801_ctl_platform_interfaces__rosidl_generator_py.dir/rosidl_generator_py/argj801_ctl_platform_interfaces/msg/_kinematic_debug_msg_s.c.o[0m
[15.337s] [ 90%] [32m[1mLinking C shared library rosidl_generator_py/argj801_ctl_platform_interfaces/libargj801_ctl_platform_interfaces__rosidl_generator_py.so[0m
[15.495s] [ 90%] Built target argj801_ctl_platform_interfaces__rosidl_generator_py
[15.571s] [ 92%] [32mBuilding C object CMakeFiles/argj801_ctl_platform_interfaces__rosidl_typesupport_fastrtps_c__pyext.dir/rosidl_generator_py/argj801_ctl_platform_interfaces/_argj801_ctl_platform_interfaces_s.ep.rosidl_typesupport_fastrtps_c.c.o[0m
[15.571s] [ 93%] [32mBuilding C object CMakeFiles/argj801_ctl_platform_interfaces__rosidl_typesupport_introspection_c__pyext.dir/rosidl_generator_py/argj801_ctl_platform_interfaces/_argj801_ctl_platform_interfaces_s.ep.rosidl_typesupport_introspection_c.c.o[0m
[15.575s] [ 95%] [32mBuilding C object CMakeFiles/argj801_ctl_platform_interfaces__rosidl_typesupport_c__pyext.dir/rosidl_generator_py/argj801_ctl_platform_interfaces/_argj801_ctl_platform_interfaces_s.ep.rosidl_typesupport_c.c.o[0m
[15.754s] [ 96%] [32m[1mLinking C shared library rosidl_generator_py/argj801_ctl_platform_interfaces/argj801_ctl_platform_interfaces_s__rosidl_typesupport_c.cpython-310-x86_64-linux-gnu.so[0m
[15.812s] [ 98%] [32m[1mLinking C shared library rosidl_generator_py/argj801_ctl_platform_interfaces/argj801_ctl_platform_interfaces_s__rosidl_typesupport_introspection_c.cpython-310-x86_64-linux-gnu.so[0m
[15.838s] [ 98%] Built target argj801_ctl_platform_interfaces__rosidl_typesupport_c__pyext
[15.888s] [100%] [32m[1mLinking C shared library rosidl_generator_py/argj801_ctl_platform_interfaces/argj801_ctl_platform_interfaces_s__rosidl_typesupport_fastrtps_c.cpython-310-x86_64-linux-gnu.so[0m
[15.897s] [100%] Built target argj801_ctl_platform_interfaces__rosidl_typesupport_introspection_c__pyext
[15.988s] [100%] Built target argj801_ctl_platform_interfaces__rosidl_typesupport_fastrtps_c__pyext
[16.018s] Invoked command in '/home/rhobtor/PHD/ARGOSJ8_IA/ARGOSJ8_IA_/build/argj801_ctl_platform_interfaces' returned '0': CMAKE_PREFIX_PATH=${CMAKE_PREFIX_PATH}:/home/rhobtor/PHD/ARGOSJ8_IA/ARGOSJ8_IA_/install/ntrip_client:/home/rhobtor/PHD/ARGOSJ8_IA/ARGOSJ8_IA_/install/j8_gui:/home/rhobtor/PHD/ARGOSJ8_IA/ARGOSJ8_IA_/install/car:/home/rhobtor/PHD/ARGOSJ8_IA/ARGOSJ8_IA_/install/android_ros2_server:/home/rhobtor/PHD/ARGOSJ8_IA/ARGOSJ8_IA_/install/GUI_pkg:/home/rhobtor/reactive/Reactive-Navegation/workspace_full_conected/install/car:/opt/ros/humble /usr/bin/cmake --build /home/rhobtor/PHD/ARGOSJ8_IA/ARGOSJ8_IA_/build/argj801_ctl_platform_interfaces -- -j20 -l20
[16.019s] Invoking command in '/home/rhobtor/PHD/ARGOSJ8_IA/ARGOSJ8_IA_/build/argj801_ctl_platform_interfaces': CMAKE_PREFIX_PATH=${CMAKE_PREFIX_PATH}:/home/rhobtor/PHD/ARGOSJ8_IA/ARGOSJ8_IA_/install/ntrip_client:/home/rhobtor/PHD/ARGOSJ8_IA/ARGOSJ8_IA_/install/j8_gui:/home/rhobtor/PHD/ARGOSJ8_IA/ARGOSJ8_IA_/install/car:/home/rhobtor/PHD/ARGOSJ8_IA/ARGOSJ8_IA_/install/android_ros2_server:/home/rhobtor/PHD/ARGOSJ8_IA/ARGOSJ8_IA_/install/GUI_pkg:/home/rhobtor/reactive/Reactive-Navegation/workspace_full_conected/install/car:/opt/ros/humble /usr/bin/cmake --install /home/rhobtor/PHD/ARGOSJ8_IA/ARGOSJ8_IA_/build/argj801_ctl_platform_interfaces
[16.704s] -- Install configuration: ""
[16.704s] -- Installing: /home/rhobtor/PHD/ARGOSJ8_IA/ARGOSJ8_IA_/install/argj801_ctl_platform_interfaces/share/ament_index/resource_index/rosidl_interfaces/argj801_ctl_platform_interfaces
[16.704s] -- Installing: /home/rhobtor/PHD/ARGOSJ8_IA/ARGOSJ8_IA_/install/argj801_ctl_platform_interfaces/include/argj801_ctl_platform_interfaces/argj801_ctl_platform_interfaces
[16.704s] -- Installing: /home/rhobtor/PHD/ARGOSJ8_IA/ARGOSJ8_IA_/install/argj801_ctl_platform_interfaces/include/argj801_ctl_platform_interfaces/argj801_ctl_platform_interfaces/srv
[16.704s] -- Installing: /home/rhobtor/PHD/ARGOSJ8_IA/ARGOSJ8_IA_/install/argj801_ctl_platform_interfaces/include/argj801_ctl_platform_interfaces/argj801_ctl_platform_interfaces/srv/emergency_stop.h
[16.704s] -- Installing: /home/rhobtor/PHD/ARGOSJ8_IA/ARGOSJ8_IA_/install/argj801_ctl_platform_interfaces/include/argj801_ctl_platform_interfaces/argj801_ctl_platform_interfaces/srv/detail
[16.704s] -- Installing: /home/rhobtor/PHD/ARGOSJ8_IA/ARGOSJ8_IA_/install/argj801_ctl_platform_interfaces/include/argj801_ctl_platform_interfaces/argj801_ctl_platform_interfaces/srv/detail/set_velocity__functions.h
[16.704s] -- Installing: /home/rhobtor/PHD/ARGOSJ8_IA/ARGOSJ8_IA_/install/argj801_ctl_platform_interfaces/include/argj801_ctl_platform_interfaces/argj801_ctl_platform_interfaces/srv/detail/emergency_stop__type_support.h
[16.704s] -- Installing: /home/rhobtor/PHD/ARGOSJ8_IA/ARGOSJ8_IA_/install/argj801_ctl_platform_interfaces/include/argj801_ctl_platform_interfaces/argj801_ctl_platform_interfaces/srv/detail/get_velocity__struct.h
[16.704s] -- Installing: /home/rhobtor/PHD/ARGOSJ8_IA/ARGOSJ8_IA_/install/argj801_ctl_platform_interfaces/include/argj801_ctl_platform_interfaces/argj801_ctl_platform_interfaces/srv/detail/get_velocity__functions.c
[16.704s] -- Installing: /home/rhobtor/PHD/ARGOSJ8_IA/ARGOSJ8_IA_/install/argj801_ctl_platform_interfaces/include/argj801_ctl_platform_interfaces/argj801_ctl_platform_interfaces/srv/detail/emergency_stop__functions.c
[16.704s] -- Installing: /home/rhobtor/PHD/ARGOSJ8_IA/ARGOSJ8_IA_/install/argj801_ctl_platform_interfaces/include/argj801_ctl_platform_interfaces/argj801_ctl_platform_interfaces/srv/detail/emergency_stop__functions.h
[16.704s] -- Installing: /home/rhobtor/PHD/ARGOSJ8_IA/ARGOSJ8_IA_/install/argj801_ctl_platform_interfaces/include/argj801_ctl_platform_interfaces/argj801_ctl_platform_interfaces/srv/detail/get_velocity__type_support.h
[16.707s] -- Installing: /home/rhobtor/PHD/ARGOSJ8_IA/ARGOSJ8_IA_/install/argj801_ctl_platform_interfaces/include/argj801_ctl_platform_interfaces/argj801_ctl_platform_interfaces/srv/detail/set_velocity__functions.c
[16.708s] -- Installing: /home/rhobtor/PHD/ARGOSJ8_IA/ARGOSJ8_IA_/install/argj801_ctl_platform_interfaces/include/argj801_ctl_platform_interfaces/argj801_ctl_platform_interfaces/srv/detail/get_velocity__functions.h
[16.708s] -- Installing: /home/rhobtor/PHD/ARGOSJ8_IA/ARGOSJ8_IA_/install/argj801_ctl_platform_interfaces/include/argj801_ctl_platform_interfaces/argj801_ctl_platform_interfaces/srv/detail/set_velocity__struct.h
[16.708s] -- Installing: /home/rhobtor/PHD/ARGOSJ8_IA/ARGOSJ8_IA_/install/argj801_ctl_platform_interfaces/include/argj801_ctl_platform_interfaces/argj801_ctl_platform_interfaces/srv/detail/set_velocity__type_support.h
[16.708s] -- Installing: /home/rhobtor/PHD/ARGOSJ8_IA/ARGOSJ8_IA_/install/argj801_ctl_platform_interfaces/include/argj801_ctl_platform_interfaces/argj801_ctl_platform_interfaces/srv/detail/emergency_stop__struct.h
[16.708s] -- Installing: /home/rhobtor/PHD/ARGOSJ8_IA/ARGOSJ8_IA_/install/argj801_ctl_platform_interfaces/include/argj801_ctl_platform_interfaces/argj801_ctl_platform_interfaces/srv/set_velocity.h
[16.708s] -- Installing: /home/rhobtor/PHD/ARGOSJ8_IA/ARGOSJ8_IA_/install/argj801_ctl_platform_interfaces/include/argj801_ctl_platform_interfaces/argj801_ctl_platform_interfaces/srv/get_velocity.h
[16.708s] -- Installing: /home/rhobtor/PHD/ARGOSJ8_IA/ARGOSJ8_IA_/install/argj801_ctl_platform_interfaces/include/argj801_ctl_platform_interfaces/argj801_ctl_platform_interfaces/msg
[16.708s] -- Installing: /home/rhobtor/PHD/ARGOSJ8_IA/ARGOSJ8_IA_/install/argj801_ctl_platform_interfaces/include/argj801_ctl_platform_interfaces/argj801_ctl_platform_interfaces/msg/rosidl_generator_c__visibility_control.h
[16.708s] -- Installing: /home/rhobtor/PHD/ARGOSJ8_IA/ARGOSJ8_IA_/install/argj801_ctl_platform_interfaces/include/argj801_ctl_platform_interfaces/argj801_ctl_platform_interfaces/msg/kinematic_debug_msg.h
[16.708s] -- Installing: /home/rhobtor/PHD/ARGOSJ8_IA/ARGOSJ8_IA_/install/argj801_ctl_platform_interfaces/include/argj801_ctl_platform_interfaces/argj801_ctl_platform_interfaces/msg/detail
[16.708s] -- Installing: /home/rhobtor/PHD/ARGOSJ8_IA/ARGOSJ8_IA_/install/argj801_ctl_platform_interfaces/include/argj801_ctl_platform_interfaces/argj801_ctl_platform_interfaces/msg/detail/cmd_throttle_msg__struct.h
[16.708s] -- Installing: /home/rhobtor/PHD/ARGOSJ8_IA/ARGOSJ8_IA_/install/argj801_ctl_platform_interfaces/include/argj801_ctl_platform_interfaces/argj801_ctl_platform_interfaces/msg/detail/cmd_throttle_msg__type_support.h
[16.708s] -- Installing: /home/rhobtor/PHD/ARGOSJ8_IA/ARGOSJ8_IA_/install/argj801_ctl_platform_interfaces/include/argj801_ctl_platform_interfaces/argj801_ctl_platform_interfaces/msg/detail/kinematic_debug_msg__type_support.h
[16.708s] -- Installing: /home/rhobtor/PHD/ARGOSJ8_IA/ARGOSJ8_IA_/install/argj801_ctl_platform_interfaces/include/argj801_ctl_platform_interfaces/argj801_ctl_platform_interfaces/msg/detail/cmd_throttle_msg__functions.c
[16.708s] -- Installing: /home/rhobtor/PHD/ARGOSJ8_IA/ARGOSJ8_IA_/install/argj801_ctl_platform_interfaces/include/argj801_ctl_platform_interfaces/argj801_ctl_platform_interfaces/msg/detail/kinematic_debug_msg__functions.h
[16.708s] -- Installing: /home/rhobtor/PHD/ARGOSJ8_IA/ARGOSJ8_IA_/install/argj801_ctl_platform_interfaces/include/argj801_ctl_platform_interfaces/argj801_ctl_platform_interfaces/msg/detail/cmd_throttle_msg__functions.h
[16.708s] -- Installing: /home/rhobtor/PHD/ARGOSJ8_IA/ARGOSJ8_IA_/install/argj801_ctl_platform_interfaces/include/argj801_ctl_platform_interfaces/argj801_ctl_platform_interfaces/msg/detail/kinematic_debug_msg__struct.h
[16.708s] -- Installing: /home/rhobtor/PHD/ARGOSJ8_IA/ARGOSJ8_IA_/install/argj801_ctl_platform_interfaces/include/argj801_ctl_platform_interfaces/argj801_ctl_platform_interfaces/msg/detail/kinematic_debug_msg__functions.c
[16.709s] -- Installing: /home/rhobtor/PHD/ARGOSJ8_IA/ARGOSJ8_IA_/install/argj801_ctl_platform_interfaces/include/argj801_ctl_platform_interfaces/argj801_ctl_platform_interfaces/msg/cmd_throttle_msg.h
[16.709s] -- Installing: /home/rhobtor/PHD/ARGOSJ8_IA/ARGOSJ8_IA_/install/argj801_ctl_platform_interfaces/share/argj801_ctl_platform_interfaces/environment/library_path.sh
[16.709s] -- Installing: /home/rhobtor/PHD/ARGOSJ8_IA/ARGOSJ8_IA_/install/argj801_ctl_platform_interfaces/share/argj801_ctl_platform_interfaces/environment/library_path.dsv
[16.709s] -- Installing: /home/rhobtor/PHD/ARGOSJ8_IA/ARGOSJ8_IA_/install/argj801_ctl_platform_interfaces/lib/libargj801_ctl_platform_interfaces__rosidl_generator_c.so
[16.709s] -- Set runtime path of "/home/rhobtor/PHD/ARGOSJ8_IA/ARGOSJ8_IA_/install/argj801_ctl_platform_interfaces/lib/libargj801_ctl_platform_interfaces__rosidl_generator_c.so" to ""
[16.709s] -- Up-to-date: /home/rhobtor/PHD/ARGOSJ8_IA/ARGOSJ8_IA_/install/argj801_ctl_platform_interfaces/include/argj801_ctl_platform_interfaces/argj801_ctl_platform_interfaces
[16.709s] -- Up-to-date: /home/rhobtor/PHD/ARGOSJ8_IA/ARGOSJ8_IA_/install/argj801_ctl_platform_interfaces/include/argj801_ctl_platform_interfaces/argj801_ctl_platform_interfaces/srv
[16.709s] -- Up-to-date: /home/rhobtor/PHD/ARGOSJ8_IA/ARGOSJ8_IA_/install/argj801_ctl_platform_interfaces/include/argj801_ctl_platform_interfaces/argj801_ctl_platform_interfaces/srv/detail
[16.709s] -- Installing: /home/rhobtor/PHD/ARGOSJ8_IA/ARGOSJ8_IA_/install/argj801_ctl_platform_interfaces/include/argj801_ctl_platform_interfaces/argj801_ctl_platform_interfaces/srv/detail/set_velocity__rosidl_typesupport_fastrtps_c.h
[16.709s] -- Installing: /home/rhobtor/PHD/ARGOSJ8_IA/ARGOSJ8_IA_/install/argj801_ctl_platform_interfaces/include/argj801_ctl_platform_interfaces/argj801_ctl_platform_interfaces/srv/detail/emergency_stop__rosidl_typesupport_fastrtps_c.h
[16.709s] -- Installing: /home/rhobtor/PHD/ARGOSJ8_IA/ARGOSJ8_IA_/install/argj801_ctl_platform_interfaces/include/argj801_ctl_platform_interfaces/argj801_ctl_platform_interfaces/srv/detail/get_velocity__rosidl_typesupport_fastrtps_c.h
[16.709s] -- Up-to-date: /home/rhobtor/PHD/ARGOSJ8_IA/ARGOSJ8_IA_/install/argj801_ctl_platform_interfaces/include/argj801_ctl_platform_interfaces/argj801_ctl_platform_interfaces/msg
[16.709s] -- Installing: /home/rhobtor/PHD/ARGOSJ8_IA/ARGOSJ8_IA_/install/argj801_ctl_platform_interfaces/include/argj801_ctl_platform_interfaces/argj801_ctl_platform_interfaces/msg/rosidl_typesupport_fastrtps_c__visibility_control.h
[16.709s] -- Up-to-date: /home/rhobtor/PHD/ARGOSJ8_IA/ARGOSJ8_IA_/install/argj801_ctl_platform_interfaces/include/argj801_ctl_platform_interfaces/argj801_ctl_platform_interfaces/msg/detail
[16.709s] -- Installing: /home/rhobtor/PHD/ARGOSJ8_IA/ARGOSJ8_IA_/install/argj801_ctl_platform_interfaces/include/argj801_ctl_platform_interfaces/argj801_ctl_platform_interfaces/msg/detail/cmd_throttle_msg__rosidl_typesupport_fastrtps_c.h
[16.709s] -- Installing: /home/rhobtor/PHD/ARGOSJ8_IA/ARGOSJ8_IA_/install/argj801_ctl_platform_interfaces/include/argj801_ctl_platform_interfaces/argj801_ctl_platform_interfaces/msg/detail/kinematic_debug_msg__rosidl_typesupport_fastrtps_c.h
[16.709s] -- Installing: /home/rhobtor/PHD/ARGOSJ8_IA/ARGOSJ8_IA_/install/argj801_ctl_platform_interfaces/lib/libargj801_ctl_platform_interfaces__rosidl_typesupport_fastrtps_c.so
[16.710s] -- Set runtime path of "/home/rhobtor/PHD/ARGOSJ8_IA/ARGOSJ8_IA_/install/argj801_ctl_platform_interfaces/lib/libargj801_ctl_platform_interfaces__rosidl_typesupport_fastrtps_c.so" to ""
[16.710s] -- Up-to-date: /home/rhobtor/PHD/ARGOSJ8_IA/ARGOSJ8_IA_/install/argj801_ctl_platform_interfaces/include/argj801_ctl_platform_interfaces/argj801_ctl_platform_interfaces
[16.710s] -- Up-to-date: /home/rhobtor/PHD/ARGOSJ8_IA/ARGOSJ8_IA_/install/argj801_ctl_platform_interfaces/include/argj801_ctl_platform_interfaces/argj801_ctl_platform_interfaces/srv
[16.710s] -- Up-to-date: /home/rhobtor/PHD/ARGOSJ8_IA/ARGOSJ8_IA_/install/argj801_ctl_platform_interfaces/include/argj801_ctl_platform_interfaces/argj801_ctl_platform_interfaces/srv/detail
[16.710s] -- Installing: /home/rhobtor/PHD/ARGOSJ8_IA/ARGOSJ8_IA_/install/argj801_ctl_platform_interfaces/include/argj801_ctl_platform_interfaces/argj801_ctl_platform_interfaces/srv/detail/get_velocity__type_support.c
[16.710s] -- Installing: /home/rhobtor/PHD/ARGOSJ8_IA/ARGOSJ8_IA_/install/argj801_ctl_platform_interfaces/include/argj801_ctl_platform_interfaces/argj801_ctl_platform_interfaces/srv/detail/emergency_stop__rosidl_typesupport_introspection_c.h
[16.710s] -- Installing: /home/rhobtor/PHD/ARGOSJ8_IA/ARGOSJ8_IA_/install/argj801_ctl_platform_interfaces/include/argj801_ctl_platform_interfaces/argj801_ctl_platform_interfaces/srv/detail/get_velocity__rosidl_typesupport_introspection_c.h
[16.710s] -- Installing: /home/rhobtor/PHD/ARGOSJ8_IA/ARGOSJ8_IA_/install/argj801_ctl_platform_interfaces/include/argj801_ctl_platform_interfaces/argj801_ctl_platform_interfaces/srv/detail/set_velocity__rosidl_typesupport_introspection_c.h
[16.710s] -- Installing: /home/rhobtor/PHD/ARGOSJ8_IA/ARGOSJ8_IA_/install/argj801_ctl_platform_interfaces/include/argj801_ctl_platform_interfaces/argj801_ctl_platform_interfaces/srv/detail/set_velocity__type_support.c
[16.710s] -- Installing: /home/rhobtor/PHD/ARGOSJ8_IA/ARGOSJ8_IA_/install/argj801_ctl_platform_interfaces/include/argj801_ctl_platform_interfaces/argj801_ctl_platform_interfaces/srv/detail/emergency_stop__type_support.c
[16.710s] -- Up-to-date: /home/rhobtor/PHD/ARGOSJ8_IA/ARGOSJ8_IA_/install/argj801_ctl_platform_interfaces/include/argj801_ctl_platform_interfaces/argj801_ctl_platform_interfaces/msg
[16.710s] -- Installing: /home/rhobtor/PHD/ARGOSJ8_IA/ARGOSJ8_IA_/install/argj801_ctl_platform_interfaces/include/argj801_ctl_platform_interfaces/argj801_ctl_platform_interfaces/msg/rosidl_typesupport_introspection_c__visibility_control.h
[16.710s] -- Up-to-date: /home/rhobtor/PHD/ARGOSJ8_IA/ARGOSJ8_IA_/install/argj801_ctl_platform_interfaces/include/argj801_ctl_platform_interfaces/argj801_ctl_platform_interfaces/msg/detail
[16.710s] -- Installing: /home/rhobtor/PHD/ARGOSJ8_IA/ARGOSJ8_IA_/install/argj801_ctl_platform_interfaces/include/argj801_ctl_platform_interfaces/argj801_ctl_platform_interfaces/msg/detail/kinematic_debug_msg__rosidl_typesupport_introspection_c.h
[16.713s] -- Installing: /home/rhobtor/PHD/ARGOSJ8_IA/ARGOSJ8_IA_/install/argj801_ctl_platform_interfaces/include/argj801_ctl_platform_interfaces/argj801_ctl_platform_interfaces/msg/detail/kinematic_debug_msg__type_support.c
[16.714s] -- Installing: /home/rhobtor/PHD/ARGOSJ8_IA/ARGOSJ8_IA_/install/argj801_ctl_platform_interfaces/include/argj801_ctl_platform_interfaces/argj801_ctl_platform_interfaces/msg/detail/cmd_throttle_msg__type_support.c
[16.714s] -- Installing: /home/rhobtor/PHD/ARGOSJ8_IA/ARGOSJ8_IA_/install/argj801_ctl_platform_interfaces/include/argj801_ctl_platform_interfaces/argj801_ctl_platform_interfaces/msg/detail/cmd_throttle_msg__rosidl_typesupport_introspection_c.h
[16.714s] -- Installing: /home/rhobtor/PHD/ARGOSJ8_IA/ARGOSJ8_IA_/install/argj801_ctl_platform_interfaces/lib/libargj801_ctl_platform_interfaces__rosidl_typesupport_introspection_c.so
[16.714s] -- Set runtime path of "/home/rhobtor/PHD/ARGOSJ8_IA/ARGOSJ8_IA_/install/argj801_ctl_platform_interfaces/lib/libargj801_ctl_platform_interfaces__rosidl_typesupport_introspection_c.so" to ""
[16.714s] -- Installing: /home/rhobtor/PHD/ARGOSJ8_IA/ARGOSJ8_IA_/install/argj801_ctl_platform_interfaces/lib/libargj801_ctl_platform_interfaces__rosidl_typesupport_c.so
[16.714s] -- Set runtime path of "/home/rhobtor/PHD/ARGOSJ8_IA/ARGOSJ8_IA_/install/argj801_ctl_platform_interfaces/lib/libargj801_ctl_platform_interfaces__rosidl_typesupport_c.so" to ""
[16.714s] -- Up-to-date: /home/rhobtor/PHD/ARGOSJ8_IA/ARGOSJ8_IA_/install/argj801_ctl_platform_interfaces/include/argj801_ctl_platform_interfaces/argj801_ctl_platform_interfaces
[16.714s] -- Up-to-date: /home/rhobtor/PHD/ARGOSJ8_IA/ARGOSJ8_IA_/install/argj801_ctl_platform_interfaces/include/argj801_ctl_platform_interfaces/argj801_ctl_platform_interfaces/srv
[16.714s] -- Installing: /home/rhobtor/PHD/ARGOSJ8_IA/ARGOSJ8_IA_/install/argj801_ctl_platform_interfaces/include/argj801_ctl_platform_interfaces/argj801_ctl_platform_interfaces/srv/set_velocity.hpp
[16.714s] -- Up-to-date: /home/rhobtor/PHD/ARGOSJ8_IA/ARGOSJ8_IA_/install/argj801_ctl_platform_interfaces/include/argj801_ctl_platform_interfaces/argj801_ctl_platform_interfaces/srv/detail
[16.714s] -- Installing: /home/rhobtor/PHD/ARGOSJ8_IA/ARGOSJ8_IA_/install/argj801_ctl_platform_interfaces/include/argj801_ctl_platform_interfaces/argj801_ctl_platform_interfaces/srv/detail/emergency_stop__struct.hpp
[16.714s] -- Installing: /home/rhobtor/PHD/ARGOSJ8_IA/ARGOSJ8_IA_/install/argj801_ctl_platform_interfaces/include/argj801_ctl_platform_interfaces/argj801_ctl_platform_interfaces/srv/detail/set_velocity__builder.hpp
[16.714s] -- Installing: /home/rhobtor/PHD/ARGOSJ8_IA/ARGOSJ8_IA_/install/argj801_ctl_platform_interfaces/include/argj801_ctl_platform_interfaces/argj801_ctl_platform_interfaces/srv/detail/emergency_stop__type_support.hpp
[16.714s] -- Installing: /home/rhobtor/PHD/ARGOSJ8_IA/ARGOSJ8_IA_/install/argj801_ctl_platform_interfaces/include/argj801_ctl_platform_interfaces/argj801_ctl_platform_interfaces/srv/detail/set_velocity__traits.hpp
[16.714s] -- Installing: /home/rhobtor/PHD/ARGOSJ8_IA/ARGOSJ8_IA_/install/argj801_ctl_platform_interfaces/include/argj801_ctl_platform_interfaces/argj801_ctl_platform_interfaces/srv/detail/emergency_stop__traits.hpp
[16.714s] -- Installing: /home/rhobtor/PHD/ARGOSJ8_IA/ARGOSJ8_IA_/install/argj801_ctl_platform_interfaces/include/argj801_ctl_platform_interfaces/argj801_ctl_platform_interfaces/srv/detail/get_velocity__type_support.hpp
[16.714s] -- Installing: /home/rhobtor/PHD/ARGOSJ8_IA/ARGOSJ8_IA_/install/argj801_ctl_platform_interfaces/include/argj801_ctl_platform_interfaces/argj801_ctl_platform_interfaces/srv/detail/get_velocity__traits.hpp
[16.715s] -- Installing: /home/rhobtor/PHD/ARGOSJ8_IA/ARGOSJ8_IA_/install/argj801_ctl_platform_interfaces/include/argj801_ctl_platform_interfaces/argj801_ctl_platform_interfaces/srv/detail/set_velocity__type_support.hpp
[16.715s] -- Installing: /home/rhobtor/PHD/ARGOSJ8_IA/ARGOSJ8_IA_/install/argj801_ctl_platform_interfaces/include/argj801_ctl_platform_interfaces/argj801_ctl_platform_interfaces/srv/detail/set_velocity__struct.hpp
[16.715s] -- Installing: /home/rhobtor/PHD/ARGOSJ8_IA/ARGOSJ8_IA_/install/argj801_ctl_platform_interfaces/include/argj801_ctl_platform_interfaces/argj801_ctl_platform_interfaces/srv/detail/get_velocity__builder.hpp
[16.715s] -- Installing: /home/rhobtor/PHD/ARGOSJ8_IA/ARGOSJ8_IA_/install/argj801_ctl_platform_interfaces/include/argj801_ctl_platform_interfaces/argj801_ctl_platform_interfaces/srv/detail/emergency_stop__builder.hpp
[16.715s] -- Installing: /home/rhobtor/PHD/ARGOSJ8_IA/ARGOSJ8_IA_/install/argj801_ctl_platform_interfaces/include/argj801_ctl_platform_interfaces/argj801_ctl_platform_interfaces/srv/detail/get_velocity__struct.hpp
[16.715s] -- Installing: /home/rhobtor/PHD/ARGOSJ8_IA/ARGOSJ8_IA_/install/argj801_ctl_platform_interfaces/include/argj801_ctl_platform_interfaces/argj801_ctl_platform_interfaces/srv/get_velocity.hpp
[16.715s] -- Installing: /home/rhobtor/PHD/ARGOSJ8_IA/ARGOSJ8_IA_/install/argj801_ctl_platform_interfaces/include/argj801_ctl_platform_interfaces/argj801_ctl_platform_interfaces/srv/emergency_stop.hpp
[16.715s] -- Up-to-date: /home/rhobtor/PHD/ARGOSJ8_IA/ARGOSJ8_IA_/install/argj801_ctl_platform_interfaces/include/argj801_ctl_platform_interfaces/argj801_ctl_platform_interfaces/msg
[16.715s] -- Installing: /home/rhobtor/PHD/ARGOSJ8_IA/ARGOSJ8_IA_/install/argj801_ctl_platform_interfaces/include/argj801_ctl_platform_interfaces/argj801_ctl_platform_interfaces/msg/cmd_throttle_msg.hpp
[16.716s] -- Up-to-date: /home/rhobtor/PHD/ARGOSJ8_IA/ARGOSJ8_IA_/install/argj801_ctl_platform_interfaces/include/argj801_ctl_platform_interfaces/argj801_ctl_platform_interfaces/msg/detail
[16.716s] -- Installing: /home/rhobtor/PHD/ARGOSJ8_IA/ARGOSJ8_IA_/install/argj801_ctl_platform_interfaces/include/argj801_ctl_platform_interfaces/argj801_ctl_platform_interfaces/msg/detail/cmd_throttle_msg__struct.hpp
[16.716s] -- Installing: /home/rhobtor/PHD/ARGOSJ8_IA/ARGOSJ8_IA_/install/argj801_ctl_platform_interfaces/include/argj801_ctl_platform_interfaces/argj801_ctl_platform_interfaces/msg/detail/kinematic_debug_msg__builder.hpp
[16.716s] -- Installing: /home/rhobtor/PHD/ARGOSJ8_IA/ARGOSJ8_IA_/install/argj801_ctl_platform_interfaces/include/argj801_ctl_platform_interfaces/argj801_ctl_platform_interfaces/msg/detail/cmd_throttle_msg__traits.hpp
[16.716s] -- Installing: /home/rhobtor/PHD/ARGOSJ8_IA/ARGOSJ8_IA_/install/argj801_ctl_platform_interfaces/include/argj801_ctl_platform_interfaces/argj801_ctl_platform_interfaces/msg/detail/kinematic_debug_msg__traits.hpp
[16.716s] -- Installing: /home/rhobtor/PHD/ARGOSJ8_IA/ARGOSJ8_IA_/install/argj801_ctl_platform_interfaces/include/argj801_ctl_platform_interfaces/argj801_ctl_platform_interfaces/msg/detail/kinematic_debug_msg__struct.hpp
[16.716s] -- Installing: /home/rhobtor/PHD/ARGOSJ8_IA/ARGOSJ8_IA_/install/argj801_ctl_platform_interfaces/include/argj801_ctl_platform_interfaces/argj801_ctl_platform_interfaces/msg/detail/cmd_throttle_msg__builder.hpp
[16.716s] -- Installing: /home/rhobtor/PHD/ARGOSJ8_IA/ARGOSJ8_IA_/install/argj801_ctl_platform_interfaces/include/argj801_ctl_platform_interfaces/argj801_ctl_platform_interfaces/msg/detail/kinematic_debug_msg__type_support.hpp
[16.716s] -- Installing: /home/rhobtor/PHD/ARGOSJ8_IA/ARGOSJ8_IA_/install/argj801_ctl_platform_interfaces/include/argj801_ctl_platform_interfaces/argj801_ctl_platform_interfaces/msg/detail/cmd_throttle_msg__type_support.hpp
[16.716s] -- Installing: /home/rhobtor/PHD/ARGOSJ8_IA/ARGOSJ8_IA_/install/argj801_ctl_platform_interfaces/include/argj801_ctl_platform_interfaces/argj801_ctl_platform_interfaces/msg/rosidl_generator_cpp__visibility_control.hpp
[16.716s] -- Installing: /home/rhobtor/PHD/ARGOSJ8_IA/ARGOSJ8_IA_/install/argj801_ctl_platform_interfaces/include/argj801_ctl_platform_interfaces/argj801_ctl_platform_interfaces/msg/kinematic_debug_msg.hpp
[16.716s] -- Up-to-date: /home/rhobtor/PHD/ARGOSJ8_IA/ARGOSJ8_IA_/install/argj801_ctl_platform_interfaces/include/argj801_ctl_platform_interfaces/argj801_ctl_platform_interfaces
[16.716s] -- Up-to-date: /home/rhobtor/PHD/ARGOSJ8_IA/ARGOSJ8_IA_/install/argj801_ctl_platform_interfaces/include/argj801_ctl_platform_interfaces/argj801_ctl_platform_interfaces/srv
[16.720s] -- Up-to-date: /home/rhobtor/PHD/ARGOSJ8_IA/ARGOSJ8_IA_/install/argj801_ctl_platform_interfaces/include/argj801_ctl_platform_interfaces/argj801_ctl_platform_interfaces/srv/detail
[16.720s] -- Installing: /home/rhobtor/PHD/ARGOSJ8_IA/ARGOSJ8_IA_/install/argj801_ctl_platform_interfaces/include/argj801_ctl_platform_interfaces/argj801_ctl_platform_interfaces/srv/detail/dds_fastrtps
[16.720s] -- Installing: /home/rhobtor/PHD/ARGOSJ8_IA/ARGOSJ8_IA_/install/argj801_ctl_platform_interfaces/include/argj801_ctl_platform_interfaces/argj801_ctl_platform_interfaces/srv/detail/set_velocity__rosidl_typesupport_fastrtps_cpp.hpp
[16.720s] -- Installing: /home/rhobtor/PHD/ARGOSJ8_IA/ARGOSJ8_IA_/install/argj801_ctl_platform_interfaces/include/argj801_ctl_platform_interfaces/argj801_ctl_platform_interfaces/srv/detail/emergency_stop__rosidl_typesupport_fastrtps_cpp.hpp
[16.722s] -- Installing: /home/rhobtor/PHD/ARGOSJ8_IA/ARGOSJ8_IA_/install/argj801_ctl_platform_interfaces/include/argj801_ctl_platform_interfaces/argj801_ctl_platform_interfaces/srv/detail/get_velocity__rosidl_typesupport_fastrtps_cpp.hpp
[16.723s] -- Up-to-date: /home/rhobtor/PHD/ARGOSJ8_IA/ARGOSJ8_IA_/install/argj801_ctl_platform_interfaces/include/argj801_ctl_platform_interfaces/argj801_ctl_platform_interfaces/msg
[16.723s] -- Installing: /home/rhobtor/PHD/ARGOSJ8_IA/ARGOSJ8_IA_/install/argj801_ctl_platform_interfaces/include/argj801_ctl_platform_interfaces/argj801_ctl_platform_interfaces/msg/rosidl_typesupport_fastrtps_cpp__visibility_control.h
[16.723s] -- Up-to-date: /home/rhobtor/PHD/ARGOSJ8_IA/ARGOSJ8_IA_/install/argj801_ctl_platform_interfaces/include/argj801_ctl_platform_interfaces/argj801_ctl_platform_interfaces/msg/detail
[16.723s] -- Installing: /home/rhobtor/PHD/ARGOSJ8_IA/ARGOSJ8_IA_/install/argj801_ctl_platform_interfaces/include/argj801_ctl_platform_interfaces/argj801_ctl_platform_interfaces/msg/detail/cmd_throttle_msg__rosidl_typesupport_fastrtps_cpp.hpp
[16.723s] -- Installing: /home/rhobtor/PHD/ARGOSJ8_IA/ARGOSJ8_IA_/install/argj801_ctl_platform_interfaces/include/argj801_ctl_platform_interfaces/argj801_ctl_platform_interfaces/msg/detail/dds_fastrtps
[16.723s] -- Installing: /home/rhobtor/PHD/ARGOSJ8_IA/ARGOSJ8_IA_/install/argj801_ctl_platform_interfaces/include/argj801_ctl_platform_interfaces/argj801_ctl_platform_interfaces/msg/detail/kinematic_debug_msg__rosidl_typesupport_fastrtps_cpp.hpp
[16.723s] -- Installing: /home/rhobtor/PHD/ARGOSJ8_IA/ARGOSJ8_IA_/install/argj801_ctl_platform_interfaces/lib/libargj801_ctl_platform_interfaces__rosidl_typesupport_fastrtps_cpp.so
[16.723s] -- Set runtime path of "/home/rhobtor/PHD/ARGOSJ8_IA/ARGOSJ8_IA_/install/argj801_ctl_platform_interfaces/lib/libargj801_ctl_platform_interfaces__rosidl_typesupport_fastrtps_cpp.so" to ""
[16.723s] -- Up-to-date: /home/rhobtor/PHD/ARGOSJ8_IA/ARGOSJ8_IA_/install/argj801_ctl_platform_interfaces/include/argj801_ctl_platform_interfaces/argj801_ctl_platform_interfaces
[16.727s] -- Up-to-date: /home/rhobtor/PHD/ARGOSJ8_IA/ARGOSJ8_IA_/install/argj801_ctl_platform_interfaces/include/argj801_ctl_platform_interfaces/argj801_ctl_platform_interfaces/srv
[16.727s] -- Up-to-date: /home/rhobtor/PHD/ARGOSJ8_IA/ARGOSJ8_IA_/install/argj801_ctl_platform_interfaces/include/argj801_ctl_platform_interfaces/argj801_ctl_platform_interfaces/srv/detail
[16.727s] -- Installing: /home/rhobtor/PHD/ARGOSJ8_IA/ARGOSJ8_IA_/install/argj801_ctl_platform_interfaces/include/argj801_ctl_platform_interfaces/argj801_ctl_platform_interfaces/srv/detail/get_velocity__type_support.cpp
[16.727s] -- Installing: /home/rhobtor/PHD/ARGOSJ8_IA/ARGOSJ8_IA_/install/argj801_ctl_platform_interfaces/include/argj801_ctl_platform_interfaces/argj801_ctl_platform_interfaces/srv/detail/set_velocity__rosidl_typesupport_introspection_cpp.hpp
[16.727s] -- Installing: /home/rhobtor/PHD/ARGOSJ8_IA/ARGOSJ8_IA_/install/argj801_ctl_platform_interfaces/include/argj801_ctl_platform_interfaces/argj801_ctl_platform_interfaces/srv/detail/emergency_stop__type_support.cpp
[16.727s] -- Installing: /home/rhobtor/PHD/ARGOSJ8_IA/ARGOSJ8_IA_/install/argj801_ctl_platform_interfaces/include/argj801_ctl_platform_interfaces/argj801_ctl_platform_interfaces/srv/detail/emergency_stop__rosidl_typesupport_introspection_cpp.hpp
[16.727s] -- Installing: /home/rhobtor/PHD/ARGOSJ8_IA/ARGOSJ8_IA_/install/argj801_ctl_platform_interfaces/include/argj801_ctl_platform_interfaces/argj801_ctl_platform_interfaces/srv/detail/set_velocity__type_support.cpp
[16.728s] -- Installing: /home/rhobtor/PHD/ARGOSJ8_IA/ARGOSJ8_IA_/install/argj801_ctl_platform_interfaces/include/argj801_ctl_platform_interfaces/argj801_ctl_platform_interfaces/srv/detail/get_velocity__rosidl_typesupport_introspection_cpp.hpp
[16.728s] -- Up-to-date: /home/rhobtor/PHD/ARGOSJ8_IA/ARGOSJ8_IA_/install/argj801_ctl_platform_interfaces/include/argj801_ctl_platform_interfaces/argj801_ctl_platform_interfaces/msg
[16.728s] -- Up-to-date: /home/rhobtor/PHD/ARGOSJ8_IA/ARGOSJ8_IA_/install/argj801_ctl_platform_interfaces/include/argj801_ctl_platform_interfaces/argj801_ctl_platform_interfaces/msg/detail
[16.729s] -- Installing: /home/rhobtor/PHD/ARGOSJ8_IA/ARGOSJ8_IA_/install/argj801_ctl_platform_interfaces/include/argj801_ctl_platform_interfaces/argj801_ctl_platform_interfaces/msg/detail/cmd_throttle_msg__rosidl_typesupport_introspection_cpp.hpp
[16.729s] -- Installing: /home/rhobtor/PHD/ARGOSJ8_IA/ARGOSJ8_IA_/install/argj801_ctl_platform_interfaces/include/argj801_ctl_platform_interfaces/argj801_ctl_platform_interfaces/msg/detail/cmd_throttle_msg__type_support.cpp
[16.729s] -- Installing: /home/rhobtor/PHD/ARGOSJ8_IA/ARGOSJ8_IA_/install/argj801_ctl_platform_interfaces/include/argj801_ctl_platform_interfaces/argj801_ctl_platform_interfaces/msg/detail/kinematic_debug_msg__type_support.cpp
[16.729s] -- Installing: /home/rhobtor/PHD/ARGOSJ8_IA/ARGOSJ8_IA_/install/argj801_ctl_platform_interfaces/include/argj801_ctl_platform_interfaces/argj801_ctl_platform_interfaces/msg/detail/kinematic_debug_msg__rosidl_typesupport_introspection_cpp.hpp
[16.729s] -- Installing: /home/rhobtor/PHD/ARGOSJ8_IA/ARGOSJ8_IA_/install/argj801_ctl_platform_interfaces/lib/libargj801_ctl_platform_interfaces__rosidl_typesupport_introspection_cpp.so
[16.729s] -- Set runtime path of "/home/rhobtor/PHD/ARGOSJ8_IA/ARGOSJ8_IA_/install/argj801_ctl_platform_interfaces/lib/libargj801_ctl_platform_interfaces__rosidl_typesupport_introspection_cpp.so" to ""
[16.729s] -- Installing: /home/rhobtor/PHD/ARGOSJ8_IA/ARGOSJ8_IA_/install/argj801_ctl_platform_interfaces/lib/libargj801_ctl_platform_interfaces__rosidl_typesupport_cpp.so
[16.729s] -- Set runtime path of "/home/rhobtor/PHD/ARGOSJ8_IA/ARGOSJ8_IA_/install/argj801_ctl_platform_interfaces/lib/libargj801_ctl_platform_interfaces__rosidl_typesupport_cpp.so" to ""
[16.729s] -- Installing: /home/rhobtor/PHD/ARGOSJ8_IA/ARGOSJ8_IA_/install/argj801_ctl_platform_interfaces/share/argj801_ctl_platform_interfaces/environment/pythonpath.sh
[16.729s] -- Installing: /home/rhobtor/PHD/ARGOSJ8_IA/ARGOSJ8_IA_/install/argj801_ctl_platform_interfaces/share/argj801_ctl_platform_interfaces/environment/pythonpath.dsv
[16.729s] -- Installing: /home/rhobtor/PHD/ARGOSJ8_IA/ARGOSJ8_IA_/install/argj801_ctl_platform_interfaces/local/lib/python3.10/dist-packages/argj801_ctl_platform_interfaces-0.0.0-py3.10.egg-info
[16.729s] -- Installing: /home/rhobtor/PHD/ARGOSJ8_IA/ARGOSJ8_IA_/install/argj801_ctl_platform_interfaces/local/lib/python3.10/dist-packages/argj801_ctl_platform_interfaces-0.0.0-py3.10.egg-info/dependency_links.txt
[16.729s] -- Installing: /home/rhobtor/PHD/ARGOSJ8_IA/ARGOSJ8_IA_/install/argj801_ctl_platform_interfaces/local/lib/python3.10/dist-packages/argj801_ctl_platform_interfaces-0.0.0-py3.10.egg-info/top_level.txt
[16.729s] -- Installing: /home/rhobtor/PHD/ARGOSJ8_IA/ARGOSJ8_IA_/install/argj801_ctl_platform_interfaces/local/lib/python3.10/dist-packages/argj801_ctl_platform_interfaces-0.0.0-py3.10.egg-info/PKG-INFO
[16.729s] -- Installing: /home/rhobtor/PHD/ARGOSJ8_IA/ARGOSJ8_IA_/install/argj801_ctl_platform_interfaces/local/lib/python3.10/dist-packages/argj801_ctl_platform_interfaces-0.0.0-py3.10.egg-info/SOURCES.txt
[16.732s] -- Installing: /home/rhobtor/PHD/ARGOSJ8_IA/ARGOSJ8_IA_/install/argj801_ctl_platform_interfaces/local/lib/python3.10/dist-packages/argj801_ctl_platform_interfaces
[16.732s] -- Installing: /home/rhobtor/PHD/ARGOSJ8_IA/ARGOSJ8_IA_/install/argj801_ctl_platform_interfaces/local/lib/python3.10/dist-packages/argj801_ctl_platform_interfaces/__init__.py
[16.733s] -- Installing: /home/rhobtor/PHD/ARGOSJ8_IA/ARGOSJ8_IA_/install/argj801_ctl_platform_interfaces/local/lib/python3.10/dist-packages/argj801_ctl_platform_interfaces/_argj801_ctl_platform_interfaces_s.ep.rosidl_typesupport_introspection_c.c
[16.733s] -- Installing: /home/rhobtor/PHD/ARGOSJ8_IA/ARGOSJ8_IA_/install/argj801_ctl_platform_interfaces/local/lib/python3.10/dist-packages/argj801_ctl_platform_interfaces/argj801_ctl_platform_interfaces_s__rosidl_typesupport_introspection_c.cpython-310-x86_64-linux-gnu.so
[16.733s] -- Installing: /home/rhobtor/PHD/ARGOSJ8_IA/ARGOSJ8_IA_/install/argj801_ctl_platform_interfaces/local/lib/python3.10/dist-packages/argj801_ctl_platform_interfaces/argj801_ctl_platform_interfaces_s__rosidl_typesupport_c.cpython-310-x86_64-linux-gnu.so
[16.733s] -- Installing: /home/rhobtor/PHD/ARGOSJ8_IA/ARGOSJ8_IA_/install/argj801_ctl_platform_interfaces/local/lib/python3.10/dist-packages/argj801_ctl_platform_interfaces/_argj801_ctl_platform_interfaces_s.ep.rosidl_typesupport_c.c
[16.733s] -- Installing: /home/rhobtor/PHD/ARGOSJ8_IA/ARGOSJ8_IA_/install/argj801_ctl_platform_interfaces/local/lib/python3.10/dist-packages/argj801_ctl_platform_interfaces/srv
[16.733s] -- Installing: /home/rhobtor/PHD/ARGOSJ8_IA/ARGOSJ8_IA_/install/argj801_ctl_platform_interfaces/local/lib/python3.10/dist-packages/argj801_ctl_platform_interfaces/srv/_get_velocity_s.c
[16.733s] -- Installing: /home/rhobtor/PHD/ARGOSJ8_IA/ARGOSJ8_IA_/install/argj801_ctl_platform_interfaces/local/lib/python3.10/dist-packages/argj801_ctl_platform_interfaces/srv/__init__.py
[16.733s] -- Installing: /home/rhobtor/PHD/ARGOSJ8_IA/ARGOSJ8_IA_/install/argj801_ctl_platform_interfaces/local/lib/python3.10/dist-packages/argj801_ctl_platform_interfaces/srv/_set_velocity.py
[16.733s] -- Installing: /home/rhobtor/PHD/ARGOSJ8_IA/ARGOSJ8_IA_/install/argj801_ctl_platform_interfaces/local/lib/python3.10/dist-packages/argj801_ctl_platform_interfaces/srv/_emergency_stop_s.c
[16.733s] -- Installing: /home/rhobtor/PHD/ARGOSJ8_IA/ARGOSJ8_IA_/install/argj801_ctl_platform_interfaces/local/lib/python3.10/dist-packages/argj801_ctl_platform_interfaces/srv/_set_velocity_s.c
[16.733s] -- Installing: /home/rhobtor/PHD/ARGOSJ8_IA/ARGOSJ8_IA_/install/argj801_ctl_platform_interfaces/local/lib/python3.10/dist-packages/argj801_ctl_platform_interfaces/srv/_get_velocity.py
[16.733s] -- Installing: /home/rhobtor/PHD/ARGOSJ8_IA/ARGOSJ8_IA_/install/argj801_ctl_platform_interfaces/local/lib/python3.10/dist-packages/argj801_ctl_platform_interfaces/srv/_emergency_stop.py
[16.733s] -- Installing: /home/rhobtor/PHD/ARGOSJ8_IA/ARGOSJ8_IA_/install/argj801_ctl_platform_interfaces/local/lib/python3.10/dist-packages/argj801_ctl_platform_interfaces/msg
[16.733s] -- Installing: /home/rhobtor/PHD/ARGOSJ8_IA/ARGOSJ8_IA_/install/argj801_ctl_platform_interfaces/local/lib/python3.10/dist-packages/argj801_ctl_platform_interfaces/msg/__init__.py
[16.733s] -- Installing: /home/rhobtor/PHD/ARGOSJ8_IA/ARGOSJ8_IA_/install/argj801_ctl_platform_interfaces/local/lib/python3.10/dist-packages/argj801_ctl_platform_interfaces/msg/_cmd_throttle_msg.py
[16.733s] -- Installing: /home/rhobtor/PHD/ARGOSJ8_IA/ARGOSJ8_IA_/install/argj801_ctl_platform_interfaces/local/lib/python3.10/dist-packages/argj801_ctl_platform_interfaces/msg/_kinematic_debug_msg_s.c
[16.733s] -- Installing: /home/rhobtor/PHD/ARGOSJ8_IA/ARGOSJ8_IA_/install/argj801_ctl_platform_interfaces/local/lib/python3.10/dist-packages/argj801_ctl_platform_interfaces/msg/_cmd_throttle_msg_s.c
[16.733s] -- Installing: /home/rhobtor/PHD/ARGOSJ8_IA/ARGOSJ8_IA_/install/argj801_ctl_platform_interfaces/local/lib/python3.10/dist-packages/argj801_ctl_platform_interfaces/msg/_kinematic_debug_msg.py
[16.734s] -- Installing: /home/rhobtor/PHD/ARGOSJ8_IA/ARGOSJ8_IA_/install/argj801_ctl_platform_interfaces/local/lib/python3.10/dist-packages/argj801_ctl_platform_interfaces/argj801_ctl_platform_interfaces_s__rosidl_typesupport_fastrtps_c.cpython-310-x86_64-linux-gnu.so
[16.734s] -- Installing: /home/rhobtor/PHD/ARGOSJ8_IA/ARGOSJ8_IA_/install/argj801_ctl_platform_interfaces/local/lib/python3.10/dist-packages/argj801_ctl_platform_interfaces/libargj801_ctl_platform_interfaces__rosidl_generator_py.so
[16.734s] -- Installing: /home/rhobtor/PHD/ARGOSJ8_IA/ARGOSJ8_IA_/install/argj801_ctl_platform_interfaces/local/lib/python3.10/dist-packages/argj801_ctl_platform_interfaces/_argj801_ctl_platform_interfaces_s.ep.rosidl_typesupport_fastrtps_c.c
[16.740s] Listing '/home/rhobtor/PHD/ARGOSJ8_IA/ARGOSJ8_IA_/install/argj801_ctl_platform_interfaces/local/lib/python3.10/dist-packages/argj801_ctl_platform_interfaces'...
[16.740s] Compiling '/home/rhobtor/PHD/ARGOSJ8_IA/ARGOSJ8_IA_/install/argj801_ctl_platform_interfaces/local/lib/python3.10/dist-packages/argj801_ctl_platform_interfaces/__init__.py'...
[16.740s] Listing '/home/rhobtor/PHD/ARGOSJ8_IA/ARGOSJ8_IA_/install/argj801_ctl_platform_interfaces/local/lib/python3.10/dist-packages/argj801_ctl_platform_interfaces/msg'...
[16.741s] Compiling '/home/rhobtor/PHD/ARGOSJ8_IA/ARGOSJ8_IA_/install/argj801_ctl_platform_interfaces/local/lib/python3.10/dist-packages/argj801_ctl_platform_interfaces/msg/__init__.py'...
[16.741s] Compiling '/home/rhobtor/PHD/ARGOSJ8_IA/ARGOSJ8_IA_/install/argj801_ctl_platform_interfaces/local/lib/python3.10/dist-packages/argj801_ctl_platform_interfaces/msg/_cmd_throttle_msg.py'...
[16.741s] Compiling '/home/rhobtor/PHD/ARGOSJ8_IA/ARGOSJ8_IA_/install/argj801_ctl_platform_interfaces/local/lib/python3.10/dist-packages/argj801_ctl_platform_interfaces/msg/_kinematic_debug_msg.py'...
[16.741s] Listing '/home/rhobtor/PHD/ARGOSJ8_IA/ARGOSJ8_IA_/install/argj801_ctl_platform_interfaces/local/lib/python3.10/dist-packages/argj801_ctl_platform_interfaces/srv'...
[16.741s] Compiling '/home/rhobtor/PHD/ARGOSJ8_IA/ARGOSJ8_IA_/install/argj801_ctl_platform_interfaces/local/lib/python3.10/dist-packages/argj801_ctl_platform_interfaces/srv/__init__.py'...
[16.741s] Compiling '/home/rhobtor/PHD/ARGOSJ8_IA/ARGOSJ8_IA_/install/argj801_ctl_platform_interfaces/local/lib/python3.10/dist-packages/argj801_ctl_platform_interfaces/srv/_emergency_stop.py'...
[16.741s] Compiling '/home/rhobtor/PHD/ARGOSJ8_IA/ARGOSJ8_IA_/install/argj801_ctl_platform_interfaces/local/lib/python3.10/dist-packages/argj801_ctl_platform_interfaces/srv/_get_velocity.py'...
[16.741s] Compiling '/home/rhobtor/PHD/ARGOSJ8_IA/ARGOSJ8_IA_/install/argj801_ctl_platform_interfaces/local/lib/python3.10/dist-packages/argj801_ctl_platform_interfaces/srv/_set_velocity.py'...
[16.757s] -- Installing: /home/rhobtor/PHD/ARGOSJ8_IA/ARGOSJ8_IA_/install/argj801_ctl_platform_interfaces/local/lib/python3.10/dist-packages/argj801_ctl_platform_interfaces/argj801_ctl_platform_interfaces_s__rosidl_typesupport_fastrtps_c.cpython-310-x86_64-linux-gnu.so
[16.757s] -- Set runtime path of "/home/rhobtor/PHD/ARGOSJ8_IA/ARGOSJ8_IA_/install/argj801_ctl_platform_interfaces/local/lib/python3.10/dist-packages/argj801_ctl_platform_interfaces/argj801_ctl_platform_interfaces_s__rosidl_typesupport_fastrtps_c.cpython-310-x86_64-linux-gnu.so" to ""
[16.757s] -- Installing: /home/rhobtor/PHD/ARGOSJ8_IA/ARGOSJ8_IA_/install/argj801_ctl_platform_interfaces/local/lib/python3.10/dist-packages/argj801_ctl_platform_interfaces/argj801_ctl_platform_interfaces_s__rosidl_typesupport_introspection_c.cpython-310-x86_64-linux-gnu.so
[16.757s] -- Set runtime path of "/home/rhobtor/PHD/ARGOSJ8_IA/ARGOSJ8_IA_/install/argj801_ctl_platform_interfaces/local/lib/python3.10/dist-packages/argj801_ctl_platform_interfaces/argj801_ctl_platform_interfaces_s__rosidl_typesupport_introspection_c.cpython-310-x86_64-linux-gnu.so" to ""
[16.757s] -- Installing: /home/rhobtor/PHD/ARGOSJ8_IA/ARGOSJ8_IA_/install/argj801_ctl_platform_interfaces/local/lib/python3.10/dist-packages/argj801_ctl_platform_interfaces/argj801_ctl_platform_interfaces_s__rosidl_typesupport_c.cpython-310-x86_64-linux-gnu.so
[16.757s] -- Set runtime path of "/home/rhobtor/PHD/ARGOSJ8_IA/ARGOSJ8_IA_/install/argj801_ctl_platform_interfaces/local/lib/python3.10/dist-packages/argj801_ctl_platform_interfaces/argj801_ctl_platform_interfaces_s__rosidl_typesupport_c.cpython-310-x86_64-linux-gnu.so" to ""
[16.757s] -- Installing: /home/rhobtor/PHD/ARGOSJ8_IA/ARGOSJ8_IA_/install/argj801_ctl_platform_interfaces/lib/libargj801_ctl_platform_interfaces__rosidl_generator_py.so
[16.757s] -- Set runtime path of "/home/rhobtor/PHD/ARGOSJ8_IA/ARGOSJ8_IA_/install/argj801_ctl_platform_interfaces/lib/libargj801_ctl_platform_interfaces__rosidl_generator_py.so" to ""
[16.757s] -- Installing: /home/rhobtor/PHD/ARGOSJ8_IA/ARGOSJ8_IA_/install/argj801_ctl_platform_interfaces/share/ament_index/resource_index/rust_packages/argj801_ctl_platform_interfaces
[16.757s] -- Installing: /home/rhobtor/PHD/ARGOSJ8_IA/ARGOSJ8_IA_/install/argj801_ctl_platform_interfaces/share/argj801_ctl_platform_interfaces/rust
[16.758s] -- Installing: /home/rhobtor/PHD/ARGOSJ8_IA/ARGOSJ8_IA_/install/argj801_ctl_platform_interfaces/share/argj801_ctl_platform_interfaces/rust/build.rs
[16.758s] -- Installing: /home/rhobtor/PHD/ARGOSJ8_IA/ARGOSJ8_IA_/install/argj801_ctl_platform_interfaces/share/argj801_ctl_platform_interfaces/rust/src
[16.758s] -- Installing: /home/rhobtor/PHD/ARGOSJ8_IA/ARGOSJ8_IA_/install/argj801_ctl_platform_interfaces/share/argj801_ctl_platform_interfaces/rust/src/srv.rs
[16.758s] -- Installing: /home/rhobtor/PHD/ARGOSJ8_IA/ARGOSJ8_IA_/install/argj801_ctl_platform_interfaces/share/argj801_ctl_platform_interfaces/rust/src/msg.rs
[16.758s] -- Installing: /home/rhobtor/PHD/ARGOSJ8_IA/ARGOSJ8_IA_/install/argj801_ctl_platform_interfaces/share/argj801_ctl_platform_interfaces/rust/src/srv
[16.758s] -- Installing: /home/rhobtor/PHD/ARGOSJ8_IA/ARGOSJ8_IA_/install/argj801_ctl_platform_interfaces/share/argj801_ctl_platform_interfaces/rust/src/srv/rmw.rs
[16.758s] -- Installing: /home/rhobtor/PHD/ARGOSJ8_IA/ARGOSJ8_IA_/install/argj801_ctl_platform_interfaces/share/argj801_ctl_platform_interfaces/rust/src/msg
[16.758s] -- Installing: /home/rhobtor/PHD/ARGOSJ8_IA/ARGOSJ8_IA_/install/argj801_ctl_platform_interfaces/share/argj801_ctl_platform_interfaces/rust/src/msg/rmw.rs
[16.758s] -- Installing: /home/rhobtor/PHD/ARGOSJ8_IA/ARGOSJ8_IA_/install/argj801_ctl_platform_interfaces/share/argj801_ctl_platform_interfaces/rust/src/lib.rs
[16.758s] -- Installing: /home/rhobtor/PHD/ARGOSJ8_IA/ARGOSJ8_IA_/install/argj801_ctl_platform_interfaces/share/argj801_ctl_platform_interfaces/rust/Cargo.toml
[16.758s] -- Installing: /home/rhobtor/PHD/ARGOSJ8_IA/ARGOSJ8_IA_/install/argj801_ctl_platform_interfaces/share/argj801_ctl_platform_interfaces/srv/SetVelocity.idl
[16.758s] -- Installing: /home/rhobtor/PHD/ARGOSJ8_IA/ARGOSJ8_IA_/install/argj801_ctl_platform_interfaces/share/argj801_ctl_platform_interfaces/srv/GetVelocity.idl
[16.758s] -- Installing: /home/rhobtor/PHD/ARGOSJ8_IA/ARGOSJ8_IA_/install/argj801_ctl_platform_interfaces/share/argj801_ctl_platform_interfaces/srv/EmergencyStop.idl
[16.758s] -- Installing: /home/rhobtor/PHD/ARGOSJ8_IA/ARGOSJ8_IA_/install/argj801_ctl_platform_interfaces/share/argj801_ctl_platform_interfaces/msg/CmdThrottleMsg.idl
[16.759s] -- Installing: /home/rhobtor/PHD/ARGOSJ8_IA/ARGOSJ8_IA_/install/argj801_ctl_platform_interfaces/share/argj801_ctl_platform_interfaces/msg/KinematicDebugMsg.idl
[16.759s] -- Installing: /home/rhobtor/PHD/ARGOSJ8_IA/ARGOSJ8_IA_/install/argj801_ctl_platform_interfaces/share/argj801_ctl_platform_interfaces/srv/SetVelocity.srv
[16.759s] -- Installing: /home/rhobtor/PHD/ARGOSJ8_IA/ARGOSJ8_IA_/install/argj801_ctl_platform_interfaces/share/argj801_ctl_platform_interfaces/srv/SetVelocity_Request.msg
[16.759s] -- Installing: /home/rhobtor/PHD/ARGOSJ8_IA/ARGOSJ8_IA_/install/argj801_ctl_platform_interfaces/share/argj801_ctl_platform_interfaces/srv/SetVelocity_Response.msg
[16.759s] -- Installing: /home/rhobtor/PHD/ARGOSJ8_IA/ARGOSJ8_IA_/install/argj801_ctl_platform_interfaces/share/argj801_ctl_platform_interfaces/srv/GetVelocity.srv
[16.759s] -- Installing: /home/rhobtor/PHD/ARGOSJ8_IA/ARGOSJ8_IA_/install/argj801_ctl_platform_interfaces/share/argj801_ctl_platform_interfaces/srv/GetVelocity_Request.msg
[16.759s] -- Installing: /home/rhobtor/PHD/ARGOSJ8_IA/ARGOSJ8_IA_/install/argj801_ctl_platform_interfaces/share/argj801_ctl_platform_interfaces/srv/GetVelocity_Response.msg
[16.759s] -- Installing: /home/rhobtor/PHD/ARGOSJ8_IA/ARGOSJ8_IA_/install/argj801_ctl_platform_interfaces/share/argj801_ctl_platform_interfaces/srv/EmergencyStop.srv
[16.759s] -- Installing: /home/rhobtor/PHD/ARGOSJ8_IA/ARGOSJ8_IA_/install/argj801_ctl_platform_interfaces/share/argj801_ctl_platform_interfaces/srv/EmergencyStop_Request.msg
[16.759s] -- Installing: /home/rhobtor/PHD/ARGOSJ8_IA/ARGOSJ8_IA_/install/argj801_ctl_platform_interfaces/share/argj801_ctl_platform_interfaces/srv/EmergencyStop_Response.msg
[16.759s] -- Installing: /home/rhobtor/PHD/ARGOSJ8_IA/ARGOSJ8_IA_/install/argj801_ctl_platform_interfaces/share/argj801_ctl_platform_interfaces/msg/CmdThrottleMsg.msg
[16.759s] -- Installing: /home/rhobtor/PHD/ARGOSJ8_IA/ARGOSJ8_IA_/install/argj801_ctl_platform_interfaces/share/argj801_ctl_platform_interfaces/msg/KinematicDebugMsg.msg
[16.759s] -- Installing: /home/rhobtor/PHD/ARGOSJ8_IA/ARGOSJ8_IA_/install/argj801_ctl_platform_interfaces/share/ament_index/resource_index/package_run_dependencies/argj801_ctl_platform_interfaces
[16.759s] -- Installing: /home/rhobtor/PHD/ARGOSJ8_IA/ARGOSJ8_IA_/install/argj801_ctl_platform_interfaces/share/ament_index/resource_index/parent_prefix_path/argj801_ctl_platform_interfaces
[16.759s] -- Installing: /home/rhobtor/PHD/ARGOSJ8_IA/ARGOSJ8_IA_/install/argj801_ctl_platform_interfaces/share/argj801_ctl_platform_interfaces/environment/ament_prefix_path.sh
[16.759s] -- Installing: /home/rhobtor/PHD/ARGOSJ8_IA/ARGOSJ8_IA_/install/argj801_ctl_platform_interfaces/share/argj801_ctl_platform_interfaces/environment/ament_prefix_path.dsv
[16.759s] -- Installing: /home/rhobtor/PHD/ARGOSJ8_IA/ARGOSJ8_IA_/install/argj801_ctl_platform_interfaces/share/argj801_ctl_platform_interfaces/environment/path.sh
[16.759s] -- Installing: /home/rhobtor/PHD/ARGOSJ8_IA/ARGOSJ8_IA_/install/argj801_ctl_platform_interfaces/share/argj801_ctl_platform_interfaces/environment/path.dsv
[16.759s] -- Installing: /home/rhobtor/PHD/ARGOSJ8_IA/ARGOSJ8_IA_/install/argj801_ctl_platform_interfaces/share/argj801_ctl_platform_interfaces/local_setup.bash
[16.760s] -- Installing: /home/rhobtor/PHD/ARGOSJ8_IA/ARGOSJ8_IA_/install/argj801_ctl_platform_interfaces/share/argj801_ctl_platform_interfaces/local_setup.sh
[16.760s] -- Installing: /home/rhobtor/PHD/ARGOSJ8_IA/ARGOSJ8_IA_/install/argj801_ctl_platform_interfaces/share/argj801_ctl_platform_interfaces/local_setup.zsh
[16.760s] -- Installing: /home/rhobtor/PHD/ARGOSJ8_IA/ARGOSJ8_IA_/install/argj801_ctl_platform_interfaces/share/argj801_ctl_platform_interfaces/local_setup.dsv
[16.760s] -- Installing: /home/rhobtor/PHD/ARGOSJ8_IA/ARGOSJ8_IA_/install/argj801_ctl_platform_interfaces/share/argj801_ctl_platform_interfaces/package.dsv
[16.760s] -- Installing: /home/rhobtor/PHD/ARGOSJ8_IA/ARGOSJ8_IA_/install/argj801_ctl_platform_interfaces/share/ament_index/resource_index/packages/argj801_ctl_platform_interfaces
[16.760s] -- Installing: /home/rhobtor/PHD/ARGOSJ8_IA/ARGOSJ8_IA_/install/argj801_ctl_platform_interfaces/share/argj801_ctl_platform_interfaces/cmake/export_argj801_ctl_platform_interfaces__rosidl_generator_cExport.cmake
[16.760s] -- Installing: /home/rhobtor/PHD/ARGOSJ8_IA/ARGOSJ8_IA_/install/argj801_ctl_platform_interfaces/share/argj801_ctl_platform_interfaces/cmake/export_argj801_ctl_platform_interfaces__rosidl_generator_cExport-noconfig.cmake
[16.760s] -- Installing: /home/rhobtor/PHD/ARGOSJ8_IA/ARGOSJ8_IA_/install/argj801_ctl_platform_interfaces/share/argj801_ctl_platform_interfaces/cmake/export_argj801_ctl_platform_interfaces__rosidl_typesupport_fastrtps_cExport.cmake
[16.760s] -- Installing: /home/rhobtor/PHD/ARGOSJ8_IA/ARGOSJ8_IA_/install/argj801_ctl_platform_interfaces/share/argj801_ctl_platform_interfaces/cmake/export_argj801_ctl_platform_interfaces__rosidl_typesupport_fastrtps_cExport-noconfig.cmake
[16.760s] -- Installing: /home/rhobtor/PHD/ARGOSJ8_IA/ARGOSJ8_IA_/install/argj801_ctl_platform_interfaces/share/argj801_ctl_platform_interfaces/cmake/argj801_ctl_platform_interfaces__rosidl_typesupport_introspection_cExport.cmake
[16.760s] -- Installing: /home/rhobtor/PHD/ARGOSJ8_IA/ARGOSJ8_IA_/install/argj801_ctl_platform_interfaces/share/argj801_ctl_platform_interfaces/cmake/argj801_ctl_platform_interfaces__rosidl_typesupport_introspection_cExport-noconfig.cmake
[16.760s] -- Installing: /home/rhobtor/PHD/ARGOSJ8_IA/ARGOSJ8_IA_/install/argj801_ctl_platform_interfaces/share/argj801_ctl_platform_interfaces/cmake/argj801_ctl_platform_interfaces__rosidl_typesupport_cExport.cmake
[16.760s] -- Installing: /home/rhobtor/PHD/ARGOSJ8_IA/ARGOSJ8_IA_/install/argj801_ctl_platform_interfaces/share/argj801_ctl_platform_interfaces/cmake/argj801_ctl_platform_interfaces__rosidl_typesupport_cExport-noconfig.cmake
[16.760s] -- Installing: /home/rhobtor/PHD/ARGOSJ8_IA/ARGOSJ8_IA_/install/argj801_ctl_platform_interfaces/share/argj801_ctl_platform_interfaces/cmake/export_argj801_ctl_platform_interfaces__rosidl_generator_cppExport.cmake
[16.763s] -- Installing: /home/rhobtor/PHD/ARGOSJ8_IA/ARGOSJ8_IA_/install/argj801_ctl_platform_interfaces/share/argj801_ctl_platform_interfaces/cmake/export_argj801_ctl_platform_interfaces__rosidl_typesupport_fastrtps_cppExport.cmake
[16.764s] -- Installing: /home/rhobtor/PHD/ARGOSJ8_IA/ARGOSJ8_IA_/install/argj801_ctl_platform_interfaces/share/argj801_ctl_platform_interfaces/cmake/export_argj801_ctl_platform_interfaces__rosidl_typesupport_fastrtps_cppExport-noconfig.cmake
[16.764s] -- Installing: /home/rhobtor/PHD/ARGOSJ8_IA/ARGOSJ8_IA_/install/argj801_ctl_platform_interfaces/share/argj801_ctl_platform_interfaces/cmake/argj801_ctl_platform_interfaces__rosidl_typesupport_introspection_cppExport.cmake
[16.764s] -- Installing: /home/rhobtor/PHD/ARGOSJ8_IA/ARGOSJ8_IA_/install/argj801_ctl_platform_interfaces/share/argj801_ctl_platform_interfaces/cmake/argj801_ctl_platform_interfaces__rosidl_typesupport_introspection_cppExport-noconfig.cmake
[16.764s] -- Installing: /home/rhobtor/PHD/ARGOSJ8_IA/ARGOSJ8_IA_/install/argj801_ctl_platform_interfaces/share/argj801_ctl_platform_interfaces/cmake/argj801_ctl_platform_interfaces__rosidl_typesupport_cppExport.cmake
[16.764s] -- Installing: /home/rhobtor/PHD/ARGOSJ8_IA/ARGOSJ8_IA_/install/argj801_ctl_platform_interfaces/share/argj801_ctl_platform_interfaces/cmake/argj801_ctl_platform_interfaces__rosidl_typesupport_cppExport-noconfig.cmake
[16.764s] -- Installing: /home/rhobtor/PHD/ARGOSJ8_IA/ARGOSJ8_IA_/install/argj801_ctl_platform_interfaces/share/argj801_ctl_platform_interfaces/cmake/export_argj801_ctl_platform_interfaces__rosidl_generator_pyExport.cmake
[16.764s] -- Installing: /home/rhobtor/PHD/ARGOSJ8_IA/ARGOSJ8_IA_/install/argj801_ctl_platform_interfaces/share/argj801_ctl_platform_interfaces/cmake/export_argj801_ctl_platform_interfaces__rosidl_generator_pyExport-noconfig.cmake
[16.764s] -- Installing: /home/rhobtor/PHD/ARGOSJ8_IA/ARGOSJ8_IA_/install/argj801_ctl_platform_interfaces/share/argj801_ctl_platform_interfaces/cmake/rosidl_cmake-extras.cmake
[16.764s] -- Installing: /home/rhobtor/PHD/ARGOSJ8_IA/ARGOSJ8_IA_/install/argj801_ctl_platform_interfaces/share/argj801_ctl_platform_interfaces/cmake/ament_cmake_export_include_directories-extras.cmake
[16.764s] -- Installing: /home/rhobtor/PHD/ARGOSJ8_IA/ARGOSJ8_IA_/install/argj801_ctl_platform_interfaces/share/argj801_ctl_platform_interfaces/cmake/ament_cmake_export_libraries-extras.cmake
[16.764s] -- Installing: /home/rhobtor/PHD/ARGOSJ8_IA/ARGOSJ8_IA_/install/argj801_ctl_platform_interfaces/share/argj801_ctl_platform_interfaces/cmake/ament_cmake_export_targets-extras.cmake
[16.769s] -- Installing: /home/rhobtor/PHD/ARGOSJ8_IA/ARGOSJ8_IA_/install/argj801_ctl_platform_interfaces/share/argj801_ctl_platform_interfaces/cmake/rosidl_cmake_export_typesupport_targets-extras.cmake
[16.769s] -- Installing: /home/rhobtor/PHD/ARGOSJ8_IA/ARGOSJ8_IA_/install/argj801_ctl_platform_interfaces/share/argj801_ctl_platform_interfaces/cmake/ament_cmake_export_dependencies-extras.cmake
[16.769s] -- Installing: /home/rhobtor/PHD/ARGOSJ8_IA/ARGOSJ8_IA_/install/argj801_ctl_platform_interfaces/share/argj801_ctl_platform_interfaces/cmake/rosidl_cmake_export_typesupport_libraries-extras.cmake
[16.769s] -- Installing: /home/rhobtor/PHD/ARGOSJ8_IA/ARGOSJ8_IA_/install/argj801_ctl_platform_interfaces/share/argj801_ctl_platform_interfaces/cmake/argj801_ctl_platform_interfacesConfig.cmake
[16.769s] -- Installing: /home/rhobtor/PHD/ARGOSJ8_IA/ARGOSJ8_IA_/install/argj801_ctl_platform_interfaces/share/argj801_ctl_platform_interfaces/cmake/argj801_ctl_platform_interfacesConfig-version.cmake
[16.769s] -- Installing: /home/rhobtor/PHD/ARGOSJ8_IA/ARGOSJ8_IA_/install/argj801_ctl_platform_interfaces/share/argj801_ctl_platform_interfaces/package.xml
[16.881s] Invoked command in '/home/rhobtor/PHD/ARGOSJ8_IA/ARGOSJ8_IA_/build/argj801_ctl_platform_interfaces' returned '0': CMAKE_PREFIX_PATH=${CMAKE_PREFIX_PATH}:/home/rhobtor/PHD/ARGOSJ8_IA/ARGOSJ8_IA_/install/ntrip_client:/home/rhobtor/PHD/ARGOSJ8_IA/ARGOSJ8_IA_/install/j8_gui:/home/rhobtor/PHD/ARGOSJ8_IA/ARGOSJ8_IA_/install/car:/home/rhobtor/PHD/ARGOSJ8_IA/ARGOSJ8_IA_/install/android_ros2_server:/home/rhobtor/PHD/ARGOSJ8_IA/ARGOSJ8_IA_/install/GUI_pkg:/home/rhobtor/reactive/Reactive-Navegation/workspace_full_conected/install/car:/opt/ros/humble /usr/bin/cmake --install /home/rhobtor/PHD/ARGOSJ8_IA/ARGOSJ8_IA_/build/argj801_ctl_platform_interfaces
