[ 77%] Built target ublox_gps
[ 86%] Built target ublox_gps_node
[100%] Built target ublox_logger
-- Install configuration: ""
-- Installing: /home/rhobtor/PHD/ARGOJ8_IA/ARGOSJ8_IA_/install/ublox_gps/lib/libublox_gps.so
-- Set non-toolchain portion of runtime path of "/home/rhobtor/PHD/ARGOJ8_IA/ARGOSJ8_IA_/install/ublox_gps/lib/libublox_gps.so" to ""
-- Installing: /home/rhobtor/PHD/ARGOJ8_IA/ARGOSJ8_IA_/install/ublox_gps/lib/ublox_gps/ublox_gps_node
-- Set non-toolchain portion of runtime path of "/home/rhobtor/PHD/ARGOJ8_IA/ARGOSJ8_IA_/install/ublox_gps/lib/ublox_gps/ublox_gps_node" to ""
-- Installing: /home/rhobtor/PHD/ARGOJ8_IA/ARGOSJ8_IA_/install/ublox_gps/lib/ublox_gps/ublox_logger
-- Set non-toolchain portion of runtime path of "/home/rhobtor/PHD/ARGOJ8_IA/ARGOSJ8_IA_/install/ublox_gps/lib/ublox_gps/ublox_logger" to ""
-- Installing: /home/rhobtor/PHD/ARGOJ8_IA/ARGOSJ8_IA_/install/ublox_gps/include/ublox_gps
-- Installing: /home/rhobtor/PHD/ARGOJ8_IA/ARGOSJ8_IA_/install/ublox_gps/include/ublox_gps/ublox_gps
-- Installing: /home/rhobtor/PHD/ARGOJ8_IA/ARGOSJ8_IA_/install/ublox_gps/include/ublox_gps/ublox_gps/fix_diagnostic.hpp
-- Installing: /home/rhobtor/PHD/ARGOJ8_IA/ARGOSJ8_IA_/install/ublox_gps/include/ublox_gps/ublox_gps/ublox_firmware8.hpp
-- Installing: /home/rhobtor/PHD/ARGOJ8_IA/ARGOSJ8_IA_/install/ublox_gps/include/ublox_gps/ublox_gps/worker.hpp
-- Installing: /home/rhobtor/PHD/ARGOJ8_IA/ARGOSJ8_IA_/install/ublox_gps/include/ublox_gps/ublox_gps/hpg_ref_product.hpp
-- Installing: /home/rhobtor/PHD/ARGOJ8_IA/ARGOSJ8_IA_/install/ublox_gps/include/ublox_gps/ublox_gps/ublox_firmware.hpp
-- Installing: /home/rhobtor/PHD/ARGOJ8_IA/ARGOSJ8_IA_/install/ublox_gps/include/ublox_gps/ublox_gps/async_worker.hpp
-- Installing: /home/rhobtor/PHD/ARGOJ8_IA/ARGOSJ8_IA_/install/ublox_gps/include/ublox_gps/ublox_gps/hpg_rov_product.hpp
-- Installing: /home/rhobtor/PHD/ARGOJ8_IA/ARGOSJ8_IA_/install/ublox_gps/include/ublox_gps/ublox_gps/utils.hpp
-- Installing: /home/rhobtor/PHD/ARGOJ8_IA/ARGOSJ8_IA_/install/ublox_gps/include/ublox_gps/ublox_gps/hp_pos_rec_product.hpp
-- Installing: /home/rhobtor/PHD/ARGOJ8_IA/ARGOSJ8_IA_/install/ublox_gps/include/ublox_gps/ublox_gps/mkgmtime.h
-- Installing: /home/rhobtor/PHD/ARGOJ8_IA/ARGOSJ8_IA_/install/ublox_gps/include/ublox_gps/ublox_gps/gps.hpp
-- Installing: /home/rhobtor/PHD/ARGOJ8_IA/ARGOSJ8_IA_/install/ublox_gps/include/ublox_gps/ublox_gps/adr_udr_product.hpp
-- Installing: /home/rhobtor/PHD/ARGOJ8_IA/ARGOSJ8_IA_/install/ublox_gps/include/ublox_gps/ublox_gps/node.hpp
-- Installing: /home/rhobtor/PHD/ARGOJ8_IA/ARGOSJ8_IA_/install/ublox_gps/include/ublox_gps/ublox_gps/fts_product.hpp
-- Installing: /home/rhobtor/PHD/ARGOJ8_IA/ARGOSJ8_IA_/install/ublox_gps/include/ublox_gps/ublox_gps/rtcm.hpp
-- Installing: /home/rhobtor/PHD/ARGOJ8_IA/ARGOSJ8_IA_/install/ublox_gps/include/ublox_gps/ublox_gps/raw_data_product.hpp
-- Installing: /home/rhobtor/PHD/ARGOJ8_IA/ARGOSJ8_IA_/install/ublox_gps/include/ublox_gps/ublox_gps/ublox_firmware7.hpp
-- Installing: /home/rhobtor/PHD/ARGOJ8_IA/ARGOSJ8_IA_/install/ublox_gps/include/ublox_gps/ublox_gps/raw_data_pa.hpp
-- Installing: /home/rhobtor/PHD/ARGOJ8_IA/ARGOSJ8_IA_/install/ublox_gps/include/ublox_gps/ublox_gps/ublox_topic_diagnostic.hpp
-- Installing: /home/rhobtor/PHD/ARGOJ8_IA/ARGOSJ8_IA_/install/ublox_gps/include/ublox_gps/ublox_gps/component_interface.hpp
-- Installing: /home/rhobtor/PHD/ARGOJ8_IA/ARGOSJ8_IA_/install/ublox_gps/include/ublox_gps/ublox_gps/callback.hpp
-- Installing: /home/rhobtor/PHD/ARGOJ8_IA/ARGOSJ8_IA_/install/ublox_gps/include/ublox_gps/ublox_gps/ublox_firmware9.hpp
-- Installing: /home/rhobtor/PHD/ARGOJ8_IA/ARGOSJ8_IA_/install/ublox_gps/include/ublox_gps/ublox_gps/tim_product.hpp
-- Installing: /home/rhobtor/PHD/ARGOJ8_IA/ARGOSJ8_IA_/install/ublox_gps/include/ublox_gps/ublox_gps/ublox_firmware6.hpp
-- Installing: /home/rhobtor/PHD/ARGOJ8_IA/ARGOSJ8_IA_/install/ublox_gps/include/ublox_gps/ublox_gps/ublox_firmware7plus.hpp
-- Installing: /home/rhobtor/PHD/ARGOJ8_IA/ARGOSJ8_IA_/install/ublox_gps/include/ublox_gps/ublox_gps/gnss.hpp
-- Installing: /home/rhobtor/PHD/ARGOJ8_IA/ARGOSJ8_IA_/install/ublox_gps/share/ublox_gps/launch
-- Installing: /home/rhobtor/PHD/ARGOJ8_IA/ARGOSJ8_IA_/install/ublox_gps/share/ublox_gps/launch/ublox_gps_node-composed-launch.py
-- Installing: /home/rhobtor/PHD/ARGOJ8_IA/ARGOSJ8_IA_/install/ublox_gps/share/ublox_gps/launch/ublox_gps_node-launch.py
-- Installing: /home/rhobtor/PHD/ARGOJ8_IA/ARGOSJ8_IA_/install/ublox_gps/share/ublox_gps/launch/ublox_gps_base_node-launch.py
-- Installing: /home/rhobtor/PHD/ARGOJ8_IA/ARGOSJ8_IA_/install/ublox_gps/share/ublox_gps/launch/ublox_gps_node-composed-base_launch.py
-- Installing: /home/rhobtor/PHD/ARGOJ8_IA/ARGOSJ8_IA_/install/ublox_gps/share/ublox_gps/launch/gps_ntrip_nodes-launch.py
-- Installing: /home/rhobtor/PHD/ARGOJ8_IA/ARGOSJ8_IA_/install/ublox_gps/share/ublox_gps/launch/ublox_gps_rover_node-launch.py
-- Installing: /home/rhobtor/PHD/ARGOJ8_IA/ARGOSJ8_IA_/install/ublox_gps/share/ublox_gps/config
-- Installing: /home/rhobtor/PHD/ARGOJ8_IA/ARGOSJ8_IA_/install/ublox_gps/share/ublox_gps/config/nmea.yaml
-- Installing: /home/rhobtor/PHD/ARGOJ8_IA/ARGOSJ8_IA_/install/ublox_gps/share/ublox_gps/config/zed_base.yaml
-- Installing: /home/rhobtor/PHD/ARGOJ8_IA/ARGOSJ8_IA_/install/ublox_gps/share/ublox_gps/config/zed_rover.yaml
-- Installing: /home/rhobtor/PHD/ARGOJ8_IA/ARGOSJ8_IA_/install/ublox_gps/share/ublox_gps/config/zed_f9p.yaml
-- Installing: /home/rhobtor/PHD/ARGOJ8_IA/ARGOSJ8_IA_/install/ublox_gps/share/ament_index/resource_index/package_run_dependencies/ublox_gps
-- Installing: /home/rhobtor/PHD/ARGOJ8_IA/ARGOSJ8_IA_/install/ublox_gps/share/ament_index/resource_index/parent_prefix_path/ublox_gps
-- Installing: /home/rhobtor/PHD/ARGOJ8_IA/ARGOSJ8_IA_/install/ublox_gps/share/ublox_gps/environment/ament_prefix_path.sh
-- Installing: /home/rhobtor/PHD/ARGOJ8_IA/ARGOSJ8_IA_/install/ublox_gps/share/ublox_gps/environment/ament_prefix_path.dsv
-- Installing: /home/rhobtor/PHD/ARGOJ8_IA/ARGOSJ8_IA_/install/ublox_gps/share/ublox_gps/environment/path.sh
-- Installing: /home/rhobtor/PHD/ARGOJ8_IA/ARGOSJ8_IA_/install/ublox_gps/share/ublox_gps/environment/path.dsv
-- Installing: /home/rhobtor/PHD/ARGOJ8_IA/ARGOSJ8_IA_/install/ublox_gps/share/ublox_gps/local_setup.bash
-- Installing: /home/rhobtor/PHD/ARGOJ8_IA/ARGOSJ8_IA_/install/ublox_gps/share/ublox_gps/local_setup.sh
-- Installing: /home/rhobtor/PHD/ARGOJ8_IA/ARGOSJ8_IA_/install/ublox_gps/share/ublox_gps/local_setup.zsh
-- Installing: /home/rhobtor/PHD/ARGOJ8_IA/ARGOSJ8_IA_/install/ublox_gps/share/ublox_gps/local_setup.dsv
-- Installing: /home/rhobtor/PHD/ARGOJ8_IA/ARGOSJ8_IA_/install/ublox_gps/share/ublox_gps/package.dsv
-- Installing: /home/rhobtor/PHD/ARGOJ8_IA/ARGOSJ8_IA_/install/ublox_gps/share/ament_index/resource_index/packages/ublox_gps
-- Installing: /home/rhobtor/PHD/ARGOJ8_IA/ARGOSJ8_IA_/install/ublox_gps/share/ament_index/resource_index/rclcpp_components/ublox_gps
-- Installing: /home/rhobtor/PHD/ARGOJ8_IA/ARGOSJ8_IA_/install/ublox_gps/share/ublox_gps/cmake/export_ublox_gpsExport.cmake
-- Installing: /home/rhobtor/PHD/ARGOJ8_IA/ARGOSJ8_IA_/install/ublox_gps/share/ublox_gps/cmake/export_ublox_gpsExport-noconfig.cmake
-- Installing: /home/rhobtor/PHD/ARGOJ8_IA/ARGOSJ8_IA_/install/ublox_gps/share/ublox_gps/cmake/ament_cmake_export_include_directories-extras.cmake
-- Installing: /home/rhobtor/PHD/ARGOJ8_IA/ARGOSJ8_IA_/install/ublox_gps/share/ublox_gps/cmake/ament_cmake_export_targets-extras.cmake
-- Installing: /home/rhobtor/PHD/ARGOJ8_IA/ARGOSJ8_IA_/install/ublox_gps/share/ublox_gps/cmake/ublox_gpsConfig.cmake
-- Installing: /home/rhobtor/PHD/ARGOJ8_IA/ARGOSJ8_IA_/install/ublox_gps/share/ublox_gps/cmake/ublox_gpsConfig-version.cmake
-- Installing: /home/rhobtor/PHD/ARGOJ8_IA/ARGOSJ8_IA_/install/ublox_gps/share/ublox_gps/package.xml
