[0.082s] Invoking command in '/home/rhobtor/PHD/ARGOJ8_IA/ARGOSJ8_IA_/build/ctl_mission_interfaces': CMAKE_PREFIX_PATH=${CMAKE_PREFIX_PATH}:/home/rhobtor/PHD/ARGOJ8_IA/ARGOSJ8_IA_/install/ntrip_client:/home/rhobtor/PHD/ARGOJ8_IA/ARGOSJ8_IA_/install/j8_gui:/home/rhobtor/PHD/ARGOJ8_IA/ARGOSJ8_IA_/install/car:/home/rhobtor/PHD/ARGOJ8_IA/ARGOSJ8_IA_/install/android_ros2_server:/home/rhobtor/PHD/ARGOJ8_IA/ARGOSJ8_IA_/install/GUI_pkg:/opt/ros/humble /opt/st/stm32cubeclt_1.18.0/CMake/bin/cmake --build /home/rhobtor/PHD/ARGOJ8_IA/ARGOSJ8_IA_/build/ctl_mission_interfaces -- -j16 -l16
[1.279s] [  0%] Built target ctl_mission_interfaces__cpp
[1.279s] [ 12%] Built target ctl_mission_interfaces__rosidl_generator_c
[1.279s] [ 12%] Built target ament_cmake_python_copy_ctl_mission_interfaces
[1.279s] [ 24%] Built target ctl_mission_interfaces__rosidl_typesupport_introspection_cpp
[1.279s] [ 36%] Built target ctl_mission_interfaces__rosidl_typesupport_cpp
[1.279s] [ 48%] Built target ctl_mission_interfaces__rosidl_typesupport_c
[1.279s] [ 60%] Built target ctl_mission_interfaces__rosidl_typesupport_introspection_c
[1.279s] [ 77%] Built target ctl_mission_interfaces__rosidl_typesupport_fastrtps_c
[1.279s] [ 83%] Built target ctl_mission_interfaces__rosidl_typesupport_fastrtps_cpp
[1.279s] [ 83%] Built target ctl_mission_interfaces
[1.279s] [ 84%] Built target ctl_mission_interfaces__py
[1.279s] [ 95%] Built target ctl_mission_interfaces__rosidl_generator_py
[1.279s] [ 97%] Built target ctl_mission_interfaces__rosidl_typesupport_fastrtps_c__pyext
[1.280s] [ 99%] Built target ctl_mission_interfaces__rosidl_typesupport_introspection_c__pyext
[1.280s] [100%] Built target ctl_mission_interfaces__rosidl_typesupport_c__pyext
[1.280s] running egg_info
[1.280s] writing ctl_mission_interfaces.egg-info/PKG-INFO
[1.280s] writing dependency_links to ctl_mission_interfaces.egg-info/dependency_links.txt
[1.280s] writing top-level names to ctl_mission_interfaces.egg-info/top_level.txt
[1.280s] reading manifest file 'ctl_mission_interfaces.egg-info/SOURCES.txt'
[1.280s] writing manifest file 'ctl_mission_interfaces.egg-info/SOURCES.txt'
[1.280s] [100%] Built target ament_cmake_python_build_ctl_mission_interfaces_egg
[1.626s] Invoked command in '/home/rhobtor/PHD/ARGOJ8_IA/ARGOSJ8_IA_/build/ctl_mission_interfaces' returned '0': CMAKE_PREFIX_PATH=${CMAKE_PREFIX_PATH}:/home/rhobtor/PHD/ARGOJ8_IA/ARGOSJ8_IA_/install/ntrip_client:/home/rhobtor/PHD/ARGOJ8_IA/ARGOSJ8_IA_/install/j8_gui:/home/rhobtor/PHD/ARGOJ8_IA/ARGOSJ8_IA_/install/car:/home/rhobtor/PHD/ARGOJ8_IA/ARGOSJ8_IA_/install/android_ros2_server:/home/rhobtor/PHD/ARGOJ8_IA/ARGOSJ8_IA_/install/GUI_pkg:/opt/ros/humble /opt/st/stm32cubeclt_1.18.0/CMake/bin/cmake --build /home/rhobtor/PHD/ARGOJ8_IA/ARGOSJ8_IA_/build/ctl_mission_interfaces -- -j16 -l16
[1.630s] Invoking command in '/home/rhobtor/PHD/ARGOJ8_IA/ARGOSJ8_IA_/build/ctl_mission_interfaces': CMAKE_PREFIX_PATH=${CMAKE_PREFIX_PATH}:/home/rhobtor/PHD/ARGOJ8_IA/ARGOSJ8_IA_/install/ntrip_client:/home/rhobtor/PHD/ARGOJ8_IA/ARGOSJ8_IA_/install/j8_gui:/home/rhobtor/PHD/ARGOJ8_IA/ARGOSJ8_IA_/install/car:/home/rhobtor/PHD/ARGOJ8_IA/ARGOSJ8_IA_/install/android_ros2_server:/home/rhobtor/PHD/ARGOJ8_IA/ARGOSJ8_IA_/install/GUI_pkg:/opt/ros/humble /opt/st/stm32cubeclt_1.18.0/CMake/bin/cmake --install /home/rhobtor/PHD/ARGOJ8_IA/ARGOSJ8_IA_/build/ctl_mission_interfaces
[1.781s] -- Install configuration: ""
[1.781s] -- Up-to-date: /home/rhobtor/PHD/ARGOJ8_IA/ARGOSJ8_IA_/install/ctl_mission_interfaces/share/ament_index/resource_index/rosidl_interfaces/ctl_mission_interfaces
[1.781s] -- Up-to-date: /home/rhobtor/PHD/ARGOJ8_IA/ARGOSJ8_IA_/install/ctl_mission_interfaces/include/ctl_mission_interfaces/ctl_mission_interfaces
[1.781s] -- Up-to-date: /home/rhobtor/PHD/ARGOJ8_IA/ARGOSJ8_IA_/install/ctl_mission_interfaces/include/ctl_mission_interfaces/ctl_mission_interfaces/srv
[1.781s] -- Up-to-date: /home/rhobtor/PHD/ARGOJ8_IA/ARGOSJ8_IA_/install/ctl_mission_interfaces/include/ctl_mission_interfaces/ctl_mission_interfaces/srv/config_stanley_ctrl.h
[1.781s] -- Up-to-date: /home/rhobtor/PHD/ARGOJ8_IA/ARGOSJ8_IA_/install/ctl_mission_interfaces/include/ctl_mission_interfaces/ctl_mission_interfaces/srv/change_speed.h
[1.781s] -- Up-to-date: /home/rhobtor/PHD/ARGOJ8_IA/ARGOSJ8_IA_/install/ctl_mission_interfaces/include/ctl_mission_interfaces/ctl_mission_interfaces/srv/config_dynamic_pure_ctrl.h
[1.782s] -- Up-to-date: /home/rhobtor/PHD/ARGOJ8_IA/ARGOSJ8_IA_/install/ctl_mission_interfaces/include/ctl_mission_interfaces/ctl_mission_interfaces/srv/change_controller.h
[1.782s] -- Up-to-date: /home/rhobtor/PHD/ARGOJ8_IA/ARGOSJ8_IA_/install/ctl_mission_interfaces/include/ctl_mission_interfaces/ctl_mission_interfaces/srv/config_dynamic_la_pure_ctrl.h
[1.782s] -- Up-to-date: /home/rhobtor/PHD/ARGOJ8_IA/ARGOSJ8_IA_/install/ctl_mission_interfaces/include/ctl_mission_interfaces/ctl_mission_interfaces/srv/detail
[1.783s] -- Up-to-date: /home/rhobtor/PHD/ARGOJ8_IA/ARGOSJ8_IA_/install/ctl_mission_interfaces/include/ctl_mission_interfaces/ctl_mission_interfaces/srv/detail/change_mode__functions.c
[1.783s] -- Up-to-date: /home/rhobtor/PHD/ARGOJ8_IA/ARGOSJ8_IA_/install/ctl_mission_interfaces/include/ctl_mission_interfaces/ctl_mission_interfaces/srv/detail/change_controller__functions.c
[1.783s] -- Up-to-date: /home/rhobtor/PHD/ARGOJ8_IA/ARGOSJ8_IA_/install/ctl_mission_interfaces/include/ctl_mission_interfaces/ctl_mission_interfaces/srv/detail/change_mode__type_support.h
[1.783s] -- Up-to-date: /home/rhobtor/PHD/ARGOJ8_IA/ARGOSJ8_IA_/install/ctl_mission_interfaces/include/ctl_mission_interfaces/ctl_mission_interfaces/srv/detail/config_dynamic_pure_ctrl__type_support.h
[1.783s] -- Up-to-date: /home/rhobtor/PHD/ARGOJ8_IA/ARGOSJ8_IA_/install/ctl_mission_interfaces/include/ctl_mission_interfaces/ctl_mission_interfaces/srv/detail/config_regulated_pure_ctrl__functions.c
[1.784s] -- Up-to-date: /home/rhobtor/PHD/ARGOJ8_IA/ARGOSJ8_IA_/install/ctl_mission_interfaces/include/ctl_mission_interfaces/ctl_mission_interfaces/srv/detail/config_pure_pursuit_ctrl__struct.h
[1.784s] -- Up-to-date: /home/rhobtor/PHD/ARGOJ8_IA/ARGOSJ8_IA_/install/ctl_mission_interfaces/include/ctl_mission_interfaces/ctl_mission_interfaces/srv/detail/config_dynamic_la_pure_ctrl__struct.h
[1.785s] -- Up-to-date: /home/rhobtor/PHD/ARGOJ8_IA/ARGOSJ8_IA_/install/ctl_mission_interfaces/include/ctl_mission_interfaces/ctl_mission_interfaces/srv/detail/get_mode__struct.h
[1.785s] -- Up-to-date: /home/rhobtor/PHD/ARGOJ8_IA/ARGOSJ8_IA_/install/ctl_mission_interfaces/include/ctl_mission_interfaces/ctl_mission_interfaces/srv/detail/change_speed__type_support.h
[1.785s] -- Up-to-date: /home/rhobtor/PHD/ARGOJ8_IA/ARGOSJ8_IA_/install/ctl_mission_interfaces/include/ctl_mission_interfaces/ctl_mission_interfaces/srv/detail/get_possible_transitions__functions.c
[1.785s] -- Up-to-date: /home/rhobtor/PHD/ARGOJ8_IA/ARGOSJ8_IA_/install/ctl_mission_interfaces/include/ctl_mission_interfaces/ctl_mission_interfaces/srv/detail/get_possible_transitions__functions.h
[1.785s] -- Up-to-date: /home/rhobtor/PHD/ARGOJ8_IA/ARGOSJ8_IA_/install/ctl_mission_interfaces/include/ctl_mission_interfaces/ctl_mission_interfaces/srv/detail/config_dynamic_la_pure_ctrl__functions.h
[1.786s] -- Up-to-date: /home/rhobtor/PHD/ARGOJ8_IA/ARGOSJ8_IA_/install/ctl_mission_interfaces/include/ctl_mission_interfaces/ctl_mission_interfaces/srv/detail/config_simple_ctl__struct.h
[1.786s] -- Up-to-date: /home/rhobtor/PHD/ARGOJ8_IA/ARGOSJ8_IA_/install/ctl_mission_interfaces/include/ctl_mission_interfaces/ctl_mission_interfaces/srv/detail/change_mode__struct.h
[1.786s] -- Up-to-date: /home/rhobtor/PHD/ARGOJ8_IA/ARGOSJ8_IA_/install/ctl_mission_interfaces/include/ctl_mission_interfaces/ctl_mission_interfaces/srv/detail/change_speed__struct.h
[1.786s] -- Up-to-date: /home/rhobtor/PHD/ARGOJ8_IA/ARGOSJ8_IA_/install/ctl_mission_interfaces/include/ctl_mission_interfaces/ctl_mission_interfaces/srv/detail/config_pure_pursuit_ctrl__type_support.h
[1.787s] -- Up-to-date: /home/rhobtor/PHD/ARGOJ8_IA/ARGOSJ8_IA_/install/ctl_mission_interfaces/include/ctl_mission_interfaces/ctl_mission_interfaces/srv/detail/get_possible_transitions__type_support.h
[1.787s] -- Up-to-date: /home/rhobtor/PHD/ARGOJ8_IA/ARGOSJ8_IA_/install/ctl_mission_interfaces/include/ctl_mission_interfaces/ctl_mission_interfaces/srv/detail/config_pure_pursuit_ctrl__functions.h
[1.787s] -- Up-to-date: /home/rhobtor/PHD/ARGOJ8_IA/ARGOSJ8_IA_/install/ctl_mission_interfaces/include/ctl_mission_interfaces/ctl_mission_interfaces/srv/detail/config_pure_pursuit_ctrl__functions.c
[1.788s] -- Up-to-date: /home/rhobtor/PHD/ARGOJ8_IA/ARGOSJ8_IA_/install/ctl_mission_interfaces/include/ctl_mission_interfaces/ctl_mission_interfaces/srv/detail/change_controller__type_support.h
[1.788s] -- Up-to-date: /home/rhobtor/PHD/ARGOJ8_IA/ARGOSJ8_IA_/install/ctl_mission_interfaces/include/ctl_mission_interfaces/ctl_mission_interfaces/srv/detail/config_simple_ctl__functions.c
[1.789s] -- Up-to-date: /home/rhobtor/PHD/ARGOJ8_IA/ARGOSJ8_IA_/install/ctl_mission_interfaces/include/ctl_mission_interfaces/ctl_mission_interfaces/srv/detail/get_mode__type_support.h
[1.790s] -- Up-to-date: /home/rhobtor/PHD/ARGOJ8_IA/ARGOSJ8_IA_/install/ctl_mission_interfaces/include/ctl_mission_interfaces/ctl_mission_interfaces/srv/detail/config_simple_ctl__type_support.h
[1.790s] -- Up-to-date: /home/rhobtor/PHD/ARGOJ8_IA/ARGOSJ8_IA_/install/ctl_mission_interfaces/include/ctl_mission_interfaces/ctl_mission_interfaces/srv/detail/change_speed__functions.h
[1.790s] -- Up-to-date: /home/rhobtor/PHD/ARGOJ8_IA/ARGOSJ8_IA_/install/ctl_mission_interfaces/include/ctl_mission_interfaces/ctl_mission_interfaces/srv/detail/config_simple_ctl__functions.h
[1.791s] -- Up-to-date: /home/rhobtor/PHD/ARGOJ8_IA/ARGOSJ8_IA_/install/ctl_mission_interfaces/include/ctl_mission_interfaces/ctl_mission_interfaces/srv/detail/config_stanley_ctrl__functions.h
[1.791s] -- Up-to-date: /home/rhobtor/PHD/ARGOJ8_IA/ARGOSJ8_IA_/install/ctl_mission_interfaces/include/ctl_mission_interfaces/ctl_mission_interfaces/srv/detail/config_stanley_ctrl__functions.c
[1.792s] -- Up-to-date: /home/rhobtor/PHD/ARGOJ8_IA/ARGOSJ8_IA_/install/ctl_mission_interfaces/include/ctl_mission_interfaces/ctl_mission_interfaces/srv/detail/change_speed__functions.c
[1.792s] -- Up-to-date: /home/rhobtor/PHD/ARGOJ8_IA/ARGOSJ8_IA_/install/ctl_mission_interfaces/include/ctl_mission_interfaces/ctl_mission_interfaces/srv/detail/get_mode__functions.h
[1.793s] -- Up-to-date: /home/rhobtor/PHD/ARGOJ8_IA/ARGOSJ8_IA_/install/ctl_mission_interfaces/include/ctl_mission_interfaces/ctl_mission_interfaces/srv/detail/change_controller__functions.h
[1.794s] -- Up-to-date: /home/rhobtor/PHD/ARGOJ8_IA/ARGOSJ8_IA_/install/ctl_mission_interfaces/include/ctl_mission_interfaces/ctl_mission_interfaces/srv/detail/config_regulated_pure_ctrl__struct.h
[1.795s] -- Up-to-date: /home/rhobtor/PHD/ARGOJ8_IA/ARGOSJ8_IA_/install/ctl_mission_interfaces/include/ctl_mission_interfaces/ctl_mission_interfaces/srv/detail/config_stanley_ctrl__struct.h
[1.795s] -- Up-to-date: /home/rhobtor/PHD/ARGOJ8_IA/ARGOSJ8_IA_/install/ctl_mission_interfaces/include/ctl_mission_interfaces/ctl_mission_interfaces/srv/detail/config_dynamic_pure_ctrl__functions.c
[1.796s] -- Up-to-date: /home/rhobtor/PHD/ARGOJ8_IA/ARGOSJ8_IA_/install/ctl_mission_interfaces/include/ctl_mission_interfaces/ctl_mission_interfaces/srv/detail/get_possible_transitions__struct.h
[1.797s] -- Up-to-date: /home/rhobtor/PHD/ARGOJ8_IA/ARGOSJ8_IA_/install/ctl_mission_interfaces/include/ctl_mission_interfaces/ctl_mission_interfaces/srv/detail/get_mode__functions.c
[1.798s] -- Up-to-date: /home/rhobtor/PHD/ARGOJ8_IA/ARGOSJ8_IA_/install/ctl_mission_interfaces/include/ctl_mission_interfaces/ctl_mission_interfaces/srv/detail/config_dynamic_pure_ctrl__struct.h
[1.800s] -- Up-to-date: /home/rhobtor/PHD/ARGOJ8_IA/ARGOSJ8_IA_/install/ctl_mission_interfaces/include/ctl_mission_interfaces/ctl_mission_interfaces/srv/detail/config_regulated_pure_ctrl__functions.h
[1.800s] -- Up-to-date: /home/rhobtor/PHD/ARGOJ8_IA/ARGOSJ8_IA_/install/ctl_mission_interfaces/include/ctl_mission_interfaces/ctl_mission_interfaces/srv/detail/config_dynamic_pure_ctrl__functions.h
[1.800s] -- Up-to-date: /home/rhobtor/PHD/ARGOJ8_IA/ARGOSJ8_IA_/install/ctl_mission_interfaces/include/ctl_mission_interfaces/ctl_mission_interfaces/srv/detail/config_regulated_pure_ctrl__type_support.h
[1.802s] -- Up-to-date: /home/rhobtor/PHD/ARGOJ8_IA/ARGOSJ8_IA_/install/ctl_mission_interfaces/include/ctl_mission_interfaces/ctl_mission_interfaces/srv/detail/config_stanley_ctrl__type_support.h
[1.802s] -- Up-to-date: /home/rhobtor/PHD/ARGOJ8_IA/ARGOSJ8_IA_/install/ctl_mission_interfaces/include/ctl_mission_interfaces/ctl_mission_interfaces/srv/detail/config_dynamic_la_pure_ctrl__type_support.h
[1.803s] -- Up-to-date: /home/rhobtor/PHD/ARGOJ8_IA/ARGOSJ8_IA_/install/ctl_mission_interfaces/include/ctl_mission_interfaces/ctl_mission_interfaces/srv/detail/change_mode__functions.h
[1.804s] -- Up-to-date: /home/rhobtor/PHD/ARGOJ8_IA/ARGOSJ8_IA_/install/ctl_mission_interfaces/include/ctl_mission_interfaces/ctl_mission_interfaces/srv/detail/change_controller__struct.h
[1.805s] -- Up-to-date: /home/rhobtor/PHD/ARGOJ8_IA/ARGOSJ8_IA_/install/ctl_mission_interfaces/include/ctl_mission_interfaces/ctl_mission_interfaces/srv/detail/config_dynamic_la_pure_ctrl__functions.c
[1.805s] -- Up-to-date: /home/rhobtor/PHD/ARGOJ8_IA/ARGOSJ8_IA_/install/ctl_mission_interfaces/include/ctl_mission_interfaces/ctl_mission_interfaces/srv/change_mode.h
[1.805s] -- Up-to-date: /home/rhobtor/PHD/ARGOJ8_IA/ARGOSJ8_IA_/install/ctl_mission_interfaces/include/ctl_mission_interfaces/ctl_mission_interfaces/srv/get_possible_transitions.h
[1.805s] -- Up-to-date: /home/rhobtor/PHD/ARGOJ8_IA/ARGOSJ8_IA_/install/ctl_mission_interfaces/include/ctl_mission_interfaces/ctl_mission_interfaces/srv/config_regulated_pure_ctrl.h
[1.805s] -- Up-to-date: /home/rhobtor/PHD/ARGOJ8_IA/ARGOSJ8_IA_/install/ctl_mission_interfaces/include/ctl_mission_interfaces/ctl_mission_interfaces/srv/get_mode.h
[1.805s] -- Up-to-date: /home/rhobtor/PHD/ARGOJ8_IA/ARGOSJ8_IA_/install/ctl_mission_interfaces/include/ctl_mission_interfaces/ctl_mission_interfaces/srv/config_simple_ctl.h
[1.805s] -- Up-to-date: /home/rhobtor/PHD/ARGOJ8_IA/ARGOSJ8_IA_/install/ctl_mission_interfaces/include/ctl_mission_interfaces/ctl_mission_interfaces/srv/config_pure_pursuit_ctrl.h
[1.805s] -- Up-to-date: /home/rhobtor/PHD/ARGOJ8_IA/ARGOSJ8_IA_/install/ctl_mission_interfaces/include/ctl_mission_interfaces/ctl_mission_interfaces/msg
[1.805s] -- Up-to-date: /home/rhobtor/PHD/ARGOJ8_IA/ARGOSJ8_IA_/install/ctl_mission_interfaces/include/ctl_mission_interfaces/ctl_mission_interfaces/msg/rosidl_generator_c__visibility_control.h
[1.806s] -- Up-to-date: /home/rhobtor/PHD/ARGOJ8_IA/ARGOSJ8_IA_/install/ctl_mission_interfaces/share/ctl_mission_interfaces/environment/library_path.sh
[1.806s] -- Up-to-date: /home/rhobtor/PHD/ARGOJ8_IA/ARGOSJ8_IA_/install/ctl_mission_interfaces/share/ctl_mission_interfaces/environment/library_path.dsv
[1.806s] -- Up-to-date: /home/rhobtor/PHD/ARGOJ8_IA/ARGOSJ8_IA_/install/ctl_mission_interfaces/lib/libctl_mission_interfaces__rosidl_generator_c.so
[1.806s] -- Up-to-date: /home/rhobtor/PHD/ARGOJ8_IA/ARGOSJ8_IA_/install/ctl_mission_interfaces/include/ctl_mission_interfaces/ctl_mission_interfaces
[1.806s] -- Up-to-date: /home/rhobtor/PHD/ARGOJ8_IA/ARGOSJ8_IA_/install/ctl_mission_interfaces/include/ctl_mission_interfaces/ctl_mission_interfaces/srv
[1.806s] -- Up-to-date: /home/rhobtor/PHD/ARGOJ8_IA/ARGOSJ8_IA_/install/ctl_mission_interfaces/include/ctl_mission_interfaces/ctl_mission_interfaces/srv/detail
[1.806s] -- Up-to-date: /home/rhobtor/PHD/ARGOJ8_IA/ARGOSJ8_IA_/install/ctl_mission_interfaces/include/ctl_mission_interfaces/ctl_mission_interfaces/srv/detail/change_speed__rosidl_typesupport_fastrtps_c.h
[1.806s] -- Up-to-date: /home/rhobtor/PHD/ARGOJ8_IA/ARGOSJ8_IA_/install/ctl_mission_interfaces/include/ctl_mission_interfaces/ctl_mission_interfaces/srv/detail/config_dynamic_pure_ctrl__rosidl_typesupport_fastrtps_c.h
[1.807s] -- Up-to-date: /home/rhobtor/PHD/ARGOJ8_IA/ARGOSJ8_IA_/install/ctl_mission_interfaces/include/ctl_mission_interfaces/ctl_mission_interfaces/srv/detail/config_simple_ctl__rosidl_typesupport_fastrtps_c.h
[1.807s] -- Up-to-date: /home/rhobtor/PHD/ARGOJ8_IA/ARGOSJ8_IA_/install/ctl_mission_interfaces/include/ctl_mission_interfaces/ctl_mission_interfaces/srv/detail/change_controller__rosidl_typesupport_fastrtps_c.h
[1.807s] -- Up-to-date: /home/rhobtor/PHD/ARGOJ8_IA/ARGOSJ8_IA_/install/ctl_mission_interfaces/include/ctl_mission_interfaces/ctl_mission_interfaces/srv/detail/change_mode__rosidl_typesupport_fastrtps_c.h
[1.807s] -- Up-to-date: /home/rhobtor/PHD/ARGOJ8_IA/ARGOSJ8_IA_/install/ctl_mission_interfaces/include/ctl_mission_interfaces/ctl_mission_interfaces/srv/detail/config_stanley_ctrl__rosidl_typesupport_fastrtps_c.h
[1.807s] -- Up-to-date: /home/rhobtor/PHD/ARGOJ8_IA/ARGOSJ8_IA_/install/ctl_mission_interfaces/include/ctl_mission_interfaces/ctl_mission_interfaces/srv/detail/config_pure_pursuit_ctrl__rosidl_typesupport_fastrtps_c.h
[1.807s] -- Up-to-date: /home/rhobtor/PHD/ARGOJ8_IA/ARGOSJ8_IA_/install/ctl_mission_interfaces/include/ctl_mission_interfaces/ctl_mission_interfaces/srv/detail/config_regulated_pure_ctrl__rosidl_typesupport_fastrtps_c.h
[1.808s] -- Up-to-date: /home/rhobtor/PHD/ARGOJ8_IA/ARGOSJ8_IA_/install/ctl_mission_interfaces/include/ctl_mission_interfaces/ctl_mission_interfaces/srv/detail/get_mode__rosidl_typesupport_fastrtps_c.h
[1.808s] -- Up-to-date: /home/rhobtor/PHD/ARGOJ8_IA/ARGOSJ8_IA_/install/ctl_mission_interfaces/include/ctl_mission_interfaces/ctl_mission_interfaces/srv/detail/config_dynamic_la_pure_ctrl__rosidl_typesupport_fastrtps_c.h
[1.808s] -- Up-to-date: /home/rhobtor/PHD/ARGOJ8_IA/ARGOSJ8_IA_/install/ctl_mission_interfaces/include/ctl_mission_interfaces/ctl_mission_interfaces/srv/detail/get_possible_transitions__rosidl_typesupport_fastrtps_c.h
[1.808s] -- Up-to-date: /home/rhobtor/PHD/ARGOJ8_IA/ARGOSJ8_IA_/install/ctl_mission_interfaces/include/ctl_mission_interfaces/ctl_mission_interfaces/msg
[1.808s] -- Up-to-date: /home/rhobtor/PHD/ARGOJ8_IA/ARGOSJ8_IA_/install/ctl_mission_interfaces/include/ctl_mission_interfaces/ctl_mission_interfaces/msg/rosidl_typesupport_fastrtps_c__visibility_control.h
[1.809s] -- Up-to-date: /home/rhobtor/PHD/ARGOJ8_IA/ARGOSJ8_IA_/install/ctl_mission_interfaces/lib/libctl_mission_interfaces__rosidl_typesupport_fastrtps_c.so
[1.809s] -- Up-to-date: /home/rhobtor/PHD/ARGOJ8_IA/ARGOSJ8_IA_/install/ctl_mission_interfaces/include/ctl_mission_interfaces/ctl_mission_interfaces
[1.809s] -- Up-to-date: /home/rhobtor/PHD/ARGOJ8_IA/ARGOSJ8_IA_/install/ctl_mission_interfaces/include/ctl_mission_interfaces/ctl_mission_interfaces/srv
[1.809s] -- Up-to-date: /home/rhobtor/PHD/ARGOJ8_IA/ARGOSJ8_IA_/install/ctl_mission_interfaces/include/ctl_mission_interfaces/ctl_mission_interfaces/srv/detail
[1.809s] -- Up-to-date: /home/rhobtor/PHD/ARGOJ8_IA/ARGOSJ8_IA_/install/ctl_mission_interfaces/include/ctl_mission_interfaces/ctl_mission_interfaces/srv/detail/config_dynamic_la_pure_ctrl__type_support.c
[1.809s] -- Up-to-date: /home/rhobtor/PHD/ARGOJ8_IA/ARGOSJ8_IA_/install/ctl_mission_interfaces/include/ctl_mission_interfaces/ctl_mission_interfaces/srv/detail/get_mode__rosidl_typesupport_introspection_c.h
[1.809s] -- Up-to-date: /home/rhobtor/PHD/ARGOJ8_IA/ARGOSJ8_IA_/install/ctl_mission_interfaces/include/ctl_mission_interfaces/ctl_mission_interfaces/srv/detail/change_mode__type_support.c
[1.809s] -- Up-to-date: /home/rhobtor/PHD/ARGOJ8_IA/ARGOSJ8_IA_/install/ctl_mission_interfaces/include/ctl_mission_interfaces/ctl_mission_interfaces/srv/detail/config_stanley_ctrl__type_support.c
[1.810s] -- Up-to-date: /home/rhobtor/PHD/ARGOJ8_IA/ARGOSJ8_IA_/install/ctl_mission_interfaces/include/ctl_mission_interfaces/ctl_mission_interfaces/srv/detail/config_dynamic_pure_ctrl__type_support.c
[1.811s] -- Up-to-date: /home/rhobtor/PHD/ARGOJ8_IA/ARGOSJ8_IA_/install/ctl_mission_interfaces/include/ctl_mission_interfaces/ctl_mission_interfaces/srv/detail/config_dynamic_pure_ctrl__rosidl_typesupport_introspection_c.h
[1.811s] -- Up-to-date: /home/rhobtor/PHD/ARGOJ8_IA/ARGOSJ8_IA_/install/ctl_mission_interfaces/include/ctl_mission_interfaces/ctl_mission_interfaces/srv/detail/get_mode__type_support.c
[1.815s] -- Up-to-date: /home/rhobtor/PHD/ARGOJ8_IA/ARGOSJ8_IA_/install/ctl_mission_interfaces/include/ctl_mission_interfaces/ctl_mission_interfaces/srv/detail/get_possible_transitions__type_support.c
[1.816s] -- Up-to-date: /home/rhobtor/PHD/ARGOJ8_IA/ARGOSJ8_IA_/install/ctl_mission_interfaces/include/ctl_mission_interfaces/ctl_mission_interfaces/srv/detail/change_controller__type_support.c
[1.816s] -- Up-to-date: /home/rhobtor/PHD/ARGOJ8_IA/ARGOSJ8_IA_/install/ctl_mission_interfaces/include/ctl_mission_interfaces/ctl_mission_interfaces/srv/detail/change_controller__rosidl_typesupport_introspection_c.h
[1.816s] -- Up-to-date: /home/rhobtor/PHD/ARGOJ8_IA/ARGOSJ8_IA_/install/ctl_mission_interfaces/include/ctl_mission_interfaces/ctl_mission_interfaces/srv/detail/change_speed__rosidl_typesupport_introspection_c.h
[1.816s] -- Up-to-date: /home/rhobtor/PHD/ARGOJ8_IA/ARGOSJ8_IA_/install/ctl_mission_interfaces/include/ctl_mission_interfaces/ctl_mission_interfaces/srv/detail/config_regulated_pure_ctrl__rosidl_typesupport_introspection_c.h
[1.816s] -- Up-to-date: /home/rhobtor/PHD/ARGOJ8_IA/ARGOSJ8_IA_/install/ctl_mission_interfaces/include/ctl_mission_interfaces/ctl_mission_interfaces/srv/detail/config_dynamic_la_pure_ctrl__rosidl_typesupport_introspection_c.h
[1.816s] -- Up-to-date: /home/rhobtor/PHD/ARGOJ8_IA/ARGOSJ8_IA_/install/ctl_mission_interfaces/include/ctl_mission_interfaces/ctl_mission_interfaces/srv/detail/config_stanley_ctrl__rosidl_typesupport_introspection_c.h
[1.816s] -- Up-to-date: /home/rhobtor/PHD/ARGOJ8_IA/ARGOSJ8_IA_/install/ctl_mission_interfaces/include/ctl_mission_interfaces/ctl_mission_interfaces/srv/detail/config_pure_pursuit_ctrl__type_support.c
[1.816s] -- Up-to-date: /home/rhobtor/PHD/ARGOJ8_IA/ARGOSJ8_IA_/install/ctl_mission_interfaces/include/ctl_mission_interfaces/ctl_mission_interfaces/srv/detail/change_speed__type_support.c
[1.816s] -- Up-to-date: /home/rhobtor/PHD/ARGOJ8_IA/ARGOSJ8_IA_/install/ctl_mission_interfaces/include/ctl_mission_interfaces/ctl_mission_interfaces/srv/detail/config_pure_pursuit_ctrl__rosidl_typesupport_introspection_c.h
[1.817s] -- Up-to-date: /home/rhobtor/PHD/ARGOJ8_IA/ARGOSJ8_IA_/install/ctl_mission_interfaces/include/ctl_mission_interfaces/ctl_mission_interfaces/srv/detail/config_regulated_pure_ctrl__type_support.c
[1.817s] -- Up-to-date: /home/rhobtor/PHD/ARGOJ8_IA/ARGOSJ8_IA_/install/ctl_mission_interfaces/include/ctl_mission_interfaces/ctl_mission_interfaces/srv/detail/change_mode__rosidl_typesupport_introspection_c.h
[1.817s] -- Up-to-date: /home/rhobtor/PHD/ARGOJ8_IA/ARGOSJ8_IA_/install/ctl_mission_interfaces/include/ctl_mission_interfaces/ctl_mission_interfaces/srv/detail/config_simple_ctl__rosidl_typesupport_introspection_c.h
[1.817s] -- Up-to-date: /home/rhobtor/PHD/ARGOJ8_IA/ARGOSJ8_IA_/install/ctl_mission_interfaces/include/ctl_mission_interfaces/ctl_mission_interfaces/srv/detail/config_simple_ctl__type_support.c
[1.817s] -- Up-to-date: /home/rhobtor/PHD/ARGOJ8_IA/ARGOSJ8_IA_/install/ctl_mission_interfaces/include/ctl_mission_interfaces/ctl_mission_interfaces/srv/detail/get_possible_transitions__rosidl_typesupport_introspection_c.h
[1.817s] -- Up-to-date: /home/rhobtor/PHD/ARGOJ8_IA/ARGOSJ8_IA_/install/ctl_mission_interfaces/include/ctl_mission_interfaces/ctl_mission_interfaces/msg
[1.817s] -- Up-to-date: /home/rhobtor/PHD/ARGOJ8_IA/ARGOSJ8_IA_/install/ctl_mission_interfaces/include/ctl_mission_interfaces/ctl_mission_interfaces/msg/rosidl_typesupport_introspection_c__visibility_control.h
[1.817s] -- Up-to-date: /home/rhobtor/PHD/ARGOJ8_IA/ARGOSJ8_IA_/install/ctl_mission_interfaces/lib/libctl_mission_interfaces__rosidl_typesupport_introspection_c.so
[1.817s] -- Up-to-date: /home/rhobtor/PHD/ARGOJ8_IA/ARGOSJ8_IA_/install/ctl_mission_interfaces/lib/libctl_mission_interfaces__rosidl_typesupport_c.so
[1.817s] -- Up-to-date: /home/rhobtor/PHD/ARGOJ8_IA/ARGOSJ8_IA_/install/ctl_mission_interfaces/include/ctl_mission_interfaces/ctl_mission_interfaces
[1.817s] -- Up-to-date: /home/rhobtor/PHD/ARGOJ8_IA/ARGOSJ8_IA_/install/ctl_mission_interfaces/include/ctl_mission_interfaces/ctl_mission_interfaces/srv
[1.817s] -- Up-to-date: /home/rhobtor/PHD/ARGOJ8_IA/ARGOSJ8_IA_/install/ctl_mission_interfaces/include/ctl_mission_interfaces/ctl_mission_interfaces/srv/config_simple_ctl.hpp
[1.817s] -- Up-to-date: /home/rhobtor/PHD/ARGOJ8_IA/ARGOSJ8_IA_/install/ctl_mission_interfaces/include/ctl_mission_interfaces/ctl_mission_interfaces/srv/config_dynamic_la_pure_ctrl.hpp
[1.818s] -- Up-to-date: /home/rhobtor/PHD/ARGOJ8_IA/ARGOSJ8_IA_/install/ctl_mission_interfaces/include/ctl_mission_interfaces/ctl_mission_interfaces/srv/config_dynamic_pure_ctrl.hpp
[1.818s] -- Up-to-date: /home/rhobtor/PHD/ARGOJ8_IA/ARGOSJ8_IA_/install/ctl_mission_interfaces/include/ctl_mission_interfaces/ctl_mission_interfaces/srv/change_mode.hpp
[1.818s] -- Up-to-date: /home/rhobtor/PHD/ARGOJ8_IA/ARGOSJ8_IA_/install/ctl_mission_interfaces/include/ctl_mission_interfaces/ctl_mission_interfaces/srv/get_mode.hpp
[1.818s] -- Up-to-date: /home/rhobtor/PHD/ARGOJ8_IA/ARGOSJ8_IA_/install/ctl_mission_interfaces/include/ctl_mission_interfaces/ctl_mission_interfaces/srv/config_regulated_pure_ctrl.hpp
[1.818s] -- Up-to-date: /home/rhobtor/PHD/ARGOJ8_IA/ARGOSJ8_IA_/install/ctl_mission_interfaces/include/ctl_mission_interfaces/ctl_mission_interfaces/srv/get_possible_transitions.hpp
[1.818s] -- Up-to-date: /home/rhobtor/PHD/ARGOJ8_IA/ARGOSJ8_IA_/install/ctl_mission_interfaces/include/ctl_mission_interfaces/ctl_mission_interfaces/srv/change_speed.hpp
[1.818s] -- Up-to-date: /home/rhobtor/PHD/ARGOJ8_IA/ARGOSJ8_IA_/install/ctl_mission_interfaces/include/ctl_mission_interfaces/ctl_mission_interfaces/srv/detail
[1.818s] -- Up-to-date: /home/rhobtor/PHD/ARGOJ8_IA/ARGOSJ8_IA_/install/ctl_mission_interfaces/include/ctl_mission_interfaces/ctl_mission_interfaces/srv/detail/change_speed__type_support.hpp
[1.818s] -- Up-to-date: /home/rhobtor/PHD/ARGOJ8_IA/ARGOSJ8_IA_/install/ctl_mission_interfaces/include/ctl_mission_interfaces/ctl_mission_interfaces/srv/detail/change_controller__traits.hpp
[1.818s] -- Up-to-date: /home/rhobtor/PHD/ARGOJ8_IA/ARGOSJ8_IA_/install/ctl_mission_interfaces/include/ctl_mission_interfaces/ctl_mission_interfaces/srv/detail/config_stanley_ctrl__traits.hpp
[1.818s] -- Up-to-date: /home/rhobtor/PHD/ARGOJ8_IA/ARGOSJ8_IA_/install/ctl_mission_interfaces/include/ctl_mission_interfaces/ctl_mission_interfaces/srv/detail/change_speed__struct.hpp
[1.818s] -- Up-to-date: /home/rhobtor/PHD/ARGOJ8_IA/ARGOSJ8_IA_/install/ctl_mission_interfaces/include/ctl_mission_interfaces/ctl_mission_interfaces/srv/detail/get_possible_transitions__type_support.hpp
[1.818s] -- Up-to-date: /home/rhobtor/PHD/ARGOJ8_IA/ARGOSJ8_IA_/install/ctl_mission_interfaces/include/ctl_mission_interfaces/ctl_mission_interfaces/srv/detail/config_simple_ctl__traits.hpp
[1.819s] -- Up-to-date: /home/rhobtor/PHD/ARGOJ8_IA/ARGOSJ8_IA_/install/ctl_mission_interfaces/include/ctl_mission_interfaces/ctl_mission_interfaces/srv/detail/get_mode__builder.hpp
[1.819s] -- Up-to-date: /home/rhobtor/PHD/ARGOJ8_IA/ARGOSJ8_IA_/install/ctl_mission_interfaces/include/ctl_mission_interfaces/ctl_mission_interfaces/srv/detail/change_mode__builder.hpp
[1.819s] -- Up-to-date: /home/rhobtor/PHD/ARGOJ8_IA/ARGOSJ8_IA_/install/ctl_mission_interfaces/include/ctl_mission_interfaces/ctl_mission_interfaces/srv/detail/get_possible_transitions__builder.hpp
[1.819s] -- Up-to-date: /home/rhobtor/PHD/ARGOJ8_IA/ARGOSJ8_IA_/install/ctl_mission_interfaces/include/ctl_mission_interfaces/ctl_mission_interfaces/srv/detail/config_stanley_ctrl__struct.hpp
[1.819s] -- Up-to-date: /home/rhobtor/PHD/ARGOJ8_IA/ARGOSJ8_IA_/install/ctl_mission_interfaces/include/ctl_mission_interfaces/ctl_mission_interfaces/srv/detail/change_controller__builder.hpp
[1.819s] -- Up-to-date: /home/rhobtor/PHD/ARGOJ8_IA/ARGOSJ8_IA_/install/ctl_mission_interfaces/include/ctl_mission_interfaces/ctl_mission_interfaces/srv/detail/change_speed__traits.hpp
[1.819s] -- Up-to-date: /home/rhobtor/PHD/ARGOJ8_IA/ARGOSJ8_IA_/install/ctl_mission_interfaces/include/ctl_mission_interfaces/ctl_mission_interfaces/srv/detail/change_controller__type_support.hpp
[1.819s] -- Up-to-date: /home/rhobtor/PHD/ARGOJ8_IA/ARGOSJ8_IA_/install/ctl_mission_interfaces/include/ctl_mission_interfaces/ctl_mission_interfaces/srv/detail/config_pure_pursuit_ctrl__struct.hpp
[1.819s] -- Up-to-date: /home/rhobtor/PHD/ARGOJ8_IA/ARGOSJ8_IA_/install/ctl_mission_interfaces/include/ctl_mission_interfaces/ctl_mission_interfaces/srv/detail/change_mode__struct.hpp
[1.819s] -- Up-to-date: /home/rhobtor/PHD/ARGOJ8_IA/ARGOSJ8_IA_/install/ctl_mission_interfaces/include/ctl_mission_interfaces/ctl_mission_interfaces/srv/detail/config_dynamic_pure_ctrl__struct.hpp
[1.819s] -- Up-to-date: /home/rhobtor/PHD/ARGOJ8_IA/ARGOSJ8_IA_/install/ctl_mission_interfaces/include/ctl_mission_interfaces/ctl_mission_interfaces/srv/detail/config_dynamic_pure_ctrl__traits.hpp
[1.819s] -- Up-to-date: /home/rhobtor/PHD/ARGOJ8_IA/ARGOSJ8_IA_/install/ctl_mission_interfaces/include/ctl_mission_interfaces/ctl_mission_interfaces/srv/detail/config_pure_pursuit_ctrl__builder.hpp
[1.819s] -- Up-to-date: /home/rhobtor/PHD/ARGOJ8_IA/ARGOSJ8_IA_/install/ctl_mission_interfaces/include/ctl_mission_interfaces/ctl_mission_interfaces/srv/detail/config_stanley_ctrl__builder.hpp
[1.819s] -- Up-to-date: /home/rhobtor/PHD/ARGOJ8_IA/ARGOSJ8_IA_/install/ctl_mission_interfaces/include/ctl_mission_interfaces/ctl_mission_interfaces/srv/detail/change_mode__traits.hpp
[1.819s] -- Up-to-date: /home/rhobtor/PHD/ARGOJ8_IA/ARGOSJ8_IA_/install/ctl_mission_interfaces/include/ctl_mission_interfaces/ctl_mission_interfaces/srv/detail/config_dynamic_la_pure_ctrl__builder.hpp
[1.820s] -- Up-to-date: /home/rhobtor/PHD/ARGOJ8_IA/ARGOSJ8_IA_/install/ctl_mission_interfaces/include/ctl_mission_interfaces/ctl_mission_interfaces/srv/detail/get_mode__type_support.hpp
[1.820s] -- Up-to-date: /home/rhobtor/PHD/ARGOJ8_IA/ARGOSJ8_IA_/install/ctl_mission_interfaces/include/ctl_mission_interfaces/ctl_mission_interfaces/srv/detail/config_pure_pursuit_ctrl__type_support.hpp
[1.820s] -- Up-to-date: /home/rhobtor/PHD/ARGOJ8_IA/ARGOSJ8_IA_/install/ctl_mission_interfaces/include/ctl_mission_interfaces/ctl_mission_interfaces/srv/detail/get_possible_transitions__traits.hpp
[1.820s] -- Up-to-date: /home/rhobtor/PHD/ARGOJ8_IA/ARGOSJ8_IA_/install/ctl_mission_interfaces/include/ctl_mission_interfaces/ctl_mission_interfaces/srv/detail/change_speed__builder.hpp
[1.820s] -- Up-to-date: /home/rhobtor/PHD/ARGOJ8_IA/ARGOSJ8_IA_/install/ctl_mission_interfaces/include/ctl_mission_interfaces/ctl_mission_interfaces/srv/detail/get_mode__struct.hpp
[1.820s] -- Up-to-date: /home/rhobtor/PHD/ARGOJ8_IA/ARGOSJ8_IA_/install/ctl_mission_interfaces/include/ctl_mission_interfaces/ctl_mission_interfaces/srv/detail/config_dynamic_pure_ctrl__type_support.hpp
[1.820s] -- Up-to-date: /home/rhobtor/PHD/ARGOJ8_IA/ARGOSJ8_IA_/install/ctl_mission_interfaces/include/ctl_mission_interfaces/ctl_mission_interfaces/srv/detail/config_simple_ctl__type_support.hpp
[1.820s] -- Up-to-date: /home/rhobtor/PHD/ARGOJ8_IA/ARGOSJ8_IA_/install/ctl_mission_interfaces/include/ctl_mission_interfaces/ctl_mission_interfaces/srv/detail/get_mode__traits.hpp
[1.820s] -- Up-to-date: /home/rhobtor/PHD/ARGOJ8_IA/ARGOSJ8_IA_/install/ctl_mission_interfaces/include/ctl_mission_interfaces/ctl_mission_interfaces/srv/detail/config_regulated_pure_ctrl__traits.hpp
[1.820s] -- Up-to-date: /home/rhobtor/PHD/ARGOJ8_IA/ARGOSJ8_IA_/install/ctl_mission_interfaces/include/ctl_mission_interfaces/ctl_mission_interfaces/srv/detail/change_mode__type_support.hpp
[1.820s] -- Up-to-date: /home/rhobtor/PHD/ARGOJ8_IA/ARGOSJ8_IA_/install/ctl_mission_interfaces/include/ctl_mission_interfaces/ctl_mission_interfaces/srv/detail/config_dynamic_pure_ctrl__builder.hpp
[1.820s] -- Up-to-date: /home/rhobtor/PHD/ARGOJ8_IA/ARGOSJ8_IA_/install/ctl_mission_interfaces/include/ctl_mission_interfaces/ctl_mission_interfaces/srv/detail/config_simple_ctl__builder.hpp
[1.820s] -- Up-to-date: /home/rhobtor/PHD/ARGOJ8_IA/ARGOSJ8_IA_/install/ctl_mission_interfaces/include/ctl_mission_interfaces/ctl_mission_interfaces/srv/detail/config_dynamic_la_pure_ctrl__type_support.hpp
[1.821s] -- Up-to-date: /home/rhobtor/PHD/ARGOJ8_IA/ARGOSJ8_IA_/install/ctl_mission_interfaces/include/ctl_mission_interfaces/ctl_mission_interfaces/srv/detail/config_regulated_pure_ctrl__type_support.hpp
[1.821s] -- Up-to-date: /home/rhobtor/PHD/ARGOJ8_IA/ARGOSJ8_IA_/install/ctl_mission_interfaces/include/ctl_mission_interfaces/ctl_mission_interfaces/srv/detail/change_controller__struct.hpp
[1.821s] -- Up-to-date: /home/rhobtor/PHD/ARGOJ8_IA/ARGOSJ8_IA_/install/ctl_mission_interfaces/include/ctl_mission_interfaces/ctl_mission_interfaces/srv/detail/config_dynamic_la_pure_ctrl__traits.hpp
[1.821s] -- Up-to-date: /home/rhobtor/PHD/ARGOJ8_IA/ARGOSJ8_IA_/install/ctl_mission_interfaces/include/ctl_mission_interfaces/ctl_mission_interfaces/srv/detail/config_dynamic_la_pure_ctrl__struct.hpp
[1.821s] -- Up-to-date: /home/rhobtor/PHD/ARGOJ8_IA/ARGOSJ8_IA_/install/ctl_mission_interfaces/include/ctl_mission_interfaces/ctl_mission_interfaces/srv/detail/config_regulated_pure_ctrl__struct.hpp
[1.821s] -- Up-to-date: /home/rhobtor/PHD/ARGOJ8_IA/ARGOSJ8_IA_/install/ctl_mission_interfaces/include/ctl_mission_interfaces/ctl_mission_interfaces/srv/detail/config_pure_pursuit_ctrl__traits.hpp
[1.821s] -- Up-to-date: /home/rhobtor/PHD/ARGOJ8_IA/ARGOSJ8_IA_/install/ctl_mission_interfaces/include/ctl_mission_interfaces/ctl_mission_interfaces/srv/detail/get_possible_transitions__struct.hpp
[1.821s] -- Up-to-date: /home/rhobtor/PHD/ARGOJ8_IA/ARGOSJ8_IA_/install/ctl_mission_interfaces/include/ctl_mission_interfaces/ctl_mission_interfaces/srv/detail/config_regulated_pure_ctrl__builder.hpp
[1.821s] -- Up-to-date: /home/rhobtor/PHD/ARGOJ8_IA/ARGOSJ8_IA_/install/ctl_mission_interfaces/include/ctl_mission_interfaces/ctl_mission_interfaces/srv/detail/config_simple_ctl__struct.hpp
[1.821s] -- Up-to-date: /home/rhobtor/PHD/ARGOJ8_IA/ARGOSJ8_IA_/install/ctl_mission_interfaces/include/ctl_mission_interfaces/ctl_mission_interfaces/srv/detail/config_stanley_ctrl__type_support.hpp
[1.822s] -- Up-to-date: /home/rhobtor/PHD/ARGOJ8_IA/ARGOSJ8_IA_/install/ctl_mission_interfaces/include/ctl_mission_interfaces/ctl_mission_interfaces/srv/config_stanley_ctrl.hpp
[1.822s] -- Up-to-date: /home/rhobtor/PHD/ARGOJ8_IA/ARGOSJ8_IA_/install/ctl_mission_interfaces/include/ctl_mission_interfaces/ctl_mission_interfaces/srv/config_pure_pursuit_ctrl.hpp
[1.822s] -- Up-to-date: /home/rhobtor/PHD/ARGOJ8_IA/ARGOSJ8_IA_/install/ctl_mission_interfaces/include/ctl_mission_interfaces/ctl_mission_interfaces/srv/change_controller.hpp
[1.822s] -- Up-to-date: /home/rhobtor/PHD/ARGOJ8_IA/ARGOSJ8_IA_/install/ctl_mission_interfaces/include/ctl_mission_interfaces/ctl_mission_interfaces/msg
[1.822s] -- Up-to-date: /home/rhobtor/PHD/ARGOJ8_IA/ARGOSJ8_IA_/install/ctl_mission_interfaces/include/ctl_mission_interfaces/ctl_mission_interfaces/msg/rosidl_generator_cpp__visibility_control.hpp
[1.823s] -- Up-to-date: /home/rhobtor/PHD/ARGOJ8_IA/ARGOSJ8_IA_/install/ctl_mission_interfaces/include/ctl_mission_interfaces/ctl_mission_interfaces
[1.823s] -- Up-to-date: /home/rhobtor/PHD/ARGOJ8_IA/ARGOSJ8_IA_/install/ctl_mission_interfaces/include/ctl_mission_interfaces/ctl_mission_interfaces/srv
[1.823s] -- Up-to-date: /home/rhobtor/PHD/ARGOJ8_IA/ARGOSJ8_IA_/install/ctl_mission_interfaces/include/ctl_mission_interfaces/ctl_mission_interfaces/srv/detail
[1.823s] -- Up-to-date: /home/rhobtor/PHD/ARGOJ8_IA/ARGOSJ8_IA_/install/ctl_mission_interfaces/include/ctl_mission_interfaces/ctl_mission_interfaces/srv/detail/get_mode__rosidl_typesupport_fastrtps_cpp.hpp
[1.823s] -- Up-to-date: /home/rhobtor/PHD/ARGOJ8_IA/ARGOSJ8_IA_/install/ctl_mission_interfaces/include/ctl_mission_interfaces/ctl_mission_interfaces/srv/detail/config_regulated_pure_ctrl__rosidl_typesupport_fastrtps_cpp.hpp
[1.823s] -- Up-to-date: /home/rhobtor/PHD/ARGOJ8_IA/ARGOSJ8_IA_/install/ctl_mission_interfaces/include/ctl_mission_interfaces/ctl_mission_interfaces/srv/detail/get_possible_transitions__rosidl_typesupport_fastrtps_cpp.hpp
[1.823s] -- Up-to-date: /home/rhobtor/PHD/ARGOJ8_IA/ARGOSJ8_IA_/install/ctl_mission_interfaces/include/ctl_mission_interfaces/ctl_mission_interfaces/srv/detail/change_speed__rosidl_typesupport_fastrtps_cpp.hpp
[1.823s] -- Up-to-date: /home/rhobtor/PHD/ARGOJ8_IA/ARGOSJ8_IA_/install/ctl_mission_interfaces/include/ctl_mission_interfaces/ctl_mission_interfaces/srv/detail/change_controller__rosidl_typesupport_fastrtps_cpp.hpp
[1.823s] -- Up-to-date: /home/rhobtor/PHD/ARGOJ8_IA/ARGOSJ8_IA_/install/ctl_mission_interfaces/include/ctl_mission_interfaces/ctl_mission_interfaces/srv/detail/config_simple_ctl__rosidl_typesupport_fastrtps_cpp.hpp
[1.823s] -- Up-to-date: /home/rhobtor/PHD/ARGOJ8_IA/ARGOSJ8_IA_/install/ctl_mission_interfaces/include/ctl_mission_interfaces/ctl_mission_interfaces/srv/detail/config_dynamic_pure_ctrl__rosidl_typesupport_fastrtps_cpp.hpp
[1.823s] -- Up-to-date: /home/rhobtor/PHD/ARGOJ8_IA/ARGOSJ8_IA_/install/ctl_mission_interfaces/include/ctl_mission_interfaces/ctl_mission_interfaces/srv/detail/config_stanley_ctrl__rosidl_typesupport_fastrtps_cpp.hpp
[1.823s] -- Up-to-date: /home/rhobtor/PHD/ARGOJ8_IA/ARGOSJ8_IA_/install/ctl_mission_interfaces/include/ctl_mission_interfaces/ctl_mission_interfaces/srv/detail/dds_fastrtps
[1.823s] -- Up-to-date: /home/rhobtor/PHD/ARGOJ8_IA/ARGOSJ8_IA_/install/ctl_mission_interfaces/include/ctl_mission_interfaces/ctl_mission_interfaces/srv/detail/config_pure_pursuit_ctrl__rosidl_typesupport_fastrtps_cpp.hpp
[1.823s] -- Up-to-date: /home/rhobtor/PHD/ARGOJ8_IA/ARGOSJ8_IA_/install/ctl_mission_interfaces/include/ctl_mission_interfaces/ctl_mission_interfaces/srv/detail/change_mode__rosidl_typesupport_fastrtps_cpp.hpp
[1.824s] -- Up-to-date: /home/rhobtor/PHD/ARGOJ8_IA/ARGOSJ8_IA_/install/ctl_mission_interfaces/include/ctl_mission_interfaces/ctl_mission_interfaces/srv/detail/config_dynamic_la_pure_ctrl__rosidl_typesupport_fastrtps_cpp.hpp
[1.824s] -- Up-to-date: /home/rhobtor/PHD/ARGOJ8_IA/ARGOSJ8_IA_/install/ctl_mission_interfaces/include/ctl_mission_interfaces/ctl_mission_interfaces/msg
[1.824s] -- Up-to-date: /home/rhobtor/PHD/ARGOJ8_IA/ARGOSJ8_IA_/install/ctl_mission_interfaces/include/ctl_mission_interfaces/ctl_mission_interfaces/msg/rosidl_typesupport_fastrtps_cpp__visibility_control.h
[1.825s] -- Up-to-date: /home/rhobtor/PHD/ARGOJ8_IA/ARGOSJ8_IA_/install/ctl_mission_interfaces/lib/libctl_mission_interfaces__rosidl_typesupport_fastrtps_cpp.so
[1.825s] -- Up-to-date: /home/rhobtor/PHD/ARGOJ8_IA/ARGOSJ8_IA_/install/ctl_mission_interfaces/include/ctl_mission_interfaces/ctl_mission_interfaces
[1.825s] -- Up-to-date: /home/rhobtor/PHD/ARGOJ8_IA/ARGOSJ8_IA_/install/ctl_mission_interfaces/include/ctl_mission_interfaces/ctl_mission_interfaces/srv
[1.825s] -- Up-to-date: /home/rhobtor/PHD/ARGOJ8_IA/ARGOSJ8_IA_/install/ctl_mission_interfaces/include/ctl_mission_interfaces/ctl_mission_interfaces/srv/detail
[1.825s] -- Up-to-date: /home/rhobtor/PHD/ARGOJ8_IA/ARGOSJ8_IA_/install/ctl_mission_interfaces/include/ctl_mission_interfaces/ctl_mission_interfaces/srv/detail/get_possible_transitions__rosidl_typesupport_introspection_cpp.hpp
[1.825s] -- Up-to-date: /home/rhobtor/PHD/ARGOJ8_IA/ARGOSJ8_IA_/install/ctl_mission_interfaces/include/ctl_mission_interfaces/ctl_mission_interfaces/srv/detail/config_dynamic_pure_ctrl__rosidl_typesupport_introspection_cpp.hpp
[1.825s] -- Up-to-date: /home/rhobtor/PHD/ARGOJ8_IA/ARGOSJ8_IA_/install/ctl_mission_interfaces/include/ctl_mission_interfaces/ctl_mission_interfaces/srv/detail/config_simple_ctl__type_support.cpp
[1.825s] -- Up-to-date: /home/rhobtor/PHD/ARGOJ8_IA/ARGOSJ8_IA_/install/ctl_mission_interfaces/include/ctl_mission_interfaces/ctl_mission_interfaces/srv/detail/get_mode__rosidl_typesupport_introspection_cpp.hpp
[1.825s] -- Up-to-date: /home/rhobtor/PHD/ARGOJ8_IA/ARGOSJ8_IA_/install/ctl_mission_interfaces/include/ctl_mission_interfaces/ctl_mission_interfaces/srv/detail/change_controller__rosidl_typesupport_introspection_cpp.hpp
[1.825s] -- Up-to-date: /home/rhobtor/PHD/ARGOJ8_IA/ARGOSJ8_IA_/install/ctl_mission_interfaces/include/ctl_mission_interfaces/ctl_mission_interfaces/srv/detail/change_speed__rosidl_typesupport_introspection_cpp.hpp
[1.825s] -- Up-to-date: /home/rhobtor/PHD/ARGOJ8_IA/ARGOSJ8_IA_/install/ctl_mission_interfaces/include/ctl_mission_interfaces/ctl_mission_interfaces/srv/detail/config_stanley_ctrl__rosidl_typesupport_introspection_cpp.hpp
[1.825s] -- Up-to-date: /home/rhobtor/PHD/ARGOJ8_IA/ARGOSJ8_IA_/install/ctl_mission_interfaces/include/ctl_mission_interfaces/ctl_mission_interfaces/srv/detail/config_pure_pursuit_ctrl__type_support.cpp
[1.825s] -- Up-to-date: /home/rhobtor/PHD/ARGOJ8_IA/ARGOSJ8_IA_/install/ctl_mission_interfaces/include/ctl_mission_interfaces/ctl_mission_interfaces/srv/detail/config_regulated_pure_ctrl__type_support.cpp
[1.826s] -- Up-to-date: /home/rhobtor/PHD/ARGOJ8_IA/ARGOSJ8_IA_/install/ctl_mission_interfaces/include/ctl_mission_interfaces/ctl_mission_interfaces/srv/detail/config_dynamic_pure_ctrl__type_support.cpp
[1.826s] -- Up-to-date: /home/rhobtor/PHD/ARGOJ8_IA/ARGOSJ8_IA_/install/ctl_mission_interfaces/include/ctl_mission_interfaces/ctl_mission_interfaces/srv/detail/config_simple_ctl__rosidl_typesupport_introspection_cpp.hpp
[1.826s] -- Up-to-date: /home/rhobtor/PHD/ARGOJ8_IA/ARGOSJ8_IA_/install/ctl_mission_interfaces/include/ctl_mission_interfaces/ctl_mission_interfaces/srv/detail/config_dynamic_la_pure_ctrl__type_support.cpp
[1.826s] -- Up-to-date: /home/rhobtor/PHD/ARGOJ8_IA/ARGOSJ8_IA_/install/ctl_mission_interfaces/include/ctl_mission_interfaces/ctl_mission_interfaces/srv/detail/get_possible_transitions__type_support.cpp
[1.826s] -- Up-to-date: /home/rhobtor/PHD/ARGOJ8_IA/ARGOSJ8_IA_/install/ctl_mission_interfaces/include/ctl_mission_interfaces/ctl_mission_interfaces/srv/detail/config_pure_pursuit_ctrl__rosidl_typesupport_introspection_cpp.hpp
[1.826s] -- Up-to-date: /home/rhobtor/PHD/ARGOJ8_IA/ARGOSJ8_IA_/install/ctl_mission_interfaces/include/ctl_mission_interfaces/ctl_mission_interfaces/srv/detail/config_stanley_ctrl__type_support.cpp
[1.826s] -- Up-to-date: /home/rhobtor/PHD/ARGOJ8_IA/ARGOSJ8_IA_/install/ctl_mission_interfaces/include/ctl_mission_interfaces/ctl_mission_interfaces/srv/detail/change_mode__type_support.cpp
[1.826s] -- Up-to-date: /home/rhobtor/PHD/ARGOJ8_IA/ARGOSJ8_IA_/install/ctl_mission_interfaces/include/ctl_mission_interfaces/ctl_mission_interfaces/srv/detail/change_mode__rosidl_typesupport_introspection_cpp.hpp
[1.826s] -- Up-to-date: /home/rhobtor/PHD/ARGOJ8_IA/ARGOSJ8_IA_/install/ctl_mission_interfaces/include/ctl_mission_interfaces/ctl_mission_interfaces/srv/detail/config_dynamic_la_pure_ctrl__rosidl_typesupport_introspection_cpp.hpp
[1.826s] -- Up-to-date: /home/rhobtor/PHD/ARGOJ8_IA/ARGOSJ8_IA_/install/ctl_mission_interfaces/include/ctl_mission_interfaces/ctl_mission_interfaces/srv/detail/change_speed__type_support.cpp
[1.826s] -- Up-to-date: /home/rhobtor/PHD/ARGOJ8_IA/ARGOSJ8_IA_/install/ctl_mission_interfaces/include/ctl_mission_interfaces/ctl_mission_interfaces/srv/detail/config_regulated_pure_ctrl__rosidl_typesupport_introspection_cpp.hpp
[1.826s] -- Up-to-date: /home/rhobtor/PHD/ARGOJ8_IA/ARGOSJ8_IA_/install/ctl_mission_interfaces/include/ctl_mission_interfaces/ctl_mission_interfaces/srv/detail/change_controller__type_support.cpp
[1.827s] -- Up-to-date: /home/rhobtor/PHD/ARGOJ8_IA/ARGOSJ8_IA_/install/ctl_mission_interfaces/include/ctl_mission_interfaces/ctl_mission_interfaces/srv/detail/get_mode__type_support.cpp
[1.827s] -- Up-to-date: /home/rhobtor/PHD/ARGOJ8_IA/ARGOSJ8_IA_/install/ctl_mission_interfaces/lib/libctl_mission_interfaces__rosidl_typesupport_introspection_cpp.so
[1.827s] -- Up-to-date: /home/rhobtor/PHD/ARGOJ8_IA/ARGOSJ8_IA_/install/ctl_mission_interfaces/lib/libctl_mission_interfaces__rosidl_typesupport_cpp.so
[1.827s] -- Up-to-date: /home/rhobtor/PHD/ARGOJ8_IA/ARGOSJ8_IA_/install/ctl_mission_interfaces/share/ctl_mission_interfaces/environment/pythonpath.sh
[1.827s] -- Up-to-date: /home/rhobtor/PHD/ARGOJ8_IA/ARGOSJ8_IA_/install/ctl_mission_interfaces/share/ctl_mission_interfaces/environment/pythonpath.dsv
[1.827s] -- Up-to-date: /home/rhobtor/PHD/ARGOJ8_IA/ARGOSJ8_IA_/install/ctl_mission_interfaces/local/lib/python3.10/dist-packages/ctl_mission_interfaces-0.0.0-py3.10.egg-info
[1.827s] -- Installing: /home/rhobtor/PHD/ARGOJ8_IA/ARGOSJ8_IA_/install/ctl_mission_interfaces/local/lib/python3.10/dist-packages/ctl_mission_interfaces-0.0.0-py3.10.egg-info/top_level.txt
[1.829s] -- Installing: /home/rhobtor/PHD/ARGOJ8_IA/ARGOSJ8_IA_/install/ctl_mission_interfaces/local/lib/python3.10/dist-packages/ctl_mission_interfaces-0.0.0-py3.10.egg-info/SOURCES.txt
[1.831s] -- Installing: /home/rhobtor/PHD/ARGOJ8_IA/ARGOSJ8_IA_/install/ctl_mission_interfaces/local/lib/python3.10/dist-packages/ctl_mission_interfaces-0.0.0-py3.10.egg-info/PKG-INFO
[1.832s] -- Installing: /home/rhobtor/PHD/ARGOJ8_IA/ARGOSJ8_IA_/install/ctl_mission_interfaces/local/lib/python3.10/dist-packages/ctl_mission_interfaces-0.0.0-py3.10.egg-info/dependency_links.txt
[1.833s] -- Up-to-date: /home/rhobtor/PHD/ARGOJ8_IA/ARGOSJ8_IA_/install/ctl_mission_interfaces/local/lib/python3.10/dist-packages/ctl_mission_interfaces
[1.833s] -- Up-to-date: /home/rhobtor/PHD/ARGOJ8_IA/ARGOSJ8_IA_/install/ctl_mission_interfaces/local/lib/python3.10/dist-packages/ctl_mission_interfaces/srv
[1.833s] -- Up-to-date: /home/rhobtor/PHD/ARGOJ8_IA/ARGOSJ8_IA_/install/ctl_mission_interfaces/local/lib/python3.10/dist-packages/ctl_mission_interfaces/srv/_config_pure_pursuit_ctrl_s.c
[1.833s] -- Up-to-date: /home/rhobtor/PHD/ARGOJ8_IA/ARGOSJ8_IA_/install/ctl_mission_interfaces/local/lib/python3.10/dist-packages/ctl_mission_interfaces/srv/_config_stanley_ctrl_s.c
[1.833s] -- Up-to-date: /home/rhobtor/PHD/ARGOJ8_IA/ARGOSJ8_IA_/install/ctl_mission_interfaces/local/lib/python3.10/dist-packages/ctl_mission_interfaces/srv/_config_pure_pursuit_ctrl.py
[1.833s] -- Up-to-date: /home/rhobtor/PHD/ARGOJ8_IA/ARGOSJ8_IA_/install/ctl_mission_interfaces/local/lib/python3.10/dist-packages/ctl_mission_interfaces/srv/_config_dynamic_pure_ctrl_s.c
[1.833s] -- Up-to-date: /home/rhobtor/PHD/ARGOJ8_IA/ARGOSJ8_IA_/install/ctl_mission_interfaces/local/lib/python3.10/dist-packages/ctl_mission_interfaces/srv/_config_regulated_pure_ctrl_s.c
[1.833s] -- Up-to-date: /home/rhobtor/PHD/ARGOJ8_IA/ARGOSJ8_IA_/install/ctl_mission_interfaces/local/lib/python3.10/dist-packages/ctl_mission_interfaces/srv/_get_possible_transitions.py
[1.833s] -- Up-to-date: /home/rhobtor/PHD/ARGOJ8_IA/ARGOSJ8_IA_/install/ctl_mission_interfaces/local/lib/python3.10/dist-packages/ctl_mission_interfaces/srv/_change_mode_s.c
[1.833s] -- Up-to-date: /home/rhobtor/PHD/ARGOJ8_IA/ARGOSJ8_IA_/install/ctl_mission_interfaces/local/lib/python3.10/dist-packages/ctl_mission_interfaces/srv/_config_dynamic_la_pure_ctrl_s.c
[1.833s] -- Up-to-date: /home/rhobtor/PHD/ARGOJ8_IA/ARGOSJ8_IA_/install/ctl_mission_interfaces/local/lib/python3.10/dist-packages/ctl_mission_interfaces/srv/_config_regulated_pure_ctrl.py
[1.833s] -- Up-to-date: /home/rhobtor/PHD/ARGOJ8_IA/ARGOSJ8_IA_/install/ctl_mission_interfaces/local/lib/python3.10/dist-packages/ctl_mission_interfaces/srv/_change_controller_s.c
[1.834s] -- Up-to-date: /home/rhobtor/PHD/ARGOJ8_IA/ARGOSJ8_IA_/install/ctl_mission_interfaces/local/lib/python3.10/dist-packages/ctl_mission_interfaces/srv/_get_mode.py
[1.835s] -- Up-to-date: /home/rhobtor/PHD/ARGOJ8_IA/ARGOSJ8_IA_/install/ctl_mission_interfaces/local/lib/python3.10/dist-packages/ctl_mission_interfaces/srv/_change_controller.py
[1.836s] -- Up-to-date: /home/rhobtor/PHD/ARGOJ8_IA/ARGOSJ8_IA_/install/ctl_mission_interfaces/local/lib/python3.10/dist-packages/ctl_mission_interfaces/srv/__init__.py
[1.838s] -- Up-to-date: /home/rhobtor/PHD/ARGOJ8_IA/ARGOSJ8_IA_/install/ctl_mission_interfaces/local/lib/python3.10/dist-packages/ctl_mission_interfaces/srv/_config_simple_ctl.py
[1.838s] -- Up-to-date: /home/rhobtor/PHD/ARGOJ8_IA/ARGOSJ8_IA_/install/ctl_mission_interfaces/local/lib/python3.10/dist-packages/ctl_mission_interfaces/srv/_change_speed.py
[1.839s] -- Up-to-date: /home/rhobtor/PHD/ARGOJ8_IA/ARGOSJ8_IA_/install/ctl_mission_interfaces/local/lib/python3.10/dist-packages/ctl_mission_interfaces/srv/_change_speed_s.c
[1.842s] -- Up-to-date: /home/rhobtor/PHD/ARGOJ8_IA/ARGOSJ8_IA_/install/ctl_mission_interfaces/local/lib/python3.10/dist-packages/ctl_mission_interfaces/srv/_config_dynamic_pure_ctrl.py
[1.845s] -- Up-to-date: /home/rhobtor/PHD/ARGOJ8_IA/ARGOSJ8_IA_/install/ctl_mission_interfaces/local/lib/python3.10/dist-packages/ctl_mission_interfaces/srv/_get_mode_s.c
[1.845s] -- Up-to-date: /home/rhobtor/PHD/ARGOJ8_IA/ARGOSJ8_IA_/install/ctl_mission_interfaces/local/lib/python3.10/dist-packages/ctl_mission_interfaces/srv/_change_mode.py
[1.845s] -- Up-to-date: /home/rhobtor/PHD/ARGOJ8_IA/ARGOSJ8_IA_/install/ctl_mission_interfaces/local/lib/python3.10/dist-packages/ctl_mission_interfaces/srv/_config_stanley_ctrl.py
[1.845s] -- Up-to-date: /home/rhobtor/PHD/ARGOJ8_IA/ARGOSJ8_IA_/install/ctl_mission_interfaces/local/lib/python3.10/dist-packages/ctl_mission_interfaces/srv/_config_simple_ctl_s.c
[1.845s] -- Up-to-date: /home/rhobtor/PHD/ARGOJ8_IA/ARGOSJ8_IA_/install/ctl_mission_interfaces/local/lib/python3.10/dist-packages/ctl_mission_interfaces/srv/_config_dynamic_la_pure_ctrl.py
[1.845s] -- Up-to-date: /home/rhobtor/PHD/ARGOJ8_IA/ARGOSJ8_IA_/install/ctl_mission_interfaces/local/lib/python3.10/dist-packages/ctl_mission_interfaces/srv/_get_possible_transitions_s.c
[1.845s] -- Up-to-date: /home/rhobtor/PHD/ARGOJ8_IA/ARGOSJ8_IA_/install/ctl_mission_interfaces/local/lib/python3.10/dist-packages/ctl_mission_interfaces/ctl_mission_interfaces_s__rosidl_typesupport_c.cpython-310-x86_64-linux-gnu.so
[1.845s] -- Up-to-date: /home/rhobtor/PHD/ARGOJ8_IA/ARGOSJ8_IA_/install/ctl_mission_interfaces/local/lib/python3.10/dist-packages/ctl_mission_interfaces/ctl_mission_interfaces_s__rosidl_typesupport_fastrtps_c.cpython-310-x86_64-linux-gnu.so
[1.845s] -- Up-to-date: /home/rhobtor/PHD/ARGOJ8_IA/ARGOSJ8_IA_/install/ctl_mission_interfaces/local/lib/python3.10/dist-packages/ctl_mission_interfaces/_ctl_mission_interfaces_s.ep.rosidl_typesupport_c.c
[1.845s] -- Up-to-date: /home/rhobtor/PHD/ARGOJ8_IA/ARGOSJ8_IA_/install/ctl_mission_interfaces/local/lib/python3.10/dist-packages/ctl_mission_interfaces/ctl_mission_interfaces_s__rosidl_typesupport_introspection_c.cpython-310-x86_64-linux-gnu.so
[1.845s] -- Up-to-date: /home/rhobtor/PHD/ARGOJ8_IA/ARGOSJ8_IA_/install/ctl_mission_interfaces/local/lib/python3.10/dist-packages/ctl_mission_interfaces/__init__.py
[1.845s] -- Up-to-date: /home/rhobtor/PHD/ARGOJ8_IA/ARGOSJ8_IA_/install/ctl_mission_interfaces/local/lib/python3.10/dist-packages/ctl_mission_interfaces/_ctl_mission_interfaces_s.ep.rosidl_typesupport_fastrtps_c.c
[1.845s] -- Up-to-date: /home/rhobtor/PHD/ARGOJ8_IA/ARGOSJ8_IA_/install/ctl_mission_interfaces/local/lib/python3.10/dist-packages/ctl_mission_interfaces/_ctl_mission_interfaces_s.ep.rosidl_typesupport_introspection_c.c
[1.846s] -- Up-to-date: /home/rhobtor/PHD/ARGOJ8_IA/ARGOSJ8_IA_/install/ctl_mission_interfaces/local/lib/python3.10/dist-packages/ctl_mission_interfaces/libctl_mission_interfaces__rosidl_generator_py.so
[1.876s] Listing '/home/rhobtor/PHD/ARGOJ8_IA/ARGOSJ8_IA_/install/ctl_mission_interfaces/local/lib/python3.10/dist-packages/ctl_mission_interfaces'...
[1.876s] Listing '/home/rhobtor/PHD/ARGOJ8_IA/ARGOSJ8_IA_/install/ctl_mission_interfaces/local/lib/python3.10/dist-packages/ctl_mission_interfaces/srv'...
[1.876s] -- Up-to-date: /home/rhobtor/PHD/ARGOJ8_IA/ARGOSJ8_IA_/install/ctl_mission_interfaces/local/lib/python3.10/dist-packages/ctl_mission_interfaces/ctl_mission_interfaces_s__rosidl_typesupport_fastrtps_c.cpython-310-x86_64-linux-gnu.so
[1.876s] -- Up-to-date: /home/rhobtor/PHD/ARGOJ8_IA/ARGOSJ8_IA_/install/ctl_mission_interfaces/local/lib/python3.10/dist-packages/ctl_mission_interfaces/ctl_mission_interfaces_s__rosidl_typesupport_introspection_c.cpython-310-x86_64-linux-gnu.so
[1.876s] -- Up-to-date: /home/rhobtor/PHD/ARGOJ8_IA/ARGOSJ8_IA_/install/ctl_mission_interfaces/local/lib/python3.10/dist-packages/ctl_mission_interfaces/ctl_mission_interfaces_s__rosidl_typesupport_c.cpython-310-x86_64-linux-gnu.so
[1.876s] -- Up-to-date: /home/rhobtor/PHD/ARGOJ8_IA/ARGOSJ8_IA_/install/ctl_mission_interfaces/lib/libctl_mission_interfaces__rosidl_generator_py.so
[1.876s] -- Up-to-date: /home/rhobtor/PHD/ARGOJ8_IA/ARGOSJ8_IA_/install/ctl_mission_interfaces/share/ctl_mission_interfaces/srv/ChangeMode.idl
[1.876s] -- Up-to-date: /home/rhobtor/PHD/ARGOJ8_IA/ARGOSJ8_IA_/install/ctl_mission_interfaces/share/ctl_mission_interfaces/srv/GetMode.idl
[1.876s] -- Up-to-date: /home/rhobtor/PHD/ARGOJ8_IA/ARGOSJ8_IA_/install/ctl_mission_interfaces/share/ctl_mission_interfaces/srv/ChangeSpeed.idl
[1.876s] -- Up-to-date: /home/rhobtor/PHD/ARGOJ8_IA/ARGOSJ8_IA_/install/ctl_mission_interfaces/share/ctl_mission_interfaces/srv/ConfigSimpleCtl.idl
[1.876s] -- Up-to-date: /home/rhobtor/PHD/ARGOJ8_IA/ARGOSJ8_IA_/install/ctl_mission_interfaces/share/ctl_mission_interfaces/srv/GetPossibleTransitions.idl
[1.877s] -- Up-to-date: /home/rhobtor/PHD/ARGOJ8_IA/ARGOSJ8_IA_/install/ctl_mission_interfaces/share/ctl_mission_interfaces/srv/ChangeController.idl
[1.877s] -- Up-to-date: /home/rhobtor/PHD/ARGOJ8_IA/ARGOSJ8_IA_/install/ctl_mission_interfaces/share/ctl_mission_interfaces/srv/ConfigPurePursuitCtrl.idl
[1.877s] -- Up-to-date: /home/rhobtor/PHD/ARGOJ8_IA/ARGOSJ8_IA_/install/ctl_mission_interfaces/share/ctl_mission_interfaces/srv/ConfigStanleyCtrl.idl
[1.877s] -- Up-to-date: /home/rhobtor/PHD/ARGOJ8_IA/ARGOSJ8_IA_/install/ctl_mission_interfaces/share/ctl_mission_interfaces/srv/ConfigDynamicPureCtrl.idl
[1.877s] -- Up-to-date: /home/rhobtor/PHD/ARGOJ8_IA/ARGOSJ8_IA_/install/ctl_mission_interfaces/share/ctl_mission_interfaces/srv/ConfigDynamicLAPureCtrl.idl
[1.877s] -- Up-to-date: /home/rhobtor/PHD/ARGOJ8_IA/ARGOSJ8_IA_/install/ctl_mission_interfaces/share/ctl_mission_interfaces/srv/ConfigRegulatedPureCtrl.idl
[1.877s] -- Up-to-date: /home/rhobtor/PHD/ARGOJ8_IA/ARGOSJ8_IA_/install/ctl_mission_interfaces/share/ctl_mission_interfaces/srv/ChangeMode.srv
[1.877s] -- Up-to-date: /home/rhobtor/PHD/ARGOJ8_IA/ARGOSJ8_IA_/install/ctl_mission_interfaces/share/ctl_mission_interfaces/srv/ChangeMode_Request.msg
[1.877s] -- Up-to-date: /home/rhobtor/PHD/ARGOJ8_IA/ARGOSJ8_IA_/install/ctl_mission_interfaces/share/ctl_mission_interfaces/srv/ChangeMode_Response.msg
[1.877s] -- Up-to-date: /home/rhobtor/PHD/ARGOJ8_IA/ARGOSJ8_IA_/install/ctl_mission_interfaces/share/ctl_mission_interfaces/srv/GetMode.srv
[1.877s] -- Up-to-date: /home/rhobtor/PHD/ARGOJ8_IA/ARGOSJ8_IA_/install/ctl_mission_interfaces/share/ctl_mission_interfaces/srv/GetMode_Request.msg
[1.878s] -- Up-to-date: /home/rhobtor/PHD/ARGOJ8_IA/ARGOSJ8_IA_/install/ctl_mission_interfaces/share/ctl_mission_interfaces/srv/GetMode_Response.msg
[1.878s] -- Up-to-date: /home/rhobtor/PHD/ARGOJ8_IA/ARGOSJ8_IA_/install/ctl_mission_interfaces/share/ctl_mission_interfaces/srv/ChangeSpeed.srv
[1.878s] -- Up-to-date: /home/rhobtor/PHD/ARGOJ8_IA/ARGOSJ8_IA_/install/ctl_mission_interfaces/share/ctl_mission_interfaces/srv/ChangeSpeed_Request.msg
[1.878s] -- Up-to-date: /home/rhobtor/PHD/ARGOJ8_IA/ARGOSJ8_IA_/install/ctl_mission_interfaces/share/ctl_mission_interfaces/srv/ChangeSpeed_Response.msg
[1.878s] -- Up-to-date: /home/rhobtor/PHD/ARGOJ8_IA/ARGOSJ8_IA_/install/ctl_mission_interfaces/share/ctl_mission_interfaces/srv/ConfigSimpleCtl.srv
[1.878s] -- Up-to-date: /home/rhobtor/PHD/ARGOJ8_IA/ARGOSJ8_IA_/install/ctl_mission_interfaces/share/ctl_mission_interfaces/srv/ConfigSimpleCtl_Request.msg
[1.878s] -- Up-to-date: /home/rhobtor/PHD/ARGOJ8_IA/ARGOSJ8_IA_/install/ctl_mission_interfaces/share/ctl_mission_interfaces/srv/ConfigSimpleCtl_Response.msg
[1.878s] -- Up-to-date: /home/rhobtor/PHD/ARGOJ8_IA/ARGOSJ8_IA_/install/ctl_mission_interfaces/share/ctl_mission_interfaces/srv/GetPossibleTransitions.srv
[1.878s] -- Up-to-date: /home/rhobtor/PHD/ARGOJ8_IA/ARGOSJ8_IA_/install/ctl_mission_interfaces/share/ctl_mission_interfaces/srv/GetPossibleTransitions_Request.msg
[1.878s] -- Up-to-date: /home/rhobtor/PHD/ARGOJ8_IA/ARGOSJ8_IA_/install/ctl_mission_interfaces/share/ctl_mission_interfaces/srv/GetPossibleTransitions_Response.msg
[1.878s] -- Up-to-date: /home/rhobtor/PHD/ARGOJ8_IA/ARGOSJ8_IA_/install/ctl_mission_interfaces/share/ctl_mission_interfaces/srv/ChangeController.srv
[1.878s] -- Up-to-date: /home/rhobtor/PHD/ARGOJ8_IA/ARGOSJ8_IA_/install/ctl_mission_interfaces/share/ctl_mission_interfaces/srv/ChangeController_Request.msg
[1.878s] -- Up-to-date: /home/rhobtor/PHD/ARGOJ8_IA/ARGOSJ8_IA_/install/ctl_mission_interfaces/share/ctl_mission_interfaces/srv/ChangeController_Response.msg
[1.879s] -- Up-to-date: /home/rhobtor/PHD/ARGOJ8_IA/ARGOSJ8_IA_/install/ctl_mission_interfaces/share/ctl_mission_interfaces/srv/ConfigPurePursuitCtrl.srv
[1.879s] -- Up-to-date: /home/rhobtor/PHD/ARGOJ8_IA/ARGOSJ8_IA_/install/ctl_mission_interfaces/share/ctl_mission_interfaces/srv/ConfigPurePursuitCtrl_Request.msg
[1.879s] -- Up-to-date: /home/rhobtor/PHD/ARGOJ8_IA/ARGOSJ8_IA_/install/ctl_mission_interfaces/share/ctl_mission_interfaces/srv/ConfigPurePursuitCtrl_Response.msg
[1.879s] -- Up-to-date: /home/rhobtor/PHD/ARGOJ8_IA/ARGOSJ8_IA_/install/ctl_mission_interfaces/share/ctl_mission_interfaces/srv/ConfigStanleyCtrl.srv
[1.879s] -- Up-to-date: /home/rhobtor/PHD/ARGOJ8_IA/ARGOSJ8_IA_/install/ctl_mission_interfaces/share/ctl_mission_interfaces/srv/ConfigStanleyCtrl_Request.msg
[1.879s] -- Up-to-date: /home/rhobtor/PHD/ARGOJ8_IA/ARGOSJ8_IA_/install/ctl_mission_interfaces/share/ctl_mission_interfaces/srv/ConfigStanleyCtrl_Response.msg
[1.879s] -- Up-to-date: /home/rhobtor/PHD/ARGOJ8_IA/ARGOSJ8_IA_/install/ctl_mission_interfaces/share/ctl_mission_interfaces/srv/ConfigDynamicPureCtrl.srv
[1.879s] -- Up-to-date: /home/rhobtor/PHD/ARGOJ8_IA/ARGOSJ8_IA_/install/ctl_mission_interfaces/share/ctl_mission_interfaces/srv/ConfigDynamicPureCtrl_Request.msg
[1.879s] -- Up-to-date: /home/rhobtor/PHD/ARGOJ8_IA/ARGOSJ8_IA_/install/ctl_mission_interfaces/share/ctl_mission_interfaces/srv/ConfigDynamicPureCtrl_Response.msg
[1.879s] -- Up-to-date: /home/rhobtor/PHD/ARGOJ8_IA/ARGOSJ8_IA_/install/ctl_mission_interfaces/share/ctl_mission_interfaces/srv/ConfigDynamicLAPureCtrl.srv
[1.879s] -- Up-to-date: /home/rhobtor/PHD/ARGOJ8_IA/ARGOSJ8_IA_/install/ctl_mission_interfaces/share/ctl_mission_interfaces/srv/ConfigDynamicLAPureCtrl_Request.msg
[1.880s] -- Up-to-date: /home/rhobtor/PHD/ARGOJ8_IA/ARGOSJ8_IA_/install/ctl_mission_interfaces/share/ctl_mission_interfaces/srv/ConfigDynamicLAPureCtrl_Response.msg
[1.880s] -- Up-to-date: /home/rhobtor/PHD/ARGOJ8_IA/ARGOSJ8_IA_/install/ctl_mission_interfaces/share/ctl_mission_interfaces/srv/ConfigRegulatedPureCtrl.srv
[1.880s] -- Up-to-date: /home/rhobtor/PHD/ARGOJ8_IA/ARGOSJ8_IA_/install/ctl_mission_interfaces/share/ctl_mission_interfaces/srv/ConfigRegulatedPureCtrl_Request.msg
[1.880s] -- Up-to-date: /home/rhobtor/PHD/ARGOJ8_IA/ARGOSJ8_IA_/install/ctl_mission_interfaces/share/ctl_mission_interfaces/srv/ConfigRegulatedPureCtrl_Response.msg
[1.880s] -- Up-to-date: /home/rhobtor/PHD/ARGOJ8_IA/ARGOSJ8_IA_/install/ctl_mission_interfaces/share/ament_index/resource_index/package_run_dependencies/ctl_mission_interfaces
[1.880s] -- Up-to-date: /home/rhobtor/PHD/ARGOJ8_IA/ARGOSJ8_IA_/install/ctl_mission_interfaces/share/ament_index/resource_index/parent_prefix_path/ctl_mission_interfaces
[1.880s] -- Up-to-date: /home/rhobtor/PHD/ARGOJ8_IA/ARGOSJ8_IA_/install/ctl_mission_interfaces/share/ctl_mission_interfaces/environment/ament_prefix_path.sh
[1.880s] -- Up-to-date: /home/rhobtor/PHD/ARGOJ8_IA/ARGOSJ8_IA_/install/ctl_mission_interfaces/share/ctl_mission_interfaces/environment/ament_prefix_path.dsv
[1.880s] -- Up-to-date: /home/rhobtor/PHD/ARGOJ8_IA/ARGOSJ8_IA_/install/ctl_mission_interfaces/share/ctl_mission_interfaces/environment/path.sh
[1.880s] -- Up-to-date: /home/rhobtor/PHD/ARGOJ8_IA/ARGOSJ8_IA_/install/ctl_mission_interfaces/share/ctl_mission_interfaces/environment/path.dsv
[1.880s] -- Up-to-date: /home/rhobtor/PHD/ARGOJ8_IA/ARGOSJ8_IA_/install/ctl_mission_interfaces/share/ctl_mission_interfaces/local_setup.bash
[1.880s] -- Up-to-date: /home/rhobtor/PHD/ARGOJ8_IA/ARGOSJ8_IA_/install/ctl_mission_interfaces/share/ctl_mission_interfaces/local_setup.sh
[1.880s] -- Up-to-date: /home/rhobtor/PHD/ARGOJ8_IA/ARGOSJ8_IA_/install/ctl_mission_interfaces/share/ctl_mission_interfaces/local_setup.zsh
[1.880s] -- Up-to-date: /home/rhobtor/PHD/ARGOJ8_IA/ARGOSJ8_IA_/install/ctl_mission_interfaces/share/ctl_mission_interfaces/local_setup.dsv
[1.881s] -- Installing: /home/rhobtor/PHD/ARGOJ8_IA/ARGOSJ8_IA_/install/ctl_mission_interfaces/share/ctl_mission_interfaces/package.dsv
[1.881s] -- Up-to-date: /home/rhobtor/PHD/ARGOJ8_IA/ARGOSJ8_IA_/install/ctl_mission_interfaces/share/ament_index/resource_index/packages/ctl_mission_interfaces
[1.881s] -- Up-to-date: /home/rhobtor/PHD/ARGOJ8_IA/ARGOSJ8_IA_/install/ctl_mission_interfaces/share/ctl_mission_interfaces/cmake/export_ctl_mission_interfaces__rosidl_generator_cExport.cmake
[1.881s] -- Up-to-date: /home/rhobtor/PHD/ARGOJ8_IA/ARGOSJ8_IA_/install/ctl_mission_interfaces/share/ctl_mission_interfaces/cmake/export_ctl_mission_interfaces__rosidl_generator_cExport-noconfig.cmake
[1.881s] -- Up-to-date: /home/rhobtor/PHD/ARGOJ8_IA/ARGOSJ8_IA_/install/ctl_mission_interfaces/share/ctl_mission_interfaces/cmake/export_ctl_mission_interfaces__rosidl_typesupport_fastrtps_cExport.cmake
[1.881s] -- Up-to-date: /home/rhobtor/PHD/ARGOJ8_IA/ARGOSJ8_IA_/install/ctl_mission_interfaces/share/ctl_mission_interfaces/cmake/export_ctl_mission_interfaces__rosidl_typesupport_fastrtps_cExport-noconfig.cmake
[1.881s] -- Up-to-date: /home/rhobtor/PHD/ARGOJ8_IA/ARGOSJ8_IA_/install/ctl_mission_interfaces/share/ctl_mission_interfaces/cmake/ctl_mission_interfaces__rosidl_typesupport_introspection_cExport.cmake
[1.881s] -- Up-to-date: /home/rhobtor/PHD/ARGOJ8_IA/ARGOSJ8_IA_/install/ctl_mission_interfaces/share/ctl_mission_interfaces/cmake/ctl_mission_interfaces__rosidl_typesupport_introspection_cExport-noconfig.cmake
[1.881s] -- Up-to-date: /home/rhobtor/PHD/ARGOJ8_IA/ARGOSJ8_IA_/install/ctl_mission_interfaces/share/ctl_mission_interfaces/cmake/ctl_mission_interfaces__rosidl_typesupport_cExport.cmake
[1.881s] -- Up-to-date: /home/rhobtor/PHD/ARGOJ8_IA/ARGOSJ8_IA_/install/ctl_mission_interfaces/share/ctl_mission_interfaces/cmake/ctl_mission_interfaces__rosidl_typesupport_cExport-noconfig.cmake
[1.881s] -- Up-to-date: /home/rhobtor/PHD/ARGOJ8_IA/ARGOSJ8_IA_/install/ctl_mission_interfaces/share/ctl_mission_interfaces/cmake/export_ctl_mission_interfaces__rosidl_generator_cppExport.cmake
[1.881s] -- Up-to-date: /home/rhobtor/PHD/ARGOJ8_IA/ARGOSJ8_IA_/install/ctl_mission_interfaces/share/ctl_mission_interfaces/cmake/export_ctl_mission_interfaces__rosidl_typesupport_fastrtps_cppExport.cmake
[1.881s] -- Up-to-date: /home/rhobtor/PHD/ARGOJ8_IA/ARGOSJ8_IA_/install/ctl_mission_interfaces/share/ctl_mission_interfaces/cmake/export_ctl_mission_interfaces__rosidl_typesupport_fastrtps_cppExport-noconfig.cmake
[1.882s] -- Up-to-date: /home/rhobtor/PHD/ARGOJ8_IA/ARGOSJ8_IA_/install/ctl_mission_interfaces/share/ctl_mission_interfaces/cmake/ctl_mission_interfaces__rosidl_typesupport_introspection_cppExport.cmake
[1.882s] -- Up-to-date: /home/rhobtor/PHD/ARGOJ8_IA/ARGOSJ8_IA_/install/ctl_mission_interfaces/share/ctl_mission_interfaces/cmake/ctl_mission_interfaces__rosidl_typesupport_introspection_cppExport-noconfig.cmake
[1.882s] -- Up-to-date: /home/rhobtor/PHD/ARGOJ8_IA/ARGOSJ8_IA_/install/ctl_mission_interfaces/share/ctl_mission_interfaces/cmake/ctl_mission_interfaces__rosidl_typesupport_cppExport.cmake
[1.882s] -- Up-to-date: /home/rhobtor/PHD/ARGOJ8_IA/ARGOSJ8_IA_/install/ctl_mission_interfaces/share/ctl_mission_interfaces/cmake/ctl_mission_interfaces__rosidl_typesupport_cppExport-noconfig.cmake
[1.882s] -- Up-to-date: /home/rhobtor/PHD/ARGOJ8_IA/ARGOSJ8_IA_/install/ctl_mission_interfaces/share/ctl_mission_interfaces/cmake/export_ctl_mission_interfaces__rosidl_generator_pyExport.cmake
[1.882s] -- Up-to-date: /home/rhobtor/PHD/ARGOJ8_IA/ARGOSJ8_IA_/install/ctl_mission_interfaces/share/ctl_mission_interfaces/cmake/export_ctl_mission_interfaces__rosidl_generator_pyExport-noconfig.cmake
[1.882s] -- Up-to-date: /home/rhobtor/PHD/ARGOJ8_IA/ARGOSJ8_IA_/install/ctl_mission_interfaces/share/ctl_mission_interfaces/cmake/rosidl_cmake-extras.cmake
[1.882s] -- Up-to-date: /home/rhobtor/PHD/ARGOJ8_IA/ARGOSJ8_IA_/install/ctl_mission_interfaces/share/ctl_mission_interfaces/cmake/ament_cmake_export_dependencies-extras.cmake
[1.882s] -- Up-to-date: /home/rhobtor/PHD/ARGOJ8_IA/ARGOSJ8_IA_/install/ctl_mission_interfaces/share/ctl_mission_interfaces/cmake/ament_cmake_export_include_directories-extras.cmake
[1.882s] -- Up-to-date: /home/rhobtor/PHD/ARGOJ8_IA/ARGOSJ8_IA_/install/ctl_mission_interfaces/share/ctl_mission_interfaces/cmake/ament_cmake_export_libraries-extras.cmake
[1.882s] -- Up-to-date: /home/rhobtor/PHD/ARGOJ8_IA/ARGOSJ8_IA_/install/ctl_mission_interfaces/share/ctl_mission_interfaces/cmake/ament_cmake_export_targets-extras.cmake
[1.883s] -- Up-to-date: /home/rhobtor/PHD/ARGOJ8_IA/ARGOSJ8_IA_/install/ctl_mission_interfaces/share/ctl_mission_interfaces/cmake/rosidl_cmake_export_typesupport_targets-extras.cmake
[1.883s] -- Up-to-date: /home/rhobtor/PHD/ARGOJ8_IA/ARGOSJ8_IA_/install/ctl_mission_interfaces/share/ctl_mission_interfaces/cmake/rosidl_cmake_export_typesupport_libraries-extras.cmake
[1.883s] -- Up-to-date: /home/rhobtor/PHD/ARGOJ8_IA/ARGOSJ8_IA_/install/ctl_mission_interfaces/share/ctl_mission_interfaces/cmake/ctl_mission_interfacesConfig.cmake
[1.883s] -- Up-to-date: /home/rhobtor/PHD/ARGOJ8_IA/ARGOSJ8_IA_/install/ctl_mission_interfaces/share/ctl_mission_interfaces/cmake/ctl_mission_interfacesConfig-version.cmake
[1.883s] -- Up-to-date: /home/rhobtor/PHD/ARGOJ8_IA/ARGOSJ8_IA_/install/ctl_mission_interfaces/share/ctl_mission_interfaces/package.xml
[2.083s] Invoked command in '/home/rhobtor/PHD/ARGOJ8_IA/ARGOSJ8_IA_/build/ctl_mission_interfaces' returned '0': CMAKE_PREFIX_PATH=${CMAKE_PREFIX_PATH}:/home/rhobtor/PHD/ARGOJ8_IA/ARGOSJ8_IA_/install/ntrip_client:/home/rhobtor/PHD/ARGOJ8_IA/ARGOSJ8_IA_/install/j8_gui:/home/rhobtor/PHD/ARGOJ8_IA/ARGOSJ8_IA_/install/car:/home/rhobtor/PHD/ARGOJ8_IA/ARGOSJ8_IA_/install/android_ros2_server:/home/rhobtor/PHD/ARGOJ8_IA/ARGOSJ8_IA_/install/GUI_pkg:/opt/ros/humble /opt/st/stm32cubeclt_1.18.0/CMake/bin/cmake --install /home/rhobtor/PHD/ARGOJ8_IA/ARGOSJ8_IA_/build/ctl_mission_interfaces
