[2.576s] Invoking command in '/home/rhobtor/PHD/ARGOJ8_IA/ARGOSJ8_IA_/src/argo_drivers_pkgs/ntrip_client': PYTHONPATH=/home/rhobtor/PHD/ARGOJ8_IA/ARGOSJ8_IA_/build/ntrip_client/prefix_override:/usr/lib/python3/dist-packages/colcon_core/task/python/colcon_distutils_commands:/home/rhobtor/PHD/ARGOJ8_IA/ARGOSJ8_IA_/install/ntrip_client/lib/python3.10/site-packages:${PYTHONPATH} /usr/bin/python3 -W ignore:setup.py install is deprecated -W ignore:easy_install command is deprecated setup.py egg_info --egg-base ../../../build/ntrip_client build --build-base /home/rhobtor/PHD/ARGOJ8_IA/ARGOSJ8_IA_/build/ntrip_client/build install --record /home/rhobtor/PHD/ARGOJ8_IA/ARGOSJ8_IA_/build/ntrip_client/install.log --single-version-externally-managed install_data
[2.825s] /home/rhobtor/.local/lib/python3.10/site-packages/setuptools/_distutils/dist.py:289: UserWarning: Unknown distribution option: 'tests_require'
[2.825s]   warnings.warn(msg)
[2.917s] /home/rhobtor/.local/lib/python3.10/site-packages/setuptools/dist.py:759: SetuptoolsDeprecationWarning: License classifiers are deprecated.
[2.917s] !!
[2.917s] 
[2.917s]         ********************************************************************************
[2.917s]         Please consider removing the following classifiers in favor of a SPDX license expression:
[2.917s] 
[2.917s]         License :: OSI Approved :: MIT Software License
[2.917s] 
[2.918s]         See https://packaging.python.org/en/latest/guides/writing-pyproject-toml/#license for details.
[2.918s]         ********************************************************************************
[2.918s] 
[2.918s] !!
[2.918s]   self._finalize_license_expression()
[2.997s] running egg_info
[3.031s] writing ../../../build/ntrip_client/ntrip_client.egg-info/PKG-INFO
[3.031s] writing dependency_links to ../../../build/ntrip_client/ntrip_client.egg-info/dependency_links.txt
[3.031s] writing requirements to ../../../build/ntrip_client/ntrip_client.egg-info/requires.txt
[3.031s] writing top-level names to ../../../build/ntrip_client/ntrip_client.egg-info/top_level.txt
[3.141s] reading manifest file '../../../build/ntrip_client/ntrip_client.egg-info/SOURCES.txt'
[3.141s] adding license file 'LICENSE'
[3.155s] writing manifest file '../../../build/ntrip_client/ntrip_client.egg-info/SOURCES.txt'
[3.156s] running build
[3.158s] running build_py
[3.158s] copying src/ntrip_client/ntrip_client.py -> /home/rhobtor/PHD/ARGOJ8_IA/ARGOSJ8_IA_/build/ntrip_client/build/lib/ntrip_client
[3.159s] copying src/ntrip_client/rtcm_parser.py -> /home/rhobtor/PHD/ARGOJ8_IA/ARGOSJ8_IA_/build/ntrip_client/build/lib/ntrip_client
[3.160s] copying src/ntrip_client/__init__.py -> /home/rhobtor/PHD/ARGOJ8_IA/ARGOSJ8_IA_/build/ntrip_client/build/lib/ntrip_client
[3.161s] copying src/ntrip_client/nmea_parser.py -> /home/rhobtor/PHD/ARGOJ8_IA/ARGOSJ8_IA_/build/ntrip_client/build/lib/ntrip_client
[3.163s] running build_scripts
[3.165s] running install
[3.166s] running install_lib
[3.185s] running install_data
[3.185s] copying resource/ntrip_client -> /home/rhobtor/PHD/ARGOJ8_IA/ARGOSJ8_IA_/install/ntrip_client/share/ament_index/resource_index/packages
[3.185s] copying package.xml -> /home/rhobtor/PHD/ARGOJ8_IA/ARGOSJ8_IA_/install/ntrip_client/share/ntrip_client
[3.185s] copying launch/gps_ntrip_launch.py -> /home/rhobtor/PHD/ARGOJ8_IA/ARGOSJ8_IA_/install/ntrip_client/share/ntrip_client
[3.185s] copying launch/ntrip_client_launch.py -> /home/rhobtor/PHD/ARGOJ8_IA/ARGOSJ8_IA_/install/ntrip_client/share/ntrip_client
[3.186s] running install_egg_info
[3.210s] removing '/home/rhobtor/PHD/ARGOJ8_IA/ARGOSJ8_IA_/install/ntrip_client/lib/python3.10/site-packages/ntrip_client-1.2.0-py3.10.egg-info' (and everything under it)
[3.210s] Copying ../../../build/ntrip_client/ntrip_client.egg-info to /home/rhobtor/PHD/ARGOJ8_IA/ARGOSJ8_IA_/install/ntrip_client/lib/python3.10/site-packages/ntrip_client-1.2.0-py3.10.egg-info
[3.211s] running install_scripts
[3.233s] copying /home/rhobtor/PHD/ARGOJ8_IA/ARGOSJ8_IA_/build/ntrip_client/build/scripts-3.10/ntrip_ros.py -> /home/rhobtor/PHD/ARGOJ8_IA/ARGOSJ8_IA_/install/ntrip_client/lib/ntrip_client
[3.233s] changing mode of /home/rhobtor/PHD/ARGOJ8_IA/ARGOSJ8_IA_/install/ntrip_client/lib/ntrip_client/ntrip_ros.py to 775
[3.236s] writing list of installed files to '/home/rhobtor/PHD/ARGOJ8_IA/ARGOSJ8_IA_/build/ntrip_client/install.log'
[3.271s] Invoked command in '/home/rhobtor/PHD/ARGOJ8_IA/ARGOSJ8_IA_/src/argo_drivers_pkgs/ntrip_client' returned '0': PYTHONPATH=/home/rhobtor/PHD/ARGOJ8_IA/ARGOSJ8_IA_/build/ntrip_client/prefix_override:/usr/lib/python3/dist-packages/colcon_core/task/python/colcon_distutils_commands:/home/rhobtor/PHD/ARGOJ8_IA/ARGOSJ8_IA_/install/ntrip_client/lib/python3.10/site-packages:${PYTHONPATH} /usr/bin/python3 -W ignore:setup.py install is deprecated -W ignore:easy_install command is deprecated setup.py egg_info --egg-base ../../../build/ntrip_client build --build-base /home/rhobtor/PHD/ARGOJ8_IA/ARGOSJ8_IA_/build/ntrip_client/build install --record /home/rhobtor/PHD/ARGOJ8_IA/ARGOSJ8_IA_/build/ntrip_client/install.log --single-version-externally-managed install_data
