[2.283s] Invoking command in '/home/rhobtor/PHD/ARGOJ8_IA/ARGOSJ8_IA_/src/test_gui_j8/src/j8_gui': PYTHONPATH=/home/rhobtor/PHD/ARGOJ8_IA/ARGOSJ8_IA_/build/j8_gui/prefix_override:/usr/lib/python3/dist-packages/colcon_core/task/python/colcon_distutils_commands:/home/rhobtor/PHD/ARGOJ8_IA/ARGOSJ8_IA_/install/j8_gui/lib/python3.10/site-packages:${PYTHONPATH} /usr/bin/python3 -W ignore:setup.py install is deprecated -W ignore:easy_install command is deprecated setup.py egg_info --egg-base ../../../../build/j8_gui build --build-base /home/rhobtor/PHD/ARGOJ8_IA/ARGOSJ8_IA_/build/j8_gui/build install --record /home/rhobtor/PHD/ARGOJ8_IA/ARGOSJ8_IA_/build/j8_gui/install.log --single-version-externally-managed install_data
[2.665s] /home/rhobtor/.local/lib/python3.10/site-packages/setuptools/_distutils/dist.py:289: UserWarning: Unknown distribution option: 'tests_require'
[2.665s]   warnings.warn(msg)
[2.804s] running egg_info
[2.827s] writing ../../../../build/j8_gui/j8_gui.egg-info/PKG-INFO
[2.827s] writing dependency_links to ../../../../build/j8_gui/j8_gui.egg-info/dependency_links.txt
[2.827s] writing entry points to ../../../../build/j8_gui/j8_gui.egg-info/entry_points.txt
[2.827s] writing requirements to ../../../../build/j8_gui/j8_gui.egg-info/requires.txt
[2.827s] writing top-level names to ../../../../build/j8_gui/j8_gui.egg-info/top_level.txt
[2.875s] reading manifest file '../../../../build/j8_gui/j8_gui.egg-info/SOURCES.txt'
[2.877s] writing manifest file '../../../../build/j8_gui/j8_gui.egg-info/SOURCES.txt'
[2.877s] running build
[2.877s] running build_py
[2.877s] copying j8_gui/__init__.py -> /home/rhobtor/PHD/ARGOJ8_IA/ARGOSJ8_IA_/build/j8_gui/build/lib/j8_gui
[2.877s] copying j8_gui/ros_api.py -> /home/rhobtor/PHD/ARGOJ8_IA/ARGOSJ8_IA_/build/j8_gui/build/lib/j8_gui
[2.877s] copying j8_gui/gui_node.py -> /home/rhobtor/PHD/ARGOJ8_IA/ARGOSJ8_IA_/build/j8_gui/build/lib/j8_gui
[2.877s] copying j8_gui/app/state_widget.py -> /home/rhobtor/PHD/ARGOJ8_IA/ARGOSJ8_IA_/build/j8_gui/build/lib/j8_gui/app
[2.877s] copying j8_gui/app/followzed_widget.py -> /home/rhobtor/PHD/ARGOJ8_IA/ARGOSJ8_IA_/build/j8_gui/build/lib/j8_gui/app
[2.878s] copying j8_gui/app/__init__.py -> /home/rhobtor/PHD/ARGOJ8_IA/ARGOSJ8_IA_/build/j8_gui/build/lib/j8_gui/app
[2.878s] copying j8_gui/app/map_bridge.py -> /home/rhobtor/PHD/ARGOJ8_IA/ARGOSJ8_IA_/build/j8_gui/build/lib/j8_gui/app
[2.878s] copying j8_gui/app/control_widget.py -> /home/rhobtor/PHD/ARGOJ8_IA/ARGOSJ8_IA_/build/j8_gui/build/lib/j8_gui/app
[2.878s] copying j8_gui/app/main_window.py -> /home/rhobtor/PHD/ARGOJ8_IA/ARGOSJ8_IA_/build/j8_gui/build/lib/j8_gui/app
[2.879s] running install
[2.885s] running install_lib
[2.903s] running install_data
[2.903s] copying resource/j8_gui -> /home/rhobtor/PHD/ARGOJ8_IA/ARGOSJ8_IA_/install/j8_gui/share/ament_index/resource_index/packages
[2.903s] copying package.xml -> /home/rhobtor/PHD/ARGOJ8_IA/ARGOSJ8_IA_/install/j8_gui/share/j8_gui
[2.904s] copying j8_gui/resources/map.html -> /home/rhobtor/PHD/ARGOJ8_IA/ARGOSJ8_IA_/install/j8_gui/share/j8_gui/resources
[2.904s] copying resource/j8_gui -> /home/rhobtor/PHD/ARGOJ8_IA/ARGOSJ8_IA_/install/j8_gui/share/ament_index/resource_index/packages
[2.904s] copying package.xml -> /home/rhobtor/PHD/ARGOJ8_IA/ARGOSJ8_IA_/install/j8_gui/share/j8_gui
[2.904s] copying j8_gui/resources/map.html -> /home/rhobtor/PHD/ARGOJ8_IA/ARGOSJ8_IA_/install/j8_gui/share/j8_gui/resources
[2.905s] copying j8_gui/resources/vendor/leaflet/leaflet.js -> /home/rhobtor/PHD/ARGOJ8_IA/ARGOSJ8_IA_/install/j8_gui/share/j8_gui/resources/vendor/leaflet
[2.905s] copying j8_gui/resources/vendor/leaflet/leaflet.css -> /home/rhobtor/PHD/ARGOJ8_IA/ARGOSJ8_IA_/install/j8_gui/share/j8_gui/resources/vendor/leaflet
[2.908s] copying j8_gui/resources/vendor/leaflet/images/marker-icon.png -> /home/rhobtor/PHD/ARGOJ8_IA/ARGOSJ8_IA_/install/j8_gui/share/j8_gui/resources/vendor/leaflet/images
[2.908s] copying j8_gui/resources/vendor/leaflet/images/marker-icon-2x.png -> /home/rhobtor/PHD/ARGOJ8_IA/ARGOSJ8_IA_/install/j8_gui/share/j8_gui/resources/vendor/leaflet/images
[2.908s] copying j8_gui/resources/vendor/leaflet/images/marker-shadow.png -> /home/rhobtor/PHD/ARGOJ8_IA/ARGOSJ8_IA_/install/j8_gui/share/j8_gui/resources/vendor/leaflet/images
[2.908s] running install_egg_info
[2.936s] removing '/home/rhobtor/PHD/ARGOJ8_IA/ARGOSJ8_IA_/install/j8_gui/lib/python3.10/site-packages/j8_gui-0.1.0-py3.10.egg-info' (and everything under it)
[2.937s] Copying ../../../../build/j8_gui/j8_gui.egg-info to /home/rhobtor/PHD/ARGOJ8_IA/ARGOSJ8_IA_/install/j8_gui/lib/python3.10/site-packages/j8_gui-0.1.0-py3.10.egg-info
[2.937s] running install_scripts
[2.989s] Installing gui script to /home/rhobtor/PHD/ARGOJ8_IA/ARGOSJ8_IA_/install/j8_gui/lib/j8_gui
[2.989s] writing list of installed files to '/home/rhobtor/PHD/ARGOJ8_IA/ARGOSJ8_IA_/build/j8_gui/install.log'
[3.014s] Invoked command in '/home/rhobtor/PHD/ARGOJ8_IA/ARGOSJ8_IA_/src/test_gui_j8/src/j8_gui' returned '0': PYTHONPATH=/home/rhobtor/PHD/ARGOJ8_IA/ARGOSJ8_IA_/build/j8_gui/prefix_override:/usr/lib/python3/dist-packages/colcon_core/task/python/colcon_distutils_commands:/home/rhobtor/PHD/ARGOJ8_IA/ARGOSJ8_IA_/install/j8_gui/lib/python3.10/site-packages:${PYTHONPATH} /usr/bin/python3 -W ignore:setup.py install is deprecated -W ignore:easy_install command is deprecated setup.py egg_info --egg-base ../../../../build/j8_gui build --build-base /home/rhobtor/PHD/ARGOJ8_IA/ARGOSJ8_IA_/build/j8_gui/build install --record /home/rhobtor/PHD/ARGOJ8_IA/ARGOSJ8_IA_/build/j8_gui/install.log --single-version-externally-managed install_data
