[2.599s] Invoking command in '/home/rhobtor/PHD/ARGOJ8_IA/ARGOSJ8_IA_/src/argo_drivers_pkgs/ntrip_client': PYTHONPATH=/home/rhobtor/PHD/ARGOJ8_IA/ARGOSJ8_IA_/build/ntrip_client/prefix_override:/usr/lib/python3/dist-packages/colcon_core/task/python/colcon_distutils_commands:/home/rhobtor/PHD/ARGOJ8_IA/ARGOSJ8_IA_/install/ntrip_client/lib/python3.10/site-packages:${PYTHONPATH} /usr/bin/python3 -W ignore:setup.py install is deprecated -W ignore:easy_install command is deprecated setup.py egg_info --egg-base ../../../build/ntrip_client build --build-base /home/rhobtor/PHD/ARGOJ8_IA/ARGOSJ8_IA_/build/ntrip_client/build install --record /home/rhobtor/PHD/ARGOJ8_IA/ARGOSJ8_IA_/build/ntrip_client/install.log --single-version-externally-managed install_data
[2.971s] /home/rhobtor/.local/lib/python3.10/site-packages/setuptools/_distutils/dist.py:289: UserWarning: Unknown distribution option: 'tests_require'
[2.971s]   warnings.warn(msg)
[3.009s] /home/rhobtor/.local/lib/python3.10/site-packages/setuptools/dist.py:759: SetuptoolsDeprecationWarning: License classifiers are deprecated.
[3.009s] !!
[3.009s] 
[3.009s]         ********************************************************************************
[3.010s]         Please consider removing the following classifiers in favor of a SPDX license expression:
[3.010s] 
[3.010s]         License :: OSI Approved :: MIT Software License
[3.010s] 
[3.010s]         See https://packaging.python.org/en/latest/guides/writing-pyproject-toml/#license for details.
[3.010s]         ********************************************************************************
[3.010s] 
[3.010s] !!
[3.011s]   self._finalize_license_expression()
[3.080s] running egg_info
[3.095s] writing ../../../build/ntrip_client/ntrip_client.egg-info/PKG-INFO
[3.096s] writing dependency_links to ../../../build/ntrip_client/ntrip_client.egg-info/dependency_links.txt
[3.096s] writing requirements to ../../../build/ntrip_client/ntrip_client.egg-info/requires.txt
[3.096s] writing top-level names to ../../../build/ntrip_client/ntrip_client.egg-info/top_level.txt
[3.228s] reading manifest file '../../../build/ntrip_client/ntrip_client.egg-info/SOURCES.txt'
[3.229s] adding license file 'LICENSE'
[3.243s] writing manifest file '../../../build/ntrip_client/ntrip_client.egg-info/SOURCES.txt'
[3.243s] running build
[3.243s] running build_py
[3.243s] copying src/ntrip_client/ntrip_client.py -> /home/rhobtor/PHD/ARGOJ8_IA/ARGOSJ8_IA_/build/ntrip_client/build/lib/ntrip_client
[3.245s] copying src/ntrip_client/rtcm_parser.py -> /home/rhobtor/PHD/ARGOJ8_IA/ARGOSJ8_IA_/build/ntrip_client/build/lib/ntrip_client
[3.252s] copying src/ntrip_client/__init__.py -> /home/rhobtor/PHD/ARGOJ8_IA/ARGOSJ8_IA_/build/ntrip_client/build/lib/ntrip_client
[3.252s] copying src/ntrip_client/nmea_parser.py -> /home/rhobtor/PHD/ARGOJ8_IA/ARGOSJ8_IA_/build/ntrip_client/build/lib/ntrip_client
[3.264s] running build_scripts
[3.264s] running install
[3.294s] running install_lib
[3.318s] running install_data
[3.318s] copying resource/ntrip_client -> /home/rhobtor/PHD/ARGOJ8_IA/ARGOSJ8_IA_/install/ntrip_client/share/ament_index/resource_index/packages
[3.318s] copying package.xml -> /home/rhobtor/PHD/ARGOJ8_IA/ARGOSJ8_IA_/install/ntrip_client/share/ntrip_client
[3.318s] copying launch/gps_ntrip_launch.py -> /home/rhobtor/PHD/ARGOJ8_IA/ARGOSJ8_IA_/install/ntrip_client/share/ntrip_client
[3.319s] copying launch/ntrip_client_launch.py -> /home/rhobtor/PHD/ARGOJ8_IA/ARGOSJ8_IA_/install/ntrip_client/share/ntrip_client
[3.319s] running install_egg_info
[3.319s] removing '/home/rhobtor/PHD/ARGOJ8_IA/ARGOSJ8_IA_/install/ntrip_client/lib/python3.10/site-packages/ntrip_client-1.2.0-py3.10.egg-info' (and everything under it)
[3.319s] Copying ../../../build/ntrip_client/ntrip_client.egg-info to /home/rhobtor/PHD/ARGOJ8_IA/ARGOSJ8_IA_/install/ntrip_client/lib/python3.10/site-packages/ntrip_client-1.2.0-py3.10.egg-info
[3.319s] running install_scripts
[3.336s] copying /home/rhobtor/PHD/ARGOJ8_IA/ARGOSJ8_IA_/build/ntrip_client/build/scripts-3.10/ntrip_ros.py -> /home/rhobtor/PHD/ARGOJ8_IA/ARGOSJ8_IA_/install/ntrip_client/lib/ntrip_client
[3.336s] changing mode of /home/rhobtor/PHD/ARGOJ8_IA/ARGOSJ8_IA_/install/ntrip_client/lib/ntrip_client/ntrip_ros.py to 775
[3.339s] writing list of installed files to '/home/rhobtor/PHD/ARGOJ8_IA/ARGOSJ8_IA_/build/ntrip_client/install.log'
[3.353s] Invoked command in '/home/rhobtor/PHD/ARGOJ8_IA/ARGOSJ8_IA_/src/argo_drivers_pkgs/ntrip_client' returned '0': PYTHONPATH=/home/rhobtor/PHD/ARGOJ8_IA/ARGOSJ8_IA_/build/ntrip_client/prefix_override:/usr/lib/python3/dist-packages/colcon_core/task/python/colcon_distutils_commands:/home/rhobtor/PHD/ARGOJ8_IA/ARGOSJ8_IA_/install/ntrip_client/lib/python3.10/site-packages:${PYTHONPATH} /usr/bin/python3 -W ignore:setup.py install is deprecated -W ignore:easy_install command is deprecated setup.py egg_info --egg-base ../../../build/ntrip_client build --build-base /home/rhobtor/PHD/ARGOJ8_IA/ARGOSJ8_IA_/build/ntrip_client/build install --record /home/rhobtor/PHD/ARGOJ8_IA/ARGOSJ8_IA_/build/ntrip_client/install.log --single-version-externally-managed install_data
