[1.109s] Invoking command in '/home/rhobtor/PHD/ARGOSJ8_IA/ARGOSJ8_IA_/build/wiimote_msgs': CMAKE_PREFIX_PATH=${CMAKE_PREFIX_PATH}:/home/rhobtor/PHD/ARGOSJ8_IA/ARGOSJ8_IA_/install/ntrip_client:/home/rhobtor/PHD/ARGOSJ8_IA/ARGOSJ8_IA_/install/j8_gui:/home/rhobtor/PHD/ARGOSJ8_IA/ARGOSJ8_IA_/install/car:/home/rhobtor/PHD/ARGOSJ8_IA/ARGOSJ8_IA_/install/android_ros2_server:/home/rhobtor/PHD/ARGOSJ8_IA/ARGOSJ8_IA_/install/GUI_pkg:/home/rhobtor/reactive/Reactive-Navegation/workspace_full_conected/install/car:/opt/ros/humble /usr/bin/cmake --build /home/rhobtor/PHD/ARGOSJ8_IA/ARGOSJ8_IA_/build/wiimote_msgs -- -j20 -l20
[1.154s] [  2%] Built target wiimote_msgs__rs
[1.172s] [ 12%] Built target wiimote_msgs__rosidl_generator_c
[1.174s] [ 14%] Built target wiimote_msgs__cpp
[1.174s] [ 14%] Built target ament_cmake_python_copy_wiimote_msgs
[1.252s] [ 25%] Built target wiimote_msgs__rosidl_typesupport_fastrtps_c
[1.261s] [ 35%] Built target wiimote_msgs__rosidl_typesupport_c
[1.275s] [ 45%] Built target wiimote_msgs__rosidl_typesupport_fastrtps_cpp
[1.301s] [ 56%] Built target wiimote_msgs__rosidl_typesupport_cpp
[1.313s] [ 66%] Built target wiimote_msgs__rosidl_typesupport_introspection_cpp
[1.322s] [ 77%] Built target wiimote_msgs__rosidl_typesupport_introspection_c
[1.338s] [ 77%] Built target wiimote_msgs
[1.363s] [ 79%] Built target wiimote_msgs__py
[1.366s] [ 87%] Built target wiimote_msgs__rosidl_generator_py
[1.367s] [ 95%] Built target wiimote_msgs__rosidl_typesupport_fastrtps_c__pyext
[1.367s] [ 95%] Built target wiimote_msgs__rosidl_typesupport_introspection_c__pyext
[1.367s] [100%] Built target wiimote_msgs__rosidl_typesupport_c__pyext
[1.383s] running egg_info
[1.396s] writing wiimote_msgs.egg-info/PKG-INFO
[1.400s] writing dependency_links to wiimote_msgs.egg-info/dependency_links.txt
[1.400s] writing top-level names to wiimote_msgs.egg-info/top_level.txt
[1.437s] reading manifest file 'wiimote_msgs.egg-info/SOURCES.txt'
[1.437s] writing manifest file 'wiimote_msgs.egg-info/SOURCES.txt'
[1.468s] [100%] Built target ament_cmake_python_build_wiimote_msgs_egg
[1.608s] Invoked command in '/home/rhobtor/PHD/ARGOSJ8_IA/ARGOSJ8_IA_/build/wiimote_msgs' returned '0': CMAKE_PREFIX_PATH=${CMAKE_PREFIX_PATH}:/home/rhobtor/PHD/ARGOSJ8_IA/ARGOSJ8_IA_/install/ntrip_client:/home/rhobtor/PHD/ARGOSJ8_IA/ARGOSJ8_IA_/install/j8_gui:/home/rhobtor/PHD/ARGOSJ8_IA/ARGOSJ8_IA_/install/car:/home/rhobtor/PHD/ARGOSJ8_IA/ARGOSJ8_IA_/install/android_ros2_server:/home/rhobtor/PHD/ARGOSJ8_IA/ARGOSJ8_IA_/install/GUI_pkg:/home/rhobtor/reactive/Reactive-Navegation/workspace_full_conected/install/car:/opt/ros/humble /usr/bin/cmake --build /home/rhobtor/PHD/ARGOSJ8_IA/ARGOSJ8_IA_/build/wiimote_msgs -- -j20 -l20
[1.608s] Invoking command in '/home/rhobtor/PHD/ARGOSJ8_IA/ARGOSJ8_IA_/build/wiimote_msgs': CMAKE_PREFIX_PATH=${CMAKE_PREFIX_PATH}:/home/rhobtor/PHD/ARGOSJ8_IA/ARGOSJ8_IA_/install/ntrip_client:/home/rhobtor/PHD/ARGOSJ8_IA/ARGOSJ8_IA_/install/j8_gui:/home/rhobtor/PHD/ARGOSJ8_IA/ARGOSJ8_IA_/install/car:/home/rhobtor/PHD/ARGOSJ8_IA/ARGOSJ8_IA_/install/android_ros2_server:/home/rhobtor/PHD/ARGOSJ8_IA/ARGOSJ8_IA_/install/GUI_pkg:/home/rhobtor/reactive/Reactive-Navegation/workspace_full_conected/install/car:/opt/ros/humble /usr/bin/cmake --install /home/rhobtor/PHD/ARGOSJ8_IA/ARGOSJ8_IA_/build/wiimote_msgs
[1.622s] -- Install configuration: ""
[1.623s] -- Up-to-date: /home/rhobtor/PHD/ARGOSJ8_IA/ARGOSJ8_IA_/install/wiimote_msgs/share/ament_index/resource_index/rosidl_interfaces/wiimote_msgs
[1.623s] -- Up-to-date: /home/rhobtor/PHD/ARGOSJ8_IA/ARGOSJ8_IA_/install/wiimote_msgs/include/wiimote_msgs/wiimote_msgs
[1.623s] -- Up-to-date: /home/rhobtor/PHD/ARGOSJ8_IA/ARGOSJ8_IA_/install/wiimote_msgs/include/wiimote_msgs/wiimote_msgs/msg
[1.623s] -- Up-to-date: /home/rhobtor/PHD/ARGOSJ8_IA/ARGOSJ8_IA_/install/wiimote_msgs/include/wiimote_msgs/wiimote_msgs/msg/ir_source_info.h
[1.623s] -- Up-to-date: /home/rhobtor/PHD/ARGOSJ8_IA/ARGOSJ8_IA_/install/wiimote_msgs/include/wiimote_msgs/wiimote_msgs/msg/state.h
[1.623s] -- Up-to-date: /home/rhobtor/PHD/ARGOSJ8_IA/ARGOSJ8_IA_/install/wiimote_msgs/include/wiimote_msgs/wiimote_msgs/msg/rosidl_generator_c__visibility_control.h
[1.624s] -- Up-to-date: /home/rhobtor/PHD/ARGOSJ8_IA/ARGOSJ8_IA_/install/wiimote_msgs/include/wiimote_msgs/wiimote_msgs/msg/detail
[1.624s] -- Up-to-date: /home/rhobtor/PHD/ARGOSJ8_IA/ARGOSJ8_IA_/install/wiimote_msgs/include/wiimote_msgs/wiimote_msgs/msg/detail/timed_switch__functions.c
[1.625s] -- Up-to-date: /home/rhobtor/PHD/ARGOSJ8_IA/ARGOSJ8_IA_/install/wiimote_msgs/include/wiimote_msgs/wiimote_msgs/msg/detail/timed_switch__type_support.h
[1.625s] -- Up-to-date: /home/rhobtor/PHD/ARGOSJ8_IA/ARGOSJ8_IA_/install/wiimote_msgs/include/wiimote_msgs/wiimote_msgs/msg/detail/ir_source_info__functions.h
[1.625s] -- Up-to-date: /home/rhobtor/PHD/ARGOSJ8_IA/ARGOSJ8_IA_/install/wiimote_msgs/include/wiimote_msgs/wiimote_msgs/msg/detail/ir_source_info__struct.h
[1.625s] -- Up-to-date: /home/rhobtor/PHD/ARGOSJ8_IA/ARGOSJ8_IA_/install/wiimote_msgs/include/wiimote_msgs/wiimote_msgs/msg/detail/ir_source_info__type_support.h
[1.625s] -- Up-to-date: /home/rhobtor/PHD/ARGOSJ8_IA/ARGOSJ8_IA_/install/wiimote_msgs/include/wiimote_msgs/wiimote_msgs/msg/detail/state__functions.c
[1.625s] -- Up-to-date: /home/rhobtor/PHD/ARGOSJ8_IA/ARGOSJ8_IA_/install/wiimote_msgs/include/wiimote_msgs/wiimote_msgs/msg/detail/timed_switch__struct.h
[1.625s] -- Up-to-date: /home/rhobtor/PHD/ARGOSJ8_IA/ARGOSJ8_IA_/install/wiimote_msgs/include/wiimote_msgs/wiimote_msgs/msg/detail/state__struct.h
[1.625s] -- Up-to-date: /home/rhobtor/PHD/ARGOSJ8_IA/ARGOSJ8_IA_/install/wiimote_msgs/include/wiimote_msgs/wiimote_msgs/msg/detail/state__type_support.h
[1.625s] -- Up-to-date: /home/rhobtor/PHD/ARGOSJ8_IA/ARGOSJ8_IA_/install/wiimote_msgs/include/wiimote_msgs/wiimote_msgs/msg/detail/ir_source_info__functions.c
[1.625s] -- Up-to-date: /home/rhobtor/PHD/ARGOSJ8_IA/ARGOSJ8_IA_/install/wiimote_msgs/include/wiimote_msgs/wiimote_msgs/msg/detail/timed_switch__functions.h
[1.625s] -- Up-to-date: /home/rhobtor/PHD/ARGOSJ8_IA/ARGOSJ8_IA_/install/wiimote_msgs/include/wiimote_msgs/wiimote_msgs/msg/detail/state__functions.h
[1.626s] -- Up-to-date: /home/rhobtor/PHD/ARGOSJ8_IA/ARGOSJ8_IA_/install/wiimote_msgs/include/wiimote_msgs/wiimote_msgs/msg/timed_switch.h
[1.626s] -- Up-to-date: /home/rhobtor/PHD/ARGOSJ8_IA/ARGOSJ8_IA_/install/wiimote_msgs/share/wiimote_msgs/environment/library_path.sh
[1.626s] -- Up-to-date: /home/rhobtor/PHD/ARGOSJ8_IA/ARGOSJ8_IA_/install/wiimote_msgs/share/wiimote_msgs/environment/library_path.dsv
[1.626s] -- Up-to-date: /home/rhobtor/PHD/ARGOSJ8_IA/ARGOSJ8_IA_/install/wiimote_msgs/lib/libwiimote_msgs__rosidl_generator_c.so
[1.626s] -- Up-to-date: /home/rhobtor/PHD/ARGOSJ8_IA/ARGOSJ8_IA_/install/wiimote_msgs/include/wiimote_msgs/wiimote_msgs
[1.626s] -- Up-to-date: /home/rhobtor/PHD/ARGOSJ8_IA/ARGOSJ8_IA_/install/wiimote_msgs/include/wiimote_msgs/wiimote_msgs/msg
[1.626s] -- Up-to-date: /home/rhobtor/PHD/ARGOSJ8_IA/ARGOSJ8_IA_/install/wiimote_msgs/include/wiimote_msgs/wiimote_msgs/msg/rosidl_typesupport_fastrtps_c__visibility_control.h
[1.626s] -- Up-to-date: /home/rhobtor/PHD/ARGOSJ8_IA/ARGOSJ8_IA_/install/wiimote_msgs/include/wiimote_msgs/wiimote_msgs/msg/detail
[1.626s] -- Up-to-date: /home/rhobtor/PHD/ARGOSJ8_IA/ARGOSJ8_IA_/install/wiimote_msgs/include/wiimote_msgs/wiimote_msgs/msg/detail/timed_switch__rosidl_typesupport_fastrtps_c.h
[1.626s] -- Up-to-date: /home/rhobtor/PHD/ARGOSJ8_IA/ARGOSJ8_IA_/install/wiimote_msgs/include/wiimote_msgs/wiimote_msgs/msg/detail/ir_source_info__rosidl_typesupport_fastrtps_c.h
[1.626s] -- Up-to-date: /home/rhobtor/PHD/ARGOSJ8_IA/ARGOSJ8_IA_/install/wiimote_msgs/include/wiimote_msgs/wiimote_msgs/msg/detail/state__rosidl_typesupport_fastrtps_c.h
[1.629s] -- Up-to-date: /home/rhobtor/PHD/ARGOSJ8_IA/ARGOSJ8_IA_/install/wiimote_msgs/lib/libwiimote_msgs__rosidl_typesupport_fastrtps_c.so
[1.629s] -- Up-to-date: /home/rhobtor/PHD/ARGOSJ8_IA/ARGOSJ8_IA_/install/wiimote_msgs/include/wiimote_msgs/wiimote_msgs
[1.629s] -- Up-to-date: /home/rhobtor/PHD/ARGOSJ8_IA/ARGOSJ8_IA_/install/wiimote_msgs/include/wiimote_msgs/wiimote_msgs/msg
[1.629s] -- Up-to-date: /home/rhobtor/PHD/ARGOSJ8_IA/ARGOSJ8_IA_/install/wiimote_msgs/include/wiimote_msgs/wiimote_msgs/msg/timed_switch.hpp
[1.629s] -- Up-to-date: /home/rhobtor/PHD/ARGOSJ8_IA/ARGOSJ8_IA_/install/wiimote_msgs/include/wiimote_msgs/wiimote_msgs/msg/detail
[1.629s] -- Up-to-date: /home/rhobtor/PHD/ARGOSJ8_IA/ARGOSJ8_IA_/install/wiimote_msgs/include/wiimote_msgs/wiimote_msgs/msg/detail/timed_switch__traits.hpp
[1.629s] -- Up-to-date: /home/rhobtor/PHD/ARGOSJ8_IA/ARGOSJ8_IA_/install/wiimote_msgs/include/wiimote_msgs/wiimote_msgs/msg/detail/state__traits.hpp
[1.629s] -- Up-to-date: /home/rhobtor/PHD/ARGOSJ8_IA/ARGOSJ8_IA_/install/wiimote_msgs/include/wiimote_msgs/wiimote_msgs/msg/detail/timed_switch__builder.hpp
[1.629s] -- Up-to-date: /home/rhobtor/PHD/ARGOSJ8_IA/ARGOSJ8_IA_/install/wiimote_msgs/include/wiimote_msgs/wiimote_msgs/msg/detail/state__builder.hpp
[1.629s] -- Up-to-date: /home/rhobtor/PHD/ARGOSJ8_IA/ARGOSJ8_IA_/install/wiimote_msgs/include/wiimote_msgs/wiimote_msgs/msg/detail/ir_source_info__type_support.hpp
[1.629s] -- Up-to-date: /home/rhobtor/PHD/ARGOSJ8_IA/ARGOSJ8_IA_/install/wiimote_msgs/include/wiimote_msgs/wiimote_msgs/msg/detail/timed_switch__struct.hpp
[1.630s] -- Up-to-date: /home/rhobtor/PHD/ARGOSJ8_IA/ARGOSJ8_IA_/install/wiimote_msgs/include/wiimote_msgs/wiimote_msgs/msg/detail/state__struct.hpp
[1.630s] -- Up-to-date: /home/rhobtor/PHD/ARGOSJ8_IA/ARGOSJ8_IA_/install/wiimote_msgs/include/wiimote_msgs/wiimote_msgs/msg/detail/ir_source_info__struct.hpp
[1.630s] -- Up-to-date: /home/rhobtor/PHD/ARGOSJ8_IA/ARGOSJ8_IA_/install/wiimote_msgs/include/wiimote_msgs/wiimote_msgs/msg/detail/ir_source_info__traits.hpp
[1.630s] -- Up-to-date: /home/rhobtor/PHD/ARGOSJ8_IA/ARGOSJ8_IA_/install/wiimote_msgs/include/wiimote_msgs/wiimote_msgs/msg/detail/timed_switch__type_support.hpp
[1.630s] -- Up-to-date: /home/rhobtor/PHD/ARGOSJ8_IA/ARGOSJ8_IA_/install/wiimote_msgs/include/wiimote_msgs/wiimote_msgs/msg/detail/ir_source_info__builder.hpp
[1.630s] -- Up-to-date: /home/rhobtor/PHD/ARGOSJ8_IA/ARGOSJ8_IA_/install/wiimote_msgs/include/wiimote_msgs/wiimote_msgs/msg/detail/state__type_support.hpp
[1.630s] -- Up-to-date: /home/rhobtor/PHD/ARGOSJ8_IA/ARGOSJ8_IA_/install/wiimote_msgs/include/wiimote_msgs/wiimote_msgs/msg/rosidl_generator_cpp__visibility_control.hpp
[1.630s] -- Up-to-date: /home/rhobtor/PHD/ARGOSJ8_IA/ARGOSJ8_IA_/install/wiimote_msgs/include/wiimote_msgs/wiimote_msgs/msg/state.hpp
[1.630s] -- Up-to-date: /home/rhobtor/PHD/ARGOSJ8_IA/ARGOSJ8_IA_/install/wiimote_msgs/include/wiimote_msgs/wiimote_msgs/msg/ir_source_info.hpp
[1.630s] -- Up-to-date: /home/rhobtor/PHD/ARGOSJ8_IA/ARGOSJ8_IA_/install/wiimote_msgs/include/wiimote_msgs/wiimote_msgs
[1.630s] -- Up-to-date: /home/rhobtor/PHD/ARGOSJ8_IA/ARGOSJ8_IA_/install/wiimote_msgs/include/wiimote_msgs/wiimote_msgs/msg
[1.630s] -- Up-to-date: /home/rhobtor/PHD/ARGOSJ8_IA/ARGOSJ8_IA_/install/wiimote_msgs/include/wiimote_msgs/wiimote_msgs/msg/rosidl_typesupport_fastrtps_cpp__visibility_control.h
[1.630s] -- Up-to-date: /home/rhobtor/PHD/ARGOSJ8_IA/ARGOSJ8_IA_/install/wiimote_msgs/include/wiimote_msgs/wiimote_msgs/msg/detail
[1.630s] -- Up-to-date: /home/rhobtor/PHD/ARGOSJ8_IA/ARGOSJ8_IA_/install/wiimote_msgs/include/wiimote_msgs/wiimote_msgs/msg/detail/timed_switch__rosidl_typesupport_fastrtps_cpp.hpp
[1.630s] -- Up-to-date: /home/rhobtor/PHD/ARGOSJ8_IA/ARGOSJ8_IA_/install/wiimote_msgs/include/wiimote_msgs/wiimote_msgs/msg/detail/state__rosidl_typesupport_fastrtps_cpp.hpp
[1.630s] -- Up-to-date: /home/rhobtor/PHD/ARGOSJ8_IA/ARGOSJ8_IA_/install/wiimote_msgs/include/wiimote_msgs/wiimote_msgs/msg/detail/ir_source_info__rosidl_typesupport_fastrtps_cpp.hpp
[1.630s] -- Up-to-date: /home/rhobtor/PHD/ARGOSJ8_IA/ARGOSJ8_IA_/install/wiimote_msgs/include/wiimote_msgs/wiimote_msgs/msg/detail/dds_fastrtps
[1.630s] -- Up-to-date: /home/rhobtor/PHD/ARGOSJ8_IA/ARGOSJ8_IA_/install/wiimote_msgs/lib/libwiimote_msgs__rosidl_typesupport_fastrtps_cpp.so
[1.630s] -- Up-to-date: /home/rhobtor/PHD/ARGOSJ8_IA/ARGOSJ8_IA_/install/wiimote_msgs/include/wiimote_msgs/wiimote_msgs
[1.630s] -- Up-to-date: /home/rhobtor/PHD/ARGOSJ8_IA/ARGOSJ8_IA_/install/wiimote_msgs/include/wiimote_msgs/wiimote_msgs/msg
[1.630s] -- Up-to-date: /home/rhobtor/PHD/ARGOSJ8_IA/ARGOSJ8_IA_/install/wiimote_msgs/include/wiimote_msgs/wiimote_msgs/msg/rosidl_typesupport_introspection_c__visibility_control.h
[1.630s] -- Up-to-date: /home/rhobtor/PHD/ARGOSJ8_IA/ARGOSJ8_IA_/install/wiimote_msgs/include/wiimote_msgs/wiimote_msgs/msg/detail
[1.633s] -- Up-to-date: /home/rhobtor/PHD/ARGOSJ8_IA/ARGOSJ8_IA_/install/wiimote_msgs/include/wiimote_msgs/wiimote_msgs/msg/detail/state__type_support.c
[1.633s] -- Up-to-date: /home/rhobtor/PHD/ARGOSJ8_IA/ARGOSJ8_IA_/install/wiimote_msgs/include/wiimote_msgs/wiimote_msgs/msg/detail/ir_source_info__rosidl_typesupport_introspection_c.h
[1.633s] -- Up-to-date: /home/rhobtor/PHD/ARGOSJ8_IA/ARGOSJ8_IA_/install/wiimote_msgs/include/wiimote_msgs/wiimote_msgs/msg/detail/timed_switch__rosidl_typesupport_introspection_c.h
[1.633s] -- Up-to-date: /home/rhobtor/PHD/ARGOSJ8_IA/ARGOSJ8_IA_/install/wiimote_msgs/include/wiimote_msgs/wiimote_msgs/msg/detail/timed_switch__type_support.c
[1.633s] -- Up-to-date: /home/rhobtor/PHD/ARGOSJ8_IA/ARGOSJ8_IA_/install/wiimote_msgs/include/wiimote_msgs/wiimote_msgs/msg/detail/ir_source_info__type_support.c
[1.633s] -- Up-to-date: /home/rhobtor/PHD/ARGOSJ8_IA/ARGOSJ8_IA_/install/wiimote_msgs/include/wiimote_msgs/wiimote_msgs/msg/detail/state__rosidl_typesupport_introspection_c.h
[1.636s] -- Up-to-date: /home/rhobtor/PHD/ARGOSJ8_IA/ARGOSJ8_IA_/install/wiimote_msgs/lib/libwiimote_msgs__rosidl_typesupport_introspection_c.so
[1.636s] -- Up-to-date: /home/rhobtor/PHD/ARGOSJ8_IA/ARGOSJ8_IA_/install/wiimote_msgs/lib/libwiimote_msgs__rosidl_typesupport_c.so
[1.636s] -- Up-to-date: /home/rhobtor/PHD/ARGOSJ8_IA/ARGOSJ8_IA_/install/wiimote_msgs/include/wiimote_msgs/wiimote_msgs
[1.636s] -- Up-to-date: /home/rhobtor/PHD/ARGOSJ8_IA/ARGOSJ8_IA_/install/wiimote_msgs/include/wiimote_msgs/wiimote_msgs/msg
[1.637s] -- Up-to-date: /home/rhobtor/PHD/ARGOSJ8_IA/ARGOSJ8_IA_/install/wiimote_msgs/include/wiimote_msgs/wiimote_msgs/msg/detail
[1.637s] -- Up-to-date: /home/rhobtor/PHD/ARGOSJ8_IA/ARGOSJ8_IA_/install/wiimote_msgs/include/wiimote_msgs/wiimote_msgs/msg/detail/ir_source_info__rosidl_typesupport_introspection_cpp.hpp
[1.637s] -- Up-to-date: /home/rhobtor/PHD/ARGOSJ8_IA/ARGOSJ8_IA_/install/wiimote_msgs/include/wiimote_msgs/wiimote_msgs/msg/detail/state__type_support.cpp
[1.637s] -- Up-to-date: /home/rhobtor/PHD/ARGOSJ8_IA/ARGOSJ8_IA_/install/wiimote_msgs/include/wiimote_msgs/wiimote_msgs/msg/detail/timed_switch__type_support.cpp
[1.637s] -- Up-to-date: /home/rhobtor/PHD/ARGOSJ8_IA/ARGOSJ8_IA_/install/wiimote_msgs/include/wiimote_msgs/wiimote_msgs/msg/detail/state__rosidl_typesupport_introspection_cpp.hpp
[1.637s] -- Up-to-date: /home/rhobtor/PHD/ARGOSJ8_IA/ARGOSJ8_IA_/install/wiimote_msgs/include/wiimote_msgs/wiimote_msgs/msg/detail/timed_switch__rosidl_typesupport_introspection_cpp.hpp
[1.637s] -- Up-to-date: /home/rhobtor/PHD/ARGOSJ8_IA/ARGOSJ8_IA_/install/wiimote_msgs/include/wiimote_msgs/wiimote_msgs/msg/detail/ir_source_info__type_support.cpp
[1.637s] -- Up-to-date: /home/rhobtor/PHD/ARGOSJ8_IA/ARGOSJ8_IA_/install/wiimote_msgs/lib/libwiimote_msgs__rosidl_typesupport_introspection_cpp.so
[1.637s] -- Up-to-date: /home/rhobtor/PHD/ARGOSJ8_IA/ARGOSJ8_IA_/install/wiimote_msgs/lib/libwiimote_msgs__rosidl_typesupport_cpp.so
[1.637s] -- Up-to-date: /home/rhobtor/PHD/ARGOSJ8_IA/ARGOSJ8_IA_/install/wiimote_msgs/share/wiimote_msgs/environment/pythonpath.sh
[1.637s] -- Up-to-date: /home/rhobtor/PHD/ARGOSJ8_IA/ARGOSJ8_IA_/install/wiimote_msgs/share/wiimote_msgs/environment/pythonpath.dsv
[1.637s] -- Up-to-date: /home/rhobtor/PHD/ARGOSJ8_IA/ARGOSJ8_IA_/install/wiimote_msgs/local/lib/python3.10/dist-packages/wiimote_msgs-3.1.0-py3.10.egg-info
[1.637s] -- Installing: /home/rhobtor/PHD/ARGOSJ8_IA/ARGOSJ8_IA_/install/wiimote_msgs/local/lib/python3.10/dist-packages/wiimote_msgs-3.1.0-py3.10.egg-info/dependency_links.txt
[1.637s] -- Installing: /home/rhobtor/PHD/ARGOSJ8_IA/ARGOSJ8_IA_/install/wiimote_msgs/local/lib/python3.10/dist-packages/wiimote_msgs-3.1.0-py3.10.egg-info/top_level.txt
[1.637s] -- Installing: /home/rhobtor/PHD/ARGOSJ8_IA/ARGOSJ8_IA_/install/wiimote_msgs/local/lib/python3.10/dist-packages/wiimote_msgs-3.1.0-py3.10.egg-info/PKG-INFO
[1.637s] -- Installing: /home/rhobtor/PHD/ARGOSJ8_IA/ARGOSJ8_IA_/install/wiimote_msgs/local/lib/python3.10/dist-packages/wiimote_msgs-3.1.0-py3.10.egg-info/SOURCES.txt
[1.637s] -- Up-to-date: /home/rhobtor/PHD/ARGOSJ8_IA/ARGOSJ8_IA_/install/wiimote_msgs/local/lib/python3.10/dist-packages/wiimote_msgs
[1.637s] -- Up-to-date: /home/rhobtor/PHD/ARGOSJ8_IA/ARGOSJ8_IA_/install/wiimote_msgs/local/lib/python3.10/dist-packages/wiimote_msgs/__init__.py
[1.637s] -- Up-to-date: /home/rhobtor/PHD/ARGOSJ8_IA/ARGOSJ8_IA_/install/wiimote_msgs/local/lib/python3.10/dist-packages/wiimote_msgs/wiimote_msgs_s__rosidl_typesupport_introspection_c.cpython-310-x86_64-linux-gnu.so
[1.637s] -- Up-to-date: /home/rhobtor/PHD/ARGOSJ8_IA/ARGOSJ8_IA_/install/wiimote_msgs/local/lib/python3.10/dist-packages/wiimote_msgs/wiimote_msgs_s__rosidl_typesupport_c.cpython-310-x86_64-linux-gnu.so
[1.637s] -- Up-to-date: /home/rhobtor/PHD/ARGOSJ8_IA/ARGOSJ8_IA_/install/wiimote_msgs/local/lib/python3.10/dist-packages/wiimote_msgs/_wiimote_msgs_s.ep.rosidl_typesupport_fastrtps_c.c
[1.637s] -- Up-to-date: /home/rhobtor/PHD/ARGOSJ8_IA/ARGOSJ8_IA_/install/wiimote_msgs/local/lib/python3.10/dist-packages/wiimote_msgs/libwiimote_msgs__rosidl_generator_py.so
[1.637s] -- Up-to-date: /home/rhobtor/PHD/ARGOSJ8_IA/ARGOSJ8_IA_/install/wiimote_msgs/local/lib/python3.10/dist-packages/wiimote_msgs/_wiimote_msgs_s.ep.rosidl_typesupport_c.c
[1.638s] -- Up-to-date: /home/rhobtor/PHD/ARGOSJ8_IA/ARGOSJ8_IA_/install/wiimote_msgs/local/lib/python3.10/dist-packages/wiimote_msgs/msg
[1.638s] -- Up-to-date: /home/rhobtor/PHD/ARGOSJ8_IA/ARGOSJ8_IA_/install/wiimote_msgs/local/lib/python3.10/dist-packages/wiimote_msgs/msg/_state.py
[1.638s] -- Up-to-date: /home/rhobtor/PHD/ARGOSJ8_IA/ARGOSJ8_IA_/install/wiimote_msgs/local/lib/python3.10/dist-packages/wiimote_msgs/msg/__init__.py
[1.638s] -- Up-to-date: /home/rhobtor/PHD/ARGOSJ8_IA/ARGOSJ8_IA_/install/wiimote_msgs/local/lib/python3.10/dist-packages/wiimote_msgs/msg/_timed_switch.py
[1.638s] -- Up-to-date: /home/rhobtor/PHD/ARGOSJ8_IA/ARGOSJ8_IA_/install/wiimote_msgs/local/lib/python3.10/dist-packages/wiimote_msgs/msg/_timed_switch_s.c
[1.638s] -- Up-to-date: /home/rhobtor/PHD/ARGOSJ8_IA/ARGOSJ8_IA_/install/wiimote_msgs/local/lib/python3.10/dist-packages/wiimote_msgs/msg/_ir_source_info_s.c
[1.638s] -- Up-to-date: /home/rhobtor/PHD/ARGOSJ8_IA/ARGOSJ8_IA_/install/wiimote_msgs/local/lib/python3.10/dist-packages/wiimote_msgs/msg/_ir_source_info.py
[1.638s] -- Up-to-date: /home/rhobtor/PHD/ARGOSJ8_IA/ARGOSJ8_IA_/install/wiimote_msgs/local/lib/python3.10/dist-packages/wiimote_msgs/msg/_state_s.c
[1.638s] -- Up-to-date: /home/rhobtor/PHD/ARGOSJ8_IA/ARGOSJ8_IA_/install/wiimote_msgs/local/lib/python3.10/dist-packages/wiimote_msgs/wiimote_msgs_s__rosidl_typesupport_fastrtps_c.cpython-310-x86_64-linux-gnu.so
[1.638s] -- Up-to-date: /home/rhobtor/PHD/ARGOSJ8_IA/ARGOSJ8_IA_/install/wiimote_msgs/local/lib/python3.10/dist-packages/wiimote_msgs/_wiimote_msgs_s.ep.rosidl_typesupport_introspection_c.c
[1.694s] Listing '/home/rhobtor/PHD/ARGOSJ8_IA/ARGOSJ8_IA_/install/wiimote_msgs/local/lib/python3.10/dist-packages/wiimote_msgs'...
[1.694s] Listing '/home/rhobtor/PHD/ARGOSJ8_IA/ARGOSJ8_IA_/install/wiimote_msgs/local/lib/python3.10/dist-packages/wiimote_msgs/msg'...
[1.694s] -- Up-to-date: /home/rhobtor/PHD/ARGOSJ8_IA/ARGOSJ8_IA_/install/wiimote_msgs/local/lib/python3.10/dist-packages/wiimote_msgs/wiimote_msgs_s__rosidl_typesupport_fastrtps_c.cpython-310-x86_64-linux-gnu.so
[1.694s] -- Up-to-date: /home/rhobtor/PHD/ARGOSJ8_IA/ARGOSJ8_IA_/install/wiimote_msgs/local/lib/python3.10/dist-packages/wiimote_msgs/wiimote_msgs_s__rosidl_typesupport_introspection_c.cpython-310-x86_64-linux-gnu.so
[1.695s] -- Up-to-date: /home/rhobtor/PHD/ARGOSJ8_IA/ARGOSJ8_IA_/install/wiimote_msgs/local/lib/python3.10/dist-packages/wiimote_msgs/wiimote_msgs_s__rosidl_typesupport_c.cpython-310-x86_64-linux-gnu.so
[1.695s] -- Up-to-date: /home/rhobtor/PHD/ARGOSJ8_IA/ARGOSJ8_IA_/install/wiimote_msgs/lib/libwiimote_msgs__rosidl_generator_py.so
[1.695s] -- Up-to-date: /home/rhobtor/PHD/ARGOSJ8_IA/ARGOSJ8_IA_/install/wiimote_msgs/share/ament_index/resource_index/rust_packages/wiimote_msgs
[1.695s] -- Up-to-date: /home/rhobtor/PHD/ARGOSJ8_IA/ARGOSJ8_IA_/install/wiimote_msgs/share/wiimote_msgs/rust
[1.695s] -- Up-to-date: /home/rhobtor/PHD/ARGOSJ8_IA/ARGOSJ8_IA_/install/wiimote_msgs/share/wiimote_msgs/rust/build.rs
[1.697s] -- Up-to-date: /home/rhobtor/PHD/ARGOSJ8_IA/ARGOSJ8_IA_/install/wiimote_msgs/share/wiimote_msgs/rust/src
[1.697s] -- Up-to-date: /home/rhobtor/PHD/ARGOSJ8_IA/ARGOSJ8_IA_/install/wiimote_msgs/share/wiimote_msgs/rust/src/msg.rs
[1.697s] -- Up-to-date: /home/rhobtor/PHD/ARGOSJ8_IA/ARGOSJ8_IA_/install/wiimote_msgs/share/wiimote_msgs/rust/src/msg
[1.698s] -- Up-to-date: /home/rhobtor/PHD/ARGOSJ8_IA/ARGOSJ8_IA_/install/wiimote_msgs/share/wiimote_msgs/rust/src/msg/rmw.rs
[1.698s] -- Up-to-date: /home/rhobtor/PHD/ARGOSJ8_IA/ARGOSJ8_IA_/install/wiimote_msgs/share/wiimote_msgs/rust/src/lib.rs
[1.698s] -- Up-to-date: /home/rhobtor/PHD/ARGOSJ8_IA/ARGOSJ8_IA_/install/wiimote_msgs/share/wiimote_msgs/rust/Cargo.toml
[1.698s] -- Up-to-date: /home/rhobtor/PHD/ARGOSJ8_IA/ARGOSJ8_IA_/install/wiimote_msgs/share/wiimote_msgs/msg/IrSourceInfo.idl
[1.698s] -- Up-to-date: /home/rhobtor/PHD/ARGOSJ8_IA/ARGOSJ8_IA_/install/wiimote_msgs/share/wiimote_msgs/msg/State.idl
[1.698s] -- Up-to-date: /home/rhobtor/PHD/ARGOSJ8_IA/ARGOSJ8_IA_/install/wiimote_msgs/share/wiimote_msgs/msg/TimedSwitch.idl
[1.699s] -- Up-to-date: /home/rhobtor/PHD/ARGOSJ8_IA/ARGOSJ8_IA_/install/wiimote_msgs/share/wiimote_msgs/msg/IrSourceInfo.msg
[1.699s] -- Up-to-date: /home/rhobtor/PHD/ARGOSJ8_IA/ARGOSJ8_IA_/install/wiimote_msgs/share/wiimote_msgs/msg/State.msg
[1.699s] -- Up-to-date: /home/rhobtor/PHD/ARGOSJ8_IA/ARGOSJ8_IA_/install/wiimote_msgs/share/wiimote_msgs/msg/TimedSwitch.msg
[1.699s] -- Up-to-date: /home/rhobtor/PHD/ARGOSJ8_IA/ARGOSJ8_IA_/install/wiimote_msgs/share/ament_index/resource_index/package_run_dependencies/wiimote_msgs
[1.699s] -- Up-to-date: /home/rhobtor/PHD/ARGOSJ8_IA/ARGOSJ8_IA_/install/wiimote_msgs/share/ament_index/resource_index/parent_prefix_path/wiimote_msgs
[1.699s] -- Up-to-date: /home/rhobtor/PHD/ARGOSJ8_IA/ARGOSJ8_IA_/install/wiimote_msgs/share/wiimote_msgs/environment/ament_prefix_path.sh
[1.700s] -- Up-to-date: /home/rhobtor/PHD/ARGOSJ8_IA/ARGOSJ8_IA_/install/wiimote_msgs/share/wiimote_msgs/environment/ament_prefix_path.dsv
[1.700s] -- Up-to-date: /home/rhobtor/PHD/ARGOSJ8_IA/ARGOSJ8_IA_/install/wiimote_msgs/share/wiimote_msgs/environment/path.sh
[1.700s] -- Up-to-date: /home/rhobtor/PHD/ARGOSJ8_IA/ARGOSJ8_IA_/install/wiimote_msgs/share/wiimote_msgs/environment/path.dsv
[1.700s] -- Up-to-date: /home/rhobtor/PHD/ARGOSJ8_IA/ARGOSJ8_IA_/install/wiimote_msgs/share/wiimote_msgs/local_setup.bash
[1.700s] -- Up-to-date: /home/rhobtor/PHD/ARGOSJ8_IA/ARGOSJ8_IA_/install/wiimote_msgs/share/wiimote_msgs/local_setup.sh
[1.700s] -- Up-to-date: /home/rhobtor/PHD/ARGOSJ8_IA/ARGOSJ8_IA_/install/wiimote_msgs/share/wiimote_msgs/local_setup.zsh
[1.700s] -- Up-to-date: /home/rhobtor/PHD/ARGOSJ8_IA/ARGOSJ8_IA_/install/wiimote_msgs/share/wiimote_msgs/local_setup.dsv
[1.700s] -- Installing: /home/rhobtor/PHD/ARGOSJ8_IA/ARGOSJ8_IA_/install/wiimote_msgs/share/wiimote_msgs/package.dsv
[1.700s] -- Up-to-date: /home/rhobtor/PHD/ARGOSJ8_IA/ARGOSJ8_IA_/install/wiimote_msgs/share/ament_index/resource_index/packages/wiimote_msgs
[1.700s] -- Up-to-date: /home/rhobtor/PHD/ARGOSJ8_IA/ARGOSJ8_IA_/install/wiimote_msgs/share/wiimote_msgs/cmake/export_wiimote_msgs__rosidl_generator_cExport.cmake
[1.700s] -- Up-to-date: /home/rhobtor/PHD/ARGOSJ8_IA/ARGOSJ8_IA_/install/wiimote_msgs/share/wiimote_msgs/cmake/export_wiimote_msgs__rosidl_generator_cExport-noconfig.cmake
[1.701s] -- Up-to-date: /home/rhobtor/PHD/ARGOSJ8_IA/ARGOSJ8_IA_/install/wiimote_msgs/share/wiimote_msgs/cmake/export_wiimote_msgs__rosidl_typesupport_fastrtps_cExport.cmake
[1.701s] -- Up-to-date: /home/rhobtor/PHD/ARGOSJ8_IA/ARGOSJ8_IA_/install/wiimote_msgs/share/wiimote_msgs/cmake/export_wiimote_msgs__rosidl_typesupport_fastrtps_cExport-noconfig.cmake
[1.701s] -- Up-to-date: /home/rhobtor/PHD/ARGOSJ8_IA/ARGOSJ8_IA_/install/wiimote_msgs/share/wiimote_msgs/cmake/export_wiimote_msgs__rosidl_generator_cppExport.cmake
[1.701s] -- Up-to-date: /home/rhobtor/PHD/ARGOSJ8_IA/ARGOSJ8_IA_/install/wiimote_msgs/share/wiimote_msgs/cmake/export_wiimote_msgs__rosidl_typesupport_fastrtps_cppExport.cmake
[1.701s] -- Up-to-date: /home/rhobtor/PHD/ARGOSJ8_IA/ARGOSJ8_IA_/install/wiimote_msgs/share/wiimote_msgs/cmake/export_wiimote_msgs__rosidl_typesupport_fastrtps_cppExport-noconfig.cmake
[1.701s] -- Up-to-date: /home/rhobtor/PHD/ARGOSJ8_IA/ARGOSJ8_IA_/install/wiimote_msgs/share/wiimote_msgs/cmake/wiimote_msgs__rosidl_typesupport_introspection_cExport.cmake
[1.701s] -- Up-to-date: /home/rhobtor/PHD/ARGOSJ8_IA/ARGOSJ8_IA_/install/wiimote_msgs/share/wiimote_msgs/cmake/wiimote_msgs__rosidl_typesupport_introspection_cExport-noconfig.cmake
[1.703s] -- Up-to-date: /home/rhobtor/PHD/ARGOSJ8_IA/ARGOSJ8_IA_/install/wiimote_msgs/share/wiimote_msgs/cmake/wiimote_msgs__rosidl_typesupport_cExport.cmake
[1.703s] -- Up-to-date: /home/rhobtor/PHD/ARGOSJ8_IA/ARGOSJ8_IA_/install/wiimote_msgs/share/wiimote_msgs/cmake/wiimote_msgs__rosidl_typesupport_cExport-noconfig.cmake
[1.703s] -- Up-to-date: /home/rhobtor/PHD/ARGOSJ8_IA/ARGOSJ8_IA_/install/wiimote_msgs/share/wiimote_msgs/cmake/wiimote_msgs__rosidl_typesupport_introspection_cppExport.cmake
[1.703s] -- Up-to-date: /home/rhobtor/PHD/ARGOSJ8_IA/ARGOSJ8_IA_/install/wiimote_msgs/share/wiimote_msgs/cmake/wiimote_msgs__rosidl_typesupport_introspection_cppExport-noconfig.cmake
[1.703s] -- Up-to-date: /home/rhobtor/PHD/ARGOSJ8_IA/ARGOSJ8_IA_/install/wiimote_msgs/share/wiimote_msgs/cmake/wiimote_msgs__rosidl_typesupport_cppExport.cmake
[1.703s] -- Up-to-date: /home/rhobtor/PHD/ARGOSJ8_IA/ARGOSJ8_IA_/install/wiimote_msgs/share/wiimote_msgs/cmake/wiimote_msgs__rosidl_typesupport_cppExport-noconfig.cmake
[1.703s] -- Up-to-date: /home/rhobtor/PHD/ARGOSJ8_IA/ARGOSJ8_IA_/install/wiimote_msgs/share/wiimote_msgs/cmake/export_wiimote_msgs__rosidl_generator_pyExport.cmake
[1.703s] -- Up-to-date: /home/rhobtor/PHD/ARGOSJ8_IA/ARGOSJ8_IA_/install/wiimote_msgs/share/wiimote_msgs/cmake/export_wiimote_msgs__rosidl_generator_pyExport-noconfig.cmake
[1.704s] -- Up-to-date: /home/rhobtor/PHD/ARGOSJ8_IA/ARGOSJ8_IA_/install/wiimote_msgs/share/wiimote_msgs/cmake/rosidl_cmake-extras.cmake
[1.704s] -- Up-to-date: /home/rhobtor/PHD/ARGOSJ8_IA/ARGOSJ8_IA_/install/wiimote_msgs/share/wiimote_msgs/cmake/ament_cmake_export_dependencies-extras.cmake
[1.704s] -- Up-to-date: /home/rhobtor/PHD/ARGOSJ8_IA/ARGOSJ8_IA_/install/wiimote_msgs/share/wiimote_msgs/cmake/ament_cmake_export_include_directories-extras.cmake
[1.704s] -- Up-to-date: /home/rhobtor/PHD/ARGOSJ8_IA/ARGOSJ8_IA_/install/wiimote_msgs/share/wiimote_msgs/cmake/ament_cmake_export_libraries-extras.cmake
[1.704s] -- Up-to-date: /home/rhobtor/PHD/ARGOSJ8_IA/ARGOSJ8_IA_/install/wiimote_msgs/share/wiimote_msgs/cmake/ament_cmake_export_targets-extras.cmake
[1.704s] -- Up-to-date: /home/rhobtor/PHD/ARGOSJ8_IA/ARGOSJ8_IA_/install/wiimote_msgs/share/wiimote_msgs/cmake/rosidl_cmake_export_typesupport_targets-extras.cmake
[1.704s] -- Up-to-date: /home/rhobtor/PHD/ARGOSJ8_IA/ARGOSJ8_IA_/install/wiimote_msgs/share/wiimote_msgs/cmake/rosidl_cmake_export_typesupport_libraries-extras.cmake
[1.704s] -- Up-to-date: /home/rhobtor/PHD/ARGOSJ8_IA/ARGOSJ8_IA_/install/wiimote_msgs/share/wiimote_msgs/cmake/wiimote_msgsConfig.cmake
[1.704s] -- Up-to-date: /home/rhobtor/PHD/ARGOSJ8_IA/ARGOSJ8_IA_/install/wiimote_msgs/share/wiimote_msgs/cmake/wiimote_msgsConfig-version.cmake
[1.704s] -- Up-to-date: /home/rhobtor/PHD/ARGOSJ8_IA/ARGOSJ8_IA_/install/wiimote_msgs/share/wiimote_msgs/package.xml
[1.927s] Invoked command in '/home/rhobtor/PHD/ARGOSJ8_IA/ARGOSJ8_IA_/build/wiimote_msgs' returned '0': CMAKE_PREFIX_PATH=${CMAKE_PREFIX_PATH}:/home/rhobtor/PHD/ARGOSJ8_IA/ARGOSJ8_IA_/install/ntrip_client:/home/rhobtor/PHD/ARGOSJ8_IA/ARGOSJ8_IA_/install/j8_gui:/home/rhobtor/PHD/ARGOSJ8_IA/ARGOSJ8_IA_/install/car:/home/rhobtor/PHD/ARGOSJ8_IA/ARGOSJ8_IA_/install/android_ros2_server:/home/rhobtor/PHD/ARGOSJ8_IA/ARGOSJ8_IA_/install/GUI_pkg:/home/rhobtor/reactive/Reactive-Navegation/workspace_full_conected/install/car:/opt/ros/humble /usr/bin/cmake --install /home/rhobtor/PHD/ARGOSJ8_IA/ARGOSJ8_IA_/build/wiimote_msgs
