[0.338s] Invoking command in '/home/rhobtor/PHD/ARGOJ8_IA/ARGOSJ8_IA_/build/argj801_sensors_msgs': CMAKE_PREFIX_PATH=${CMAKE_PREFIX_PATH}:/home/rhobtor/PHD/ARGOJ8_IA/ARGOSJ8_IA_/install/ntrip_client:/home/rhobtor/PHD/ARGOJ8_IA/ARGOSJ8_IA_/install/j8_gui:/home/rhobtor/PHD/ARGOJ8_IA/ARGOSJ8_IA_/install/car:/home/rhobtor/PHD/ARGOJ8_IA/ARGOSJ8_IA_/install/android_ros2_server:/home/rhobtor/PHD/ARGOJ8_IA/ARGOSJ8_IA_/install/GUI_pkg:/opt/ros/humble /opt/st/stm32cubeclt_1.18.0/CMake/bin/cmake --build /home/rhobtor/PHD/ARGOJ8_IA/ARGOSJ8_IA_/build/argj801_sensors_msgs -- -j16 -l16
[3.473s] [ 10%] Built target argj801_sensors_msgs__rosidl_generator_c
[3.473s] [ 12%] Built target argj801_sensors_msgs__cpp
[3.473s] [ 12%] Built target ament_cmake_python_copy_argj801_sensors_msgs
[3.474s] [ 23%] Built target argj801_sensors_msgs__rosidl_typesupport_fastrtps_c
[3.474s] [ 33%] Built target argj801_sensors_msgs__rosidl_typesupport_c
[3.474s] [ 43%] Built target argj801_sensors_msgs__rosidl_typesupport_introspection_c
[3.474s] [ 53%] Built target argj801_sensors_msgs__rosidl_typesupport_introspection_cpp
[3.475s] [ 64%] Built target argj801_sensors_msgs__rosidl_typesupport_fastrtps_cpp
[3.475s] [ 74%] Built target argj801_sensors_msgs__rosidl_typesupport_cpp
[3.476s] [ 74%] Built target argj801_sensors_msgs
[3.477s] [ 76%] Built target argj801_sensors_msgs__py
[3.477s] [ 84%] Built target argj801_sensors_msgs__rosidl_generator_py
[3.477s] [ 89%] Built target argj801_sensors_msgs__rosidl_typesupport_c__pyext
[3.477s] [ 94%] Built target argj801_sensors_msgs__rosidl_typesupport_introspection_c__pyext
[3.477s] [100%] Built target argj801_sensors_msgs__rosidl_typesupport_fastrtps_c__pyext
[3.478s] running egg_info
[3.478s] writing argj801_sensors_msgs.egg-info/PKG-INFO
[3.478s] writing dependency_links to argj801_sensors_msgs.egg-info/dependency_links.txt
[3.478s] writing top-level names to argj801_sensors_msgs.egg-info/top_level.txt
[3.478s] reading manifest file 'argj801_sensors_msgs.egg-info/SOURCES.txt'
[3.478s] writing manifest file 'argj801_sensors_msgs.egg-info/SOURCES.txt'
[3.478s] [100%] Built target ament_cmake_python_build_argj801_sensors_msgs_egg
[3.553s] Invoked command in '/home/rhobtor/PHD/ARGOJ8_IA/ARGOSJ8_IA_/build/argj801_sensors_msgs' returned '0': CMAKE_PREFIX_PATH=${CMAKE_PREFIX_PATH}:/home/rhobtor/PHD/ARGOJ8_IA/ARGOSJ8_IA_/install/ntrip_client:/home/rhobtor/PHD/ARGOJ8_IA/ARGOSJ8_IA_/install/j8_gui:/home/rhobtor/PHD/ARGOJ8_IA/ARGOSJ8_IA_/install/car:/home/rhobtor/PHD/ARGOJ8_IA/ARGOSJ8_IA_/install/android_ros2_server:/home/rhobtor/PHD/ARGOJ8_IA/ARGOSJ8_IA_/install/GUI_pkg:/opt/ros/humble /opt/st/stm32cubeclt_1.18.0/CMake/bin/cmake --build /home/rhobtor/PHD/ARGOJ8_IA/ARGOSJ8_IA_/build/argj801_sensors_msgs -- -j16 -l16
[3.559s] Invoking command in '/home/rhobtor/PHD/ARGOJ8_IA/ARGOSJ8_IA_/build/argj801_sensors_msgs': CMAKE_PREFIX_PATH=${CMAKE_PREFIX_PATH}:/home/rhobtor/PHD/ARGOJ8_IA/ARGOSJ8_IA_/install/ntrip_client:/home/rhobtor/PHD/ARGOJ8_IA/ARGOSJ8_IA_/install/j8_gui:/home/rhobtor/PHD/ARGOJ8_IA/ARGOSJ8_IA_/install/car:/home/rhobtor/PHD/ARGOJ8_IA/ARGOSJ8_IA_/install/android_ros2_server:/home/rhobtor/PHD/ARGOJ8_IA/ARGOSJ8_IA_/install/GUI_pkg:/opt/ros/humble /opt/st/stm32cubeclt_1.18.0/CMake/bin/cmake --install /home/rhobtor/PHD/ARGOJ8_IA/ARGOSJ8_IA_/build/argj801_sensors_msgs
[3.991s] -- Install configuration: ""
[3.991s] -- Up-to-date: /home/rhobtor/PHD/ARGOJ8_IA/ARGOSJ8_IA_/install/argj801_sensors_msgs/share/ament_index/resource_index/rosidl_interfaces/argj801_sensors_msgs
[3.991s] -- Up-to-date: /home/rhobtor/PHD/ARGOJ8_IA/ARGOSJ8_IA_/install/argj801_sensors_msgs/include/argj801_sensors_msgs/argj801_sensors_msgs
[3.991s] -- Up-to-date: /home/rhobtor/PHD/ARGOJ8_IA/ARGOSJ8_IA_/install/argj801_sensors_msgs/include/argj801_sensors_msgs/argj801_sensors_msgs/msg
[3.992s] -- Up-to-date: /home/rhobtor/PHD/ARGOJ8_IA/ARGOSJ8_IA_/install/argj801_sensors_msgs/include/argj801_sensors_msgs/argj801_sensors_msgs/msg/motor_telemetry.h
[3.995s] -- Up-to-date: /home/rhobtor/PHD/ARGOJ8_IA/ARGOSJ8_IA_/install/argj801_sensors_msgs/include/argj801_sensors_msgs/argj801_sensors_msgs/msg/rosidl_generator_c__visibility_control.h
[3.995s] -- Up-to-date: /home/rhobtor/PHD/ARGOJ8_IA/ARGOSJ8_IA_/install/argj801_sensors_msgs/include/argj801_sensors_msgs/argj801_sensors_msgs/msg/detail
[3.996s] -- Up-to-date: /home/rhobtor/PHD/ARGOJ8_IA/ARGOSJ8_IA_/install/argj801_sensors_msgs/include/argj801_sensors_msgs/argj801_sensors_msgs/msg/detail/odometer__functions.c
[3.996s] -- Up-to-date: /home/rhobtor/PHD/ARGOJ8_IA/ARGOSJ8_IA_/install/argj801_sensors_msgs/include/argj801_sensors_msgs/argj801_sensors_msgs/msg/detail/motor_telemetry__struct.h
[3.996s] -- Up-to-date: /home/rhobtor/PHD/ARGOJ8_IA/ARGOSJ8_IA_/install/argj801_sensors_msgs/include/argj801_sensors_msgs/argj801_sensors_msgs/msg/detail/motor_telemetry__functions.c
[3.996s] -- Up-to-date: /home/rhobtor/PHD/ARGOJ8_IA/ARGOSJ8_IA_/install/argj801_sensors_msgs/include/argj801_sensors_msgs/argj801_sensors_msgs/msg/detail/motor_telemetry__type_support.h
[3.997s] -- Up-to-date: /home/rhobtor/PHD/ARGOJ8_IA/ARGOSJ8_IA_/install/argj801_sensors_msgs/include/argj801_sensors_msgs/argj801_sensors_msgs/msg/detail/odometer__type_support.h
[3.997s] -- Up-to-date: /home/rhobtor/PHD/ARGOJ8_IA/ARGOSJ8_IA_/install/argj801_sensors_msgs/include/argj801_sensors_msgs/argj801_sensors_msgs/msg/detail/odometer__functions.h
[3.997s] -- Up-to-date: /home/rhobtor/PHD/ARGOJ8_IA/ARGOSJ8_IA_/install/argj801_sensors_msgs/include/argj801_sensors_msgs/argj801_sensors_msgs/msg/detail/motor_telemetry__functions.h
[3.997s] -- Up-to-date: /home/rhobtor/PHD/ARGOJ8_IA/ARGOSJ8_IA_/install/argj801_sensors_msgs/include/argj801_sensors_msgs/argj801_sensors_msgs/msg/detail/odometer__struct.h
[3.997s] -- Up-to-date: /home/rhobtor/PHD/ARGOJ8_IA/ARGOSJ8_IA_/install/argj801_sensors_msgs/include/argj801_sensors_msgs/argj801_sensors_msgs/msg/odometer.h
[3.998s] -- Up-to-date: /home/rhobtor/PHD/ARGOJ8_IA/ARGOSJ8_IA_/install/argj801_sensors_msgs/share/argj801_sensors_msgs/environment/library_path.sh
[4.003s] -- Up-to-date: /home/rhobtor/PHD/ARGOJ8_IA/ARGOSJ8_IA_/install/argj801_sensors_msgs/share/argj801_sensors_msgs/environment/library_path.dsv
[4.003s] -- Up-to-date: /home/rhobtor/PHD/ARGOJ8_IA/ARGOSJ8_IA_/install/argj801_sensors_msgs/lib/libargj801_sensors_msgs__rosidl_generator_c.so
[4.004s] -- Up-to-date: /home/rhobtor/PHD/ARGOJ8_IA/ARGOSJ8_IA_/install/argj801_sensors_msgs/include/argj801_sensors_msgs/argj801_sensors_msgs
[4.004s] -- Up-to-date: /home/rhobtor/PHD/ARGOJ8_IA/ARGOSJ8_IA_/install/argj801_sensors_msgs/include/argj801_sensors_msgs/argj801_sensors_msgs/msg
[4.004s] -- Up-to-date: /home/rhobtor/PHD/ARGOJ8_IA/ARGOSJ8_IA_/install/argj801_sensors_msgs/include/argj801_sensors_msgs/argj801_sensors_msgs/msg/detail
[4.004s] -- Up-to-date: /home/rhobtor/PHD/ARGOJ8_IA/ARGOSJ8_IA_/install/argj801_sensors_msgs/include/argj801_sensors_msgs/argj801_sensors_msgs/msg/detail/odometer__rosidl_typesupport_fastrtps_c.h
[4.005s] -- Up-to-date: /home/rhobtor/PHD/ARGOJ8_IA/ARGOSJ8_IA_/install/argj801_sensors_msgs/include/argj801_sensors_msgs/argj801_sensors_msgs/msg/detail/motor_telemetry__rosidl_typesupport_fastrtps_c.h
[4.005s] -- Up-to-date: /home/rhobtor/PHD/ARGOJ8_IA/ARGOSJ8_IA_/install/argj801_sensors_msgs/include/argj801_sensors_msgs/argj801_sensors_msgs/msg/rosidl_typesupport_fastrtps_c__visibility_control.h
[4.005s] -- Up-to-date: /home/rhobtor/PHD/ARGOJ8_IA/ARGOSJ8_IA_/install/argj801_sensors_msgs/lib/libargj801_sensors_msgs__rosidl_typesupport_fastrtps_c.so
[4.026s] -- Up-to-date: /home/rhobtor/PHD/ARGOJ8_IA/ARGOSJ8_IA_/install/argj801_sensors_msgs/include/argj801_sensors_msgs/argj801_sensors_msgs
[4.026s] -- Up-to-date: /home/rhobtor/PHD/ARGOJ8_IA/ARGOSJ8_IA_/install/argj801_sensors_msgs/include/argj801_sensors_msgs/argj801_sensors_msgs/msg
[4.026s] -- Up-to-date: /home/rhobtor/PHD/ARGOJ8_IA/ARGOSJ8_IA_/install/argj801_sensors_msgs/include/argj801_sensors_msgs/argj801_sensors_msgs/msg/rosidl_typesupport_introspection_c__visibility_control.h
[4.026s] -- Up-to-date: /home/rhobtor/PHD/ARGOJ8_IA/ARGOSJ8_IA_/install/argj801_sensors_msgs/include/argj801_sensors_msgs/argj801_sensors_msgs/msg/detail
[4.029s] -- Up-to-date: /home/rhobtor/PHD/ARGOJ8_IA/ARGOSJ8_IA_/install/argj801_sensors_msgs/include/argj801_sensors_msgs/argj801_sensors_msgs/msg/detail/motor_telemetry__type_support.c
[4.029s] -- Up-to-date: /home/rhobtor/PHD/ARGOJ8_IA/ARGOSJ8_IA_/install/argj801_sensors_msgs/include/argj801_sensors_msgs/argj801_sensors_msgs/msg/detail/motor_telemetry__rosidl_typesupport_introspection_c.h
[4.029s] -- Up-to-date: /home/rhobtor/PHD/ARGOJ8_IA/ARGOSJ8_IA_/install/argj801_sensors_msgs/include/argj801_sensors_msgs/argj801_sensors_msgs/msg/detail/odometer__rosidl_typesupport_introspection_c.h
[4.030s] -- Up-to-date: /home/rhobtor/PHD/ARGOJ8_IA/ARGOSJ8_IA_/install/argj801_sensors_msgs/include/argj801_sensors_msgs/argj801_sensors_msgs/msg/detail/odometer__type_support.c
[4.030s] -- Up-to-date: /home/rhobtor/PHD/ARGOJ8_IA/ARGOSJ8_IA_/install/argj801_sensors_msgs/lib/libargj801_sensors_msgs__rosidl_typesupport_introspection_c.so
[4.030s] -- Up-to-date: /home/rhobtor/PHD/ARGOJ8_IA/ARGOSJ8_IA_/install/argj801_sensors_msgs/lib/libargj801_sensors_msgs__rosidl_typesupport_c.so
[4.030s] -- Up-to-date: /home/rhobtor/PHD/ARGOJ8_IA/ARGOSJ8_IA_/install/argj801_sensors_msgs/include/argj801_sensors_msgs/argj801_sensors_msgs
[4.031s] -- Up-to-date: /home/rhobtor/PHD/ARGOJ8_IA/ARGOSJ8_IA_/install/argj801_sensors_msgs/include/argj801_sensors_msgs/argj801_sensors_msgs/msg
[4.031s] -- Up-to-date: /home/rhobtor/PHD/ARGOJ8_IA/ARGOSJ8_IA_/install/argj801_sensors_msgs/include/argj801_sensors_msgs/argj801_sensors_msgs/msg/rosidl_generator_cpp__visibility_control.hpp
[4.031s] -- Up-to-date: /home/rhobtor/PHD/ARGOJ8_IA/ARGOSJ8_IA_/install/argj801_sensors_msgs/include/argj801_sensors_msgs/argj801_sensors_msgs/msg/odometer.hpp
[4.032s] -- Up-to-date: /home/rhobtor/PHD/ARGOJ8_IA/ARGOSJ8_IA_/install/argj801_sensors_msgs/include/argj801_sensors_msgs/argj801_sensors_msgs/msg/detail
[4.034s] -- Up-to-date: /home/rhobtor/PHD/ARGOJ8_IA/ARGOSJ8_IA_/install/argj801_sensors_msgs/include/argj801_sensors_msgs/argj801_sensors_msgs/msg/detail/odometer__builder.hpp
[4.035s] -- Up-to-date: /home/rhobtor/PHD/ARGOJ8_IA/ARGOSJ8_IA_/install/argj801_sensors_msgs/include/argj801_sensors_msgs/argj801_sensors_msgs/msg/detail/odometer__struct.hpp
[4.035s] -- Up-to-date: /home/rhobtor/PHD/ARGOJ8_IA/ARGOSJ8_IA_/install/argj801_sensors_msgs/include/argj801_sensors_msgs/argj801_sensors_msgs/msg/detail/motor_telemetry__builder.hpp
[4.036s] -- Up-to-date: /home/rhobtor/PHD/ARGOJ8_IA/ARGOSJ8_IA_/install/argj801_sensors_msgs/include/argj801_sensors_msgs/argj801_sensors_msgs/msg/detail/odometer__type_support.hpp
[4.036s] -- Up-to-date: /home/rhobtor/PHD/ARGOJ8_IA/ARGOSJ8_IA_/install/argj801_sensors_msgs/include/argj801_sensors_msgs/argj801_sensors_msgs/msg/detail/motor_telemetry__struct.hpp
[4.036s] -- Up-to-date: /home/rhobtor/PHD/ARGOJ8_IA/ARGOSJ8_IA_/install/argj801_sensors_msgs/include/argj801_sensors_msgs/argj801_sensors_msgs/msg/detail/motor_telemetry__type_support.hpp
[4.036s] -- Up-to-date: /home/rhobtor/PHD/ARGOJ8_IA/ARGOSJ8_IA_/install/argj801_sensors_msgs/include/argj801_sensors_msgs/argj801_sensors_msgs/msg/detail/motor_telemetry__traits.hpp
[4.037s] -- Up-to-date: /home/rhobtor/PHD/ARGOJ8_IA/ARGOSJ8_IA_/install/argj801_sensors_msgs/include/argj801_sensors_msgs/argj801_sensors_msgs/msg/detail/odometer__traits.hpp
[4.037s] -- Up-to-date: /home/rhobtor/PHD/ARGOJ8_IA/ARGOSJ8_IA_/install/argj801_sensors_msgs/include/argj801_sensors_msgs/argj801_sensors_msgs/msg/motor_telemetry.hpp
[4.037s] -- Up-to-date: /home/rhobtor/PHD/ARGOJ8_IA/ARGOSJ8_IA_/install/argj801_sensors_msgs/include/argj801_sensors_msgs/argj801_sensors_msgs
[4.048s] -- Up-to-date: /home/rhobtor/PHD/ARGOJ8_IA/ARGOSJ8_IA_/install/argj801_sensors_msgs/include/argj801_sensors_msgs/argj801_sensors_msgs/msg
[4.048s] -- Up-to-date: /home/rhobtor/PHD/ARGOJ8_IA/ARGOSJ8_IA_/install/argj801_sensors_msgs/include/argj801_sensors_msgs/argj801_sensors_msgs/msg/rosidl_typesupport_fastrtps_cpp__visibility_control.h
[4.048s] -- Up-to-date: /home/rhobtor/PHD/ARGOJ8_IA/ARGOSJ8_IA_/install/argj801_sensors_msgs/include/argj801_sensors_msgs/argj801_sensors_msgs/msg/detail
[4.050s] -- Up-to-date: /home/rhobtor/PHD/ARGOJ8_IA/ARGOSJ8_IA_/install/argj801_sensors_msgs/include/argj801_sensors_msgs/argj801_sensors_msgs/msg/detail/motor_telemetry__rosidl_typesupport_fastrtps_cpp.hpp
[4.051s] -- Up-to-date: /home/rhobtor/PHD/ARGOJ8_IA/ARGOSJ8_IA_/install/argj801_sensors_msgs/include/argj801_sensors_msgs/argj801_sensors_msgs/msg/detail/dds_fastrtps
[4.052s] -- Up-to-date: /home/rhobtor/PHD/ARGOJ8_IA/ARGOSJ8_IA_/install/argj801_sensors_msgs/include/argj801_sensors_msgs/argj801_sensors_msgs/msg/detail/odometer__rosidl_typesupport_fastrtps_cpp.hpp
[4.053s] -- Up-to-date: /home/rhobtor/PHD/ARGOJ8_IA/ARGOSJ8_IA_/install/argj801_sensors_msgs/lib/libargj801_sensors_msgs__rosidl_typesupport_fastrtps_cpp.so
[4.053s] -- Up-to-date: /home/rhobtor/PHD/ARGOJ8_IA/ARGOSJ8_IA_/install/argj801_sensors_msgs/include/argj801_sensors_msgs/argj801_sensors_msgs
[4.053s] -- Up-to-date: /home/rhobtor/PHD/ARGOJ8_IA/ARGOSJ8_IA_/install/argj801_sensors_msgs/include/argj801_sensors_msgs/argj801_sensors_msgs/msg
[4.053s] -- Up-to-date: /home/rhobtor/PHD/ARGOJ8_IA/ARGOSJ8_IA_/install/argj801_sensors_msgs/include/argj801_sensors_msgs/argj801_sensors_msgs/msg/detail
[4.054s] -- Up-to-date: /home/rhobtor/PHD/ARGOJ8_IA/ARGOSJ8_IA_/install/argj801_sensors_msgs/include/argj801_sensors_msgs/argj801_sensors_msgs/msg/detail/odometer__type_support.cpp
[4.054s] -- Up-to-date: /home/rhobtor/PHD/ARGOJ8_IA/ARGOSJ8_IA_/install/argj801_sensors_msgs/include/argj801_sensors_msgs/argj801_sensors_msgs/msg/detail/odometer__rosidl_typesupport_introspection_cpp.hpp
[4.054s] -- Up-to-date: /home/rhobtor/PHD/ARGOJ8_IA/ARGOSJ8_IA_/install/argj801_sensors_msgs/include/argj801_sensors_msgs/argj801_sensors_msgs/msg/detail/motor_telemetry__rosidl_typesupport_introspection_cpp.hpp
[4.054s] -- Up-to-date: /home/rhobtor/PHD/ARGOJ8_IA/ARGOSJ8_IA_/install/argj801_sensors_msgs/include/argj801_sensors_msgs/argj801_sensors_msgs/msg/detail/motor_telemetry__type_support.cpp
[4.054s] -- Up-to-date: /home/rhobtor/PHD/ARGOJ8_IA/ARGOSJ8_IA_/install/argj801_sensors_msgs/lib/libargj801_sensors_msgs__rosidl_typesupport_introspection_cpp.so
[4.054s] -- Up-to-date: /home/rhobtor/PHD/ARGOJ8_IA/ARGOSJ8_IA_/install/argj801_sensors_msgs/lib/libargj801_sensors_msgs__rosidl_typesupport_cpp.so
[4.054s] -- Up-to-date: /home/rhobtor/PHD/ARGOJ8_IA/ARGOSJ8_IA_/install/argj801_sensors_msgs/share/argj801_sensors_msgs/environment/pythonpath.sh
[4.055s] -- Up-to-date: /home/rhobtor/PHD/ARGOJ8_IA/ARGOSJ8_IA_/install/argj801_sensors_msgs/share/argj801_sensors_msgs/environment/pythonpath.dsv
[4.055s] -- Up-to-date: /home/rhobtor/PHD/ARGOJ8_IA/ARGOSJ8_IA_/install/argj801_sensors_msgs/local/lib/python3.10/dist-packages/argj801_sensors_msgs-0.0.0-py3.10.egg-info
[4.055s] -- Installing: /home/rhobtor/PHD/ARGOJ8_IA/ARGOSJ8_IA_/install/argj801_sensors_msgs/local/lib/python3.10/dist-packages/argj801_sensors_msgs-0.0.0-py3.10.egg-info/top_level.txt
[4.056s] -- Installing: /home/rhobtor/PHD/ARGOJ8_IA/ARGOSJ8_IA_/install/argj801_sensors_msgs/local/lib/python3.10/dist-packages/argj801_sensors_msgs-0.0.0-py3.10.egg-info/SOURCES.txt
[4.056s] -- Installing: /home/rhobtor/PHD/ARGOJ8_IA/ARGOSJ8_IA_/install/argj801_sensors_msgs/local/lib/python3.10/dist-packages/argj801_sensors_msgs-0.0.0-py3.10.egg-info/PKG-INFO
[4.056s] -- Installing: /home/rhobtor/PHD/ARGOJ8_IA/ARGOSJ8_IA_/install/argj801_sensors_msgs/local/lib/python3.10/dist-packages/argj801_sensors_msgs-0.0.0-py3.10.egg-info/dependency_links.txt
[4.056s] -- Up-to-date: /home/rhobtor/PHD/ARGOJ8_IA/ARGOSJ8_IA_/install/argj801_sensors_msgs/local/lib/python3.10/dist-packages/argj801_sensors_msgs
[4.056s] -- Up-to-date: /home/rhobtor/PHD/ARGOJ8_IA/ARGOSJ8_IA_/install/argj801_sensors_msgs/local/lib/python3.10/dist-packages/argj801_sensors_msgs/_argj801_sensors_msgs_s.ep.rosidl_typesupport_introspection_c.c
[4.078s] -- Up-to-date: /home/rhobtor/PHD/ARGOJ8_IA/ARGOSJ8_IA_/install/argj801_sensors_msgs/local/lib/python3.10/dist-packages/argj801_sensors_msgs/argj801_sensors_msgs_s__rosidl_typesupport_c.cpython-310-x86_64-linux-gnu.so
[4.078s] -- Up-to-date: /home/rhobtor/PHD/ARGOJ8_IA/ARGOSJ8_IA_/install/argj801_sensors_msgs/local/lib/python3.10/dist-packages/argj801_sensors_msgs/argj801_sensors_msgs_s__rosidl_typesupport_fastrtps_c.cpython-310-x86_64-linux-gnu.so
[4.079s] -- Up-to-date: /home/rhobtor/PHD/ARGOJ8_IA/ARGOSJ8_IA_/install/argj801_sensors_msgs/local/lib/python3.10/dist-packages/argj801_sensors_msgs/libargj801_sensors_msgs__rosidl_generator_py.so
[4.079s] -- Up-to-date: /home/rhobtor/PHD/ARGOJ8_IA/ARGOSJ8_IA_/install/argj801_sensors_msgs/local/lib/python3.10/dist-packages/argj801_sensors_msgs/__init__.py
[4.079s] -- Up-to-date: /home/rhobtor/PHD/ARGOJ8_IA/ARGOSJ8_IA_/install/argj801_sensors_msgs/local/lib/python3.10/dist-packages/argj801_sensors_msgs/argj801_sensors_msgs_s__rosidl_typesupport_introspection_c.cpython-310-x86_64-linux-gnu.so
[4.079s] -- Up-to-date: /home/rhobtor/PHD/ARGOJ8_IA/ARGOSJ8_IA_/install/argj801_sensors_msgs/local/lib/python3.10/dist-packages/argj801_sensors_msgs/_argj801_sensors_msgs_s.ep.rosidl_typesupport_c.c
[4.079s] -- Up-to-date: /home/rhobtor/PHD/ARGOJ8_IA/ARGOSJ8_IA_/install/argj801_sensors_msgs/local/lib/python3.10/dist-packages/argj801_sensors_msgs/_argj801_sensors_msgs_s.ep.rosidl_typesupport_fastrtps_c.c
[4.079s] -- Up-to-date: /home/rhobtor/PHD/ARGOJ8_IA/ARGOSJ8_IA_/install/argj801_sensors_msgs/local/lib/python3.10/dist-packages/argj801_sensors_msgs/msg
[4.080s] -- Up-to-date: /home/rhobtor/PHD/ARGOJ8_IA/ARGOSJ8_IA_/install/argj801_sensors_msgs/local/lib/python3.10/dist-packages/argj801_sensors_msgs/msg/_motor_telemetry_s.c
[4.080s] -- Up-to-date: /home/rhobtor/PHD/ARGOJ8_IA/ARGOSJ8_IA_/install/argj801_sensors_msgs/local/lib/python3.10/dist-packages/argj801_sensors_msgs/msg/_motor_telemetry.py
[4.080s] -- Up-to-date: /home/rhobtor/PHD/ARGOJ8_IA/ARGOSJ8_IA_/install/argj801_sensors_msgs/local/lib/python3.10/dist-packages/argj801_sensors_msgs/msg/__init__.py
[4.080s] -- Up-to-date: /home/rhobtor/PHD/ARGOJ8_IA/ARGOSJ8_IA_/install/argj801_sensors_msgs/local/lib/python3.10/dist-packages/argj801_sensors_msgs/msg/_odometer_s.c
[4.080s] -- Up-to-date: /home/rhobtor/PHD/ARGOJ8_IA/ARGOSJ8_IA_/install/argj801_sensors_msgs/local/lib/python3.10/dist-packages/argj801_sensors_msgs/msg/_odometer.py
[4.189s] Listing '/home/rhobtor/PHD/ARGOJ8_IA/ARGOSJ8_IA_/install/argj801_sensors_msgs/local/lib/python3.10/dist-packages/argj801_sensors_msgs'...
[4.189s] Listing '/home/rhobtor/PHD/ARGOJ8_IA/ARGOSJ8_IA_/install/argj801_sensors_msgs/local/lib/python3.10/dist-packages/argj801_sensors_msgs/msg'...
[4.190s] -- Up-to-date: /home/rhobtor/PHD/ARGOJ8_IA/ARGOSJ8_IA_/install/argj801_sensors_msgs/local/lib/python3.10/dist-packages/argj801_sensors_msgs/argj801_sensors_msgs_s__rosidl_typesupport_fastrtps_c.cpython-310-x86_64-linux-gnu.so
[4.190s] -- Up-to-date: /home/rhobtor/PHD/ARGOJ8_IA/ARGOSJ8_IA_/install/argj801_sensors_msgs/local/lib/python3.10/dist-packages/argj801_sensors_msgs/argj801_sensors_msgs_s__rosidl_typesupport_introspection_c.cpython-310-x86_64-linux-gnu.so
[4.191s] -- Up-to-date: /home/rhobtor/PHD/ARGOJ8_IA/ARGOSJ8_IA_/install/argj801_sensors_msgs/local/lib/python3.10/dist-packages/argj801_sensors_msgs/argj801_sensors_msgs_s__rosidl_typesupport_c.cpython-310-x86_64-linux-gnu.so
[4.193s] -- Up-to-date: /home/rhobtor/PHD/ARGOJ8_IA/ARGOSJ8_IA_/install/argj801_sensors_msgs/lib/libargj801_sensors_msgs__rosidl_generator_py.so
[4.194s] -- Up-to-date: /home/rhobtor/PHD/ARGOJ8_IA/ARGOSJ8_IA_/install/argj801_sensors_msgs/share/argj801_sensors_msgs/msg/MotorTelemetry.idl
[4.194s] -- Up-to-date: /home/rhobtor/PHD/ARGOJ8_IA/ARGOSJ8_IA_/install/argj801_sensors_msgs/share/argj801_sensors_msgs/msg/Odometer.idl
[4.194s] -- Up-to-date: /home/rhobtor/PHD/ARGOJ8_IA/ARGOSJ8_IA_/install/argj801_sensors_msgs/share/argj801_sensors_msgs/msg/MotorTelemetry.msg
[4.195s] -- Up-to-date: /home/rhobtor/PHD/ARGOJ8_IA/ARGOSJ8_IA_/install/argj801_sensors_msgs/share/argj801_sensors_msgs/msg/Odometer.msg
[4.195s] -- Up-to-date: /home/rhobtor/PHD/ARGOJ8_IA/ARGOSJ8_IA_/install/argj801_sensors_msgs/share/ament_index/resource_index/package_run_dependencies/argj801_sensors_msgs
[4.195s] -- Up-to-date: /home/rhobtor/PHD/ARGOJ8_IA/ARGOSJ8_IA_/install/argj801_sensors_msgs/share/ament_index/resource_index/parent_prefix_path/argj801_sensors_msgs
[4.195s] -- Up-to-date: /home/rhobtor/PHD/ARGOJ8_IA/ARGOSJ8_IA_/install/argj801_sensors_msgs/share/argj801_sensors_msgs/environment/ament_prefix_path.sh
[4.195s] -- Up-to-date: /home/rhobtor/PHD/ARGOJ8_IA/ARGOSJ8_IA_/install/argj801_sensors_msgs/share/argj801_sensors_msgs/environment/ament_prefix_path.dsv
[4.195s] -- Up-to-date: /home/rhobtor/PHD/ARGOJ8_IA/ARGOSJ8_IA_/install/argj801_sensors_msgs/share/argj801_sensors_msgs/environment/path.sh
[4.196s] -- Up-to-date: /home/rhobtor/PHD/ARGOJ8_IA/ARGOSJ8_IA_/install/argj801_sensors_msgs/share/argj801_sensors_msgs/environment/path.dsv
[4.196s] -- Up-to-date: /home/rhobtor/PHD/ARGOJ8_IA/ARGOSJ8_IA_/install/argj801_sensors_msgs/share/argj801_sensors_msgs/local_setup.bash
[4.201s] -- Up-to-date: /home/rhobtor/PHD/ARGOJ8_IA/ARGOSJ8_IA_/install/argj801_sensors_msgs/share/argj801_sensors_msgs/local_setup.sh
[4.202s] -- Up-to-date: /home/rhobtor/PHD/ARGOJ8_IA/ARGOSJ8_IA_/install/argj801_sensors_msgs/share/argj801_sensors_msgs/local_setup.zsh
[4.202s] -- Up-to-date: /home/rhobtor/PHD/ARGOJ8_IA/ARGOSJ8_IA_/install/argj801_sensors_msgs/share/argj801_sensors_msgs/local_setup.dsv
[4.203s] -- Installing: /home/rhobtor/PHD/ARGOJ8_IA/ARGOSJ8_IA_/install/argj801_sensors_msgs/share/argj801_sensors_msgs/package.dsv
[4.203s] -- Up-to-date: /home/rhobtor/PHD/ARGOJ8_IA/ARGOSJ8_IA_/install/argj801_sensors_msgs/share/ament_index/resource_index/packages/argj801_sensors_msgs
[4.203s] -- Up-to-date: /home/rhobtor/PHD/ARGOJ8_IA/ARGOSJ8_IA_/install/argj801_sensors_msgs/share/argj801_sensors_msgs/cmake/export_argj801_sensors_msgs__rosidl_generator_cExport.cmake
[4.203s] -- Up-to-date: /home/rhobtor/PHD/ARGOJ8_IA/ARGOSJ8_IA_/install/argj801_sensors_msgs/share/argj801_sensors_msgs/cmake/export_argj801_sensors_msgs__rosidl_generator_cExport-noconfig.cmake
[4.203s] -- Up-to-date: /home/rhobtor/PHD/ARGOJ8_IA/ARGOSJ8_IA_/install/argj801_sensors_msgs/share/argj801_sensors_msgs/cmake/export_argj801_sensors_msgs__rosidl_typesupport_fastrtps_cExport.cmake
[4.203s] -- Up-to-date: /home/rhobtor/PHD/ARGOJ8_IA/ARGOSJ8_IA_/install/argj801_sensors_msgs/share/argj801_sensors_msgs/cmake/export_argj801_sensors_msgs__rosidl_typesupport_fastrtps_cExport-noconfig.cmake
[4.203s] -- Up-to-date: /home/rhobtor/PHD/ARGOJ8_IA/ARGOSJ8_IA_/install/argj801_sensors_msgs/share/argj801_sensors_msgs/cmake/argj801_sensors_msgs__rosidl_typesupport_introspection_cExport.cmake
[4.204s] -- Up-to-date: /home/rhobtor/PHD/ARGOJ8_IA/ARGOSJ8_IA_/install/argj801_sensors_msgs/share/argj801_sensors_msgs/cmake/argj801_sensors_msgs__rosidl_typesupport_introspection_cExport-noconfig.cmake
[4.205s] -- Up-to-date: /home/rhobtor/PHD/ARGOJ8_IA/ARGOSJ8_IA_/install/argj801_sensors_msgs/share/argj801_sensors_msgs/cmake/argj801_sensors_msgs__rosidl_typesupport_cExport.cmake
[4.205s] -- Up-to-date: /home/rhobtor/PHD/ARGOJ8_IA/ARGOSJ8_IA_/install/argj801_sensors_msgs/share/argj801_sensors_msgs/cmake/argj801_sensors_msgs__rosidl_typesupport_cExport-noconfig.cmake
[4.205s] -- Up-to-date: /home/rhobtor/PHD/ARGOJ8_IA/ARGOSJ8_IA_/install/argj801_sensors_msgs/share/argj801_sensors_msgs/cmake/export_argj801_sensors_msgs__rosidl_generator_cppExport.cmake
[4.205s] -- Up-to-date: /home/rhobtor/PHD/ARGOJ8_IA/ARGOSJ8_IA_/install/argj801_sensors_msgs/share/argj801_sensors_msgs/cmake/export_argj801_sensors_msgs__rosidl_typesupport_fastrtps_cppExport.cmake
[4.205s] -- Up-to-date: /home/rhobtor/PHD/ARGOJ8_IA/ARGOSJ8_IA_/install/argj801_sensors_msgs/share/argj801_sensors_msgs/cmake/export_argj801_sensors_msgs__rosidl_typesupport_fastrtps_cppExport-noconfig.cmake
[4.206s] -- Up-to-date: /home/rhobtor/PHD/ARGOJ8_IA/ARGOSJ8_IA_/install/argj801_sensors_msgs/share/argj801_sensors_msgs/cmake/argj801_sensors_msgs__rosidl_typesupport_introspection_cppExport.cmake
[4.206s] -- Up-to-date: /home/rhobtor/PHD/ARGOJ8_IA/ARGOSJ8_IA_/install/argj801_sensors_msgs/share/argj801_sensors_msgs/cmake/argj801_sensors_msgs__rosidl_typesupport_introspection_cppExport-noconfig.cmake
[4.220s] -- Up-to-date: /home/rhobtor/PHD/ARGOJ8_IA/ARGOSJ8_IA_/install/argj801_sensors_msgs/share/argj801_sensors_msgs/cmake/argj801_sensors_msgs__rosidl_typesupport_cppExport.cmake
[4.220s] -- Up-to-date: /home/rhobtor/PHD/ARGOJ8_IA/ARGOSJ8_IA_/install/argj801_sensors_msgs/share/argj801_sensors_msgs/cmake/argj801_sensors_msgs__rosidl_typesupport_cppExport-noconfig.cmake
[4.220s] -- Up-to-date: /home/rhobtor/PHD/ARGOJ8_IA/ARGOSJ8_IA_/install/argj801_sensors_msgs/share/argj801_sensors_msgs/cmake/export_argj801_sensors_msgs__rosidl_generator_pyExport.cmake
[4.220s] -- Up-to-date: /home/rhobtor/PHD/ARGOJ8_IA/ARGOSJ8_IA_/install/argj801_sensors_msgs/share/argj801_sensors_msgs/cmake/export_argj801_sensors_msgs__rosidl_generator_pyExport-noconfig.cmake
[4.220s] -- Up-to-date: /home/rhobtor/PHD/ARGOJ8_IA/ARGOSJ8_IA_/install/argj801_sensors_msgs/share/argj801_sensors_msgs/cmake/rosidl_cmake-extras.cmake
[4.220s] -- Up-to-date: /home/rhobtor/PHD/ARGOJ8_IA/ARGOSJ8_IA_/install/argj801_sensors_msgs/share/argj801_sensors_msgs/cmake/ament_cmake_export_dependencies-extras.cmake
[4.221s] -- Up-to-date: /home/rhobtor/PHD/ARGOJ8_IA/ARGOSJ8_IA_/install/argj801_sensors_msgs/share/argj801_sensors_msgs/cmake/ament_cmake_export_include_directories-extras.cmake
[4.221s] -- Up-to-date: /home/rhobtor/PHD/ARGOJ8_IA/ARGOSJ8_IA_/install/argj801_sensors_msgs/share/argj801_sensors_msgs/cmake/ament_cmake_export_libraries-extras.cmake
[4.221s] -- Up-to-date: /home/rhobtor/PHD/ARGOJ8_IA/ARGOSJ8_IA_/install/argj801_sensors_msgs/share/argj801_sensors_msgs/cmake/ament_cmake_export_targets-extras.cmake
[4.221s] -- Up-to-date: /home/rhobtor/PHD/ARGOJ8_IA/ARGOSJ8_IA_/install/argj801_sensors_msgs/share/argj801_sensors_msgs/cmake/rosidl_cmake_export_typesupport_targets-extras.cmake
[4.221s] -- Up-to-date: /home/rhobtor/PHD/ARGOJ8_IA/ARGOSJ8_IA_/install/argj801_sensors_msgs/share/argj801_sensors_msgs/cmake/rosidl_cmake_export_typesupport_libraries-extras.cmake
[4.222s] -- Up-to-date: /home/rhobtor/PHD/ARGOJ8_IA/ARGOSJ8_IA_/install/argj801_sensors_msgs/share/argj801_sensors_msgs/cmake/argj801_sensors_msgsConfig.cmake
[4.222s] -- Up-to-date: /home/rhobtor/PHD/ARGOJ8_IA/ARGOSJ8_IA_/install/argj801_sensors_msgs/share/argj801_sensors_msgs/cmake/argj801_sensors_msgsConfig-version.cmake
[4.222s] -- Up-to-date: /home/rhobtor/PHD/ARGOJ8_IA/ARGOSJ8_IA_/install/argj801_sensors_msgs/share/argj801_sensors_msgs/package.xml
[4.581s] Invoked command in '/home/rhobtor/PHD/ARGOJ8_IA/ARGOSJ8_IA_/build/argj801_sensors_msgs' returned '0': CMAKE_PREFIX_PATH=${CMAKE_PREFIX_PATH}:/home/rhobtor/PHD/ARGOJ8_IA/ARGOSJ8_IA_/install/ntrip_client:/home/rhobtor/PHD/ARGOJ8_IA/ARGOSJ8_IA_/install/j8_gui:/home/rhobtor/PHD/ARGOJ8_IA/ARGOSJ8_IA_/install/car:/home/rhobtor/PHD/ARGOJ8_IA/ARGOSJ8_IA_/install/android_ros2_server:/home/rhobtor/PHD/ARGOJ8_IA/ARGOSJ8_IA_/install/GUI_pkg:/opt/ros/humble /opt/st/stm32cubeclt_1.18.0/CMake/bin/cmake --install /home/rhobtor/PHD/ARGOJ8_IA/ARGOSJ8_IA_/build/argj801_sensors_msgs
