[1.060s] Invoking command in '/home/rhobtor/PHD/ARGOSJ8_IA/ARGOSJ8_IA_/build/spacenav': CMAKE_PREFIX_PATH=${CMAKE_PREFIX_PATH}:/home/rhobtor/PHD/ARGOSJ8_IA/ARGOSJ8_IA_/install/ntrip_client:/home/rhobtor/PHD/ARGOSJ8_IA/ARGOSJ8_IA_/install/j8_gui:/home/rhobtor/PHD/ARGOSJ8_IA/ARGOSJ8_IA_/install/car:/home/rhobtor/PHD/ARGOSJ8_IA/ARGOSJ8_IA_/install/android_ros2_server:/home/rhobtor/PHD/ARGOSJ8_IA/ARGOSJ8_IA_/install/GUI_pkg:/home/rhobtor/reactive/Reactive-Navegation/workspace_full_conected/install/car:/opt/ros/humble /usr/bin/cmake --build /home/rhobtor/PHD/ARGOSJ8_IA/ARGOSJ8_IA_/build/spacenav -- -j20 -l20
[1.100s] [35m[1mConsolidate compiler generated dependencies of target spacenav_node[0m
[1.100s] [35m[1mConsolidate compiler generated dependencies of target spacenav[0m
[1.116s] [ 50%] Built target spacenav
[1.119s] [100%] Built target spacenav_node
[1.529s] Invoked command in '/home/rhobtor/PHD/ARGOSJ8_IA/ARGOSJ8_IA_/build/spacenav' returned '0': CMAKE_PREFIX_PATH=${CMAKE_PREFIX_PATH}:/home/rhobtor/PHD/ARGOSJ8_IA/ARGOSJ8_IA_/install/ntrip_client:/home/rhobtor/PHD/ARGOSJ8_IA/ARGOSJ8_IA_/install/j8_gui:/home/rhobtor/PHD/ARGOSJ8_IA/ARGOSJ8_IA_/install/car:/home/rhobtor/PHD/ARGOSJ8_IA/ARGOSJ8_IA_/install/android_ros2_server:/home/rhobtor/PHD/ARGOSJ8_IA/ARGOSJ8_IA_/install/GUI_pkg:/home/rhobtor/reactive/Reactive-Navegation/workspace_full_conected/install/car:/opt/ros/humble /usr/bin/cmake --build /home/rhobtor/PHD/ARGOSJ8_IA/ARGOSJ8_IA_/build/spacenav -- -j20 -l20
[1.531s] Invoking command in '/home/rhobtor/PHD/ARGOSJ8_IA/ARGOSJ8_IA_/build/spacenav': CMAKE_PREFIX_PATH=${CMAKE_PREFIX_PATH}:/home/rhobtor/PHD/ARGOSJ8_IA/ARGOSJ8_IA_/install/ntrip_client:/home/rhobtor/PHD/ARGOSJ8_IA/ARGOSJ8_IA_/install/j8_gui:/home/rhobtor/PHD/ARGOSJ8_IA/ARGOSJ8_IA_/install/car:/home/rhobtor/PHD/ARGOSJ8_IA/ARGOSJ8_IA_/install/android_ros2_server:/home/rhobtor/PHD/ARGOSJ8_IA/ARGOSJ8_IA_/install/GUI_pkg:/home/rhobtor/reactive/Reactive-Navegation/workspace_full_conected/install/car:/opt/ros/humble /usr/bin/cmake --install /home/rhobtor/PHD/ARGOSJ8_IA/ARGOSJ8_IA_/build/spacenav
[1.930s] -- Install configuration: ""
[1.930s] -- Up-to-date: /home/rhobtor/PHD/ARGOSJ8_IA/ARGOSJ8_IA_/install/spacenav/lib/libspacenav.so
[1.930s] -- Up-to-date: /home/rhobtor/PHD/ARGOSJ8_IA/ARGOSJ8_IA_/install/spacenav/lib/spacenav/spacenav_node
[1.930s] -- Up-to-date: /home/rhobtor/PHD/ARGOSJ8_IA/ARGOSJ8_IA_/install/spacenav/include/spacenav
[1.930s] -- Up-to-date: /home/rhobtor/PHD/ARGOSJ8_IA/ARGOSJ8_IA_/install/spacenav/include/spacenav/spacenav
[1.930s] -- Up-to-date: /home/rhobtor/PHD/ARGOSJ8_IA/ARGOSJ8_IA_/install/spacenav/include/spacenav/spacenav/spacenav.hpp
[1.930s] -- Up-to-date: /home/rhobtor/PHD/ARGOSJ8_IA/ARGOSJ8_IA_/install/spacenav/share/spacenav//launch
[1.930s] -- Up-to-date: /home/rhobtor/PHD/ARGOSJ8_IA/ARGOSJ8_IA_/install/spacenav/share/spacenav//launch/classic-launch.py
[1.930s] -- Up-to-date: /home/rhobtor/PHD/ARGOSJ8_IA/ARGOSJ8_IA_/install/spacenav/share/spacenav//launch/static_deadband-launch.py
[1.931s] -- Up-to-date: /home/rhobtor/PHD/ARGOSJ8_IA/ARGOSJ8_IA_/install/spacenav/share/spacenav//launch/no_deadband-launch.py
[1.931s] -- Up-to-date: /home/rhobtor/PHD/ARGOSJ8_IA/ARGOSJ8_IA_/install/spacenav/lib/libspacenav.so
[1.931s] -- Up-to-date: /home/rhobtor/PHD/ARGOSJ8_IA/ARGOSJ8_IA_/install/spacenav/share/ament_index/resource_index/package_run_dependencies/spacenav
[1.931s] -- Up-to-date: /home/rhobtor/PHD/ARGOSJ8_IA/ARGOSJ8_IA_/install/spacenav/share/ament_index/resource_index/parent_prefix_path/spacenav
[1.931s] -- Up-to-date: /home/rhobtor/PHD/ARGOSJ8_IA/ARGOSJ8_IA_/install/spacenav/share/spacenav/environment/ament_prefix_path.sh
[1.931s] -- Up-to-date: /home/rhobtor/PHD/ARGOSJ8_IA/ARGOSJ8_IA_/install/spacenav/share/spacenav/environment/ament_prefix_path.dsv
[1.931s] -- Up-to-date: /home/rhobtor/PHD/ARGOSJ8_IA/ARGOSJ8_IA_/install/spacenav/share/spacenav/environment/path.sh
[1.931s] -- Up-to-date: /home/rhobtor/PHD/ARGOSJ8_IA/ARGOSJ8_IA_/install/spacenav/share/spacenav/environment/path.dsv
[1.931s] -- Up-to-date: /home/rhobtor/PHD/ARGOSJ8_IA/ARGOSJ8_IA_/install/spacenav/share/spacenav/local_setup.bash
[1.931s] -- Up-to-date: /home/rhobtor/PHD/ARGOSJ8_IA/ARGOSJ8_IA_/install/spacenav/share/spacenav/local_setup.sh
[1.931s] -- Up-to-date: /home/rhobtor/PHD/ARGOSJ8_IA/ARGOSJ8_IA_/install/spacenav/share/spacenav/local_setup.zsh
[1.931s] -- Up-to-date: /home/rhobtor/PHD/ARGOSJ8_IA/ARGOSJ8_IA_/install/spacenav/share/spacenav/local_setup.dsv
[1.931s] -- Installing: /home/rhobtor/PHD/ARGOSJ8_IA/ARGOSJ8_IA_/install/spacenav/share/spacenav/package.dsv
[1.931s] -- Up-to-date: /home/rhobtor/PHD/ARGOSJ8_IA/ARGOSJ8_IA_/install/spacenav/share/ament_index/resource_index/packages/spacenav
[1.931s] -- Up-to-date: /home/rhobtor/PHD/ARGOSJ8_IA/ARGOSJ8_IA_/install/spacenav/share/ament_index/resource_index/rclcpp_components/spacenav
[1.931s] -- Up-to-date: /home/rhobtor/PHD/ARGOSJ8_IA/ARGOSJ8_IA_/install/spacenav/share/spacenav/cmake/export_spacenavExport.cmake
[1.931s] -- Up-to-date: /home/rhobtor/PHD/ARGOSJ8_IA/ARGOSJ8_IA_/install/spacenav/share/spacenav/cmake/export_spacenavExport-noconfig.cmake
[1.931s] -- Up-to-date: /home/rhobtor/PHD/ARGOSJ8_IA/ARGOSJ8_IA_/install/spacenav/share/spacenav/cmake/ament_cmake_export_targets-extras.cmake
[1.931s] -- Up-to-date: /home/rhobtor/PHD/ARGOSJ8_IA/ARGOSJ8_IA_/install/spacenav/share/spacenav/cmake/ament_cmake_export_dependencies-extras.cmake
[1.931s] -- Up-to-date: /home/rhobtor/PHD/ARGOSJ8_IA/ARGOSJ8_IA_/install/spacenav/share/spacenav/cmake/spacenavConfig.cmake
[1.931s] -- Up-to-date: /home/rhobtor/PHD/ARGOSJ8_IA/ARGOSJ8_IA_/install/spacenav/share/spacenav/cmake/spacenavConfig-version.cmake
[1.931s] -- Up-to-date: /home/rhobtor/PHD/ARGOSJ8_IA/ARGOSJ8_IA_/install/spacenav/share/spacenav/package.xml
[2.495s] Invoked command in '/home/rhobtor/PHD/ARGOSJ8_IA/ARGOSJ8_IA_/build/spacenav' returned '0': CMAKE_PREFIX_PATH=${CMAKE_PREFIX_PATH}:/home/rhobtor/PHD/ARGOSJ8_IA/ARGOSJ8_IA_/install/ntrip_client:/home/rhobtor/PHD/ARGOSJ8_IA/ARGOSJ8_IA_/install/j8_gui:/home/rhobtor/PHD/ARGOSJ8_IA/ARGOSJ8_IA_/install/car:/home/rhobtor/PHD/ARGOSJ8_IA/ARGOSJ8_IA_/install/android_ros2_server:/home/rhobtor/PHD/ARGOSJ8_IA/ARGOSJ8_IA_/install/GUI_pkg:/home/rhobtor/reactive/Reactive-Navegation/workspace_full_conected/install/car:/opt/ros/humble /usr/bin/cmake --install /home/rhobtor/PHD/ARGOSJ8_IA/ARGOSJ8_IA_/build/spacenav
