[4.261s] Invoking command in '/home/rhobtor/PHD/ARGOJ8_IA/ARGOSJ8_IA_/src/GUI_pkg': PYTHONPATH=/home/rhobtor/PHD/ARGOJ8_IA/ARGOSJ8_IA_/build/GUI_pkg/prefix_override:/usr/lib/python3/dist-packages/colcon_core/task/python/colcon_distutils_commands:/home/rhobtor/PHD/ARGOJ8_IA/ARGOSJ8_IA_/install/GUI_pkg/lib/python3.10/site-packages:${PYTHONPATH} /usr/bin/python3 -W ignore:setup.py install is deprecated -W ignore:easy_install command is deprecated setup.py egg_info --egg-base ../../build/GUI_pkg build --build-base /home/rhobtor/PHD/ARGOJ8_IA/ARGOSJ8_IA_/build/GUI_pkg/build install --record /home/rhobtor/PHD/ARGOJ8_IA/ARGOSJ8_IA_/build/GUI_pkg/install.log --single-version-externally-managed
[6.677s] running egg_info
[6.678s] writing ../../build/GUI_pkg/GUI_pkg.egg-info/PKG-INFO
[6.678s] writing dependency_links to ../../build/GUI_pkg/GUI_pkg.egg-info/dependency_links.txt
[6.678s] writing entry points to ../../build/GUI_pkg/GUI_pkg.egg-info/entry_points.txt
[6.678s] writing requirements to ../../build/GUI_pkg/GUI_pkg.egg-info/requires.txt
[6.678s] writing top-level names to ../../build/GUI_pkg/GUI_pkg.egg-info/top_level.txt
[6.678s] reading manifest file '../../build/GUI_pkg/GUI_pkg.egg-info/SOURCES.txt'
[6.678s] writing manifest file '../../build/GUI_pkg/GUI_pkg.egg-info/SOURCES.txt'
[6.679s] running build
[6.679s] running build_py
[6.679s] copying GUI_pkg/tabs.py -> /home/rhobtor/PHD/ARGOJ8_IA/ARGOSJ8_IA_/build/GUI_pkg/build/lib/GUI_pkg
[6.682s] copying GUI_pkg/profiler.py -> /home/rhobtor/PHD/ARGOJ8_IA/ARGOSJ8_IA_/build/GUI_pkg/build/lib/GUI_pkg
[6.683s] copying GUI_pkg/profile_analisys.py -> /home/rhobtor/PHD/ARGOJ8_IA/ARGOSJ8_IA_/build/GUI_pkg/build/lib/GUI_pkg
[6.684s] copying GUI_pkg/ui_form.py -> /home/rhobtor/PHD/ARGOJ8_IA/ARGOSJ8_IA_/build/GUI_pkg/build/lib/GUI_pkg
[6.684s] copying GUI_pkg/path_utils.py -> /home/rhobtor/PHD/ARGOJ8_IA/ARGOSJ8_IA_/build/GUI_pkg/build/lib/GUI_pkg
[6.684s] copying GUI_pkg/__init__.py -> /home/rhobtor/PHD/ARGOJ8_IA/ARGOSJ8_IA_/build/GUI_pkg/build/lib/GUI_pkg
[6.685s] copying GUI_pkg/ros_classes.py -> /home/rhobtor/PHD/ARGOJ8_IA/ARGOSJ8_IA_/build/GUI_pkg/build/lib/GUI_pkg
[6.685s] copying GUI_pkg/mainwindow.py -> /home/rhobtor/PHD/ARGOJ8_IA/ARGOSJ8_IA_/build/GUI_pkg/build/lib/GUI_pkg
[6.685s] copying GUI_pkg/ui_tabs.py -> /home/rhobtor/PHD/ARGOJ8_IA/ARGOSJ8_IA_/build/GUI_pkg/build/lib/GUI_pkg
[6.685s] copying GUI_pkg/geonav_conversions.py -> /home/rhobtor/PHD/ARGOJ8_IA/ARGOSJ8_IA_/build/GUI_pkg/build/lib/GUI_pkg
[6.685s] copying GUI_pkg/zoom_image_handler.py -> /home/rhobtor/PHD/ARGOJ8_IA/ARGOSJ8_IA_/build/GUI_pkg/build/lib/GUI_pkg
[6.686s] copying GUI_pkg/gui_node.py -> /home/rhobtor/PHD/ARGOJ8_IA/ARGOSJ8_IA_/build/GUI_pkg/build/lib/GUI_pkg
[6.686s] copying GUI_pkg/cythonized_code/setup.py -> /home/rhobtor/PHD/ARGOJ8_IA/ARGOSJ8_IA_/build/GUI_pkg/build/lib/GUI_pkg/cythonized_code
[6.686s] copying GUI_pkg/cythonized_code/__init__.py -> /home/rhobtor/PHD/ARGOJ8_IA/ARGOSJ8_IA_/build/GUI_pkg/build/lib/GUI_pkg/cythonized_code
[6.686s] running install
[6.686s] running install_lib
[6.686s] byte-compiling /home/rhobtor/PHD/ARGOJ8_IA/ARGOSJ8_IA_/install/GUI_pkg/lib/python3.10/site-packages/GUI_pkg/tabs.py to tabs.cpython-310.pyc
[6.687s] running install_egg_info
[6.687s] removing '/home/rhobtor/PHD/ARGOJ8_IA/ARGOSJ8_IA_/install/GUI_pkg/lib/python3.10/site-packages/GUI_pkg-0.0.0-py3.10.egg-info' (and everything under it)
[6.687s] Copying ../../build/GUI_pkg/GUI_pkg.egg-info to /home/rhobtor/PHD/ARGOJ8_IA/ARGOSJ8_IA_/install/GUI_pkg/lib/python3.10/site-packages/GUI_pkg-0.0.0-py3.10.egg-info
[6.687s] running install_scripts
[6.687s] Installing gui_node script to /home/rhobtor/PHD/ARGOJ8_IA/ARGOSJ8_IA_/install/GUI_pkg/lib/GUI_pkg
[6.687s] writing list of installed files to '/home/rhobtor/PHD/ARGOJ8_IA/ARGOSJ8_IA_/build/GUI_pkg/install.log'
[6.699s] /home/rhobtor/.local/lib/python3.10/site-packages/setuptools/_distutils/dist.py:289: UserWarning: Unknown distribution option: 'tests_require'
[6.699s]   warnings.warn(msg)
[6.699s] Sorry: IndentationError: unexpected indent (tabs.py, line 415)
[6.761s] Invoked command in '/home/rhobtor/PHD/ARGOJ8_IA/ARGOSJ8_IA_/src/GUI_pkg' returned '0': PYTHONPATH=/home/rhobtor/PHD/ARGOJ8_IA/ARGOSJ8_IA_/build/GUI_pkg/prefix_override:/usr/lib/python3/dist-packages/colcon_core/task/python/colcon_distutils_commands:/home/rhobtor/PHD/ARGOJ8_IA/ARGOSJ8_IA_/install/GUI_pkg/lib/python3.10/site-packages:${PYTHONPATH} /usr/bin/python3 -W ignore:setup.py install is deprecated -W ignore:easy_install command is deprecated setup.py egg_info --egg-base ../../build/GUI_pkg build --build-base /home/rhobtor/PHD/ARGOJ8_IA/ARGOSJ8_IA_/build/GUI_pkg/build install --record /home/rhobtor/PHD/ARGOJ8_IA/ARGOSJ8_IA_/build/GUI_pkg/install.log --single-version-externally-managed
