[0.143s] Invoking command in '/home/rhobtor/PHD/ARGOJ8_IA/ARGOSJ8_IA_/build/ctl_mission_interfaces': CMAKE_PREFIX_PATH=${CMAKE_PREFIX_PATH}:/home/rhobtor/PHD/ARGOJ8_IA/ARGOSJ8_IA_/install/ntrip_client:/home/rhobtor/PHD/ARGOJ8_IA/ARGOSJ8_IA_/install/car:/home/rhobtor/PHD/ARGOJ8_IA/ARGOSJ8_IA_/install/android_ros2_server:/home/rhobtor/PHD/reactive/Reactive-Navegation/workspace_full_conected/install/car:/opt/ros/humble /opt/st/stm32cubeclt_1.18.0/CMake/bin/cmake --build /home/rhobtor/PHD/ARGOJ8_IA/ARGOSJ8_IA_/build/ctl_mission_interfaces -- -j16 -l16
[0.962s] [  0%] Built target ctl_mission_interfaces__cpp
[0.962s] [  0%] Built target ament_cmake_python_copy_ctl_mission_interfaces
[0.962s] [ 12%] Built target ctl_mission_interfaces__rosidl_typesupport_introspection_cpp
[0.962s] [ 23%] Built target ctl_mission_interfaces__rosidl_typesupport_fastrtps_cpp
[0.963s] [ 35%] Built target ctl_mission_interfaces__rosidl_typesupport_cpp
[0.963s] [ 47%] Built target ctl_mission_interfaces__rosidl_generator_c
[0.963s] [ 59%] Built target ctl_mission_interfaces__rosidl_typesupport_introspection_c
[0.963s] [ 71%] Built target ctl_mission_interfaces__rosidl_typesupport_fastrtps_c
[0.963s] [ 83%] Built target ctl_mission_interfaces__rosidl_typesupport_c
[0.963s] [ 83%] Built target ctl_mission_interfaces
[0.963s] [ 84%] Built target ctl_mission_interfaces__py
[0.963s] [ 95%] Built target ctl_mission_interfaces__rosidl_generator_py
[0.963s] [ 97%] Built target ctl_mission_interfaces__rosidl_typesupport_introspection_c__pyext
[0.963s] [ 98%] Built target ctl_mission_interfaces__rosidl_typesupport_c__pyext
[0.964s] [100%] Built target ctl_mission_interfaces__rosidl_typesupport_fastrtps_c__pyext
[1.114s] running egg_info
[1.296s] writing ctl_mission_interfaces.egg-info/PKG-INFO
[1.299s] writing dependency_links to ctl_mission_interfaces.egg-info/dependency_links.txt
[1.301s] writing top-level names to ctl_mission_interfaces.egg-info/top_level.txt
[1.445s] reading manifest file 'ctl_mission_interfaces.egg-info/SOURCES.txt'
[1.446s] writing manifest file 'ctl_mission_interfaces.egg-info/SOURCES.txt'
[1.476s] [100%] Built target ament_cmake_python_build_ctl_mission_interfaces_egg
[1.865s] Invoked command in '/home/rhobtor/PHD/ARGOJ8_IA/ARGOSJ8_IA_/build/ctl_mission_interfaces' returned '0': CMAKE_PREFIX_PATH=${CMAKE_PREFIX_PATH}:/home/rhobtor/PHD/ARGOJ8_IA/ARGOSJ8_IA_/install/ntrip_client:/home/rhobtor/PHD/ARGOJ8_IA/ARGOSJ8_IA_/install/car:/home/rhobtor/PHD/ARGOJ8_IA/ARGOSJ8_IA_/install/android_ros2_server:/home/rhobtor/PHD/reactive/Reactive-Navegation/workspace_full_conected/install/car:/opt/ros/humble /opt/st/stm32cubeclt_1.18.0/CMake/bin/cmake --build /home/rhobtor/PHD/ARGOJ8_IA/ARGOSJ8_IA_/build/ctl_mission_interfaces -- -j16 -l16
[1.867s] Invoking command in '/home/rhobtor/PHD/ARGOJ8_IA/ARGOSJ8_IA_/build/ctl_mission_interfaces': CMAKE_PREFIX_PATH=${CMAKE_PREFIX_PATH}:/home/rhobtor/PHD/ARGOJ8_IA/ARGOSJ8_IA_/install/ntrip_client:/home/rhobtor/PHD/ARGOJ8_IA/ARGOSJ8_IA_/install/car:/home/rhobtor/PHD/ARGOJ8_IA/ARGOSJ8_IA_/install/android_ros2_server:/home/rhobtor/PHD/reactive/Reactive-Navegation/workspace_full_conected/install/car:/opt/ros/humble /opt/st/stm32cubeclt_1.18.0/CMake/bin/cmake --install /home/rhobtor/PHD/ARGOJ8_IA/ARGOSJ8_IA_/build/ctl_mission_interfaces
[2.030s] -- Install configuration: ""
[2.030s] -- Up-to-date: /home/rhobtor/PHD/ARGOJ8_IA/ARGOSJ8_IA_/install/ctl_mission_interfaces/share/ament_index/resource_index/rosidl_interfaces/ctl_mission_interfaces
[2.033s] -- Up-to-date: /home/rhobtor/PHD/ARGOJ8_IA/ARGOSJ8_IA_/install/ctl_mission_interfaces/include/ctl_mission_interfaces/ctl_mission_interfaces
[2.033s] -- Up-to-date: /home/rhobtor/PHD/ARGOJ8_IA/ARGOSJ8_IA_/install/ctl_mission_interfaces/include/ctl_mission_interfaces/ctl_mission_interfaces/srv
[2.033s] -- Up-to-date: /home/rhobtor/PHD/ARGOJ8_IA/ARGOSJ8_IA_/install/ctl_mission_interfaces/include/ctl_mission_interfaces/ctl_mission_interfaces/srv/config_stanley_ctrl.h
[2.033s] -- Up-to-date: /home/rhobtor/PHD/ARGOJ8_IA/ARGOSJ8_IA_/install/ctl_mission_interfaces/include/ctl_mission_interfaces/ctl_mission_interfaces/srv/change_speed.h
[2.034s] -- Up-to-date: /home/rhobtor/PHD/ARGOJ8_IA/ARGOSJ8_IA_/install/ctl_mission_interfaces/include/ctl_mission_interfaces/ctl_mission_interfaces/srv/config_dynamic_pure_ctrl.h
[2.034s] -- Up-to-date: /home/rhobtor/PHD/ARGOJ8_IA/ARGOSJ8_IA_/install/ctl_mission_interfaces/include/ctl_mission_interfaces/ctl_mission_interfaces/srv/change_controller.h
[2.034s] -- Up-to-date: /home/rhobtor/PHD/ARGOJ8_IA/ARGOSJ8_IA_/install/ctl_mission_interfaces/include/ctl_mission_interfaces/ctl_mission_interfaces/srv/config_dynamic_la_pure_ctrl.h
[2.034s] -- Up-to-date: /home/rhobtor/PHD/ARGOJ8_IA/ARGOSJ8_IA_/install/ctl_mission_interfaces/include/ctl_mission_interfaces/ctl_mission_interfaces/srv/detail
[2.034s] -- Up-to-date: /home/rhobtor/PHD/ARGOJ8_IA/ARGOSJ8_IA_/install/ctl_mission_interfaces/include/ctl_mission_interfaces/ctl_mission_interfaces/srv/detail/change_mode__functions.c
[2.034s] -- Up-to-date: /home/rhobtor/PHD/ARGOJ8_IA/ARGOSJ8_IA_/install/ctl_mission_interfaces/include/ctl_mission_interfaces/ctl_mission_interfaces/srv/detail/change_controller__functions.c
[2.034s] -- Up-to-date: /home/rhobtor/PHD/ARGOJ8_IA/ARGOSJ8_IA_/install/ctl_mission_interfaces/include/ctl_mission_interfaces/ctl_mission_interfaces/srv/detail/change_mode__type_support.h
[2.034s] -- Up-to-date: /home/rhobtor/PHD/ARGOJ8_IA/ARGOSJ8_IA_/install/ctl_mission_interfaces/include/ctl_mission_interfaces/ctl_mission_interfaces/srv/detail/config_dynamic_pure_ctrl__type_support.h
[2.034s] -- Up-to-date: /home/rhobtor/PHD/ARGOJ8_IA/ARGOSJ8_IA_/install/ctl_mission_interfaces/include/ctl_mission_interfaces/ctl_mission_interfaces/srv/detail/config_regulated_pure_ctrl__functions.c
[2.034s] -- Up-to-date: /home/rhobtor/PHD/ARGOJ8_IA/ARGOSJ8_IA_/install/ctl_mission_interfaces/include/ctl_mission_interfaces/ctl_mission_interfaces/srv/detail/config_pure_pursuit_ctrl__struct.h
[2.035s] -- Up-to-date: /home/rhobtor/PHD/ARGOJ8_IA/ARGOSJ8_IA_/install/ctl_mission_interfaces/include/ctl_mission_interfaces/ctl_mission_interfaces/srv/detail/config_dynamic_la_pure_ctrl__struct.h
[2.035s] -- Up-to-date: /home/rhobtor/PHD/ARGOJ8_IA/ARGOSJ8_IA_/install/ctl_mission_interfaces/include/ctl_mission_interfaces/ctl_mission_interfaces/srv/detail/get_mode__struct.h
[2.035s] -- Up-to-date: /home/rhobtor/PHD/ARGOJ8_IA/ARGOSJ8_IA_/install/ctl_mission_interfaces/include/ctl_mission_interfaces/ctl_mission_interfaces/srv/detail/change_speed__type_support.h
[2.035s] -- Up-to-date: /home/rhobtor/PHD/ARGOJ8_IA/ARGOSJ8_IA_/install/ctl_mission_interfaces/include/ctl_mission_interfaces/ctl_mission_interfaces/srv/detail/get_possible_transitions__functions.c
[2.035s] -- Up-to-date: /home/rhobtor/PHD/ARGOJ8_IA/ARGOSJ8_IA_/install/ctl_mission_interfaces/include/ctl_mission_interfaces/ctl_mission_interfaces/srv/detail/get_possible_transitions__functions.h
[2.035s] -- Up-to-date: /home/rhobtor/PHD/ARGOJ8_IA/ARGOSJ8_IA_/install/ctl_mission_interfaces/include/ctl_mission_interfaces/ctl_mission_interfaces/srv/detail/config_dynamic_la_pure_ctrl__functions.h
[2.035s] -- Up-to-date: /home/rhobtor/PHD/ARGOJ8_IA/ARGOSJ8_IA_/install/ctl_mission_interfaces/include/ctl_mission_interfaces/ctl_mission_interfaces/srv/detail/config_simple_ctl__struct.h
[2.035s] -- Up-to-date: /home/rhobtor/PHD/ARGOJ8_IA/ARGOSJ8_IA_/install/ctl_mission_interfaces/include/ctl_mission_interfaces/ctl_mission_interfaces/srv/detail/change_mode__struct.h
[2.035s] -- Up-to-date: /home/rhobtor/PHD/ARGOJ8_IA/ARGOSJ8_IA_/install/ctl_mission_interfaces/include/ctl_mission_interfaces/ctl_mission_interfaces/srv/detail/change_speed__struct.h
[2.036s] -- Up-to-date: /home/rhobtor/PHD/ARGOJ8_IA/ARGOSJ8_IA_/install/ctl_mission_interfaces/include/ctl_mission_interfaces/ctl_mission_interfaces/srv/detail/config_pure_pursuit_ctrl__type_support.h
[2.036s] -- Up-to-date: /home/rhobtor/PHD/ARGOJ8_IA/ARGOSJ8_IA_/install/ctl_mission_interfaces/include/ctl_mission_interfaces/ctl_mission_interfaces/srv/detail/get_possible_transitions__type_support.h
[2.036s] -- Up-to-date: /home/rhobtor/PHD/ARGOJ8_IA/ARGOSJ8_IA_/install/ctl_mission_interfaces/include/ctl_mission_interfaces/ctl_mission_interfaces/srv/detail/config_pure_pursuit_ctrl__functions.h
[2.036s] -- Up-to-date: /home/rhobtor/PHD/ARGOJ8_IA/ARGOSJ8_IA_/install/ctl_mission_interfaces/include/ctl_mission_interfaces/ctl_mission_interfaces/srv/detail/config_pure_pursuit_ctrl__functions.c
[2.036s] -- Up-to-date: /home/rhobtor/PHD/ARGOJ8_IA/ARGOSJ8_IA_/install/ctl_mission_interfaces/include/ctl_mission_interfaces/ctl_mission_interfaces/srv/detail/change_controller__type_support.h
[2.036s] -- Up-to-date: /home/rhobtor/PHD/ARGOJ8_IA/ARGOSJ8_IA_/install/ctl_mission_interfaces/include/ctl_mission_interfaces/ctl_mission_interfaces/srv/detail/config_simple_ctl__functions.c
[2.036s] -- Up-to-date: /home/rhobtor/PHD/ARGOJ8_IA/ARGOSJ8_IA_/install/ctl_mission_interfaces/include/ctl_mission_interfaces/ctl_mission_interfaces/srv/detail/get_mode__type_support.h
[2.036s] -- Up-to-date: /home/rhobtor/PHD/ARGOJ8_IA/ARGOSJ8_IA_/install/ctl_mission_interfaces/include/ctl_mission_interfaces/ctl_mission_interfaces/srv/detail/config_simple_ctl__type_support.h
[2.036s] -- Up-to-date: /home/rhobtor/PHD/ARGOJ8_IA/ARGOSJ8_IA_/install/ctl_mission_interfaces/include/ctl_mission_interfaces/ctl_mission_interfaces/srv/detail/change_speed__functions.h
[2.036s] -- Up-to-date: /home/rhobtor/PHD/ARGOJ8_IA/ARGOSJ8_IA_/install/ctl_mission_interfaces/include/ctl_mission_interfaces/ctl_mission_interfaces/srv/detail/config_simple_ctl__functions.h
[2.036s] -- Up-to-date: /home/rhobtor/PHD/ARGOJ8_IA/ARGOSJ8_IA_/install/ctl_mission_interfaces/include/ctl_mission_interfaces/ctl_mission_interfaces/srv/detail/config_stanley_ctrl__functions.h
[2.036s] -- Up-to-date: /home/rhobtor/PHD/ARGOJ8_IA/ARGOSJ8_IA_/install/ctl_mission_interfaces/include/ctl_mission_interfaces/ctl_mission_interfaces/srv/detail/config_stanley_ctrl__functions.c
[2.036s] -- Up-to-date: /home/rhobtor/PHD/ARGOJ8_IA/ARGOSJ8_IA_/install/ctl_mission_interfaces/include/ctl_mission_interfaces/ctl_mission_interfaces/srv/detail/change_speed__functions.c
[2.037s] -- Up-to-date: /home/rhobtor/PHD/ARGOJ8_IA/ARGOSJ8_IA_/install/ctl_mission_interfaces/include/ctl_mission_interfaces/ctl_mission_interfaces/srv/detail/get_mode__functions.h
[2.037s] -- Up-to-date: /home/rhobtor/PHD/ARGOJ8_IA/ARGOSJ8_IA_/install/ctl_mission_interfaces/include/ctl_mission_interfaces/ctl_mission_interfaces/srv/detail/change_controller__functions.h
[2.037s] -- Up-to-date: /home/rhobtor/PHD/ARGOJ8_IA/ARGOSJ8_IA_/install/ctl_mission_interfaces/include/ctl_mission_interfaces/ctl_mission_interfaces/srv/detail/config_regulated_pure_ctrl__struct.h
[2.037s] -- Up-to-date: /home/rhobtor/PHD/ARGOJ8_IA/ARGOSJ8_IA_/install/ctl_mission_interfaces/include/ctl_mission_interfaces/ctl_mission_interfaces/srv/detail/config_stanley_ctrl__struct.h
[2.038s] -- Up-to-date: /home/rhobtor/PHD/ARGOJ8_IA/ARGOSJ8_IA_/install/ctl_mission_interfaces/include/ctl_mission_interfaces/ctl_mission_interfaces/srv/detail/config_dynamic_pure_ctrl__functions.c
[2.038s] -- Up-to-date: /home/rhobtor/PHD/ARGOJ8_IA/ARGOSJ8_IA_/install/ctl_mission_interfaces/include/ctl_mission_interfaces/ctl_mission_interfaces/srv/detail/get_possible_transitions__struct.h
[2.038s] -- Up-to-date: /home/rhobtor/PHD/ARGOJ8_IA/ARGOSJ8_IA_/install/ctl_mission_interfaces/include/ctl_mission_interfaces/ctl_mission_interfaces/srv/detail/get_mode__functions.c
[2.038s] -- Up-to-date: /home/rhobtor/PHD/ARGOJ8_IA/ARGOSJ8_IA_/install/ctl_mission_interfaces/include/ctl_mission_interfaces/ctl_mission_interfaces/srv/detail/config_dynamic_pure_ctrl__struct.h
[2.038s] -- Up-to-date: /home/rhobtor/PHD/ARGOJ8_IA/ARGOSJ8_IA_/install/ctl_mission_interfaces/include/ctl_mission_interfaces/ctl_mission_interfaces/srv/detail/config_regulated_pure_ctrl__functions.h
[2.038s] -- Up-to-date: /home/rhobtor/PHD/ARGOJ8_IA/ARGOSJ8_IA_/install/ctl_mission_interfaces/include/ctl_mission_interfaces/ctl_mission_interfaces/srv/detail/config_dynamic_pure_ctrl__functions.h
[2.038s] -- Up-to-date: /home/rhobtor/PHD/ARGOJ8_IA/ARGOSJ8_IA_/install/ctl_mission_interfaces/include/ctl_mission_interfaces/ctl_mission_interfaces/srv/detail/config_regulated_pure_ctrl__type_support.h
[2.038s] -- Up-to-date: /home/rhobtor/PHD/ARGOJ8_IA/ARGOSJ8_IA_/install/ctl_mission_interfaces/include/ctl_mission_interfaces/ctl_mission_interfaces/srv/detail/config_stanley_ctrl__type_support.h
[2.038s] -- Up-to-date: /home/rhobtor/PHD/ARGOJ8_IA/ARGOSJ8_IA_/install/ctl_mission_interfaces/include/ctl_mission_interfaces/ctl_mission_interfaces/srv/detail/config_dynamic_la_pure_ctrl__type_support.h
[2.038s] -- Up-to-date: /home/rhobtor/PHD/ARGOJ8_IA/ARGOSJ8_IA_/install/ctl_mission_interfaces/include/ctl_mission_interfaces/ctl_mission_interfaces/srv/detail/change_mode__functions.h
[2.038s] -- Up-to-date: /home/rhobtor/PHD/ARGOJ8_IA/ARGOSJ8_IA_/install/ctl_mission_interfaces/include/ctl_mission_interfaces/ctl_mission_interfaces/srv/detail/change_controller__struct.h
[2.038s] -- Up-to-date: /home/rhobtor/PHD/ARGOJ8_IA/ARGOSJ8_IA_/install/ctl_mission_interfaces/include/ctl_mission_interfaces/ctl_mission_interfaces/srv/detail/config_dynamic_la_pure_ctrl__functions.c
[2.039s] -- Up-to-date: /home/rhobtor/PHD/ARGOJ8_IA/ARGOSJ8_IA_/install/ctl_mission_interfaces/include/ctl_mission_interfaces/ctl_mission_interfaces/srv/change_mode.h
[2.039s] -- Up-to-date: /home/rhobtor/PHD/ARGOJ8_IA/ARGOSJ8_IA_/install/ctl_mission_interfaces/include/ctl_mission_interfaces/ctl_mission_interfaces/srv/get_possible_transitions.h
[2.039s] -- Up-to-date: /home/rhobtor/PHD/ARGOJ8_IA/ARGOSJ8_IA_/install/ctl_mission_interfaces/include/ctl_mission_interfaces/ctl_mission_interfaces/srv/config_regulated_pure_ctrl.h
[2.039s] -- Up-to-date: /home/rhobtor/PHD/ARGOJ8_IA/ARGOSJ8_IA_/install/ctl_mission_interfaces/include/ctl_mission_interfaces/ctl_mission_interfaces/srv/get_mode.h
[2.039s] -- Up-to-date: /home/rhobtor/PHD/ARGOJ8_IA/ARGOSJ8_IA_/install/ctl_mission_interfaces/include/ctl_mission_interfaces/ctl_mission_interfaces/srv/config_simple_ctl.h
[2.039s] -- Up-to-date: /home/rhobtor/PHD/ARGOJ8_IA/ARGOSJ8_IA_/install/ctl_mission_interfaces/include/ctl_mission_interfaces/ctl_mission_interfaces/srv/config_pure_pursuit_ctrl.h
[2.039s] -- Up-to-date: /home/rhobtor/PHD/ARGOJ8_IA/ARGOSJ8_IA_/install/ctl_mission_interfaces/include/ctl_mission_interfaces/ctl_mission_interfaces/msg
[2.039s] -- Up-to-date: /home/rhobtor/PHD/ARGOJ8_IA/ARGOSJ8_IA_/install/ctl_mission_interfaces/include/ctl_mission_interfaces/ctl_mission_interfaces/msg/rosidl_generator_c__visibility_control.h
[2.039s] -- Up-to-date: /home/rhobtor/PHD/ARGOJ8_IA/ARGOSJ8_IA_/install/ctl_mission_interfaces/share/ctl_mission_interfaces/environment/library_path.sh
[2.039s] -- Up-to-date: /home/rhobtor/PHD/ARGOJ8_IA/ARGOSJ8_IA_/install/ctl_mission_interfaces/share/ctl_mission_interfaces/environment/library_path.dsv
[2.039s] -- Up-to-date: /home/rhobtor/PHD/ARGOJ8_IA/ARGOSJ8_IA_/install/ctl_mission_interfaces/lib/libctl_mission_interfaces__rosidl_generator_c.so
[2.039s] -- Up-to-date: /home/rhobtor/PHD/ARGOJ8_IA/ARGOSJ8_IA_/install/ctl_mission_interfaces/include/ctl_mission_interfaces/ctl_mission_interfaces
[2.040s] -- Up-to-date: /home/rhobtor/PHD/ARGOJ8_IA/ARGOSJ8_IA_/install/ctl_mission_interfaces/include/ctl_mission_interfaces/ctl_mission_interfaces/srv
[2.040s] -- Up-to-date: /home/rhobtor/PHD/ARGOJ8_IA/ARGOSJ8_IA_/install/ctl_mission_interfaces/include/ctl_mission_interfaces/ctl_mission_interfaces/srv/detail
[2.040s] -- Up-to-date: /home/rhobtor/PHD/ARGOJ8_IA/ARGOSJ8_IA_/install/ctl_mission_interfaces/include/ctl_mission_interfaces/ctl_mission_interfaces/srv/detail/change_speed__rosidl_typesupport_fastrtps_c.h
[2.040s] -- Up-to-date: /home/rhobtor/PHD/ARGOJ8_IA/ARGOSJ8_IA_/install/ctl_mission_interfaces/include/ctl_mission_interfaces/ctl_mission_interfaces/srv/detail/config_dynamic_pure_ctrl__rosidl_typesupport_fastrtps_c.h
[2.040s] -- Up-to-date: /home/rhobtor/PHD/ARGOJ8_IA/ARGOSJ8_IA_/install/ctl_mission_interfaces/include/ctl_mission_interfaces/ctl_mission_interfaces/srv/detail/config_simple_ctl__rosidl_typesupport_fastrtps_c.h
[2.040s] -- Up-to-date: /home/rhobtor/PHD/ARGOJ8_IA/ARGOSJ8_IA_/install/ctl_mission_interfaces/include/ctl_mission_interfaces/ctl_mission_interfaces/srv/detail/change_controller__rosidl_typesupport_fastrtps_c.h
[2.040s] -- Up-to-date: /home/rhobtor/PHD/ARGOJ8_IA/ARGOSJ8_IA_/install/ctl_mission_interfaces/include/ctl_mission_interfaces/ctl_mission_interfaces/srv/detail/change_mode__rosidl_typesupport_fastrtps_c.h
[2.040s] -- Up-to-date: /home/rhobtor/PHD/ARGOJ8_IA/ARGOSJ8_IA_/install/ctl_mission_interfaces/include/ctl_mission_interfaces/ctl_mission_interfaces/srv/detail/config_stanley_ctrl__rosidl_typesupport_fastrtps_c.h
[2.040s] -- Up-to-date: /home/rhobtor/PHD/ARGOJ8_IA/ARGOSJ8_IA_/install/ctl_mission_interfaces/include/ctl_mission_interfaces/ctl_mission_interfaces/srv/detail/config_pure_pursuit_ctrl__rosidl_typesupport_fastrtps_c.h
[2.040s] -- Up-to-date: /home/rhobtor/PHD/ARGOJ8_IA/ARGOSJ8_IA_/install/ctl_mission_interfaces/include/ctl_mission_interfaces/ctl_mission_interfaces/srv/detail/config_regulated_pure_ctrl__rosidl_typesupport_fastrtps_c.h
[2.040s] -- Up-to-date: /home/rhobtor/PHD/ARGOJ8_IA/ARGOSJ8_IA_/install/ctl_mission_interfaces/include/ctl_mission_interfaces/ctl_mission_interfaces/srv/detail/get_mode__rosidl_typesupport_fastrtps_c.h
[2.040s] -- Up-to-date: /home/rhobtor/PHD/ARGOJ8_IA/ARGOSJ8_IA_/install/ctl_mission_interfaces/include/ctl_mission_interfaces/ctl_mission_interfaces/srv/detail/config_dynamic_la_pure_ctrl__rosidl_typesupport_fastrtps_c.h
[2.041s] -- Up-to-date: /home/rhobtor/PHD/ARGOJ8_IA/ARGOSJ8_IA_/install/ctl_mission_interfaces/include/ctl_mission_interfaces/ctl_mission_interfaces/srv/detail/get_possible_transitions__rosidl_typesupport_fastrtps_c.h
[2.041s] -- Up-to-date: /home/rhobtor/PHD/ARGOJ8_IA/ARGOSJ8_IA_/install/ctl_mission_interfaces/include/ctl_mission_interfaces/ctl_mission_interfaces/msg
[2.041s] -- Up-to-date: /home/rhobtor/PHD/ARGOJ8_IA/ARGOSJ8_IA_/install/ctl_mission_interfaces/include/ctl_mission_interfaces/ctl_mission_interfaces/msg/rosidl_typesupport_fastrtps_c__visibility_control.h
[2.041s] -- Up-to-date: /home/rhobtor/PHD/ARGOJ8_IA/ARGOSJ8_IA_/install/ctl_mission_interfaces/lib/libctl_mission_interfaces__rosidl_typesupport_fastrtps_c.so
[2.041s] -- Up-to-date: /home/rhobtor/PHD/ARGOJ8_IA/ARGOSJ8_IA_/install/ctl_mission_interfaces/include/ctl_mission_interfaces/ctl_mission_interfaces
[2.041s] -- Up-to-date: /home/rhobtor/PHD/ARGOJ8_IA/ARGOSJ8_IA_/install/ctl_mission_interfaces/include/ctl_mission_interfaces/ctl_mission_interfaces/srv
[2.041s] -- Up-to-date: /home/rhobtor/PHD/ARGOJ8_IA/ARGOSJ8_IA_/install/ctl_mission_interfaces/include/ctl_mission_interfaces/ctl_mission_interfaces/srv/detail
[2.041s] -- Up-to-date: /home/rhobtor/PHD/ARGOJ8_IA/ARGOSJ8_IA_/install/ctl_mission_interfaces/include/ctl_mission_interfaces/ctl_mission_interfaces/srv/detail/config_dynamic_la_pure_ctrl__type_support.c
[2.041s] -- Up-to-date: /home/rhobtor/PHD/ARGOJ8_IA/ARGOSJ8_IA_/install/ctl_mission_interfaces/include/ctl_mission_interfaces/ctl_mission_interfaces/srv/detail/get_mode__rosidl_typesupport_introspection_c.h
[2.041s] -- Up-to-date: /home/rhobtor/PHD/ARGOJ8_IA/ARGOSJ8_IA_/install/ctl_mission_interfaces/include/ctl_mission_interfaces/ctl_mission_interfaces/srv/detail/change_mode__type_support.c
[2.041s] -- Up-to-date: /home/rhobtor/PHD/ARGOJ8_IA/ARGOSJ8_IA_/install/ctl_mission_interfaces/include/ctl_mission_interfaces/ctl_mission_interfaces/srv/detail/config_stanley_ctrl__type_support.c
[2.041s] -- Up-to-date: /home/rhobtor/PHD/ARGOJ8_IA/ARGOSJ8_IA_/install/ctl_mission_interfaces/include/ctl_mission_interfaces/ctl_mission_interfaces/srv/detail/config_dynamic_pure_ctrl__type_support.c
[2.041s] -- Up-to-date: /home/rhobtor/PHD/ARGOJ8_IA/ARGOSJ8_IA_/install/ctl_mission_interfaces/include/ctl_mission_interfaces/ctl_mission_interfaces/srv/detail/config_dynamic_pure_ctrl__rosidl_typesupport_introspection_c.h
[2.041s] -- Up-to-date: /home/rhobtor/PHD/ARGOJ8_IA/ARGOSJ8_IA_/install/ctl_mission_interfaces/include/ctl_mission_interfaces/ctl_mission_interfaces/srv/detail/get_mode__type_support.c
[2.042s] -- Up-to-date: /home/rhobtor/PHD/ARGOJ8_IA/ARGOSJ8_IA_/install/ctl_mission_interfaces/include/ctl_mission_interfaces/ctl_mission_interfaces/srv/detail/get_possible_transitions__type_support.c
[2.042s] -- Up-to-date: /home/rhobtor/PHD/ARGOJ8_IA/ARGOSJ8_IA_/install/ctl_mission_interfaces/include/ctl_mission_interfaces/ctl_mission_interfaces/srv/detail/change_controller__type_support.c
[2.042s] -- Up-to-date: /home/rhobtor/PHD/ARGOJ8_IA/ARGOSJ8_IA_/install/ctl_mission_interfaces/include/ctl_mission_interfaces/ctl_mission_interfaces/srv/detail/change_controller__rosidl_typesupport_introspection_c.h
[2.042s] -- Up-to-date: /home/rhobtor/PHD/ARGOJ8_IA/ARGOSJ8_IA_/install/ctl_mission_interfaces/include/ctl_mission_interfaces/ctl_mission_interfaces/srv/detail/change_speed__rosidl_typesupport_introspection_c.h
[2.042s] -- Up-to-date: /home/rhobtor/PHD/ARGOJ8_IA/ARGOSJ8_IA_/install/ctl_mission_interfaces/include/ctl_mission_interfaces/ctl_mission_interfaces/srv/detail/config_regulated_pure_ctrl__rosidl_typesupport_introspection_c.h
[2.042s] -- Up-to-date: /home/rhobtor/PHD/ARGOJ8_IA/ARGOSJ8_IA_/install/ctl_mission_interfaces/include/ctl_mission_interfaces/ctl_mission_interfaces/srv/detail/config_dynamic_la_pure_ctrl__rosidl_typesupport_introspection_c.h
[2.042s] -- Up-to-date: /home/rhobtor/PHD/ARGOJ8_IA/ARGOSJ8_IA_/install/ctl_mission_interfaces/include/ctl_mission_interfaces/ctl_mission_interfaces/srv/detail/config_stanley_ctrl__rosidl_typesupport_introspection_c.h
[2.042s] -- Up-to-date: /home/rhobtor/PHD/ARGOJ8_IA/ARGOSJ8_IA_/install/ctl_mission_interfaces/include/ctl_mission_interfaces/ctl_mission_interfaces/srv/detail/config_pure_pursuit_ctrl__type_support.c
[2.042s] -- Up-to-date: /home/rhobtor/PHD/ARGOJ8_IA/ARGOSJ8_IA_/install/ctl_mission_interfaces/include/ctl_mission_interfaces/ctl_mission_interfaces/srv/detail/change_speed__type_support.c
[2.042s] -- Up-to-date: /home/rhobtor/PHD/ARGOJ8_IA/ARGOSJ8_IA_/install/ctl_mission_interfaces/include/ctl_mission_interfaces/ctl_mission_interfaces/srv/detail/config_pure_pursuit_ctrl__rosidl_typesupport_introspection_c.h
[2.042s] -- Up-to-date: /home/rhobtor/PHD/ARGOJ8_IA/ARGOSJ8_IA_/install/ctl_mission_interfaces/include/ctl_mission_interfaces/ctl_mission_interfaces/srv/detail/config_regulated_pure_ctrl__type_support.c
[2.042s] -- Up-to-date: /home/rhobtor/PHD/ARGOJ8_IA/ARGOSJ8_IA_/install/ctl_mission_interfaces/include/ctl_mission_interfaces/ctl_mission_interfaces/srv/detail/change_mode__rosidl_typesupport_introspection_c.h
[2.042s] -- Up-to-date: /home/rhobtor/PHD/ARGOJ8_IA/ARGOSJ8_IA_/install/ctl_mission_interfaces/include/ctl_mission_interfaces/ctl_mission_interfaces/srv/detail/config_simple_ctl__rosidl_typesupport_introspection_c.h
[2.043s] -- Up-to-date: /home/rhobtor/PHD/ARGOJ8_IA/ARGOSJ8_IA_/install/ctl_mission_interfaces/include/ctl_mission_interfaces/ctl_mission_interfaces/srv/detail/config_simple_ctl__type_support.c
[2.043s] -- Up-to-date: /home/rhobtor/PHD/ARGOJ8_IA/ARGOSJ8_IA_/install/ctl_mission_interfaces/include/ctl_mission_interfaces/ctl_mission_interfaces/srv/detail/get_possible_transitions__rosidl_typesupport_introspection_c.h
[2.043s] -- Up-to-date: /home/rhobtor/PHD/ARGOJ8_IA/ARGOSJ8_IA_/install/ctl_mission_interfaces/include/ctl_mission_interfaces/ctl_mission_interfaces/msg
[2.044s] -- Up-to-date: /home/rhobtor/PHD/ARGOJ8_IA/ARGOSJ8_IA_/install/ctl_mission_interfaces/include/ctl_mission_interfaces/ctl_mission_interfaces/msg/rosidl_typesupport_introspection_c__visibility_control.h
[2.044s] -- Up-to-date: /home/rhobtor/PHD/ARGOJ8_IA/ARGOSJ8_IA_/install/ctl_mission_interfaces/lib/libctl_mission_interfaces__rosidl_typesupport_introspection_c.so
[2.045s] -- Up-to-date: /home/rhobtor/PHD/ARGOJ8_IA/ARGOSJ8_IA_/install/ctl_mission_interfaces/lib/libctl_mission_interfaces__rosidl_typesupport_c.so
[2.045s] -- Up-to-date: /home/rhobtor/PHD/ARGOJ8_IA/ARGOSJ8_IA_/install/ctl_mission_interfaces/include/ctl_mission_interfaces/ctl_mission_interfaces
[2.045s] -- Up-to-date: /home/rhobtor/PHD/ARGOJ8_IA/ARGOSJ8_IA_/install/ctl_mission_interfaces/include/ctl_mission_interfaces/ctl_mission_interfaces/srv
[2.045s] -- Up-to-date: /home/rhobtor/PHD/ARGOJ8_IA/ARGOSJ8_IA_/install/ctl_mission_interfaces/include/ctl_mission_interfaces/ctl_mission_interfaces/srv/config_simple_ctl.hpp
[2.045s] -- Up-to-date: /home/rhobtor/PHD/ARGOJ8_IA/ARGOSJ8_IA_/install/ctl_mission_interfaces/include/ctl_mission_interfaces/ctl_mission_interfaces/srv/config_dynamic_la_pure_ctrl.hpp
[2.045s] -- Up-to-date: /home/rhobtor/PHD/ARGOJ8_IA/ARGOSJ8_IA_/install/ctl_mission_interfaces/include/ctl_mission_interfaces/ctl_mission_interfaces/srv/config_dynamic_pure_ctrl.hpp
[2.046s] -- Up-to-date: /home/rhobtor/PHD/ARGOJ8_IA/ARGOSJ8_IA_/install/ctl_mission_interfaces/include/ctl_mission_interfaces/ctl_mission_interfaces/srv/change_mode.hpp
[2.046s] -- Up-to-date: /home/rhobtor/PHD/ARGOJ8_IA/ARGOSJ8_IA_/install/ctl_mission_interfaces/include/ctl_mission_interfaces/ctl_mission_interfaces/srv/get_mode.hpp
[2.046s] -- Up-to-date: /home/rhobtor/PHD/ARGOJ8_IA/ARGOSJ8_IA_/install/ctl_mission_interfaces/include/ctl_mission_interfaces/ctl_mission_interfaces/srv/config_regulated_pure_ctrl.hpp
[2.046s] -- Up-to-date: /home/rhobtor/PHD/ARGOJ8_IA/ARGOSJ8_IA_/install/ctl_mission_interfaces/include/ctl_mission_interfaces/ctl_mission_interfaces/srv/get_possible_transitions.hpp
[2.046s] -- Up-to-date: /home/rhobtor/PHD/ARGOJ8_IA/ARGOSJ8_IA_/install/ctl_mission_interfaces/include/ctl_mission_interfaces/ctl_mission_interfaces/srv/change_speed.hpp
[2.046s] -- Up-to-date: /home/rhobtor/PHD/ARGOJ8_IA/ARGOSJ8_IA_/install/ctl_mission_interfaces/include/ctl_mission_interfaces/ctl_mission_interfaces/srv/detail
[2.046s] -- Up-to-date: /home/rhobtor/PHD/ARGOJ8_IA/ARGOSJ8_IA_/install/ctl_mission_interfaces/include/ctl_mission_interfaces/ctl_mission_interfaces/srv/detail/change_speed__type_support.hpp
[2.046s] -- Up-to-date: /home/rhobtor/PHD/ARGOJ8_IA/ARGOSJ8_IA_/install/ctl_mission_interfaces/include/ctl_mission_interfaces/ctl_mission_interfaces/srv/detail/change_controller__traits.hpp
[2.046s] -- Up-to-date: /home/rhobtor/PHD/ARGOJ8_IA/ARGOSJ8_IA_/install/ctl_mission_interfaces/include/ctl_mission_interfaces/ctl_mission_interfaces/srv/detail/config_stanley_ctrl__traits.hpp
[2.046s] -- Up-to-date: /home/rhobtor/PHD/ARGOJ8_IA/ARGOSJ8_IA_/install/ctl_mission_interfaces/include/ctl_mission_interfaces/ctl_mission_interfaces/srv/detail/change_speed__struct.hpp
[2.046s] -- Up-to-date: /home/rhobtor/PHD/ARGOJ8_IA/ARGOSJ8_IA_/install/ctl_mission_interfaces/include/ctl_mission_interfaces/ctl_mission_interfaces/srv/detail/get_possible_transitions__type_support.hpp
[2.046s] -- Up-to-date: /home/rhobtor/PHD/ARGOJ8_IA/ARGOSJ8_IA_/install/ctl_mission_interfaces/include/ctl_mission_interfaces/ctl_mission_interfaces/srv/detail/config_simple_ctl__traits.hpp
[2.047s] -- Up-to-date: /home/rhobtor/PHD/ARGOJ8_IA/ARGOSJ8_IA_/install/ctl_mission_interfaces/include/ctl_mission_interfaces/ctl_mission_interfaces/srv/detail/get_mode__builder.hpp
[2.047s] -- Up-to-date: /home/rhobtor/PHD/ARGOJ8_IA/ARGOSJ8_IA_/install/ctl_mission_interfaces/include/ctl_mission_interfaces/ctl_mission_interfaces/srv/detail/change_mode__builder.hpp
[2.047s] -- Up-to-date: /home/rhobtor/PHD/ARGOJ8_IA/ARGOSJ8_IA_/install/ctl_mission_interfaces/include/ctl_mission_interfaces/ctl_mission_interfaces/srv/detail/get_possible_transitions__builder.hpp
[2.047s] -- Up-to-date: /home/rhobtor/PHD/ARGOJ8_IA/ARGOSJ8_IA_/install/ctl_mission_interfaces/include/ctl_mission_interfaces/ctl_mission_interfaces/srv/detail/config_stanley_ctrl__struct.hpp
[2.047s] -- Up-to-date: /home/rhobtor/PHD/ARGOJ8_IA/ARGOSJ8_IA_/install/ctl_mission_interfaces/include/ctl_mission_interfaces/ctl_mission_interfaces/srv/detail/change_controller__builder.hpp
[2.047s] -- Up-to-date: /home/rhobtor/PHD/ARGOJ8_IA/ARGOSJ8_IA_/install/ctl_mission_interfaces/include/ctl_mission_interfaces/ctl_mission_interfaces/srv/detail/change_speed__traits.hpp
[2.047s] -- Up-to-date: /home/rhobtor/PHD/ARGOJ8_IA/ARGOSJ8_IA_/install/ctl_mission_interfaces/include/ctl_mission_interfaces/ctl_mission_interfaces/srv/detail/change_controller__type_support.hpp
[2.047s] -- Up-to-date: /home/rhobtor/PHD/ARGOJ8_IA/ARGOSJ8_IA_/install/ctl_mission_interfaces/include/ctl_mission_interfaces/ctl_mission_interfaces/srv/detail/config_pure_pursuit_ctrl__struct.hpp
[2.047s] -- Up-to-date: /home/rhobtor/PHD/ARGOJ8_IA/ARGOSJ8_IA_/install/ctl_mission_interfaces/include/ctl_mission_interfaces/ctl_mission_interfaces/srv/detail/change_mode__struct.hpp
[2.047s] -- Up-to-date: /home/rhobtor/PHD/ARGOJ8_IA/ARGOSJ8_IA_/install/ctl_mission_interfaces/include/ctl_mission_interfaces/ctl_mission_interfaces/srv/detail/config_dynamic_pure_ctrl__struct.hpp
[2.048s] -- Up-to-date: /home/rhobtor/PHD/ARGOJ8_IA/ARGOSJ8_IA_/install/ctl_mission_interfaces/include/ctl_mission_interfaces/ctl_mission_interfaces/srv/detail/config_dynamic_pure_ctrl__traits.hpp
[2.048s] -- Up-to-date: /home/rhobtor/PHD/ARGOJ8_IA/ARGOSJ8_IA_/install/ctl_mission_interfaces/include/ctl_mission_interfaces/ctl_mission_interfaces/srv/detail/config_pure_pursuit_ctrl__builder.hpp
[2.048s] -- Up-to-date: /home/rhobtor/PHD/ARGOJ8_IA/ARGOSJ8_IA_/install/ctl_mission_interfaces/include/ctl_mission_interfaces/ctl_mission_interfaces/srv/detail/config_stanley_ctrl__builder.hpp
[2.048s] -- Up-to-date: /home/rhobtor/PHD/ARGOJ8_IA/ARGOSJ8_IA_/install/ctl_mission_interfaces/include/ctl_mission_interfaces/ctl_mission_interfaces/srv/detail/change_mode__traits.hpp
[2.048s] -- Up-to-date: /home/rhobtor/PHD/ARGOJ8_IA/ARGOSJ8_IA_/install/ctl_mission_interfaces/include/ctl_mission_interfaces/ctl_mission_interfaces/srv/detail/config_dynamic_la_pure_ctrl__builder.hpp
[2.049s] -- Up-to-date: /home/rhobtor/PHD/ARGOJ8_IA/ARGOSJ8_IA_/install/ctl_mission_interfaces/include/ctl_mission_interfaces/ctl_mission_interfaces/srv/detail/get_mode__type_support.hpp
[2.049s] -- Up-to-date: /home/rhobtor/PHD/ARGOJ8_IA/ARGOSJ8_IA_/install/ctl_mission_interfaces/include/ctl_mission_interfaces/ctl_mission_interfaces/srv/detail/config_pure_pursuit_ctrl__type_support.hpp
[2.049s] -- Up-to-date: /home/rhobtor/PHD/ARGOJ8_IA/ARGOSJ8_IA_/install/ctl_mission_interfaces/include/ctl_mission_interfaces/ctl_mission_interfaces/srv/detail/get_possible_transitions__traits.hpp
[2.049s] -- Up-to-date: /home/rhobtor/PHD/ARGOJ8_IA/ARGOSJ8_IA_/install/ctl_mission_interfaces/include/ctl_mission_interfaces/ctl_mission_interfaces/srv/detail/change_speed__builder.hpp
[2.049s] -- Up-to-date: /home/rhobtor/PHD/ARGOJ8_IA/ARGOSJ8_IA_/install/ctl_mission_interfaces/include/ctl_mission_interfaces/ctl_mission_interfaces/srv/detail/get_mode__struct.hpp
[2.049s] -- Up-to-date: /home/rhobtor/PHD/ARGOJ8_IA/ARGOSJ8_IA_/install/ctl_mission_interfaces/include/ctl_mission_interfaces/ctl_mission_interfaces/srv/detail/config_dynamic_pure_ctrl__type_support.hpp
[2.049s] -- Up-to-date: /home/rhobtor/PHD/ARGOJ8_IA/ARGOSJ8_IA_/install/ctl_mission_interfaces/include/ctl_mission_interfaces/ctl_mission_interfaces/srv/detail/config_simple_ctl__type_support.hpp
[2.049s] -- Up-to-date: /home/rhobtor/PHD/ARGOJ8_IA/ARGOSJ8_IA_/install/ctl_mission_interfaces/include/ctl_mission_interfaces/ctl_mission_interfaces/srv/detail/get_mode__traits.hpp
[2.049s] -- Up-to-date: /home/rhobtor/PHD/ARGOJ8_IA/ARGOSJ8_IA_/install/ctl_mission_interfaces/include/ctl_mission_interfaces/ctl_mission_interfaces/srv/detail/config_regulated_pure_ctrl__traits.hpp
[2.051s] -- Up-to-date: /home/rhobtor/PHD/ARGOJ8_IA/ARGOSJ8_IA_/install/ctl_mission_interfaces/include/ctl_mission_interfaces/ctl_mission_interfaces/srv/detail/change_mode__type_support.hpp
[2.051s] -- Up-to-date: /home/rhobtor/PHD/ARGOJ8_IA/ARGOSJ8_IA_/install/ctl_mission_interfaces/include/ctl_mission_interfaces/ctl_mission_interfaces/srv/detail/config_dynamic_pure_ctrl__builder.hpp
[2.051s] -- Up-to-date: /home/rhobtor/PHD/ARGOJ8_IA/ARGOSJ8_IA_/install/ctl_mission_interfaces/include/ctl_mission_interfaces/ctl_mission_interfaces/srv/detail/config_simple_ctl__builder.hpp
[2.052s] -- Up-to-date: /home/rhobtor/PHD/ARGOJ8_IA/ARGOSJ8_IA_/install/ctl_mission_interfaces/include/ctl_mission_interfaces/ctl_mission_interfaces/srv/detail/config_dynamic_la_pure_ctrl__type_support.hpp
[2.052s] -- Up-to-date: /home/rhobtor/PHD/ARGOJ8_IA/ARGOSJ8_IA_/install/ctl_mission_interfaces/include/ctl_mission_interfaces/ctl_mission_interfaces/srv/detail/config_regulated_pure_ctrl__type_support.hpp
[2.052s] -- Up-to-date: /home/rhobtor/PHD/ARGOJ8_IA/ARGOSJ8_IA_/install/ctl_mission_interfaces/include/ctl_mission_interfaces/ctl_mission_interfaces/srv/detail/change_controller__struct.hpp
[2.052s] -- Up-to-date: /home/rhobtor/PHD/ARGOJ8_IA/ARGOSJ8_IA_/install/ctl_mission_interfaces/include/ctl_mission_interfaces/ctl_mission_interfaces/srv/detail/config_dynamic_la_pure_ctrl__traits.hpp
[2.052s] -- Up-to-date: /home/rhobtor/PHD/ARGOJ8_IA/ARGOSJ8_IA_/install/ctl_mission_interfaces/include/ctl_mission_interfaces/ctl_mission_interfaces/srv/detail/config_dynamic_la_pure_ctrl__struct.hpp
[2.052s] -- Up-to-date: /home/rhobtor/PHD/ARGOJ8_IA/ARGOSJ8_IA_/install/ctl_mission_interfaces/include/ctl_mission_interfaces/ctl_mission_interfaces/srv/detail/config_regulated_pure_ctrl__struct.hpp
[2.052s] -- Up-to-date: /home/rhobtor/PHD/ARGOJ8_IA/ARGOSJ8_IA_/install/ctl_mission_interfaces/include/ctl_mission_interfaces/ctl_mission_interfaces/srv/detail/config_pure_pursuit_ctrl__traits.hpp
[2.052s] -- Up-to-date: /home/rhobtor/PHD/ARGOJ8_IA/ARGOSJ8_IA_/install/ctl_mission_interfaces/include/ctl_mission_interfaces/ctl_mission_interfaces/srv/detail/get_possible_transitions__struct.hpp
[2.052s] -- Up-to-date: /home/rhobtor/PHD/ARGOJ8_IA/ARGOSJ8_IA_/install/ctl_mission_interfaces/include/ctl_mission_interfaces/ctl_mission_interfaces/srv/detail/config_regulated_pure_ctrl__builder.hpp
[2.052s] -- Up-to-date: /home/rhobtor/PHD/ARGOJ8_IA/ARGOSJ8_IA_/install/ctl_mission_interfaces/include/ctl_mission_interfaces/ctl_mission_interfaces/srv/detail/config_simple_ctl__struct.hpp
[2.052s] -- Up-to-date: /home/rhobtor/PHD/ARGOJ8_IA/ARGOSJ8_IA_/install/ctl_mission_interfaces/include/ctl_mission_interfaces/ctl_mission_interfaces/srv/detail/config_stanley_ctrl__type_support.hpp
[2.052s] -- Up-to-date: /home/rhobtor/PHD/ARGOJ8_IA/ARGOSJ8_IA_/install/ctl_mission_interfaces/include/ctl_mission_interfaces/ctl_mission_interfaces/srv/config_stanley_ctrl.hpp
[2.052s] -- Up-to-date: /home/rhobtor/PHD/ARGOJ8_IA/ARGOSJ8_IA_/install/ctl_mission_interfaces/include/ctl_mission_interfaces/ctl_mission_interfaces/srv/config_pure_pursuit_ctrl.hpp
[2.052s] -- Up-to-date: /home/rhobtor/PHD/ARGOJ8_IA/ARGOSJ8_IA_/install/ctl_mission_interfaces/include/ctl_mission_interfaces/ctl_mission_interfaces/srv/change_controller.hpp
[2.052s] -- Up-to-date: /home/rhobtor/PHD/ARGOJ8_IA/ARGOSJ8_IA_/install/ctl_mission_interfaces/include/ctl_mission_interfaces/ctl_mission_interfaces/msg
[2.052s] -- Up-to-date: /home/rhobtor/PHD/ARGOJ8_IA/ARGOSJ8_IA_/install/ctl_mission_interfaces/include/ctl_mission_interfaces/ctl_mission_interfaces/msg/rosidl_generator_cpp__visibility_control.hpp
[2.053s] -- Up-to-date: /home/rhobtor/PHD/ARGOJ8_IA/ARGOSJ8_IA_/install/ctl_mission_interfaces/include/ctl_mission_interfaces/ctl_mission_interfaces
[2.053s] -- Up-to-date: /home/rhobtor/PHD/ARGOJ8_IA/ARGOSJ8_IA_/install/ctl_mission_interfaces/include/ctl_mission_interfaces/ctl_mission_interfaces/srv
[2.053s] -- Up-to-date: /home/rhobtor/PHD/ARGOJ8_IA/ARGOSJ8_IA_/install/ctl_mission_interfaces/include/ctl_mission_interfaces/ctl_mission_interfaces/srv/detail
[2.053s] -- Up-to-date: /home/rhobtor/PHD/ARGOJ8_IA/ARGOSJ8_IA_/install/ctl_mission_interfaces/include/ctl_mission_interfaces/ctl_mission_interfaces/srv/detail/get_mode__rosidl_typesupport_fastrtps_cpp.hpp
[2.053s] -- Up-to-date: /home/rhobtor/PHD/ARGOJ8_IA/ARGOSJ8_IA_/install/ctl_mission_interfaces/include/ctl_mission_interfaces/ctl_mission_interfaces/srv/detail/config_regulated_pure_ctrl__rosidl_typesupport_fastrtps_cpp.hpp
[2.053s] -- Up-to-date: /home/rhobtor/PHD/ARGOJ8_IA/ARGOSJ8_IA_/install/ctl_mission_interfaces/include/ctl_mission_interfaces/ctl_mission_interfaces/srv/detail/get_possible_transitions__rosidl_typesupport_fastrtps_cpp.hpp
[2.053s] -- Up-to-date: /home/rhobtor/PHD/ARGOJ8_IA/ARGOSJ8_IA_/install/ctl_mission_interfaces/include/ctl_mission_interfaces/ctl_mission_interfaces/srv/detail/change_speed__rosidl_typesupport_fastrtps_cpp.hpp
[2.053s] -- Up-to-date: /home/rhobtor/PHD/ARGOJ8_IA/ARGOSJ8_IA_/install/ctl_mission_interfaces/include/ctl_mission_interfaces/ctl_mission_interfaces/srv/detail/change_controller__rosidl_typesupport_fastrtps_cpp.hpp
[2.054s] -- Up-to-date: /home/rhobtor/PHD/ARGOJ8_IA/ARGOSJ8_IA_/install/ctl_mission_interfaces/include/ctl_mission_interfaces/ctl_mission_interfaces/srv/detail/config_simple_ctl__rosidl_typesupport_fastrtps_cpp.hpp
[2.054s] -- Up-to-date: /home/rhobtor/PHD/ARGOJ8_IA/ARGOSJ8_IA_/install/ctl_mission_interfaces/include/ctl_mission_interfaces/ctl_mission_interfaces/srv/detail/config_dynamic_pure_ctrl__rosidl_typesupport_fastrtps_cpp.hpp
[2.054s] -- Up-to-date: /home/rhobtor/PHD/ARGOJ8_IA/ARGOSJ8_IA_/install/ctl_mission_interfaces/include/ctl_mission_interfaces/ctl_mission_interfaces/srv/detail/config_stanley_ctrl__rosidl_typesupport_fastrtps_cpp.hpp
[2.054s] -- Up-to-date: /home/rhobtor/PHD/ARGOJ8_IA/ARGOSJ8_IA_/install/ctl_mission_interfaces/include/ctl_mission_interfaces/ctl_mission_interfaces/srv/detail/dds_fastrtps
[2.054s] -- Up-to-date: /home/rhobtor/PHD/ARGOJ8_IA/ARGOSJ8_IA_/install/ctl_mission_interfaces/include/ctl_mission_interfaces/ctl_mission_interfaces/srv/detail/config_pure_pursuit_ctrl__rosidl_typesupport_fastrtps_cpp.hpp
[2.054s] -- Up-to-date: /home/rhobtor/PHD/ARGOJ8_IA/ARGOSJ8_IA_/install/ctl_mission_interfaces/include/ctl_mission_interfaces/ctl_mission_interfaces/srv/detail/change_mode__rosidl_typesupport_fastrtps_cpp.hpp
[2.054s] -- Up-to-date: /home/rhobtor/PHD/ARGOJ8_IA/ARGOSJ8_IA_/install/ctl_mission_interfaces/include/ctl_mission_interfaces/ctl_mission_interfaces/srv/detail/config_dynamic_la_pure_ctrl__rosidl_typesupport_fastrtps_cpp.hpp
[2.054s] -- Up-to-date: /home/rhobtor/PHD/ARGOJ8_IA/ARGOSJ8_IA_/install/ctl_mission_interfaces/include/ctl_mission_interfaces/ctl_mission_interfaces/msg
[2.054s] -- Up-to-date: /home/rhobtor/PHD/ARGOJ8_IA/ARGOSJ8_IA_/install/ctl_mission_interfaces/include/ctl_mission_interfaces/ctl_mission_interfaces/msg/rosidl_typesupport_fastrtps_cpp__visibility_control.h
[2.054s] -- Up-to-date: /home/rhobtor/PHD/ARGOJ8_IA/ARGOSJ8_IA_/install/ctl_mission_interfaces/lib/libctl_mission_interfaces__rosidl_typesupport_fastrtps_cpp.so
[2.054s] -- Up-to-date: /home/rhobtor/PHD/ARGOJ8_IA/ARGOSJ8_IA_/install/ctl_mission_interfaces/include/ctl_mission_interfaces/ctl_mission_interfaces
[2.054s] -- Up-to-date: /home/rhobtor/PHD/ARGOJ8_IA/ARGOSJ8_IA_/install/ctl_mission_interfaces/include/ctl_mission_interfaces/ctl_mission_interfaces/srv
[2.054s] -- Up-to-date: /home/rhobtor/PHD/ARGOJ8_IA/ARGOSJ8_IA_/install/ctl_mission_interfaces/include/ctl_mission_interfaces/ctl_mission_interfaces/srv/detail
[2.054s] -- Up-to-date: /home/rhobtor/PHD/ARGOJ8_IA/ARGOSJ8_IA_/install/ctl_mission_interfaces/include/ctl_mission_interfaces/ctl_mission_interfaces/srv/detail/get_possible_transitions__rosidl_typesupport_introspection_cpp.hpp
[2.054s] -- Up-to-date: /home/rhobtor/PHD/ARGOJ8_IA/ARGOSJ8_IA_/install/ctl_mission_interfaces/include/ctl_mission_interfaces/ctl_mission_interfaces/srv/detail/config_dynamic_pure_ctrl__rosidl_typesupport_introspection_cpp.hpp
[2.055s] -- Up-to-date: /home/rhobtor/PHD/ARGOJ8_IA/ARGOSJ8_IA_/install/ctl_mission_interfaces/include/ctl_mission_interfaces/ctl_mission_interfaces/srv/detail/config_simple_ctl__type_support.cpp
[2.055s] -- Up-to-date: /home/rhobtor/PHD/ARGOJ8_IA/ARGOSJ8_IA_/install/ctl_mission_interfaces/include/ctl_mission_interfaces/ctl_mission_interfaces/srv/detail/get_mode__rosidl_typesupport_introspection_cpp.hpp
[2.055s] -- Up-to-date: /home/rhobtor/PHD/ARGOJ8_IA/ARGOSJ8_IA_/install/ctl_mission_interfaces/include/ctl_mission_interfaces/ctl_mission_interfaces/srv/detail/change_controller__rosidl_typesupport_introspection_cpp.hpp
[2.055s] -- Up-to-date: /home/rhobtor/PHD/ARGOJ8_IA/ARGOSJ8_IA_/install/ctl_mission_interfaces/include/ctl_mission_interfaces/ctl_mission_interfaces/srv/detail/change_speed__rosidl_typesupport_introspection_cpp.hpp
[2.055s] -- Up-to-date: /home/rhobtor/PHD/ARGOJ8_IA/ARGOSJ8_IA_/install/ctl_mission_interfaces/include/ctl_mission_interfaces/ctl_mission_interfaces/srv/detail/config_stanley_ctrl__rosidl_typesupport_introspection_cpp.hpp
[2.055s] -- Up-to-date: /home/rhobtor/PHD/ARGOJ8_IA/ARGOSJ8_IA_/install/ctl_mission_interfaces/include/ctl_mission_interfaces/ctl_mission_interfaces/srv/detail/config_pure_pursuit_ctrl__type_support.cpp
[2.055s] -- Up-to-date: /home/rhobtor/PHD/ARGOJ8_IA/ARGOSJ8_IA_/install/ctl_mission_interfaces/include/ctl_mission_interfaces/ctl_mission_interfaces/srv/detail/config_regulated_pure_ctrl__type_support.cpp
[2.056s] -- Up-to-date: /home/rhobtor/PHD/ARGOJ8_IA/ARGOSJ8_IA_/install/ctl_mission_interfaces/include/ctl_mission_interfaces/ctl_mission_interfaces/srv/detail/config_dynamic_pure_ctrl__type_support.cpp
[2.056s] -- Up-to-date: /home/rhobtor/PHD/ARGOJ8_IA/ARGOSJ8_IA_/install/ctl_mission_interfaces/include/ctl_mission_interfaces/ctl_mission_interfaces/srv/detail/config_simple_ctl__rosidl_typesupport_introspection_cpp.hpp
[2.056s] -- Up-to-date: /home/rhobtor/PHD/ARGOJ8_IA/ARGOSJ8_IA_/install/ctl_mission_interfaces/include/ctl_mission_interfaces/ctl_mission_interfaces/srv/detail/config_dynamic_la_pure_ctrl__type_support.cpp
[2.056s] -- Up-to-date: /home/rhobtor/PHD/ARGOJ8_IA/ARGOSJ8_IA_/install/ctl_mission_interfaces/include/ctl_mission_interfaces/ctl_mission_interfaces/srv/detail/get_possible_transitions__type_support.cpp
[2.056s] -- Up-to-date: /home/rhobtor/PHD/ARGOJ8_IA/ARGOSJ8_IA_/install/ctl_mission_interfaces/include/ctl_mission_interfaces/ctl_mission_interfaces/srv/detail/config_pure_pursuit_ctrl__rosidl_typesupport_introspection_cpp.hpp
[2.056s] -- Up-to-date: /home/rhobtor/PHD/ARGOJ8_IA/ARGOSJ8_IA_/install/ctl_mission_interfaces/include/ctl_mission_interfaces/ctl_mission_interfaces/srv/detail/config_stanley_ctrl__type_support.cpp
[2.056s] -- Up-to-date: /home/rhobtor/PHD/ARGOJ8_IA/ARGOSJ8_IA_/install/ctl_mission_interfaces/include/ctl_mission_interfaces/ctl_mission_interfaces/srv/detail/change_mode__type_support.cpp
[2.056s] -- Up-to-date: /home/rhobtor/PHD/ARGOJ8_IA/ARGOSJ8_IA_/install/ctl_mission_interfaces/include/ctl_mission_interfaces/ctl_mission_interfaces/srv/detail/change_mode__rosidl_typesupport_introspection_cpp.hpp
[2.057s] -- Up-to-date: /home/rhobtor/PHD/ARGOJ8_IA/ARGOSJ8_IA_/install/ctl_mission_interfaces/include/ctl_mission_interfaces/ctl_mission_interfaces/srv/detail/config_dynamic_la_pure_ctrl__rosidl_typesupport_introspection_cpp.hpp
[2.057s] -- Up-to-date: /home/rhobtor/PHD/ARGOJ8_IA/ARGOSJ8_IA_/install/ctl_mission_interfaces/include/ctl_mission_interfaces/ctl_mission_interfaces/srv/detail/change_speed__type_support.cpp
[2.057s] -- Up-to-date: /home/rhobtor/PHD/ARGOJ8_IA/ARGOSJ8_IA_/install/ctl_mission_interfaces/include/ctl_mission_interfaces/ctl_mission_interfaces/srv/detail/config_regulated_pure_ctrl__rosidl_typesupport_introspection_cpp.hpp
[2.057s] -- Up-to-date: /home/rhobtor/PHD/ARGOJ8_IA/ARGOSJ8_IA_/install/ctl_mission_interfaces/include/ctl_mission_interfaces/ctl_mission_interfaces/srv/detail/change_controller__type_support.cpp
[2.057s] -- Up-to-date: /home/rhobtor/PHD/ARGOJ8_IA/ARGOSJ8_IA_/install/ctl_mission_interfaces/include/ctl_mission_interfaces/ctl_mission_interfaces/srv/detail/get_mode__type_support.cpp
[2.057s] -- Up-to-date: /home/rhobtor/PHD/ARGOJ8_IA/ARGOSJ8_IA_/install/ctl_mission_interfaces/lib/libctl_mission_interfaces__rosidl_typesupport_introspection_cpp.so
[2.057s] -- Up-to-date: /home/rhobtor/PHD/ARGOJ8_IA/ARGOSJ8_IA_/install/ctl_mission_interfaces/lib/libctl_mission_interfaces__rosidl_typesupport_cpp.so
[2.057s] -- Up-to-date: /home/rhobtor/PHD/ARGOJ8_IA/ARGOSJ8_IA_/install/ctl_mission_interfaces/share/ctl_mission_interfaces/environment/pythonpath.sh
[2.057s] -- Up-to-date: /home/rhobtor/PHD/ARGOJ8_IA/ARGOSJ8_IA_/install/ctl_mission_interfaces/share/ctl_mission_interfaces/environment/pythonpath.dsv
[2.057s] -- Up-to-date: /home/rhobtor/PHD/ARGOJ8_IA/ARGOSJ8_IA_/install/ctl_mission_interfaces/local/lib/python3.10/dist-packages/ctl_mission_interfaces-0.0.0-py3.10.egg-info
[2.057s] -- Installing: /home/rhobtor/PHD/ARGOJ8_IA/ARGOSJ8_IA_/install/ctl_mission_interfaces/local/lib/python3.10/dist-packages/ctl_mission_interfaces-0.0.0-py3.10.egg-info/top_level.txt
[2.057s] -- Installing: /home/rhobtor/PHD/ARGOJ8_IA/ARGOSJ8_IA_/install/ctl_mission_interfaces/local/lib/python3.10/dist-packages/ctl_mission_interfaces-0.0.0-py3.10.egg-info/SOURCES.txt
[2.057s] -- Installing: /home/rhobtor/PHD/ARGOJ8_IA/ARGOSJ8_IA_/install/ctl_mission_interfaces/local/lib/python3.10/dist-packages/ctl_mission_interfaces-0.0.0-py3.10.egg-info/PKG-INFO
[2.057s] -- Installing: /home/rhobtor/PHD/ARGOJ8_IA/ARGOSJ8_IA_/install/ctl_mission_interfaces/local/lib/python3.10/dist-packages/ctl_mission_interfaces-0.0.0-py3.10.egg-info/dependency_links.txt
[2.057s] -- Up-to-date: /home/rhobtor/PHD/ARGOJ8_IA/ARGOSJ8_IA_/install/ctl_mission_interfaces/local/lib/python3.10/dist-packages/ctl_mission_interfaces
[2.058s] -- Up-to-date: /home/rhobtor/PHD/ARGOJ8_IA/ARGOSJ8_IA_/install/ctl_mission_interfaces/local/lib/python3.10/dist-packages/ctl_mission_interfaces/srv
[2.058s] -- Up-to-date: /home/rhobtor/PHD/ARGOJ8_IA/ARGOSJ8_IA_/install/ctl_mission_interfaces/local/lib/python3.10/dist-packages/ctl_mission_interfaces/srv/_config_pure_pursuit_ctrl_s.c
[2.058s] -- Up-to-date: /home/rhobtor/PHD/ARGOJ8_IA/ARGOSJ8_IA_/install/ctl_mission_interfaces/local/lib/python3.10/dist-packages/ctl_mission_interfaces/srv/_config_stanley_ctrl_s.c
[2.058s] -- Up-to-date: /home/rhobtor/PHD/ARGOJ8_IA/ARGOSJ8_IA_/install/ctl_mission_interfaces/local/lib/python3.10/dist-packages/ctl_mission_interfaces/srv/_config_pure_pursuit_ctrl.py
[2.058s] -- Up-to-date: /home/rhobtor/PHD/ARGOJ8_IA/ARGOSJ8_IA_/install/ctl_mission_interfaces/local/lib/python3.10/dist-packages/ctl_mission_interfaces/srv/_config_dynamic_pure_ctrl_s.c
[2.058s] -- Up-to-date: /home/rhobtor/PHD/ARGOJ8_IA/ARGOSJ8_IA_/install/ctl_mission_interfaces/local/lib/python3.10/dist-packages/ctl_mission_interfaces/srv/_config_regulated_pure_ctrl_s.c
[2.058s] -- Up-to-date: /home/rhobtor/PHD/ARGOJ8_IA/ARGOSJ8_IA_/install/ctl_mission_interfaces/local/lib/python3.10/dist-packages/ctl_mission_interfaces/srv/_get_possible_transitions.py
[2.058s] -- Up-to-date: /home/rhobtor/PHD/ARGOJ8_IA/ARGOSJ8_IA_/install/ctl_mission_interfaces/local/lib/python3.10/dist-packages/ctl_mission_interfaces/srv/_change_mode_s.c
[2.058s] -- Up-to-date: /home/rhobtor/PHD/ARGOJ8_IA/ARGOSJ8_IA_/install/ctl_mission_interfaces/local/lib/python3.10/dist-packages/ctl_mission_interfaces/srv/_config_dynamic_la_pure_ctrl_s.c
[2.058s] -- Up-to-date: /home/rhobtor/PHD/ARGOJ8_IA/ARGOSJ8_IA_/install/ctl_mission_interfaces/local/lib/python3.10/dist-packages/ctl_mission_interfaces/srv/_config_regulated_pure_ctrl.py
[2.058s] -- Up-to-date: /home/rhobtor/PHD/ARGOJ8_IA/ARGOSJ8_IA_/install/ctl_mission_interfaces/local/lib/python3.10/dist-packages/ctl_mission_interfaces/srv/_change_controller_s.c
[2.058s] -- Up-to-date: /home/rhobtor/PHD/ARGOJ8_IA/ARGOSJ8_IA_/install/ctl_mission_interfaces/local/lib/python3.10/dist-packages/ctl_mission_interfaces/srv/_get_mode.py
[2.058s] -- Up-to-date: /home/rhobtor/PHD/ARGOJ8_IA/ARGOSJ8_IA_/install/ctl_mission_interfaces/local/lib/python3.10/dist-packages/ctl_mission_interfaces/srv/_change_controller.py
[2.058s] -- Up-to-date: /home/rhobtor/PHD/ARGOJ8_IA/ARGOSJ8_IA_/install/ctl_mission_interfaces/local/lib/python3.10/dist-packages/ctl_mission_interfaces/srv/__init__.py
[2.058s] -- Up-to-date: /home/rhobtor/PHD/ARGOJ8_IA/ARGOSJ8_IA_/install/ctl_mission_interfaces/local/lib/python3.10/dist-packages/ctl_mission_interfaces/srv/_config_simple_ctl.py
[2.058s] -- Up-to-date: /home/rhobtor/PHD/ARGOJ8_IA/ARGOSJ8_IA_/install/ctl_mission_interfaces/local/lib/python3.10/dist-packages/ctl_mission_interfaces/srv/_change_speed.py
[2.059s] -- Up-to-date: /home/rhobtor/PHD/ARGOJ8_IA/ARGOSJ8_IA_/install/ctl_mission_interfaces/local/lib/python3.10/dist-packages/ctl_mission_interfaces/srv/_change_speed_s.c
[2.059s] -- Up-to-date: /home/rhobtor/PHD/ARGOJ8_IA/ARGOSJ8_IA_/install/ctl_mission_interfaces/local/lib/python3.10/dist-packages/ctl_mission_interfaces/srv/_config_dynamic_pure_ctrl.py
[2.059s] -- Up-to-date: /home/rhobtor/PHD/ARGOJ8_IA/ARGOSJ8_IA_/install/ctl_mission_interfaces/local/lib/python3.10/dist-packages/ctl_mission_interfaces/srv/_get_mode_s.c
[2.059s] -- Up-to-date: /home/rhobtor/PHD/ARGOJ8_IA/ARGOSJ8_IA_/install/ctl_mission_interfaces/local/lib/python3.10/dist-packages/ctl_mission_interfaces/srv/_change_mode.py
[2.059s] -- Up-to-date: /home/rhobtor/PHD/ARGOJ8_IA/ARGOSJ8_IA_/install/ctl_mission_interfaces/local/lib/python3.10/dist-packages/ctl_mission_interfaces/srv/_config_stanley_ctrl.py
[2.059s] -- Up-to-date: /home/rhobtor/PHD/ARGOJ8_IA/ARGOSJ8_IA_/install/ctl_mission_interfaces/local/lib/python3.10/dist-packages/ctl_mission_interfaces/srv/_config_simple_ctl_s.c
[2.059s] -- Up-to-date: /home/rhobtor/PHD/ARGOJ8_IA/ARGOSJ8_IA_/install/ctl_mission_interfaces/local/lib/python3.10/dist-packages/ctl_mission_interfaces/srv/_config_dynamic_la_pure_ctrl.py
[2.059s] -- Up-to-date: /home/rhobtor/PHD/ARGOJ8_IA/ARGOSJ8_IA_/install/ctl_mission_interfaces/local/lib/python3.10/dist-packages/ctl_mission_interfaces/srv/_get_possible_transitions_s.c
[2.059s] -- Up-to-date: /home/rhobtor/PHD/ARGOJ8_IA/ARGOSJ8_IA_/install/ctl_mission_interfaces/local/lib/python3.10/dist-packages/ctl_mission_interfaces/ctl_mission_interfaces_s__rosidl_typesupport_c.cpython-310-x86_64-linux-gnu.so
[2.059s] -- Up-to-date: /home/rhobtor/PHD/ARGOJ8_IA/ARGOSJ8_IA_/install/ctl_mission_interfaces/local/lib/python3.10/dist-packages/ctl_mission_interfaces/ctl_mission_interfaces_s__rosidl_typesupport_fastrtps_c.cpython-310-x86_64-linux-gnu.so
[2.059s] -- Up-to-date: /home/rhobtor/PHD/ARGOJ8_IA/ARGOSJ8_IA_/install/ctl_mission_interfaces/local/lib/python3.10/dist-packages/ctl_mission_interfaces/_ctl_mission_interfaces_s.ep.rosidl_typesupport_c.c
[2.059s] -- Up-to-date: /home/rhobtor/PHD/ARGOJ8_IA/ARGOSJ8_IA_/install/ctl_mission_interfaces/local/lib/python3.10/dist-packages/ctl_mission_interfaces/ctl_mission_interfaces_s__rosidl_typesupport_introspection_c.cpython-310-x86_64-linux-gnu.so
[2.059s] -- Up-to-date: /home/rhobtor/PHD/ARGOJ8_IA/ARGOSJ8_IA_/install/ctl_mission_interfaces/local/lib/python3.10/dist-packages/ctl_mission_interfaces/__init__.py
[2.059s] -- Up-to-date: /home/rhobtor/PHD/ARGOJ8_IA/ARGOSJ8_IA_/install/ctl_mission_interfaces/local/lib/python3.10/dist-packages/ctl_mission_interfaces/_ctl_mission_interfaces_s.ep.rosidl_typesupport_fastrtps_c.c
[2.059s] -- Up-to-date: /home/rhobtor/PHD/ARGOJ8_IA/ARGOSJ8_IA_/install/ctl_mission_interfaces/local/lib/python3.10/dist-packages/ctl_mission_interfaces/_ctl_mission_interfaces_s.ep.rosidl_typesupport_introspection_c.c
[2.059s] -- Up-to-date: /home/rhobtor/PHD/ARGOJ8_IA/ARGOSJ8_IA_/install/ctl_mission_interfaces/local/lib/python3.10/dist-packages/ctl_mission_interfaces/libctl_mission_interfaces__rosidl_generator_py.so
[2.105s] Listing '/home/rhobtor/PHD/ARGOJ8_IA/ARGOSJ8_IA_/install/ctl_mission_interfaces/local/lib/python3.10/dist-packages/ctl_mission_interfaces'...
[2.106s] Listing '/home/rhobtor/PHD/ARGOJ8_IA/ARGOSJ8_IA_/install/ctl_mission_interfaces/local/lib/python3.10/dist-packages/ctl_mission_interfaces/srv'...
[2.112s] -- Up-to-date: /home/rhobtor/PHD/ARGOJ8_IA/ARGOSJ8_IA_/install/ctl_mission_interfaces/local/lib/python3.10/dist-packages/ctl_mission_interfaces/ctl_mission_interfaces_s__rosidl_typesupport_fastrtps_c.cpython-310-x86_64-linux-gnu.so
[2.112s] -- Up-to-date: /home/rhobtor/PHD/ARGOJ8_IA/ARGOSJ8_IA_/install/ctl_mission_interfaces/local/lib/python3.10/dist-packages/ctl_mission_interfaces/ctl_mission_interfaces_s__rosidl_typesupport_introspection_c.cpython-310-x86_64-linux-gnu.so
[2.113s] -- Up-to-date: /home/rhobtor/PHD/ARGOJ8_IA/ARGOSJ8_IA_/install/ctl_mission_interfaces/local/lib/python3.10/dist-packages/ctl_mission_interfaces/ctl_mission_interfaces_s__rosidl_typesupport_c.cpython-310-x86_64-linux-gnu.so
[2.113s] -- Up-to-date: /home/rhobtor/PHD/ARGOJ8_IA/ARGOSJ8_IA_/install/ctl_mission_interfaces/lib/libctl_mission_interfaces__rosidl_generator_py.so
[2.113s] -- Up-to-date: /home/rhobtor/PHD/ARGOJ8_IA/ARGOSJ8_IA_/install/ctl_mission_interfaces/share/ctl_mission_interfaces/srv/ChangeMode.idl
[2.113s] -- Up-to-date: /home/rhobtor/PHD/ARGOJ8_IA/ARGOSJ8_IA_/install/ctl_mission_interfaces/share/ctl_mission_interfaces/srv/GetMode.idl
[2.113s] -- Up-to-date: /home/rhobtor/PHD/ARGOJ8_IA/ARGOSJ8_IA_/install/ctl_mission_interfaces/share/ctl_mission_interfaces/srv/ChangeSpeed.idl
[2.113s] -- Up-to-date: /home/rhobtor/PHD/ARGOJ8_IA/ARGOSJ8_IA_/install/ctl_mission_interfaces/share/ctl_mission_interfaces/srv/ConfigSimpleCtl.idl
[2.113s] -- Up-to-date: /home/rhobtor/PHD/ARGOJ8_IA/ARGOSJ8_IA_/install/ctl_mission_interfaces/share/ctl_mission_interfaces/srv/GetPossibleTransitions.idl
[2.114s] -- Up-to-date: /home/rhobtor/PHD/ARGOJ8_IA/ARGOSJ8_IA_/install/ctl_mission_interfaces/share/ctl_mission_interfaces/srv/ChangeController.idl
[2.114s] -- Up-to-date: /home/rhobtor/PHD/ARGOJ8_IA/ARGOSJ8_IA_/install/ctl_mission_interfaces/share/ctl_mission_interfaces/srv/ConfigPurePursuitCtrl.idl
[2.114s] -- Up-to-date: /home/rhobtor/PHD/ARGOJ8_IA/ARGOSJ8_IA_/install/ctl_mission_interfaces/share/ctl_mission_interfaces/srv/ConfigStanleyCtrl.idl
[2.114s] -- Up-to-date: /home/rhobtor/PHD/ARGOJ8_IA/ARGOSJ8_IA_/install/ctl_mission_interfaces/share/ctl_mission_interfaces/srv/ConfigDynamicPureCtrl.idl
[2.114s] -- Up-to-date: /home/rhobtor/PHD/ARGOJ8_IA/ARGOSJ8_IA_/install/ctl_mission_interfaces/share/ctl_mission_interfaces/srv/ConfigDynamicLAPureCtrl.idl
[2.115s] -- Up-to-date: /home/rhobtor/PHD/ARGOJ8_IA/ARGOSJ8_IA_/install/ctl_mission_interfaces/share/ctl_mission_interfaces/srv/ConfigRegulatedPureCtrl.idl
[2.115s] -- Up-to-date: /home/rhobtor/PHD/ARGOJ8_IA/ARGOSJ8_IA_/install/ctl_mission_interfaces/share/ctl_mission_interfaces/srv/ChangeMode.srv
[2.115s] -- Up-to-date: /home/rhobtor/PHD/ARGOJ8_IA/ARGOSJ8_IA_/install/ctl_mission_interfaces/share/ctl_mission_interfaces/srv/ChangeMode_Request.msg
[2.115s] -- Up-to-date: /home/rhobtor/PHD/ARGOJ8_IA/ARGOSJ8_IA_/install/ctl_mission_interfaces/share/ctl_mission_interfaces/srv/ChangeMode_Response.msg
[2.115s] -- Up-to-date: /home/rhobtor/PHD/ARGOJ8_IA/ARGOSJ8_IA_/install/ctl_mission_interfaces/share/ctl_mission_interfaces/srv/GetMode.srv
[2.115s] -- Up-to-date: /home/rhobtor/PHD/ARGOJ8_IA/ARGOSJ8_IA_/install/ctl_mission_interfaces/share/ctl_mission_interfaces/srv/GetMode_Request.msg
[2.115s] -- Up-to-date: /home/rhobtor/PHD/ARGOJ8_IA/ARGOSJ8_IA_/install/ctl_mission_interfaces/share/ctl_mission_interfaces/srv/GetMode_Response.msg
[2.115s] -- Up-to-date: /home/rhobtor/PHD/ARGOJ8_IA/ARGOSJ8_IA_/install/ctl_mission_interfaces/share/ctl_mission_interfaces/srv/ChangeSpeed.srv
[2.115s] -- Up-to-date: /home/rhobtor/PHD/ARGOJ8_IA/ARGOSJ8_IA_/install/ctl_mission_interfaces/share/ctl_mission_interfaces/srv/ChangeSpeed_Request.msg
[2.115s] -- Up-to-date: /home/rhobtor/PHD/ARGOJ8_IA/ARGOSJ8_IA_/install/ctl_mission_interfaces/share/ctl_mission_interfaces/srv/ChangeSpeed_Response.msg
[2.115s] -- Up-to-date: /home/rhobtor/PHD/ARGOJ8_IA/ARGOSJ8_IA_/install/ctl_mission_interfaces/share/ctl_mission_interfaces/srv/ConfigSimpleCtl.srv
[2.115s] -- Up-to-date: /home/rhobtor/PHD/ARGOJ8_IA/ARGOSJ8_IA_/install/ctl_mission_interfaces/share/ctl_mission_interfaces/srv/ConfigSimpleCtl_Request.msg
[2.116s] -- Up-to-date: /home/rhobtor/PHD/ARGOJ8_IA/ARGOSJ8_IA_/install/ctl_mission_interfaces/share/ctl_mission_interfaces/srv/ConfigSimpleCtl_Response.msg
[2.116s] -- Up-to-date: /home/rhobtor/PHD/ARGOJ8_IA/ARGOSJ8_IA_/install/ctl_mission_interfaces/share/ctl_mission_interfaces/srv/GetPossibleTransitions.srv
[2.116s] -- Up-to-date: /home/rhobtor/PHD/ARGOJ8_IA/ARGOSJ8_IA_/install/ctl_mission_interfaces/share/ctl_mission_interfaces/srv/GetPossibleTransitions_Request.msg
[2.116s] -- Up-to-date: /home/rhobtor/PHD/ARGOJ8_IA/ARGOSJ8_IA_/install/ctl_mission_interfaces/share/ctl_mission_interfaces/srv/GetPossibleTransitions_Response.msg
[2.116s] -- Up-to-date: /home/rhobtor/PHD/ARGOJ8_IA/ARGOSJ8_IA_/install/ctl_mission_interfaces/share/ctl_mission_interfaces/srv/ChangeController.srv
[2.116s] -- Up-to-date: /home/rhobtor/PHD/ARGOJ8_IA/ARGOSJ8_IA_/install/ctl_mission_interfaces/share/ctl_mission_interfaces/srv/ChangeController_Request.msg
[2.116s] -- Up-to-date: /home/rhobtor/PHD/ARGOJ8_IA/ARGOSJ8_IA_/install/ctl_mission_interfaces/share/ctl_mission_interfaces/srv/ChangeController_Response.msg
[2.116s] -- Up-to-date: /home/rhobtor/PHD/ARGOJ8_IA/ARGOSJ8_IA_/install/ctl_mission_interfaces/share/ctl_mission_interfaces/srv/ConfigPurePursuitCtrl.srv
[2.116s] -- Up-to-date: /home/rhobtor/PHD/ARGOJ8_IA/ARGOSJ8_IA_/install/ctl_mission_interfaces/share/ctl_mission_interfaces/srv/ConfigPurePursuitCtrl_Request.msg
[2.116s] -- Up-to-date: /home/rhobtor/PHD/ARGOJ8_IA/ARGOSJ8_IA_/install/ctl_mission_interfaces/share/ctl_mission_interfaces/srv/ConfigPurePursuitCtrl_Response.msg
[2.117s] -- Up-to-date: /home/rhobtor/PHD/ARGOJ8_IA/ARGOSJ8_IA_/install/ctl_mission_interfaces/share/ctl_mission_interfaces/srv/ConfigStanleyCtrl.srv
[2.117s] -- Up-to-date: /home/rhobtor/PHD/ARGOJ8_IA/ARGOSJ8_IA_/install/ctl_mission_interfaces/share/ctl_mission_interfaces/srv/ConfigStanleyCtrl_Request.msg
[2.117s] -- Up-to-date: /home/rhobtor/PHD/ARGOJ8_IA/ARGOSJ8_IA_/install/ctl_mission_interfaces/share/ctl_mission_interfaces/srv/ConfigStanleyCtrl_Response.msg
[2.117s] -- Up-to-date: /home/rhobtor/PHD/ARGOJ8_IA/ARGOSJ8_IA_/install/ctl_mission_interfaces/share/ctl_mission_interfaces/srv/ConfigDynamicPureCtrl.srv
[2.117s] -- Up-to-date: /home/rhobtor/PHD/ARGOJ8_IA/ARGOSJ8_IA_/install/ctl_mission_interfaces/share/ctl_mission_interfaces/srv/ConfigDynamicPureCtrl_Request.msg
[2.117s] -- Up-to-date: /home/rhobtor/PHD/ARGOJ8_IA/ARGOSJ8_IA_/install/ctl_mission_interfaces/share/ctl_mission_interfaces/srv/ConfigDynamicPureCtrl_Response.msg
[2.117s] -- Up-to-date: /home/rhobtor/PHD/ARGOJ8_IA/ARGOSJ8_IA_/install/ctl_mission_interfaces/share/ctl_mission_interfaces/srv/ConfigDynamicLAPureCtrl.srv
[2.117s] -- Up-to-date: /home/rhobtor/PHD/ARGOJ8_IA/ARGOSJ8_IA_/install/ctl_mission_interfaces/share/ctl_mission_interfaces/srv/ConfigDynamicLAPureCtrl_Request.msg
[2.117s] -- Up-to-date: /home/rhobtor/PHD/ARGOJ8_IA/ARGOSJ8_IA_/install/ctl_mission_interfaces/share/ctl_mission_interfaces/srv/ConfigDynamicLAPureCtrl_Response.msg
[2.117s] -- Up-to-date: /home/rhobtor/PHD/ARGOJ8_IA/ARGOSJ8_IA_/install/ctl_mission_interfaces/share/ctl_mission_interfaces/srv/ConfigRegulatedPureCtrl.srv
[2.118s] -- Up-to-date: /home/rhobtor/PHD/ARGOJ8_IA/ARGOSJ8_IA_/install/ctl_mission_interfaces/share/ctl_mission_interfaces/srv/ConfigRegulatedPureCtrl_Request.msg
[2.118s] -- Up-to-date: /home/rhobtor/PHD/ARGOJ8_IA/ARGOSJ8_IA_/install/ctl_mission_interfaces/share/ctl_mission_interfaces/srv/ConfigRegulatedPureCtrl_Response.msg
[2.118s] -- Up-to-date: /home/rhobtor/PHD/ARGOJ8_IA/ARGOSJ8_IA_/install/ctl_mission_interfaces/share/ament_index/resource_index/package_run_dependencies/ctl_mission_interfaces
[2.118s] -- Up-to-date: /home/rhobtor/PHD/ARGOJ8_IA/ARGOSJ8_IA_/install/ctl_mission_interfaces/share/ament_index/resource_index/parent_prefix_path/ctl_mission_interfaces
[2.118s] -- Up-to-date: /home/rhobtor/PHD/ARGOJ8_IA/ARGOSJ8_IA_/install/ctl_mission_interfaces/share/ctl_mission_interfaces/environment/ament_prefix_path.sh
[2.118s] -- Up-to-date: /home/rhobtor/PHD/ARGOJ8_IA/ARGOSJ8_IA_/install/ctl_mission_interfaces/share/ctl_mission_interfaces/environment/ament_prefix_path.dsv
[2.118s] -- Up-to-date: /home/rhobtor/PHD/ARGOJ8_IA/ARGOSJ8_IA_/install/ctl_mission_interfaces/share/ctl_mission_interfaces/environment/path.sh
[2.118s] -- Up-to-date: /home/rhobtor/PHD/ARGOJ8_IA/ARGOSJ8_IA_/install/ctl_mission_interfaces/share/ctl_mission_interfaces/environment/path.dsv
[2.118s] -- Up-to-date: /home/rhobtor/PHD/ARGOJ8_IA/ARGOSJ8_IA_/install/ctl_mission_interfaces/share/ctl_mission_interfaces/local_setup.bash
[2.118s] -- Up-to-date: /home/rhobtor/PHD/ARGOJ8_IA/ARGOSJ8_IA_/install/ctl_mission_interfaces/share/ctl_mission_interfaces/local_setup.sh
[2.118s] -- Up-to-date: /home/rhobtor/PHD/ARGOJ8_IA/ARGOSJ8_IA_/install/ctl_mission_interfaces/share/ctl_mission_interfaces/local_setup.zsh
[2.118s] -- Up-to-date: /home/rhobtor/PHD/ARGOJ8_IA/ARGOSJ8_IA_/install/ctl_mission_interfaces/share/ctl_mission_interfaces/local_setup.dsv
[2.118s] -- Installing: /home/rhobtor/PHD/ARGOJ8_IA/ARGOSJ8_IA_/install/ctl_mission_interfaces/share/ctl_mission_interfaces/package.dsv
[2.119s] -- Up-to-date: /home/rhobtor/PHD/ARGOJ8_IA/ARGOSJ8_IA_/install/ctl_mission_interfaces/share/ament_index/resource_index/packages/ctl_mission_interfaces
[2.119s] -- Up-to-date: /home/rhobtor/PHD/ARGOJ8_IA/ARGOSJ8_IA_/install/ctl_mission_interfaces/share/ctl_mission_interfaces/cmake/export_ctl_mission_interfaces__rosidl_generator_cExport.cmake
[2.119s] -- Up-to-date: /home/rhobtor/PHD/ARGOJ8_IA/ARGOSJ8_IA_/install/ctl_mission_interfaces/share/ctl_mission_interfaces/cmake/export_ctl_mission_interfaces__rosidl_generator_cExport-noconfig.cmake
[2.119s] -- Up-to-date: /home/rhobtor/PHD/ARGOJ8_IA/ARGOSJ8_IA_/install/ctl_mission_interfaces/share/ctl_mission_interfaces/cmake/export_ctl_mission_interfaces__rosidl_typesupport_fastrtps_cExport.cmake
[2.119s] -- Up-to-date: /home/rhobtor/PHD/ARGOJ8_IA/ARGOSJ8_IA_/install/ctl_mission_interfaces/share/ctl_mission_interfaces/cmake/export_ctl_mission_interfaces__rosidl_typesupport_fastrtps_cExport-noconfig.cmake
[2.119s] -- Up-to-date: /home/rhobtor/PHD/ARGOJ8_IA/ARGOSJ8_IA_/install/ctl_mission_interfaces/share/ctl_mission_interfaces/cmake/ctl_mission_interfaces__rosidl_typesupport_introspection_cExport.cmake
[2.119s] -- Up-to-date: /home/rhobtor/PHD/ARGOJ8_IA/ARGOSJ8_IA_/install/ctl_mission_interfaces/share/ctl_mission_interfaces/cmake/ctl_mission_interfaces__rosidl_typesupport_introspection_cExport-noconfig.cmake
[2.119s] -- Up-to-date: /home/rhobtor/PHD/ARGOJ8_IA/ARGOSJ8_IA_/install/ctl_mission_interfaces/share/ctl_mission_interfaces/cmake/ctl_mission_interfaces__rosidl_typesupport_cExport.cmake
[2.119s] -- Up-to-date: /home/rhobtor/PHD/ARGOJ8_IA/ARGOSJ8_IA_/install/ctl_mission_interfaces/share/ctl_mission_interfaces/cmake/ctl_mission_interfaces__rosidl_typesupport_cExport-noconfig.cmake
[2.120s] -- Up-to-date: /home/rhobtor/PHD/ARGOJ8_IA/ARGOSJ8_IA_/install/ctl_mission_interfaces/share/ctl_mission_interfaces/cmake/export_ctl_mission_interfaces__rosidl_generator_cppExport.cmake
[2.121s] -- Up-to-date: /home/rhobtor/PHD/ARGOJ8_IA/ARGOSJ8_IA_/install/ctl_mission_interfaces/share/ctl_mission_interfaces/cmake/export_ctl_mission_interfaces__rosidl_typesupport_fastrtps_cppExport.cmake
[2.121s] -- Up-to-date: /home/rhobtor/PHD/ARGOJ8_IA/ARGOSJ8_IA_/install/ctl_mission_interfaces/share/ctl_mission_interfaces/cmake/export_ctl_mission_interfaces__rosidl_typesupport_fastrtps_cppExport-noconfig.cmake
[2.122s] -- Up-to-date: /home/rhobtor/PHD/ARGOJ8_IA/ARGOSJ8_IA_/install/ctl_mission_interfaces/share/ctl_mission_interfaces/cmake/ctl_mission_interfaces__rosidl_typesupport_introspection_cppExport.cmake
[2.123s] -- Up-to-date: /home/rhobtor/PHD/ARGOJ8_IA/ARGOSJ8_IA_/install/ctl_mission_interfaces/share/ctl_mission_interfaces/cmake/ctl_mission_interfaces__rosidl_typesupport_introspection_cppExport-noconfig.cmake
[2.125s] -- Up-to-date: /home/rhobtor/PHD/ARGOJ8_IA/ARGOSJ8_IA_/install/ctl_mission_interfaces/share/ctl_mission_interfaces/cmake/ctl_mission_interfaces__rosidl_typesupport_cppExport.cmake
[2.127s] -- Up-to-date: /home/rhobtor/PHD/ARGOJ8_IA/ARGOSJ8_IA_/install/ctl_mission_interfaces/share/ctl_mission_interfaces/cmake/ctl_mission_interfaces__rosidl_typesupport_cppExport-noconfig.cmake
[2.127s] -- Up-to-date: /home/rhobtor/PHD/ARGOJ8_IA/ARGOSJ8_IA_/install/ctl_mission_interfaces/share/ctl_mission_interfaces/cmake/export_ctl_mission_interfaces__rosidl_generator_pyExport.cmake
[2.127s] -- Up-to-date: /home/rhobtor/PHD/ARGOJ8_IA/ARGOSJ8_IA_/install/ctl_mission_interfaces/share/ctl_mission_interfaces/cmake/export_ctl_mission_interfaces__rosidl_generator_pyExport-noconfig.cmake
[2.127s] -- Up-to-date: /home/rhobtor/PHD/ARGOJ8_IA/ARGOSJ8_IA_/install/ctl_mission_interfaces/share/ctl_mission_interfaces/cmake/rosidl_cmake-extras.cmake
[2.127s] -- Up-to-date: /home/rhobtor/PHD/ARGOJ8_IA/ARGOSJ8_IA_/install/ctl_mission_interfaces/share/ctl_mission_interfaces/cmake/ament_cmake_export_dependencies-extras.cmake
[2.127s] -- Up-to-date: /home/rhobtor/PHD/ARGOJ8_IA/ARGOSJ8_IA_/install/ctl_mission_interfaces/share/ctl_mission_interfaces/cmake/ament_cmake_export_include_directories-extras.cmake
[2.127s] -- Up-to-date: /home/rhobtor/PHD/ARGOJ8_IA/ARGOSJ8_IA_/install/ctl_mission_interfaces/share/ctl_mission_interfaces/cmake/ament_cmake_export_libraries-extras.cmake
[2.127s] -- Up-to-date: /home/rhobtor/PHD/ARGOJ8_IA/ARGOSJ8_IA_/install/ctl_mission_interfaces/share/ctl_mission_interfaces/cmake/ament_cmake_export_targets-extras.cmake
[2.127s] -- Up-to-date: /home/rhobtor/PHD/ARGOJ8_IA/ARGOSJ8_IA_/install/ctl_mission_interfaces/share/ctl_mission_interfaces/cmake/rosidl_cmake_export_typesupport_targets-extras.cmake
[2.127s] -- Up-to-date: /home/rhobtor/PHD/ARGOJ8_IA/ARGOSJ8_IA_/install/ctl_mission_interfaces/share/ctl_mission_interfaces/cmake/rosidl_cmake_export_typesupport_libraries-extras.cmake
[2.128s] -- Up-to-date: /home/rhobtor/PHD/ARGOJ8_IA/ARGOSJ8_IA_/install/ctl_mission_interfaces/share/ctl_mission_interfaces/cmake/ctl_mission_interfacesConfig.cmake
[2.128s] -- Up-to-date: /home/rhobtor/PHD/ARGOJ8_IA/ARGOSJ8_IA_/install/ctl_mission_interfaces/share/ctl_mission_interfaces/cmake/ctl_mission_interfacesConfig-version.cmake
[2.128s] -- Up-to-date: /home/rhobtor/PHD/ARGOJ8_IA/ARGOSJ8_IA_/install/ctl_mission_interfaces/share/ctl_mission_interfaces/package.xml
[2.223s] Invoked command in '/home/rhobtor/PHD/ARGOJ8_IA/ARGOSJ8_IA_/build/ctl_mission_interfaces' returned '0': CMAKE_PREFIX_PATH=${CMAKE_PREFIX_PATH}:/home/rhobtor/PHD/ARGOJ8_IA/ARGOSJ8_IA_/install/ntrip_client:/home/rhobtor/PHD/ARGOJ8_IA/ARGOSJ8_IA_/install/car:/home/rhobtor/PHD/ARGOJ8_IA/ARGOSJ8_IA_/install/android_ros2_server:/home/rhobtor/PHD/reactive/Reactive-Navegation/workspace_full_conected/install/car:/opt/ros/humble /opt/st/stm32cubeclt_1.18.0/CMake/bin/cmake --install /home/rhobtor/PHD/ARGOJ8_IA/ARGOSJ8_IA_/build/ctl_mission_interfaces
