[3.065s] Invoking command in '/home/rhobtor/PHD/ARGOJ8_IA/ARGOSJ8_IA_/src/test_gui_j8/src/j8_gui': PYTHONPATH=/home/rhobtor/PHD/ARGOJ8_IA/ARGOSJ8_IA_/build/j8_gui/prefix_override:/usr/lib/python3/dist-packages/colcon_core/task/python/colcon_distutils_commands:/home/rhobtor/PHD/ARGOJ8_IA/ARGOSJ8_IA_/install/j8_gui/lib/python3.10/site-packages:${PYTHONPATH} /usr/bin/python3 -W ignore:setup.py install is deprecated -W ignore:easy_install command is deprecated setup.py egg_info --egg-base ../../../../build/j8_gui build --build-base /home/rhobtor/PHD/ARGOJ8_IA/ARGOSJ8_IA_/build/j8_gui/build install --record /home/rhobtor/PHD/ARGOJ8_IA/ARGOSJ8_IA_/build/j8_gui/install.log --single-version-externally-managed install_data
[3.520s] /home/rhobtor/.local/lib/python3.10/site-packages/setuptools/_distutils/dist.py:289: UserWarning: Unknown distribution option: 'tests_require'
[3.520s]   warnings.warn(msg)
[3.576s] running egg_info
[3.579s] writing ../../../../build/j8_gui/j8_gui.egg-info/PKG-INFO
[3.579s] writing dependency_links to ../../../../build/j8_gui/j8_gui.egg-info/dependency_links.txt
[3.579s] writing entry points to ../../../../build/j8_gui/j8_gui.egg-info/entry_points.txt
[3.579s] writing requirements to ../../../../build/j8_gui/j8_gui.egg-info/requires.txt
[3.579s] writing top-level names to ../../../../build/j8_gui/j8_gui.egg-info/top_level.txt
[3.586s] reading manifest file '../../../../build/j8_gui/j8_gui.egg-info/SOURCES.txt'
[3.586s] writing manifest file '../../../../build/j8_gui/j8_gui.egg-info/SOURCES.txt'
[3.586s] running build
[3.587s] running build_py
[3.587s] copying j8_gui/__init__.py -> /home/rhobtor/PHD/ARGOJ8_IA/ARGOSJ8_IA_/build/j8_gui/build/lib/j8_gui
[3.587s] copying j8_gui/ros_api.py -> /home/rhobtor/PHD/ARGOJ8_IA/ARGOSJ8_IA_/build/j8_gui/build/lib/j8_gui
[3.587s] copying j8_gui/gui_node.py -> /home/rhobtor/PHD/ARGOJ8_IA/ARGOSJ8_IA_/build/j8_gui/build/lib/j8_gui
[3.587s] copying j8_gui/app/state_widget.py -> /home/rhobtor/PHD/ARGOJ8_IA/ARGOSJ8_IA_/build/j8_gui/build/lib/j8_gui/app
[3.587s] copying j8_gui/app/followzed_widget.py -> /home/rhobtor/PHD/ARGOJ8_IA/ARGOSJ8_IA_/build/j8_gui/build/lib/j8_gui/app
[3.587s] copying j8_gui/app/__init__.py -> /home/rhobtor/PHD/ARGOJ8_IA/ARGOSJ8_IA_/build/j8_gui/build/lib/j8_gui/app
[3.588s] copying j8_gui/app/map_bridge.py -> /home/rhobtor/PHD/ARGOJ8_IA/ARGOSJ8_IA_/build/j8_gui/build/lib/j8_gui/app
[3.589s] copying j8_gui/app/control_widget.py -> /home/rhobtor/PHD/ARGOJ8_IA/ARGOSJ8_IA_/build/j8_gui/build/lib/j8_gui/app
[3.589s] copying j8_gui/app/main_window.py -> /home/rhobtor/PHD/ARGOJ8_IA/ARGOSJ8_IA_/build/j8_gui/build/lib/j8_gui/app
[3.589s] running install
[3.592s] running install_lib
[3.619s] copying /home/rhobtor/PHD/ARGOJ8_IA/ARGOSJ8_IA_/build/j8_gui/build/lib/j8_gui/app/state_widget.py -> /home/rhobtor/PHD/ARGOJ8_IA/ARGOSJ8_IA_/install/j8_gui/lib/python3.10/site-packages/j8_gui/app
[3.619s] copying /home/rhobtor/PHD/ARGOJ8_IA/ARGOSJ8_IA_/build/j8_gui/build/lib/j8_gui/app/main_window.py -> /home/rhobtor/PHD/ARGOJ8_IA/ARGOSJ8_IA_/install/j8_gui/lib/python3.10/site-packages/j8_gui/app
[3.621s] byte-compiling /home/rhobtor/PHD/ARGOJ8_IA/ARGOSJ8_IA_/install/j8_gui/lib/python3.10/site-packages/j8_gui/app/state_widget.py to state_widget.cpython-310.pyc
[3.633s] byte-compiling /home/rhobtor/PHD/ARGOJ8_IA/ARGOSJ8_IA_/install/j8_gui/lib/python3.10/site-packages/j8_gui/app/main_window.py to main_window.cpython-310.pyc
[3.645s] running install_data
[3.645s] copying resource/j8_gui -> /home/rhobtor/PHD/ARGOJ8_IA/ARGOSJ8_IA_/install/j8_gui/share/ament_index/resource_index/packages
[3.646s] copying package.xml -> /home/rhobtor/PHD/ARGOJ8_IA/ARGOSJ8_IA_/install/j8_gui/share/j8_gui
[3.646s] copying j8_gui/resources/map.html -> /home/rhobtor/PHD/ARGOJ8_IA/ARGOSJ8_IA_/install/j8_gui/share/j8_gui/resources
[3.646s] copying resource/j8_gui -> /home/rhobtor/PHD/ARGOJ8_IA/ARGOSJ8_IA_/install/j8_gui/share/ament_index/resource_index/packages
[3.646s] copying package.xml -> /home/rhobtor/PHD/ARGOJ8_IA/ARGOSJ8_IA_/install/j8_gui/share/j8_gui
[3.646s] copying j8_gui/resources/map.html -> /home/rhobtor/PHD/ARGOJ8_IA/ARGOSJ8_IA_/install/j8_gui/share/j8_gui/resources
[3.646s] copying j8_gui/resources/vendor/leaflet/leaflet.js -> /home/rhobtor/PHD/ARGOJ8_IA/ARGOSJ8_IA_/install/j8_gui/share/j8_gui/resources/vendor/leaflet
[3.646s] copying j8_gui/resources/vendor/leaflet/leaflet.css -> /home/rhobtor/PHD/ARGOJ8_IA/ARGOSJ8_IA_/install/j8_gui/share/j8_gui/resources/vendor/leaflet
[3.648s] copying j8_gui/resources/vendor/leaflet/images/marker-icon.png -> /home/rhobtor/PHD/ARGOJ8_IA/ARGOSJ8_IA_/install/j8_gui/share/j8_gui/resources/vendor/leaflet/images
[3.648s] copying j8_gui/resources/vendor/leaflet/images/marker-icon-2x.png -> /home/rhobtor/PHD/ARGOJ8_IA/ARGOSJ8_IA_/install/j8_gui/share/j8_gui/resources/vendor/leaflet/images
[3.648s] copying j8_gui/resources/vendor/leaflet/images/marker-shadow.png -> /home/rhobtor/PHD/ARGOJ8_IA/ARGOSJ8_IA_/install/j8_gui/share/j8_gui/resources/vendor/leaflet/images
[3.648s] running install_egg_info
[3.674s] removing '/home/rhobtor/PHD/ARGOJ8_IA/ARGOSJ8_IA_/install/j8_gui/lib/python3.10/site-packages/j8_gui-0.1.0-py3.10.egg-info' (and everything under it)
[3.674s] Copying ../../../../build/j8_gui/j8_gui.egg-info to /home/rhobtor/PHD/ARGOJ8_IA/ARGOSJ8_IA_/install/j8_gui/lib/python3.10/site-packages/j8_gui-0.1.0-py3.10.egg-info
[3.675s] running install_scripts
[3.750s] Installing gui script to /home/rhobtor/PHD/ARGOJ8_IA/ARGOSJ8_IA_/install/j8_gui/lib/j8_gui
[3.750s] writing list of installed files to '/home/rhobtor/PHD/ARGOJ8_IA/ARGOSJ8_IA_/build/j8_gui/install.log'
[3.913s] Invoked command in '/home/rhobtor/PHD/ARGOJ8_IA/ARGOSJ8_IA_/src/test_gui_j8/src/j8_gui' returned '0': PYTHONPATH=/home/rhobtor/PHD/ARGOJ8_IA/ARGOSJ8_IA_/build/j8_gui/prefix_override:/usr/lib/python3/dist-packages/colcon_core/task/python/colcon_distutils_commands:/home/rhobtor/PHD/ARGOJ8_IA/ARGOSJ8_IA_/install/j8_gui/lib/python3.10/site-packages:${PYTHONPATH} /usr/bin/python3 -W ignore:setup.py install is deprecated -W ignore:easy_install command is deprecated setup.py egg_info --egg-base ../../../../build/j8_gui build --build-base /home/rhobtor/PHD/ARGOJ8_IA/ARGOSJ8_IA_/build/j8_gui/build install --record /home/rhobtor/PHD/ARGOJ8_IA/ARGOSJ8_IA_/build/j8_gui/install.log --single-version-externally-managed install_data
