[1.537s] Invoking command in '/home/rhobtor/PHD/ARGOJ8_IA/ARGOSJ8_IA_/src/argo_drivers_pkgs/ntrip_client': PYTHONPATH=/home/rhobtor/PHD/ARGOJ8_IA/ARGOSJ8_IA_/build/ntrip_client/prefix_override:/usr/lib/python3/dist-packages/colcon_core/task/python/colcon_distutils_commands:/home/rhobtor/PHD/ARGOJ8_IA/ARGOSJ8_IA_/install/ntrip_client/lib/python3.10/site-packages:${PYTHONPATH} /usr/bin/python3 -W ignore:setup.py install is deprecated -W ignore:easy_install command is deprecated setup.py egg_info --egg-base ../../../build/ntrip_client build --build-base /home/rhobtor/PHD/ARGOJ8_IA/ARGOSJ8_IA_/build/ntrip_client/build install --record /home/rhobtor/PHD/ARGOJ8_IA/ARGOSJ8_IA_/build/ntrip_client/install.log --single-version-externally-managed install_data
[1.712s] /home/rhobtor/.local/lib/python3.10/site-packages/setuptools/_distutils/dist.py:289: UserWarning: Unknown distribution option: 'tests_require'
[1.712s]   warnings.warn(msg)
[1.745s] /home/rhobtor/.local/lib/python3.10/site-packages/setuptools/dist.py:759: SetuptoolsDeprecationWarning: License classifiers are deprecated.
[1.745s] !!
[1.745s] 
[1.745s]         ********************************************************************************
[1.745s]         Please consider removing the following classifiers in favor of a SPDX license expression:
[1.745s] 
[1.745s]         License :: OSI Approved :: MIT Software License
[1.746s] 
[1.746s]         See https://packaging.python.org/en/latest/guides/writing-pyproject-toml/#license for details.
[1.746s]         ********************************************************************************
[1.746s] 
[1.746s] !!
[1.746s]   self._finalize_license_expression()
[1.811s] running egg_info
[1.827s] writing ../../../build/ntrip_client/ntrip_client.egg-info/PKG-INFO
[1.828s] writing dependency_links to ../../../build/ntrip_client/ntrip_client.egg-info/dependency_links.txt
[1.828s] writing requirements to ../../../build/ntrip_client/ntrip_client.egg-info/requires.txt
[1.828s] writing top-level names to ../../../build/ntrip_client/ntrip_client.egg-info/top_level.txt
[1.880s] reading manifest file '../../../build/ntrip_client/ntrip_client.egg-info/SOURCES.txt'
[1.881s] adding license file 'LICENSE'
[1.881s] writing manifest file '../../../build/ntrip_client/ntrip_client.egg-info/SOURCES.txt'
[1.881s] running build
[1.882s] running build_py
[1.882s] copying src/ntrip_client/ntrip_client.py -> /home/rhobtor/PHD/ARGOJ8_IA/ARGOSJ8_IA_/build/ntrip_client/build/lib/ntrip_client
[1.883s] copying src/ntrip_client/rtcm_parser.py -> /home/rhobtor/PHD/ARGOJ8_IA/ARGOSJ8_IA_/build/ntrip_client/build/lib/ntrip_client
[1.883s] copying src/ntrip_client/__init__.py -> /home/rhobtor/PHD/ARGOJ8_IA/ARGOSJ8_IA_/build/ntrip_client/build/lib/ntrip_client
[1.883s] copying src/ntrip_client/nmea_parser.py -> /home/rhobtor/PHD/ARGOJ8_IA/ARGOSJ8_IA_/build/ntrip_client/build/lib/ntrip_client
[1.883s] running build_scripts
[1.883s] running install
[1.887s] running install_lib
[1.916s] running install_data
[1.916s] copying resource/ntrip_client -> /home/rhobtor/PHD/ARGOJ8_IA/ARGOSJ8_IA_/install/ntrip_client/share/ament_index/resource_index/packages
[1.917s] copying package.xml -> /home/rhobtor/PHD/ARGOJ8_IA/ARGOSJ8_IA_/install/ntrip_client/share/ntrip_client
[1.922s] copying launch/gps_ntrip_launch.py -> /home/rhobtor/PHD/ARGOJ8_IA/ARGOSJ8_IA_/install/ntrip_client/share/ntrip_client
[1.922s] copying launch/ntrip_client_launch.py -> /home/rhobtor/PHD/ARGOJ8_IA/ARGOSJ8_IA_/install/ntrip_client/share/ntrip_client
[1.922s] running install_egg_info
[2.042s] removing '/home/rhobtor/PHD/ARGOJ8_IA/ARGOSJ8_IA_/install/ntrip_client/lib/python3.10/site-packages/ntrip_client-1.2.0-py3.10.egg-info' (and everything under it)
[2.042s] Copying ../../../build/ntrip_client/ntrip_client.egg-info to /home/rhobtor/PHD/ARGOJ8_IA/ARGOSJ8_IA_/install/ntrip_client/lib/python3.10/site-packages/ntrip_client-1.2.0-py3.10.egg-info
[2.046s] running install_scripts
[2.092s] copying /home/rhobtor/PHD/ARGOJ8_IA/ARGOSJ8_IA_/build/ntrip_client/build/scripts-3.10/ntrip_ros.py -> /home/rhobtor/PHD/ARGOJ8_IA/ARGOSJ8_IA_/install/ntrip_client/lib/ntrip_client
[2.094s] changing mode of /home/rhobtor/PHD/ARGOJ8_IA/ARGOSJ8_IA_/install/ntrip_client/lib/ntrip_client/ntrip_ros.py to 775
[2.094s] writing list of installed files to '/home/rhobtor/PHD/ARGOJ8_IA/ARGOSJ8_IA_/build/ntrip_client/install.log'
[2.121s] Invoked command in '/home/rhobtor/PHD/ARGOJ8_IA/ARGOSJ8_IA_/src/argo_drivers_pkgs/ntrip_client' returned '0': PYTHONPATH=/home/rhobtor/PHD/ARGOJ8_IA/ARGOSJ8_IA_/build/ntrip_client/prefix_override:/usr/lib/python3/dist-packages/colcon_core/task/python/colcon_distutils_commands:/home/rhobtor/PHD/ARGOJ8_IA/ARGOSJ8_IA_/install/ntrip_client/lib/python3.10/site-packages:${PYTHONPATH} /usr/bin/python3 -W ignore:setup.py install is deprecated -W ignore:easy_install command is deprecated setup.py egg_info --egg-base ../../../build/ntrip_client build --build-base /home/rhobtor/PHD/ARGOJ8_IA/ARGOSJ8_IA_/build/ntrip_client/build install --record /home/rhobtor/PHD/ARGOJ8_IA/ARGOSJ8_IA_/build/ntrip_client/install.log --single-version-externally-managed install_data
