[0.437s] Invoking command in '/home/rhobtor/PHD/ARGOJ8_IA/ARGOSJ8_IA_/build/spacenav': CMAKE_PREFIX_PATH=${CMAKE_PREFIX_PATH}:/opt/ros/humble /opt/st/stm32cubeclt_1.18.0/CMake/bin/cmake --build /home/rhobtor/PHD/ARGOJ8_IA/ARGOSJ8_IA_/build/spacenav -- -j16 -l16
[0.483s] [ 50%] Built target spacenav_node
[0.484s] [100%] Built target spacenav
[0.923s] Invoked command in '/home/rhobtor/PHD/ARGOJ8_IA/ARGOSJ8_IA_/build/spacenav' returned '0': CMAKE_PREFIX_PATH=${CMAKE_PREFIX_PATH}:/opt/ros/humble /opt/st/stm32cubeclt_1.18.0/CMake/bin/cmake --build /home/rhobtor/PHD/ARGOJ8_IA/ARGOSJ8_IA_/build/spacenav -- -j16 -l16
[0.931s] Invoking command in '/home/rhobtor/PHD/ARGOJ8_IA/ARGOSJ8_IA_/build/spacenav': CMAKE_PREFIX_PATH=${CMAKE_PREFIX_PATH}:/opt/ros/humble /opt/st/stm32cubeclt_1.18.0/CMake/bin/cmake --install /home/rhobtor/PHD/ARGOJ8_IA/ARGOSJ8_IA_/build/spacenav
[0.946s] -- Install configuration: ""
[0.946s] -- Up-to-date: /home/rhobtor/PHD/ARGOJ8_IA/ARGOSJ8_IA_/install/spacenav/lib/libspacenav.so
[0.946s] -- Up-to-date: /home/rhobtor/PHD/ARGOJ8_IA/ARGOSJ8_IA_/install/spacenav/lib/spacenav/spacenav_node
[0.946s] -- Up-to-date: /home/rhobtor/PHD/ARGOJ8_IA/ARGOSJ8_IA_/install/spacenav/include/spacenav
[0.946s] -- Up-to-date: /home/rhobtor/PHD/ARGOJ8_IA/ARGOSJ8_IA_/install/spacenav/include/spacenav/spacenav
[0.946s] -- Up-to-date: /home/rhobtor/PHD/ARGOJ8_IA/ARGOSJ8_IA_/install/spacenav/include/spacenav/spacenav/spacenav.hpp
[0.946s] -- Up-to-date: /home/rhobtor/PHD/ARGOJ8_IA/ARGOSJ8_IA_/install/spacenav/share/spacenav//launch
[0.946s] -- Up-to-date: /home/rhobtor/PHD/ARGOJ8_IA/ARGOSJ8_IA_/install/spacenav/share/spacenav//launch/static_deadband-launch.py
[0.947s] -- Up-to-date: /home/rhobtor/PHD/ARGOJ8_IA/ARGOSJ8_IA_/install/spacenav/share/spacenav//launch/no_deadband-launch.py
[0.947s] -- Up-to-date: /home/rhobtor/PHD/ARGOJ8_IA/ARGOSJ8_IA_/install/spacenav/share/spacenav//launch/classic-launch.py
[0.947s] -- Up-to-date: /home/rhobtor/PHD/ARGOJ8_IA/ARGOSJ8_IA_/install/spacenav/lib/libspacenav.so
[0.947s] -- Up-to-date: /home/rhobtor/PHD/ARGOJ8_IA/ARGOSJ8_IA_/install/spacenav/share/ament_index/resource_index/package_run_dependencies/spacenav
[0.947s] -- Up-to-date: /home/rhobtor/PHD/ARGOJ8_IA/ARGOSJ8_IA_/install/spacenav/share/ament_index/resource_index/parent_prefix_path/spacenav
[0.947s] -- Up-to-date: /home/rhobtor/PHD/ARGOJ8_IA/ARGOSJ8_IA_/install/spacenav/share/spacenav/environment/ament_prefix_path.sh
[0.947s] -- Up-to-date: /home/rhobtor/PHD/ARGOJ8_IA/ARGOSJ8_IA_/install/spacenav/share/spacenav/environment/ament_prefix_path.dsv
[0.947s] -- Up-to-date: /home/rhobtor/PHD/ARGOJ8_IA/ARGOSJ8_IA_/install/spacenav/share/spacenav/environment/path.sh
[0.947s] -- Up-to-date: /home/rhobtor/PHD/ARGOJ8_IA/ARGOSJ8_IA_/install/spacenav/share/spacenav/environment/path.dsv
[0.947s] -- Up-to-date: /home/rhobtor/PHD/ARGOJ8_IA/ARGOSJ8_IA_/install/spacenav/share/spacenav/local_setup.bash
[0.947s] -- Up-to-date: /home/rhobtor/PHD/ARGOJ8_IA/ARGOSJ8_IA_/install/spacenav/share/spacenav/local_setup.sh
[0.947s] -- Up-to-date: /home/rhobtor/PHD/ARGOJ8_IA/ARGOSJ8_IA_/install/spacenav/share/spacenav/local_setup.zsh
[0.948s] -- Up-to-date: /home/rhobtor/PHD/ARGOJ8_IA/ARGOSJ8_IA_/install/spacenav/share/spacenav/local_setup.dsv
[0.948s] -- Installing: /home/rhobtor/PHD/ARGOJ8_IA/ARGOSJ8_IA_/install/spacenav/share/spacenav/package.dsv
[0.948s] -- Up-to-date: /home/rhobtor/PHD/ARGOJ8_IA/ARGOSJ8_IA_/install/spacenav/share/ament_index/resource_index/packages/spacenav
[0.948s] -- Up-to-date: /home/rhobtor/PHD/ARGOJ8_IA/ARGOSJ8_IA_/install/spacenav/share/ament_index/resource_index/rclcpp_components/spacenav
[0.948s] -- Up-to-date: /home/rhobtor/PHD/ARGOJ8_IA/ARGOSJ8_IA_/install/spacenav/share/spacenav/cmake/export_spacenavExport.cmake
[0.948s] -- Up-to-date: /home/rhobtor/PHD/ARGOJ8_IA/ARGOSJ8_IA_/install/spacenav/share/spacenav/cmake/export_spacenavExport-noconfig.cmake
[0.948s] -- Up-to-date: /home/rhobtor/PHD/ARGOJ8_IA/ARGOSJ8_IA_/install/spacenav/share/spacenav/cmake/ament_cmake_export_targets-extras.cmake
[0.948s] -- Up-to-date: /home/rhobtor/PHD/ARGOJ8_IA/ARGOSJ8_IA_/install/spacenav/share/spacenav/cmake/ament_cmake_export_dependencies-extras.cmake
[0.948s] -- Up-to-date: /home/rhobtor/PHD/ARGOJ8_IA/ARGOSJ8_IA_/install/spacenav/share/spacenav/cmake/spacenavConfig.cmake
[0.948s] -- Up-to-date: /home/rhobtor/PHD/ARGOJ8_IA/ARGOSJ8_IA_/install/spacenav/share/spacenav/cmake/spacenavConfig-version.cmake
[0.948s] -- Up-to-date: /home/rhobtor/PHD/ARGOJ8_IA/ARGOSJ8_IA_/install/spacenav/share/spacenav/package.xml
[1.212s] Invoked command in '/home/rhobtor/PHD/ARGOJ8_IA/ARGOSJ8_IA_/build/spacenav' returned '0': CMAKE_PREFIX_PATH=${CMAKE_PREFIX_PATH}:/opt/ros/humble /opt/st/stm32cubeclt_1.18.0/CMake/bin/cmake --install /home/rhobtor/PHD/ARGOJ8_IA/ARGOSJ8_IA_/build/spacenav
