[0.782s] Invoking command in '/home/rhobtor/PHD/ARGOJ8_IA/ARGOSJ8_IA_/src/car_python': AMENT_PREFIX_PATH=/home/rhobtor/PHD/ARGOJ8_IA/ARGOSJ8_IA_/install/car_interfaces:/home/rhobtor/PHD/ARGOJ8_IA/ARGOSJ8_IA_/install/argj801_ctl_platform_interfaces:${AMENT_PREFIX_PATH} CMAKE_PREFIX_PATH=/home/rhobtor/PHD/ARGOJ8_IA/ARGOSJ8_IA_/install/car_interfaces:/home/rhobtor/PHD/ARGOJ8_IA/ARGOSJ8_IA_/install/argj801_ctl_platform_interfaces:${CMAKE_PREFIX_PATH} LD_LIBRARY_PATH=/home/rhobtor/PHD/ARGOJ8_IA/ARGOSJ8_IA_/install/car_interfaces/lib:/home/rhobtor/PHD/ARGOJ8_IA/ARGOSJ8_IA_/install/argj801_ctl_platform_interfaces/lib:${LD_LIBRARY_PATH} PYTHONPATH=/home/rhobtor/PHD/ARGOJ8_IA/ARGOSJ8_IA_/build/car/prefix_override:/usr/lib/python3/dist-packages/colcon_core/task/python/colcon_distutils_commands:/home/rhobtor/PHD/ARGOJ8_IA/ARGOSJ8_IA_/install/car/lib/python3.10/site-packages:/home/rhobtor/PHD/ARGOJ8_IA/ARGOSJ8_IA_/install/car_interfaces/local/lib/python3.10/dist-packages:/home/rhobtor/PHD/ARGOJ8_IA/ARGOSJ8_IA_/install/argj801_ctl_platform_interfaces/local/lib/python3.10/dist-packages:${PYTHONPATH} /usr/bin/python3 -W ignore:setup.py install is deprecated -W ignore:easy_install command is deprecated setup.py egg_info --egg-base ../../build/car build --build-base /home/rhobtor/PHD/ARGOJ8_IA/ARGOSJ8_IA_/build/car/build install --record /home/rhobtor/PHD/ARGOJ8_IA/ARGOSJ8_IA_/build/car/install.log --single-version-externally-managed install_data
[0.884s] /home/rhobtor/.local/lib/python3.10/site-packages/setuptools/_distutils/dist.py:289: UserWarning: Unknown distribution option: 'tests_require'
[0.884s]   warnings.warn(msg)
[0.933s] running egg_info
[0.941s] writing ../../build/car/car.egg-info/PKG-INFO
[0.942s] writing dependency_links to ../../build/car/car.egg-info/dependency_links.txt
[0.942s] writing entry points to ../../build/car/car.egg-info/entry_points.txt
[0.942s] writing requirements to ../../build/car/car.egg-info/requires.txt
[0.942s] writing top-level names to ../../build/car/car.egg-info/top_level.txt
[0.963s] reading manifest file '../../build/car/car.egg-info/SOURCES.txt'
[0.965s] writing manifest file '../../build/car/car.egg-info/SOURCES.txt'
[0.965s] running build
[0.965s] running build_py
[0.966s] copying car/latlon_circuit.py -> /home/rhobtor/PHD/ARGOJ8_IA/ARGOSJ8_IA_/build/car/build/lib/car
[0.966s] copying car/points_goal_old.py -> /home/rhobtor/PHD/ARGOJ8_IA/ARGOSJ8_IA_/build/car/build/lib/car
[0.966s] copying car/keyboard_control.py -> /home/rhobtor/PHD/ARGOJ8_IA/ARGOSJ8_IA_/build/car/build/lib/car
[0.967s] copying car/memory_map.py -> /home/rhobtor/PHD/ARGOJ8_IA/ARGOSJ8_IA_/build/car/build/lib/car
[0.967s] copying car/path_ppo_cnn_lstm_full_model.py -> /home/rhobtor/PHD/ARGOJ8_IA/ARGOSJ8_IA_/build/car/build/lib/car
[0.968s] copying car/j8_test_ppo.py -> /home/rhobtor/PHD/ARGOJ8_IA/ARGOSJ8_IA_/build/car/build/lib/car
[0.968s] copying car/scape_test.py -> /home/rhobtor/PHD/ARGOJ8_IA/ARGOSJ8_IA_/build/car/build/lib/car
[0.968s] copying car/movement_predictive.py -> /home/rhobtor/PHD/ARGOJ8_IA/ARGOSJ8_IA_/build/car/build/lib/car
[0.968s] copying car/cmd_vel_to_throttle.py -> /home/rhobtor/PHD/ARGOJ8_IA/ARGOSJ8_IA_/build/car/build/lib/car
[0.968s] copying car/goal_local_marker.py -> /home/rhobtor/PHD/ARGOJ8_IA/ARGOSJ8_IA_/build/car/build/lib/car
[0.969s] copying car/gnss_goal_circuit.py -> /home/rhobtor/PHD/ARGOJ8_IA/ARGOSJ8_IA_/build/car/build/lib/car
[0.969s] copying car/navsatfix_to_ecef.py -> /home/rhobtor/PHD/ARGOJ8_IA/ARGOSJ8_IA_/build/car/build/lib/car
[0.970s] copying car/lidar_obstacle_detection.py -> /home/rhobtor/PHD/ARGOJ8_IA/ARGOSJ8_IA_/build/car/build/lib/car
[0.970s] copying car/voxel_unity.py -> /home/rhobtor/PHD/ARGOJ8_IA/ARGOSJ8_IA_/build/car/build/lib/car
[0.970s] copying car/check_goal_gnss.py -> /home/rhobtor/PHD/ARGOJ8_IA/ARGOSJ8_IA_/build/car/build/lib/car
[0.970s] copying car/test_octomap.py -> /home/rhobtor/PHD/ARGOJ8_IA/ARGOSJ8_IA_/build/car/build/lib/car
[0.970s] copying car/fp_poi_map_odom_static_test.py -> /home/rhobtor/PHD/ARGOJ8_IA/ARGOSJ8_IA_/build/car/build/lib/car
[0.971s] copying car/frontier_centroid.py -> /home/rhobtor/PHD/ARGOJ8_IA/ARGOSJ8_IA_/build/car/build/lib/car
[0.971s] copying car/fixposition_map_anchor.py -> /home/rhobtor/PHD/ARGOJ8_IA/ARGOSJ8_IA_/build/car/build/lib/car
[0.971s] copying car/fixposition_local_tf_from_odom.py -> /home/rhobtor/PHD/ARGOJ8_IA/ARGOSJ8_IA_/build/car/build/lib/car
[0.971s] copying car/j8_bueno.py -> /home/rhobtor/PHD/ARGOJ8_IA/ARGOSJ8_IA_/build/car/build/lib/car
[0.972s] copying car/colision_zone.py -> /home/rhobtor/PHD/ARGOJ8_IA/ARGOSJ8_IA_/build/car/build/lib/car
[0.972s] copying car/supervisor_circuit.py -> /home/rhobtor/PHD/ARGOJ8_IA/ARGOSJ8_IA_/build/car/build/lib/car
[0.972s] copying car/backup_model_ppo_cnn_lstm.py -> /home/rhobtor/PHD/ARGOJ8_IA/ARGOSJ8_IA_/build/car/build/lib/car
[0.973s] copying car/odom_to_tf.py -> /home/rhobtor/PHD/ARGOJ8_IA/ARGOSJ8_IA_/build/car/build/lib/car
[0.973s] copying car/fp_poi_map_static_from_start.py -> /home/rhobtor/PHD/ARGOJ8_IA/ARGOSJ8_IA_/build/car/build/lib/car
[0.974s] copying car/inference_full_model.py -> /home/rhobtor/PHD/ARGOJ8_IA/ARGOSJ8_IA_/build/car/build/lib/car
[0.974s] copying car/prior_map_builder.py -> /home/rhobtor/PHD/ARGOJ8_IA/ARGOSJ8_IA_/build/car/build/lib/car
[0.974s] copying car/inference_j8.py -> /home/rhobtor/PHD/ARGOJ8_IA/ARGOSJ8_IA_/build/car/build/lib/car
[0.974s] copying car/__init__.py -> /home/rhobtor/PHD/ARGOJ8_IA/ARGOSJ8_IA_/build/car/build/lib/car
[0.974s] copying car/latlon_posearray_to_local.py -> /home/rhobtor/PHD/ARGOJ8_IA/ARGOSJ8_IA_/build/car/build/lib/car
[0.975s] copying car/fixposition_map_odom_static_from_odom.py -> /home/rhobtor/PHD/ARGOJ8_IA/ARGOSJ8_IA_/build/car/build/lib/car
[0.975s] copying car/inference_training_mode_simple.py -> /home/rhobtor/PHD/ARGOJ8_IA/ARGOSJ8_IA_/build/car/build/lib/car
[0.975s] copying car/joystick_control.py -> /home/rhobtor/PHD/ARGOJ8_IA/ARGOSJ8_IA_/build/car/build/lib/car
[0.976s] copying car/planificador_script.py -> /home/rhobtor/PHD/ARGOJ8_IA/ARGOSJ8_IA_/build/car/build/lib/car
[0.976s] copying car/map_test_navigation_hgh.py -> /home/rhobtor/PHD/ARGOJ8_IA/ARGOSJ8_IA_/build/car/build/lib/car
[0.976s] copying car/circuit1.py -> /home/rhobtor/PHD/ARGOJ8_IA/ARGOSJ8_IA_/build/car/build/lib/car
[0.976s] copying car/fixposition_reframe.py -> /home/rhobtor/PHD/ARGOJ8_IA/ARGOSJ8_IA_/build/car/build/lib/car
[0.977s] copying car/points_goal.py -> /home/rhobtor/PHD/ARGOJ8_IA/ARGOSJ8_IA_/build/car/build/lib/car
[0.977s] copying car/path_ppo_cnn_lstm_training_init_mode_j8.py -> /home/rhobtor/PHD/ARGOJ8_IA/ARGOSJ8_IA_/build/car/build/lib/car
[0.978s] copying car/fixposition_tf_tree_for_zed.py -> /home/rhobtor/PHD/ARGOJ8_IA/ARGOSJ8_IA_/build/car/build/lib/car
[0.978s] copying car/map_navegation.py -> /home/rhobtor/PHD/ARGOJ8_IA/ARGOSJ8_IA_/build/car/build/lib/car
[0.978s] copying car/fixposition_odom_to_base_link_tf.py -> /home/rhobtor/PHD/ARGOJ8_IA/ARGOSJ8_IA_/build/car/build/lib/car
[0.978s] copying car/test_vel.py -> /home/rhobtor/PHD/ARGOJ8_IA/ARGOSJ8_IA_/build/car/build/lib/car
[0.979s] copying car/zed_static_tf_tree.py -> /home/rhobtor/PHD/ARGOJ8_IA/ARGOSJ8_IA_/build/car/build/lib/car
[0.979s] copying car/supervisor.py -> /home/rhobtor/PHD/ARGOJ8_IA/ARGOSJ8_IA_/build/car/build/lib/car
[0.979s] copying car/costmap.py -> /home/rhobtor/PHD/ARGOJ8_IA/ARGOSJ8_IA_/build/car/build/lib/car
[0.979s] copying car/navsatfix_goal_to_map_pose.py -> /home/rhobtor/PHD/ARGOJ8_IA/ARGOSJ8_IA_/build/car/build/lib/car
[0.979s] copying car/unity_goal.py -> /home/rhobtor/PHD/ARGOJ8_IA/ARGOSJ8_IA_/build/car/build/lib/car
[0.979s] copying car/path_ppo_cnn_lstm_training_init_mode.py -> /home/rhobtor/PHD/ARGOJ8_IA/ARGOSJ8_IA_/build/car/build/lib/car
[0.980s] copying car/path_ppo_cnn_lstm_training_init_mode_simple.py -> /home/rhobtor/PHD/ARGOJ8_IA/ARGOSJ8_IA_/build/car/build/lib/car
[0.980s] copying car/latlon_posearray_to_local_utm.py -> /home/rhobtor/PHD/ARGOJ8_IA/ARGOSJ8_IA_/build/car/build/lib/car
[0.980s] copying car/inference_test_j8.py -> /home/rhobtor/PHD/ARGOJ8_IA/ARGOSJ8_IA_/build/car/build/lib/car
[0.981s] copying car/filter_points_cloud.py -> /home/rhobtor/PHD/ARGOJ8_IA/ARGOSJ8_IA_/build/car/build/lib/car
[0.981s] copying car/test_j8_old.py -> /home/rhobtor/PHD/ARGOJ8_IA/ARGOSJ8_IA_/build/car/build/lib/car
[0.981s] copying car/fusion.py -> /home/rhobtor/PHD/ARGOJ8_IA/ARGOSJ8_IA_/build/car/build/lib/car
[0.982s] copying car/j8_policy.py -> /home/rhobtor/PHD/ARGOJ8_IA/ARGOSJ8_IA_/build/car/build/lib/car
[0.983s] running install
[0.985s] running install_lib
[1.000s] running install_data
[1.000s] copying resource/car -> /home/rhobtor/PHD/ARGOJ8_IA/ARGOSJ8_IA_/install/car/share/ament_index/resource_index/packages
[1.000s] copying package.xml -> /home/rhobtor/PHD/ARGOJ8_IA/ARGOSJ8_IA_/install/car/share/car
[1.001s] copying launch/gazebo.launch.py -> /home/rhobtor/PHD/ARGOJ8_IA/ARGOSJ8_IA_/install/car/share/car/launch
[1.001s] copying launch/ekf.launch.py -> /home/rhobtor/PHD/ARGOJ8_IA/ARGOSJ8_IA_/install/car/share/car/launch
[1.001s] copying launch/fixposition_local_j8_urdf.launch.py -> /home/rhobtor/PHD/ARGOJ8_IA/ARGOSJ8_IA_/install/car/share/car/launch
[1.001s] copying launch/fp_poi_map_odom_base_link_camera_test.launch.py -> /home/rhobtor/PHD/ARGOJ8_IA/ARGOSJ8_IA_/install/car/share/car/launch
[1.001s] copying launch/control.launch.py -> /home/rhobtor/PHD/ARGOJ8_IA/ARGOSJ8_IA_/install/car/share/car/launch
[1.001s] copying launch/gazebo_mountain.launch.py -> /home/rhobtor/PHD/ARGOJ8_IA/ARGOSJ8_IA_/install/car/share/car/launch
[1.002s] copying launch/world_1_b.launch.py -> /home/rhobtor/PHD/ARGOJ8_IA/ARGOSJ8_IA_/install/car/share/car/launch
[1.002s] copying launch/circuit1.launch.py -> /home/rhobtor/PHD/ARGOJ8_IA/ARGOSJ8_IA_/install/car/share/car/launch
[1.002s] copying launch/gazebo_empty_world.launch.py -> /home/rhobtor/PHD/ARGOJ8_IA/ARGOSJ8_IA_/install/car/share/car/launch
[1.002s] copying launch/gazebo_simple5.launch.py -> /home/rhobtor/PHD/ARGOJ8_IA/ARGOSJ8_IA_/install/car/share/car/launch
[1.002s] copying launch/gazebo_simple2.launch.py -> /home/rhobtor/PHD/ARGOJ8_IA/ARGOSJ8_IA_/install/car/share/car/launch
[1.002s] copying launch/gnss_goals.launch.py -> /home/rhobtor/PHD/ARGOJ8_IA/ARGOSJ8_IA_/install/car/share/car/launch
[1.003s] copying launch/gazebo_simple7.launch.py -> /home/rhobtor/PHD/ARGOJ8_IA/ARGOSJ8_IA_/install/car/share/car/launch
[1.003s] copying launch/fixposition_local_j8_urdf_fixposition.launch.py -> /home/rhobtor/PHD/ARGOJ8_IA/ARGOSJ8_IA_/install/car/share/car/launch
[1.003s] copying launch/fixposition_with_zed_fixposition_tf.launch.py -> /home/rhobtor/PHD/ARGOJ8_IA/ARGOSJ8_IA_/install/car/share/car/launch
[1.003s] copying launch/joystick.launch.py -> /home/rhobtor/PHD/ARGOJ8_IA/ARGOSJ8_IA_/install/car/share/car/launch
[1.003s] copying launch/display.launch.py -> /home/rhobtor/PHD/ARGOJ8_IA/ARGOSJ8_IA_/install/car/share/car/launch
[1.003s] copying launch/circuit4.launch.py -> /home/rhobtor/PHD/ARGOJ8_IA/ARGOSJ8_IA_/install/car/share/car/launch
[1.004s] copying launch/river_and_forest.launch.py -> /home/rhobtor/PHD/ARGOJ8_IA/ARGOSJ8_IA_/install/car/share/car/launch
[1.004s] copying launch/gazebo_simple8.launch.py -> /home/rhobtor/PHD/ARGOJ8_IA/ARGOSJ8_IA_/install/car/share/car/launch
[1.004s] copying launch/rtamap_test.launch.py -> /home/rhobtor/PHD/ARGOJ8_IA/ARGOSJ8_IA_/install/car/share/car/launch
[1.004s] copying launch/fp_poi_map_odom_static_test.launch.py -> /home/rhobtor/PHD/ARGOJ8_IA/ARGOSJ8_IA_/install/car/share/car/launch
[1.004s] copying launch/gazebo_simple_world.launch.py -> /home/rhobtor/PHD/ARGOJ8_IA/ARGOSJ8_IA_/install/car/share/car/launch
[1.004s] copying launch/fixposition_with_zed_no_tf.launch.py -> /home/rhobtor/PHD/ARGOJ8_IA/ARGOSJ8_IA_/install/car/share/car/launch
[1.005s] copying launch/fp_poi_map_odom_base_link_test.launch.py -> /home/rhobtor/PHD/ARGOJ8_IA/ARGOSJ8_IA_/install/car/share/car/launch
[1.005s] copying launch/fixposition_reframe.launch.py -> /home/rhobtor/PHD/ARGOJ8_IA/ARGOSJ8_IA_/install/car/share/car/launch
[1.005s] copying launch/gazebo_simple9.launch.py -> /home/rhobtor/PHD/ARGOJ8_IA/ARGOSJ8_IA_/install/car/share/car/launch
[1.005s] copying launch/circuit3.launch.py -> /home/rhobtor/PHD/ARGOJ8_IA/ARGOSJ8_IA_/install/car/share/car/launch
[1.005s] copying launch/rviz_fixposition_j8.launch.py -> /home/rhobtor/PHD/ARGOJ8_IA/ARGOSJ8_IA_/install/car/share/car/launch
[1.005s] copying launch/object_move_gazebo.launch.py -> /home/rhobtor/PHD/ARGOJ8_IA/ARGOSJ8_IA_/install/car/share/car/launch
[1.006s] copying launch/world_1.launch.py -> /home/rhobtor/PHD/ARGOJ8_IA/ARGOSJ8_IA_/install/car/share/car/launch
[1.006s] copying launch/circuit2.launch.py -> /home/rhobtor/PHD/ARGOJ8_IA/ARGOSJ8_IA_/install/car/share/car/launch
[1.006s] copying launch/gazebo_simple3.launch.py -> /home/rhobtor/PHD/ARGOJ8_IA/ARGOSJ8_IA_/install/car/share/car/launch
[1.007s] copying launch/gazebo_no_gui.launch.py -> /home/rhobtor/PHD/ARGOJ8_IA/ARGOSJ8_IA_/install/car/share/car/launch
[1.007s] copying launch/easy_world.launch.py -> /home/rhobtor/PHD/ARGOJ8_IA/ARGOSJ8_IA_/install/car/share/car/launch
[1.007s] copying launch/gazebo_simple6.launch.py -> /home/rhobtor/PHD/ARGOJ8_IA/ARGOSJ8_IA_/install/car/share/car/launch
[1.007s] copying launch/fp_poi_map_odom_base_link_camera_zed_wrapper_urdf_test.launch.py -> /home/rhobtor/PHD/ARGOJ8_IA/ARGOSJ8_IA_/install/car/share/car/launch
[1.007s] copying launch/fp_poi_map_odom_base_link_camera_zed_wrapper_test.launch.py -> /home/rhobtor/PHD/ARGOJ8_IA/ARGOSJ8_IA_/install/car/share/car/launch
[1.008s] copying launch/gazebo_simple4.launch.py -> /home/rhobtor/PHD/ARGOJ8_IA/ARGOSJ8_IA_/install/car/share/car/launch
[1.008s] copying launch/forest.launch.py -> /home/rhobtor/PHD/ARGOJ8_IA/ARGOSJ8_IA_/install/car/share/car/launch
[1.008s] copying launch/J8_unity.launch.py -> /home/rhobtor/PHD/ARGOJ8_IA/ARGOSJ8_IA_/install/car/share/car/launch
[1.008s] copying launch/goals_unity.launch.py -> /home/rhobtor/PHD/ARGOJ8_IA/ARGOSJ8_IA_/install/car/share/car/launch
[1.008s] copying launch/control_with_gazebo.launch.py -> /home/rhobtor/PHD/ARGOJ8_IA/ARGOSJ8_IA_/install/car/share/car/launch
[1.008s] copying launch/tf_fixposition_j8.launch.py -> /home/rhobtor/PHD/ARGOJ8_IA/ARGOSJ8_IA_/install/car/share/car/launch
[1.009s] copying launch/rviz_fixposition_urdf.launch.py -> /home/rhobtor/PHD/ARGOJ8_IA/ARGOSJ8_IA_/install/car/share/car/launch
[1.009s] copying launch/j8.launch.py -> /home/rhobtor/PHD/ARGOJ8_IA/ARGOSJ8_IA_/install/car/share/car/launch
[1.009s] copying launch/fp_poi_map_static_from_start.launch.py -> /home/rhobtor/PHD/ARGOJ8_IA/ARGOSJ8_IA_/install/car/share/car/launch
[1.009s] copying launch/tf_fixposition_map_odom_static_j8.launch.py -> /home/rhobtor/PHD/ARGOJ8_IA/ARGOSJ8_IA_/install/car/share/car/launch
[1.010s] copying urdf/object_movement.sdf -> /home/rhobtor/PHD/ARGOJ8_IA/ARGOSJ8_IA_/install/car/share/car/urdf
[1.010s] copying urdf/materials.xacro -> /home/rhobtor/PHD/ARGOJ8_IA/ARGOSJ8_IA_/install/car/share/car/urdf
[1.010s] copying urdf/car.xacro -> /home/rhobtor/PHD/ARGOJ8_IA/ARGOSJ8_IA_/install/car/share/car/urdf
[1.010s] copying urdf/camara.plugin.xacro -> /home/rhobtor/PHD/ARGOJ8_IA/ARGOSJ8_IA_/install/car/share/car/urdf
[1.010s] copying urdf/car.gazebo -> /home/rhobtor/PHD/ARGOJ8_IA/ARGOSJ8_IA_/install/car/share/car/urdf
[1.010s] copying urdf/lidar.plugin.xacro -> /home/rhobtor/PHD/ARGOJ8_IA/ARGOSJ8_IA_/install/car/share/car/urdf
[1.011s] copying urdf/control.plugin.xacro -> /home/rhobtor/PHD/ARGOJ8_IA/ARGOSJ8_IA_/install/car/share/car/urdf
[1.011s] copying urdf/virt_lidar.xacro -> /home/rhobtor/PHD/ARGOJ8_IA/ARGOSJ8_IA_/install/car/share/car/urdf
[1.011s] copying urdf/car.trans -> /home/rhobtor/PHD/ARGOJ8_IA/ARGOSJ8_IA_/install/car/share/car/urdf
[1.011s] copying worlds/grass.world -> /home/rhobtor/PHD/ARGOJ8_IA/ARGOSJ8_IA_/install/car/share/car/worlds
[1.011s] copying worlds/world_simple_object.world -> /home/rhobtor/PHD/ARGOJ8_IA/ARGOSJ8_IA_/install/car/share/car/worlds
[1.012s] copying worlds/hill_tagged.world -> /home/rhobtor/PHD/ARGOJ8_IA/ARGOSJ8_IA_/install/car/share/car/worlds
[1.014s] copying worlds/world_simple3.world -> /home/rhobtor/PHD/ARGOJ8_IA/ARGOSJ8_IA_/install/car/share/car/worlds
[1.014s] copying worlds/world_simple9.world -> /home/rhobtor/PHD/ARGOJ8_IA/ARGOSJ8_IA_/install/car/share/car/worlds
[1.015s] copying worlds/world_simple6.world -> /home/rhobtor/PHD/ARGOJ8_IA/ARGOSJ8_IA_/install/car/share/car/worlds
[1.015s] copying worlds/forest.world -> /home/rhobtor/PHD/ARGOJ8_IA/ARGOSJ8_IA_/install/car/share/car/worlds
[1.018s] copying worlds/map1_test.world -> /home/rhobtor/PHD/ARGOJ8_IA/ARGOSJ8_IA_/install/car/share/car/worlds
[1.018s] copying worlds/world_1.world -> /home/rhobtor/PHD/ARGOJ8_IA/ARGOSJ8_IA_/install/car/share/car/worlds
[1.018s] copying worlds/world_simple8.world -> /home/rhobtor/PHD/ARGOJ8_IA/ARGOSJ8_IA_/install/car/share/car/worlds
[1.019s] copying worlds/blender_builder.world -> /home/rhobtor/PHD/ARGOJ8_IA/ARGOSJ8_IA_/install/car/share/car/worlds
[1.019s] copying worlds/mountain.world -> /home/rhobtor/PHD/ARGOJ8_IA/ARGOSJ8_IA_/install/car/share/car/worlds
[1.019s] copying worlds/world_1_b1.world -> /home/rhobtor/PHD/ARGOJ8_IA/ARGOSJ8_IA_/install/car/share/car/worlds
[1.019s] copying worlds/world_1_b.world -> /home/rhobtor/PHD/ARGOJ8_IA/ARGOSJ8_IA_/install/car/share/car/worlds
[1.019s] copying worlds/empty.world -> /home/rhobtor/PHD/ARGOJ8_IA/ARGOSJ8_IA_/install/car/share/car/worlds
[1.020s] copying worlds/easy_world.world -> /home/rhobtor/PHD/ARGOJ8_IA/ARGOSJ8_IA_/install/car/share/car/worlds
[1.020s] copying worlds/grass_test.world -> /home/rhobtor/PHD/ARGOJ8_IA/ARGOSJ8_IA_/install/car/share/car/worlds
[1.020s] copying worlds/park.world -> /home/rhobtor/PHD/ARGOJ8_IA/ARGOSJ8_IA_/install/car/share/car/worlds
[1.021s] copying worlds/obstacles_and_traps.world -> /home/rhobtor/PHD/ARGOJ8_IA/ARGOSJ8_IA_/install/car/share/car/worlds
[1.022s] copying worlds/world_simple5.world -> /home/rhobtor/PHD/ARGOJ8_IA/ARGOSJ8_IA_/install/car/share/car/worlds
[1.022s] copying worlds/obstacles.world -> /home/rhobtor/PHD/ARGOJ8_IA/ARGOSJ8_IA_/install/car/share/car/worlds
[1.022s] copying worlds/hill.world -> /home/rhobtor/PHD/ARGOJ8_IA/ARGOSJ8_IA_/install/car/share/car/worlds
[1.024s] copying worlds/world_simple7.world -> /home/rhobtor/PHD/ARGOJ8_IA/ARGOSJ8_IA_/install/car/share/car/worlds
[1.024s] copying worlds/test.world -> /home/rhobtor/PHD/ARGOJ8_IA/ARGOSJ8_IA_/install/car/share/car/worlds
[1.025s] copying worlds/lake.world -> /home/rhobtor/PHD/ARGOJ8_IA/ARGOSJ8_IA_/install/car/share/car/worlds
[1.026s] copying worlds/forest_tagged.world -> /home/rhobtor/PHD/ARGOJ8_IA/ARGOSJ8_IA_/install/car/share/car/worlds
[1.029s] copying worlds/heightmap_world.world -> /home/rhobtor/PHD/ARGOJ8_IA/ARGOSJ8_IA_/install/car/share/car/worlds
[1.029s] copying worlds/world_simple2.world -> /home/rhobtor/PHD/ARGOJ8_IA/ARGOSJ8_IA_/install/car/share/car/worlds
[1.029s] copying worlds/park_tagged.world -> /home/rhobtor/PHD/ARGOJ8_IA/ARGOSJ8_IA_/install/car/share/car/worlds
[1.031s] copying worlds/river_and_forest.world -> /home/rhobtor/PHD/ARGOJ8_IA/ARGOSJ8_IA_/install/car/share/car/worlds
[1.031s] copying worlds/world_simple4.world -> /home/rhobtor/PHD/ARGOJ8_IA/ARGOSJ8_IA_/install/car/share/car/worlds
[1.031s] copying worlds/lake_tagged.world -> /home/rhobtor/PHD/ARGOJ8_IA/ARGOSJ8_IA_/install/car/share/car/worlds
[1.033s] copying meshes/tire.stl -> /home/rhobtor/PHD/ARGOJ8_IA/ARGOSJ8_IA_/install/car/share/car/meshes
[1.034s] copying meshes/rim_front_right_1.stl -> /home/rhobtor/PHD/ARGOJ8_IA/ARGOSJ8_IA_/install/car/share/car/meshes
[1.036s] copying meshes/tire_front_left_1.stl -> /home/rhobtor/PHD/ARGOJ8_IA/ARGOSJ8_IA_/install/car/share/car/meshes
[1.038s] copying meshes/rim_back_right_1.stl -> /home/rhobtor/PHD/ARGOJ8_IA/ARGOSJ8_IA_/install/car/share/car/meshes
[1.040s] copying meshes/direction_front_left_1.stl -> /home/rhobtor/PHD/ARGOJ8_IA/ARGOSJ8_IA_/install/car/share/car/meshes
[1.040s] copying meshes/rim.stl -> /home/rhobtor/PHD/ARGOJ8_IA/ARGOSJ8_IA_/install/car/share/car/meshes
[1.043s] copying meshes/Lidar.stl -> /home/rhobtor/PHD/ARGOJ8_IA/ARGOSJ8_IA_/install/car/share/car/meshes
[1.043s] copying meshes/Camara.stl -> /home/rhobtor/PHD/ARGOJ8_IA/ARGOSJ8_IA_/install/car/share/car/meshes
[1.044s] copying meshes/tire_front_right_1.stl -> /home/rhobtor/PHD/ARGOJ8_IA/ARGOSJ8_IA_/install/car/share/car/meshes
[1.045s] copying meshes/base_link.stl -> /home/rhobtor/PHD/ARGOJ8_IA/ARGOSJ8_IA_/install/car/share/car/meshes
[1.045s] copying meshes/tire_back_right_1.stl -> /home/rhobtor/PHD/ARGOJ8_IA/ARGOSJ8_IA_/install/car/share/car/meshes
[1.047s] copying meshes/tire_back_left_1.stl -> /home/rhobtor/PHD/ARGOJ8_IA/ARGOSJ8_IA_/install/car/share/car/meshes
[1.048s] copying meshes/suspension_front_left__1.stl -> /home/rhobtor/PHD/ARGOJ8_IA/ARGOSJ8_IA_/install/car/share/car/meshes
[1.048s] copying meshes/direction_front_right_1.stl -> /home/rhobtor/PHD/ARGOJ8_IA/ARGOSJ8_IA_/install/car/share/car/meshes
[1.049s] copying meshes/suspension_back_right_1.stl -> /home/rhobtor/PHD/ARGOJ8_IA/ARGOSJ8_IA_/install/car/share/car/meshes
[1.049s] copying meshes/chasis_1.stl -> /home/rhobtor/PHD/ARGOJ8_IA/ARGOSJ8_IA_/install/car/share/car/meshes
[1.049s] copying meshes/rim_front_left_1.stl -> /home/rhobtor/PHD/ARGOJ8_IA/ARGOSJ8_IA_/install/car/share/car/meshes
[1.051s] copying meshes/direction_back_right_1.stl -> /home/rhobtor/PHD/ARGOJ8_IA/ARGOSJ8_IA_/install/car/share/car/meshes
[1.051s] copying meshes/direction_back_left_1.stl -> /home/rhobtor/PHD/ARGOJ8_IA/ARGOSJ8_IA_/install/car/share/car/meshes
[1.051s] copying meshes/rim_back_left_1.stl -> /home/rhobtor/PHD/ARGOJ8_IA/ARGOSJ8_IA_/install/car/share/car/meshes
[1.054s] copying meshes/suspension_front_right_1.stl -> /home/rhobtor/PHD/ARGOJ8_IA/ARGOSJ8_IA_/install/car/share/car/meshes
[1.054s] copying meshes/suspension_back_left_1.stl -> /home/rhobtor/PHD/ARGOJ8_IA/ARGOSJ8_IA_/install/car/share/car/meshes
[1.054s] copying config/world_1_b.yaml -> /home/rhobtor/PHD/ARGOJ8_IA/ARGOSJ8_IA_/install/car/share/car/config
[1.055s] copying config/nav2.yaml -> /home/rhobtor/PHD/ARGOJ8_IA/ARGOSJ8_IA_/install/car/share/car/config
[1.055s] copying config/circuit_1.yaml -> /home/rhobtor/PHD/ARGOJ8_IA/ARGOSJ8_IA_/install/car/share/car/config
[1.055s] copying config/circuit_4.yaml -> /home/rhobtor/PHD/ARGOJ8_IA/ARGOSJ8_IA_/install/car/share/car/config
[1.055s] copying config/circuit_3.yaml -> /home/rhobtor/PHD/ARGOJ8_IA/ARGOSJ8_IA_/install/car/share/car/config
[1.056s] copying config/ekf_params.yaml -> /home/rhobtor/PHD/ARGOJ8_IA/ARGOSJ8_IA_/install/car/share/car/config
[1.056s] copying config/display.rviz -> /home/rhobtor/PHD/ARGOJ8_IA/ARGOSJ8_IA_/install/car/share/car/config
[1.056s] copying config/world1.yaml -> /home/rhobtor/PHD/ARGOJ8_IA/ARGOSJ8_IA_/install/car/share/car/config
[1.056s] copying config/circuit_2.yaml -> /home/rhobtor/PHD/ARGOJ8_IA/ARGOSJ8_IA_/install/car/share/car/config
[1.056s] copying config/mapper_params_online_async.yaml -> /home/rhobtor/PHD/ARGOJ8_IA/ARGOSJ8_IA_/install/car/share/car/config
[1.056s] copying config/goal.yaml -> /home/rhobtor/PHD/ARGOJ8_IA/ARGOSJ8_IA_/install/car/share/car/config
[1.057s] copying config/river_and_forest.yaml -> /home/rhobtor/PHD/ARGOJ8_IA/ARGOSJ8_IA_/install/car/share/car/config
[1.057s] copying config/gnss_goals.yaml -> /home/rhobtor/PHD/ARGOJ8_IA/ARGOSJ8_IA_/install/car/share/car/config
[1.057s] copying config/octomap.yaml -> /home/rhobtor/PHD/ARGOJ8_IA/ARGOSJ8_IA_/install/car/share/car/config
[1.057s] running install_egg_info
[1.066s] removing '/home/rhobtor/PHD/ARGOJ8_IA/ARGOSJ8_IA_/install/car/lib/python3.10/site-packages/car-0.0.0-py3.10.egg-info' (and everything under it)
[1.066s] Copying ../../build/car/car.egg-info to /home/rhobtor/PHD/ARGOJ8_IA/ARGOSJ8_IA_/install/car/lib/python3.10/site-packages/car-0.0.0-py3.10.egg-info
[1.067s] running install_scripts
[1.084s] Installing check_goal_gnss script to /home/rhobtor/PHD/ARGOJ8_IA/ARGOSJ8_IA_/install/car/lib/car
[1.086s] Installing circuit1 script to /home/rhobtor/PHD/ARGOJ8_IA/ARGOSJ8_IA_/install/car/lib/car
[1.086s] Installing circuit_supervisor script to /home/rhobtor/PHD/ARGOJ8_IA/ARGOSJ8_IA_/install/car/lib/car
[1.086s] Installing cmd_vel_to_throttle script to /home/rhobtor/PHD/ARGOJ8_IA/ARGOSJ8_IA_/install/car/lib/car
[1.086s] Installing colision_zone script to /home/rhobtor/PHD/ARGOJ8_IA/ARGOSJ8_IA_/install/car/lib/car
[1.086s] Installing filter_points_cloud script to /home/rhobtor/PHD/ARGOJ8_IA/ARGOSJ8_IA_/install/car/lib/car
[1.086s] Installing fixposition_local_tf_from_odom script to /home/rhobtor/PHD/ARGOJ8_IA/ARGOSJ8_IA_/install/car/lib/car
[1.086s] Installing fixposition_map_anchor script to /home/rhobtor/PHD/ARGOJ8_IA/ARGOSJ8_IA_/install/car/lib/car
[1.086s] Installing fixposition_map_odom_static_from_odom script to /home/rhobtor/PHD/ARGOJ8_IA/ARGOSJ8_IA_/install/car/lib/car
[1.086s] Installing fixposition_odom_to_base_link_tf script to /home/rhobtor/PHD/ARGOJ8_IA/ARGOSJ8_IA_/install/car/lib/car
[1.086s] Installing fixposition_reframe script to /home/rhobtor/PHD/ARGOJ8_IA/ARGOSJ8_IA_/install/car/lib/car
[1.087s] Installing fixposition_tf_tree_for_zed script to /home/rhobtor/PHD/ARGOJ8_IA/ARGOSJ8_IA_/install/car/lib/car
[1.087s] Installing fp_poi_map_odom_static_test script to /home/rhobtor/PHD/ARGOJ8_IA/ARGOSJ8_IA_/install/car/lib/car
[1.087s] Installing fp_poi_map_static_from_start script to /home/rhobtor/PHD/ARGOJ8_IA/ARGOSJ8_IA_/install/car/lib/car
[1.087s] Installing frontier_centroid script to /home/rhobtor/PHD/ARGOJ8_IA/ARGOSJ8_IA_/install/car/lib/car
[1.087s] Installing fusion script to /home/rhobtor/PHD/ARGOJ8_IA/ARGOSJ8_IA_/install/car/lib/car
[1.087s] Installing gnss_goal_circuit script to /home/rhobtor/PHD/ARGOJ8_IA/ARGOSJ8_IA_/install/car/lib/car
[1.087s] Installing goal_local_marker script to /home/rhobtor/PHD/ARGOJ8_IA/ARGOSJ8_IA_/install/car/lib/car
[1.087s] Installing inference_full_model script to /home/rhobtor/PHD/ARGOJ8_IA/ARGOSJ8_IA_/install/car/lib/car
[1.087s] Installing inference_j8 script to /home/rhobtor/PHD/ARGOJ8_IA/ARGOSJ8_IA_/install/car/lib/car
[1.087s] Installing inference_test_j8 script to /home/rhobtor/PHD/ARGOJ8_IA/ARGOSJ8_IA_/install/car/lib/car
[1.087s] Installing inference_training_mode_simple script to /home/rhobtor/PHD/ARGOJ8_IA/ARGOSJ8_IA_/install/car/lib/car
[1.087s] Installing j8_bueno script to /home/rhobtor/PHD/ARGOJ8_IA/ARGOSJ8_IA_/install/car/lib/car
[1.087s] Installing j8_policy script to /home/rhobtor/PHD/ARGOJ8_IA/ARGOSJ8_IA_/install/car/lib/car
[1.087s] Installing j8_test_ppo script to /home/rhobtor/PHD/ARGOJ8_IA/ARGOSJ8_IA_/install/car/lib/car
[1.088s] Installing joystick_control script to /home/rhobtor/PHD/ARGOJ8_IA/ARGOSJ8_IA_/install/car/lib/car
[1.088s] Installing keyboard_control script to /home/rhobtor/PHD/ARGOJ8_IA/ARGOSJ8_IA_/install/car/lib/car
[1.088s] Installing latlon_circuit script to /home/rhobtor/PHD/ARGOJ8_IA/ARGOSJ8_IA_/install/car/lib/car
[1.088s] Installing latlon_posearray_to_local script to /home/rhobtor/PHD/ARGOJ8_IA/ARGOSJ8_IA_/install/car/lib/car
[1.088s] Installing latlon_posearray_to_local_utm script to /home/rhobtor/PHD/ARGOJ8_IA/ARGOSJ8_IA_/install/car/lib/car
[1.088s] Installing lidar_detection script to /home/rhobtor/PHD/ARGOJ8_IA/ARGOSJ8_IA_/install/car/lib/car
[1.088s] Installing map_navegation script to /home/rhobtor/PHD/ARGOJ8_IA/ARGOSJ8_IA_/install/car/lib/car
[1.088s] Installing map_navegation_test script to /home/rhobtor/PHD/ARGOJ8_IA/ARGOSJ8_IA_/install/car/lib/car
[1.088s] Installing memory_map script to /home/rhobtor/PHD/ARGOJ8_IA/ARGOSJ8_IA_/install/car/lib/car
[1.088s] Installing movement_predictive script to /home/rhobtor/PHD/ARGOJ8_IA/ARGOSJ8_IA_/install/car/lib/car
[1.088s] Installing navsatfix_goal_to_map_pose script to /home/rhobtor/PHD/ARGOJ8_IA/ARGOSJ8_IA_/install/car/lib/car
[1.088s] Installing navsatfix_to_ecef script to /home/rhobtor/PHD/ARGOJ8_IA/ARGOSJ8_IA_/install/car/lib/car
[1.088s] Installing odom_to_tf script to /home/rhobtor/PHD/ARGOJ8_IA/ARGOSJ8_IA_/install/car/lib/car
[1.088s] Installing path_ppo_cnn_lstm_full_model script to /home/rhobtor/PHD/ARGOJ8_IA/ARGOSJ8_IA_/install/car/lib/car
[1.088s] Installing path_ppo_cnn_lstm_training_init_mode script to /home/rhobtor/PHD/ARGOJ8_IA/ARGOSJ8_IA_/install/car/lib/car
[1.089s] Installing path_ppo_cnn_lstm_training_init_mode_j8 script to /home/rhobtor/PHD/ARGOJ8_IA/ARGOSJ8_IA_/install/car/lib/car
[1.089s] Installing path_ppo_cnn_lstm_training_init_mode_simple script to /home/rhobtor/PHD/ARGOJ8_IA/ARGOSJ8_IA_/install/car/lib/car
[1.089s] Installing points_goal script to /home/rhobtor/PHD/ARGOJ8_IA/ARGOSJ8_IA_/install/car/lib/car
[1.089s] Installing points_goal_old script to /home/rhobtor/PHD/ARGOJ8_IA/ARGOSJ8_IA_/install/car/lib/car
[1.089s] Installing prior_map_builder script to /home/rhobtor/PHD/ARGOJ8_IA/ARGOSJ8_IA_/install/car/lib/car
[1.089s] Installing scape_test script to /home/rhobtor/PHD/ARGOJ8_IA/ARGOSJ8_IA_/install/car/lib/car
[1.089s] Installing supervisor_node script to /home/rhobtor/PHD/ARGOJ8_IA/ARGOSJ8_IA_/install/car/lib/car
[1.089s] Installing test_j8_old script to /home/rhobtor/PHD/ARGOJ8_IA/ARGOSJ8_IA_/install/car/lib/car
[1.089s] Installing test_octomap script to /home/rhobtor/PHD/ARGOJ8_IA/ARGOSJ8_IA_/install/car/lib/car
[1.089s] Installing test_vel script to /home/rhobtor/PHD/ARGOJ8_IA/ARGOSJ8_IA_/install/car/lib/car
[1.089s] Installing unity_goal script to /home/rhobtor/PHD/ARGOJ8_IA/ARGOSJ8_IA_/install/car/lib/car
[1.089s] Installing voxel_unity script to /home/rhobtor/PHD/ARGOJ8_IA/ARGOSJ8_IA_/install/car/lib/car
[1.089s] Installing zed_static_tf_tree script to /home/rhobtor/PHD/ARGOJ8_IA/ARGOSJ8_IA_/install/car/lib/car
[1.090s] writing list of installed files to '/home/rhobtor/PHD/ARGOJ8_IA/ARGOSJ8_IA_/build/car/install.log'
[1.103s] Invoked command in '/home/rhobtor/PHD/ARGOJ8_IA/ARGOSJ8_IA_/src/car_python' returned '0': AMENT_PREFIX_PATH=/home/rhobtor/PHD/ARGOJ8_IA/ARGOSJ8_IA_/install/car_interfaces:/home/rhobtor/PHD/ARGOJ8_IA/ARGOSJ8_IA_/install/argj801_ctl_platform_interfaces:${AMENT_PREFIX_PATH} CMAKE_PREFIX_PATH=/home/rhobtor/PHD/ARGOJ8_IA/ARGOSJ8_IA_/install/car_interfaces:/home/rhobtor/PHD/ARGOJ8_IA/ARGOSJ8_IA_/install/argj801_ctl_platform_interfaces:${CMAKE_PREFIX_PATH} LD_LIBRARY_PATH=/home/rhobtor/PHD/ARGOJ8_IA/ARGOSJ8_IA_/install/car_interfaces/lib:/home/rhobtor/PHD/ARGOJ8_IA/ARGOSJ8_IA_/install/argj801_ctl_platform_interfaces/lib:${LD_LIBRARY_PATH} PYTHONPATH=/home/rhobtor/PHD/ARGOJ8_IA/ARGOSJ8_IA_/build/car/prefix_override:/usr/lib/python3/dist-packages/colcon_core/task/python/colcon_distutils_commands:/home/rhobtor/PHD/ARGOJ8_IA/ARGOSJ8_IA_/install/car/lib/python3.10/site-packages:/home/rhobtor/PHD/ARGOJ8_IA/ARGOSJ8_IA_/install/car_interfaces/local/lib/python3.10/dist-packages:/home/rhobtor/PHD/ARGOJ8_IA/ARGOSJ8_IA_/install/argj801_ctl_platform_interfaces/local/lib/python3.10/dist-packages:${PYTHONPATH} /usr/bin/python3 -W ignore:setup.py install is deprecated -W ignore:easy_install command is deprecated setup.py egg_info --egg-base ../../build/car build --build-base /home/rhobtor/PHD/ARGOJ8_IA/ARGOSJ8_IA_/build/car/build install --record /home/rhobtor/PHD/ARGOJ8_IA/ARGOSJ8_IA_/build/car/install.log --single-version-externally-managed install_data
