[0.043s] Invoking command in '/home/rhobtor/PHD/ARGOJ8_IA/ARGOSJ8_IA_/build/argj801_sensors_msgs': CMAKE_PREFIX_PATH=${CMAKE_PREFIX_PATH}:/home/rhobtor/PHD/reactive/Reactive-Navegation/workspace_full_conected/install/car:/opt/ros/humble /opt/st/stm32cubeclt_1.18.0/CMake/bin/cmake /home/rhobtor/PHD/ARGOJ8_IA/ARGOSJ8_IA_/src/argo_drivers_pkgs/argj801_sensors/argj801_sensors_msgs -DCMAKE_INSTALL_PREFIX=/home/rhobtor/PHD/ARGOJ8_IA/ARGOSJ8_IA_/install/argj801_sensors_msgs
[0.294s] -- The C compiler identification is GNU 11.4.0
[0.294s] -- The CXX compiler identification is GNU 11.4.0
[0.294s] -- Detecting C compiler ABI info
[0.294s] -- Detecting C compiler ABI info - done
[0.294s] -- Check for working C compiler: /usr/bin/cc - skipped
[0.294s] -- Detecting C compile features
[0.294s] -- Detecting C compile features - done
[0.294s] -- Detecting CXX compiler ABI info
[0.366s] -- Detecting CXX compiler ABI info - done
[0.386s] -- Check for working CXX compiler: /usr/bin/c++ - skipped
[0.387s] -- Detecting CXX compile features
[0.388s] -- Detecting CXX compile features - done
[0.391s] -- Found ament_cmake: 1.3.12 (/opt/ros/humble/share/ament_cmake/cmake)
[0.669s] -- Found Python3: /usr/bin/python3 (found version "3.10.12") found components: Interpreter 
[0.840s] -- Found rosidl_default_runtime: 1.2.0 (/opt/ros/humble/share/rosidl_default_runtime/cmake)
[0.893s] -- Using all available rosidl_typesupport_c: rosidl_typesupport_fastrtps_c;rosidl_typesupport_introspection_c
[0.914s] -- Found rosidl_adapter: 3.1.7 (/opt/ros/humble/share/rosidl_adapter/cmake)
[0.970s] -- Using all available rosidl_typesupport_cpp: rosidl_typesupport_fastrtps_cpp;rosidl_typesupport_introspection_cpp
[1.035s] -- Found rosidl_default_generators: 1.2.0 (/opt/ros/humble/share/rosidl_default_generators/cmake)
[1.058s] -- Found std_msgs: 4.9.0 (/opt/ros/humble/share/std_msgs/cmake)
[1.726s] -- Found ament_cmake_ros: 0.10.0 (/opt/ros/humble/share/ament_cmake_ros/cmake)
[2.498s] -- Using all available rosidl_typesupport_c: rosidl_typesupport_fastrtps_c;rosidl_typesupport_introspection_c
[3.495s] -- Using all available rosidl_typesupport_cpp: rosidl_typesupport_fastrtps_cpp;rosidl_typesupport_introspection_cpp
[3.498s] [33mCMake Warning (dev) at /opt/ros/humble/share/rosidl_generator_py/cmake/rosidl_generator_py_generate_interfaces.cmake:20 (find_package):
[3.498s]   Policy CMP0148 is not set: The FindPythonInterp and FindPythonLibs modules
[3.498s]   are removed.  Run "cmake --help-policy CMP0148" for policy details.  Use
[3.498s]   the cmake_policy command to set the policy and suppress this warning.
[3.498s] 
[3.498s] Call Stack (most recent call first):
[3.499s]   /opt/ros/humble/share/ament_cmake_core/cmake/core/ament_execute_extensions.cmake:48 (include)
[3.499s]   /opt/ros/humble/share/rosidl_cmake/cmake/rosidl_generate_interfaces.cmake:286 (ament_execute_extensions)
[3.499s]   CMakeLists.txt:19 (rosidl_generate_interfaces)
[3.499s] This warning is for project developers.  Use -Wno-dev to suppress it.
[3.499s] [0m
[3.531s] -- Found PythonInterp: /usr/bin/python3 (found suitable version "3.10.12", minimum required is "3.6") 
[3.535s] -- Found python_cmake_module: 0.10.0 (/opt/ros/humble/share/python_cmake_module/cmake)
[3.536s] [33mCMake Warning (dev) at /opt/ros/humble/share/python_cmake_module/cmake/Modules/FindPythonExtra.cmake:52 (find_package):
[3.536s]   Policy CMP0148 is not set: The FindPythonInterp and FindPythonLibs modules
[3.536s]   are removed.  Run "cmake --help-policy CMP0148" for policy details.  Use
[3.536s]   the cmake_policy command to set the policy and suppress this warning.
[3.536s] 
[3.536s] Call Stack (most recent call first):
[3.536s]   /opt/ros/humble/share/rosidl_generator_py/cmake/rosidl_generator_py_generate_interfaces.cmake:23 (find_package)
[3.536s]   /opt/ros/humble/share/ament_cmake_core/cmake/core/ament_execute_extensions.cmake:48 (include)
[3.536s]   /opt/ros/humble/share/rosidl_cmake/cmake/rosidl_generate_interfaces.cmake:286 (ament_execute_extensions)
[3.536s]   CMakeLists.txt:19 (rosidl_generate_interfaces)
[3.536s] This warning is for project developers.  Use -Wno-dev to suppress it.
[3.536s] [0m
[3.575s] [33mCMake Warning (dev) at /opt/ros/humble/share/python_cmake_module/cmake/Modules/FindPythonExtra.cmake:140 (find_package):
[3.575s]   Policy CMP0148 is not set: The FindPythonInterp and FindPythonLibs modules
[3.576s]   are removed.  Run "cmake --help-policy CMP0148" for policy details.  Use
[3.576s]   the cmake_policy command to set the policy and suppress this warning.
[3.576s] 
[3.576s] Call Stack (most recent call first):
[3.576s]   /opt/ros/humble/share/rosidl_generator_py/cmake/rosidl_generator_py_generate_interfaces.cmake:23 (find_package)
[3.576s]   /opt/ros/humble/share/ament_cmake_core/cmake/core/ament_execute_extensions.cmake:48 (include)
[3.576s]   /opt/ros/humble/share/rosidl_cmake/cmake/rosidl_generate_interfaces.cmake:286 (ament_execute_extensions)
[3.576s]   CMakeLists.txt:19 (rosidl_generate_interfaces)
[3.576s] This warning is for project developers.  Use -Wno-dev to suppress it.
[3.576s] [0m
[3.584s] -- Found PythonLibs: /usr/lib/x86_64-linux-gnu/libpython3.10.so (found suitable version "3.10.12", minimum required is "3.5") 
[3.584s] -- Using PYTHON_EXECUTABLE: /usr/bin/python3
[3.584s] -- Using PYTHON_INCLUDE_DIRS: /usr/include/python3.10
[3.585s] -- Using PYTHON_LIBRARIES: /usr/lib/x86_64-linux-gnu/libpython3.10.so
[3.619s] -- Found PythonExtra: .so  
[3.698s] -- Configuring done (3.7s)
[3.746s] -- Generating done (0.0s)
[3.767s] -- Build files have been written to: /home/rhobtor/PHD/ARGOJ8_IA/ARGOSJ8_IA_/build/argj801_sensors_msgs
[3.876s] Invoked command in '/home/rhobtor/PHD/ARGOJ8_IA/ARGOSJ8_IA_/build/argj801_sensors_msgs' returned '0': CMAKE_PREFIX_PATH=${CMAKE_PREFIX_PATH}:/home/rhobtor/PHD/reactive/Reactive-Navegation/workspace_full_conected/install/car:/opt/ros/humble /opt/st/stm32cubeclt_1.18.0/CMake/bin/cmake /home/rhobtor/PHD/ARGOJ8_IA/ARGOSJ8_IA_/src/argo_drivers_pkgs/argj801_sensors/argj801_sensors_msgs -DCMAKE_INSTALL_PREFIX=/home/rhobtor/PHD/ARGOJ8_IA/ARGOSJ8_IA_/install/argj801_sensors_msgs
[3.878s] Invoking command in '/home/rhobtor/PHD/ARGOJ8_IA/ARGOSJ8_IA_/build/argj801_sensors_msgs': CMAKE_PREFIX_PATH=${CMAKE_PREFIX_PATH}:/home/rhobtor/PHD/reactive/Reactive-Navegation/workspace_full_conected/install/car:/opt/ros/humble /opt/st/stm32cubeclt_1.18.0/CMake/bin/cmake --build /home/rhobtor/PHD/ARGOJ8_IA/ARGOSJ8_IA_/build/argj801_sensors_msgs -- -j16 -l16
[5.240s] [  2%] [34m[1mGenerating C code for ROS interfaces[0m
[5.240s] [  5%] [34m[1mGenerating C++ code for ROS interfaces[0m
[5.240s] [  5%] Built target ament_cmake_python_copy_argj801_sensors_msgs
[5.240s] running egg_info
[5.240s] creating argj801_sensors_msgs.egg-info
[5.240s] writing argj801_sensors_msgs.egg-info/PKG-INFO
[5.240s] writing dependency_links to argj801_sensors_msgs.egg-info/dependency_links.txt
[5.240s] writing top-level names to argj801_sensors_msgs.egg-info/top_level.txt
[5.240s] writing manifest file 'argj801_sensors_msgs.egg-info/SOURCES.txt'
[5.241s] reading manifest file 'argj801_sensors_msgs.egg-info/SOURCES.txt'
[5.241s] writing manifest file 'argj801_sensors_msgs.egg-info/SOURCES.txt'
[5.241s] [  5%] Built target ament_cmake_python_build_argj801_sensors_msgs_egg
[5.241s] [  7%] [32mBuilding C object CMakeFiles/argj801_sensors_msgs__rosidl_generator_c.dir/rosidl_generator_c/argj801_sensors_msgs/msg/detail/odometer__functions.c.o[0m
[5.241s] [ 10%] [32mBuilding C object CMakeFiles/argj801_sensors_msgs__rosidl_generator_c.dir/rosidl_generator_c/argj801_sensors_msgs/msg/detail/motor_telemetry__functions.c.o[0m
[5.241s] [ 10%] Built target argj801_sensors_msgs__cpp
[5.241s] [ 12%] [34m[1mGenerating C++ type support dispatch for ROS interfaces[0m
[5.241s] [ 15%] [34m[1mGenerating C++ type support for eProsima Fast-RTPS[0m
[5.241s] [ 17%] [34m[1mGenerating C++ introspection for ROS interfaces[0m
[5.241s] [ 20%] [32m[1mLinking C shared library libargj801_sensors_msgs__rosidl_generator_c.so[0m
[5.241s] [ 20%] Built target argj801_sensors_msgs__rosidl_generator_c
[5.241s] [ 23%] [34m[1mGenerating C introspection for ROS interfaces[0m
[5.241s] [ 25%] [34m[1mGenerating C type support for eProsima Fast-RTPS[0m
[5.241s] [ 28%] [34m[1mGenerating C type support dispatch for ROS interfaces[0m
[5.257s] [ 30%] [32mBuilding CXX object CMakeFiles/argj801_sensors_msgs__rosidl_typesupport_fastrtps_cpp.dir/rosidl_typesupport_fastrtps_cpp/argj801_sensors_msgs/msg/detail/dds_fastrtps/motor_telemetry__type_support.cpp.o[0m
[5.263s] [ 33%] [32mBuilding CXX object CMakeFiles/argj801_sensors_msgs__rosidl_typesupport_fastrtps_cpp.dir/rosidl_typesupport_fastrtps_cpp/argj801_sensors_msgs/msg/detail/dds_fastrtps/odometer__type_support.cpp.o[0m
[5.335s] [ 35%] [32mBuilding CXX object CMakeFiles/argj801_sensors_msgs__rosidl_typesupport_introspection_cpp.dir/rosidl_typesupport_introspection_cpp/argj801_sensors_msgs/msg/detail/motor_telemetry__type_support.cpp.o[0m
[5.344s] [ 38%] [32mBuilding CXX object CMakeFiles/argj801_sensors_msgs__rosidl_typesupport_introspection_cpp.dir/rosidl_typesupport_introspection_cpp/argj801_sensors_msgs/msg/detail/odometer__type_support.cpp.o[0m
[5.349s] [ 41%] [32mBuilding CXX object CMakeFiles/argj801_sensors_msgs__rosidl_typesupport_cpp.dir/rosidl_typesupport_cpp/argj801_sensors_msgs/msg/motor_telemetry__type_support.cpp.o[0m
[5.420s] [ 43%] [32mBuilding CXX object CMakeFiles/argj801_sensors_msgs__rosidl_typesupport_cpp.dir/rosidl_typesupport_cpp/argj801_sensors_msgs/msg/odometer__type_support.cpp.o[0m
[6.406s] [ 46%] [32m[1mLinking CXX shared library libargj801_sensors_msgs__rosidl_typesupport_cpp.so[0m
[6.513s] [ 46%] Built target argj801_sensors_msgs__rosidl_typesupport_cpp
[6.708s] [ 48%] [32mBuilding CXX object CMakeFiles/argj801_sensors_msgs__rosidl_typesupport_fastrtps_c.dir/rosidl_typesupport_fastrtps_c/argj801_sensors_msgs/msg/detail/odometer__type_support_c.cpp.o[0m
[6.708s] [ 51%] [32mBuilding CXX object CMakeFiles/argj801_sensors_msgs__rosidl_typesupport_fastrtps_c.dir/rosidl_typesupport_fastrtps_c/argj801_sensors_msgs/msg/detail/motor_telemetry__type_support_c.cpp.o[0m
[6.788s] [ 53%] [32mBuilding C object CMakeFiles/argj801_sensors_msgs__rosidl_typesupport_introspection_c.dir/rosidl_typesupport_introspection_c/argj801_sensors_msgs/msg/detail/motor_telemetry__type_support.c.o[0m
[6.798s] [ 56%] [32mBuilding C object CMakeFiles/argj801_sensors_msgs__rosidl_typesupport_introspection_c.dir/rosidl_typesupport_introspection_c/argj801_sensors_msgs/msg/detail/odometer__type_support.c.o[0m
[7.000s] [ 58%] [32m[1mLinking C shared library libargj801_sensors_msgs__rosidl_typesupport_introspection_c.so[0m
[7.082s] [ 58%] Built target argj801_sensors_msgs__rosidl_typesupport_introspection_c
[7.666s] [ 61%] [32m[1mLinking CXX shared library libargj801_sensors_msgs__rosidl_typesupport_introspection_cpp.so[0m
[7.791s] [ 61%] Built target argj801_sensors_msgs__rosidl_typesupport_introspection_cpp
[7.916s] [ 64%] [32m[1mLinking CXX shared library libargj801_sensors_msgs__rosidl_typesupport_fastrtps_c.so[0m
[8.055s] [ 64%] Built target argj801_sensors_msgs__rosidl_typesupport_fastrtps_c
[9.789s] [ 66%] [32m[1mLinking CXX shared library libargj801_sensors_msgs__rosidl_typesupport_fastrtps_cpp.so[0m
[9.826s] [ 69%] [32mBuilding CXX object CMakeFiles/argj801_sensors_msgs__rosidl_typesupport_c.dir/rosidl_typesupport_c/argj801_sensors_msgs/msg/motor_telemetry__type_support.cpp.o[0m
[9.848s] [ 71%] [32mBuilding CXX object CMakeFiles/argj801_sensors_msgs__rosidl_typesupport_c.dir/rosidl_typesupport_c/argj801_sensors_msgs/msg/odometer__type_support.cpp.o[0m
[9.963s] [ 74%] [32m[1mLinking CXX shared library libargj801_sensors_msgs__rosidl_typesupport_c.so[0m
[10.118s] [ 74%] Built target argj801_sensors_msgs__rosidl_typesupport_c
[10.190s] [ 74%] Built target argj801_sensors_msgs__rosidl_typesupport_fastrtps_cpp
[10.232s] [ 74%] Built target argj801_sensors_msgs
[10.261s] [ 76%] [34m[1mGenerating Python code for ROS interfaces[0m
[12.583s] [ 76%] Built target argj801_sensors_msgs__py
[12.615s] [ 79%] [32mBuilding C object CMakeFiles/argj801_sensors_msgs__rosidl_generator_py.dir/rosidl_generator_py/argj801_sensors_msgs/msg/_motor_telemetry_s.c.o[0m
[12.624s] [ 82%] [32mBuilding C object CMakeFiles/argj801_sensors_msgs__rosidl_generator_py.dir/rosidl_generator_py/argj801_sensors_msgs/msg/_odometer_s.c.o[0m
[13.416s] [ 84%] [32m[1mLinking C shared library rosidl_generator_py/argj801_sensors_msgs/libargj801_sensors_msgs__rosidl_generator_py.so[0m
[13.580s] [ 84%] Built target argj801_sensors_msgs__rosidl_generator_py
[13.668s] [ 87%] [32mBuilding C object CMakeFiles/argj801_sensors_msgs__rosidl_typesupport_fastrtps_c__pyext.dir/rosidl_generator_py/argj801_sensors_msgs/_argj801_sensors_msgs_s.ep.rosidl_typesupport_fastrtps_c.c.o[0m
[13.676s] [ 89%] [32mBuilding C object CMakeFiles/argj801_sensors_msgs__rosidl_typesupport_introspection_c__pyext.dir/rosidl_generator_py/argj801_sensors_msgs/_argj801_sensors_msgs_s.ep.rosidl_typesupport_introspection_c.c.o[0m
[13.677s] [ 92%] [32mBuilding C object CMakeFiles/argj801_sensors_msgs__rosidl_typesupport_c__pyext.dir/rosidl_generator_py/argj801_sensors_msgs/_argj801_sensors_msgs_s.ep.rosidl_typesupport_c.c.o[0m
[14.265s] [ 94%] [32m[1mLinking C shared library rosidl_generator_py/argj801_sensors_msgs/argj801_sensors_msgs_s__rosidl_typesupport_c.cpython-310-x86_64-linux-gnu.so[0m
[14.272s] [ 97%] [32m[1mLinking C shared library rosidl_generator_py/argj801_sensors_msgs/argj801_sensors_msgs_s__rosidl_typesupport_fastrtps_c.cpython-310-x86_64-linux-gnu.so[0m
[14.339s] [100%] [32m[1mLinking C shared library rosidl_generator_py/argj801_sensors_msgs/argj801_sensors_msgs_s__rosidl_typesupport_introspection_c.cpython-310-x86_64-linux-gnu.so[0m
[14.390s] [100%] Built target argj801_sensors_msgs__rosidl_typesupport_c__pyext
[14.473s] [100%] Built target argj801_sensors_msgs__rosidl_typesupport_fastrtps_c__pyext
[14.509s] [100%] Built target argj801_sensors_msgs__rosidl_typesupport_introspection_c__pyext
[14.632s] Invoked command in '/home/rhobtor/PHD/ARGOJ8_IA/ARGOSJ8_IA_/build/argj801_sensors_msgs' returned '0': CMAKE_PREFIX_PATH=${CMAKE_PREFIX_PATH}:/home/rhobtor/PHD/reactive/Reactive-Navegation/workspace_full_conected/install/car:/opt/ros/humble /opt/st/stm32cubeclt_1.18.0/CMake/bin/cmake --build /home/rhobtor/PHD/ARGOJ8_IA/ARGOSJ8_IA_/build/argj801_sensors_msgs -- -j16 -l16
[14.632s] Invoking command in '/home/rhobtor/PHD/ARGOJ8_IA/ARGOSJ8_IA_/build/argj801_sensors_msgs': CMAKE_PREFIX_PATH=${CMAKE_PREFIX_PATH}:/home/rhobtor/PHD/reactive/Reactive-Navegation/workspace_full_conected/install/car:/opt/ros/humble /opt/st/stm32cubeclt_1.18.0/CMake/bin/cmake --install /home/rhobtor/PHD/ARGOJ8_IA/ARGOSJ8_IA_/build/argj801_sensors_msgs
[30.059s] -- Install configuration: ""
[30.062s] -- Installing: /home/rhobtor/PHD/ARGOJ8_IA/ARGOSJ8_IA_/install/argj801_sensors_msgs/share/ament_index/resource_index/rosidl_interfaces/argj801_sensors_msgs
[30.062s] -- Installing: /home/rhobtor/PHD/ARGOJ8_IA/ARGOSJ8_IA_/install/argj801_sensors_msgs/include/argj801_sensors_msgs/argj801_sensors_msgs
[30.075s] -- Installing: /home/rhobtor/PHD/ARGOJ8_IA/ARGOSJ8_IA_/install/argj801_sensors_msgs/include/argj801_sensors_msgs/argj801_sensors_msgs/msg
[30.077s] -- Installing: /home/rhobtor/PHD/ARGOJ8_IA/ARGOSJ8_IA_/install/argj801_sensors_msgs/include/argj801_sensors_msgs/argj801_sensors_msgs/msg/motor_telemetry.h
[30.077s] -- Installing: /home/rhobtor/PHD/ARGOJ8_IA/ARGOSJ8_IA_/install/argj801_sensors_msgs/include/argj801_sensors_msgs/argj801_sensors_msgs/msg/rosidl_generator_c__visibility_control.h
[30.078s] -- Installing: /home/rhobtor/PHD/ARGOJ8_IA/ARGOSJ8_IA_/install/argj801_sensors_msgs/include/argj801_sensors_msgs/argj801_sensors_msgs/msg/detail
[30.083s] -- Installing: /home/rhobtor/PHD/ARGOJ8_IA/ARGOSJ8_IA_/install/argj801_sensors_msgs/include/argj801_sensors_msgs/argj801_sensors_msgs/msg/detail/odometer__functions.c
[30.084s] -- Installing: /home/rhobtor/PHD/ARGOJ8_IA/ARGOSJ8_IA_/install/argj801_sensors_msgs/include/argj801_sensors_msgs/argj801_sensors_msgs/msg/detail/motor_telemetry__struct.h
[30.084s] -- Installing: /home/rhobtor/PHD/ARGOJ8_IA/ARGOSJ8_IA_/install/argj801_sensors_msgs/include/argj801_sensors_msgs/argj801_sensors_msgs/msg/detail/motor_telemetry__functions.c
[30.085s] -- Installing: /home/rhobtor/PHD/ARGOJ8_IA/ARGOSJ8_IA_/install/argj801_sensors_msgs/include/argj801_sensors_msgs/argj801_sensors_msgs/msg/detail/motor_telemetry__type_support.h
[30.086s] -- Installing: /home/rhobtor/PHD/ARGOJ8_IA/ARGOSJ8_IA_/install/argj801_sensors_msgs/include/argj801_sensors_msgs/argj801_sensors_msgs/msg/detail/odometer__type_support.h
[30.091s] -- Installing: /home/rhobtor/PHD/ARGOJ8_IA/ARGOSJ8_IA_/install/argj801_sensors_msgs/include/argj801_sensors_msgs/argj801_sensors_msgs/msg/detail/odometer__functions.h
[30.093s] -- Installing: /home/rhobtor/PHD/ARGOJ8_IA/ARGOSJ8_IA_/install/argj801_sensors_msgs/include/argj801_sensors_msgs/argj801_sensors_msgs/msg/detail/motor_telemetry__functions.h
[30.094s] -- Installing: /home/rhobtor/PHD/ARGOJ8_IA/ARGOSJ8_IA_/install/argj801_sensors_msgs/include/argj801_sensors_msgs/argj801_sensors_msgs/msg/detail/odometer__struct.h
[30.095s] -- Installing: /home/rhobtor/PHD/ARGOJ8_IA/ARGOSJ8_IA_/install/argj801_sensors_msgs/include/argj801_sensors_msgs/argj801_sensors_msgs/msg/odometer.h
[30.105s] -- Installing: /home/rhobtor/PHD/ARGOJ8_IA/ARGOSJ8_IA_/install/argj801_sensors_msgs/share/argj801_sensors_msgs/environment/library_path.sh
[30.106s] -- Installing: /home/rhobtor/PHD/ARGOJ8_IA/ARGOSJ8_IA_/install/argj801_sensors_msgs/share/argj801_sensors_msgs/environment/library_path.dsv
[30.107s] -- Installing: /home/rhobtor/PHD/ARGOJ8_IA/ARGOSJ8_IA_/install/argj801_sensors_msgs/lib/libargj801_sensors_msgs__rosidl_generator_c.so
[30.112s] -- Set non-toolchain portion of runtime path of "/home/rhobtor/PHD/ARGOJ8_IA/ARGOSJ8_IA_/install/argj801_sensors_msgs/lib/libargj801_sensors_msgs__rosidl_generator_c.so" to ""
[30.113s] -- Up-to-date: /home/rhobtor/PHD/ARGOJ8_IA/ARGOSJ8_IA_/install/argj801_sensors_msgs/include/argj801_sensors_msgs/argj801_sensors_msgs
[30.117s] -- Up-to-date: /home/rhobtor/PHD/ARGOJ8_IA/ARGOSJ8_IA_/install/argj801_sensors_msgs/include/argj801_sensors_msgs/argj801_sensors_msgs/msg
[30.118s] -- Up-to-date: /home/rhobtor/PHD/ARGOJ8_IA/ARGOSJ8_IA_/install/argj801_sensors_msgs/include/argj801_sensors_msgs/argj801_sensors_msgs/msg/detail
[30.119s] -- Installing: /home/rhobtor/PHD/ARGOJ8_IA/ARGOSJ8_IA_/install/argj801_sensors_msgs/include/argj801_sensors_msgs/argj801_sensors_msgs/msg/detail/odometer__rosidl_typesupport_fastrtps_c.h
[30.120s] -- Installing: /home/rhobtor/PHD/ARGOJ8_IA/ARGOSJ8_IA_/install/argj801_sensors_msgs/include/argj801_sensors_msgs/argj801_sensors_msgs/msg/detail/motor_telemetry__rosidl_typesupport_fastrtps_c.h
[30.120s] -- Installing: /home/rhobtor/PHD/ARGOJ8_IA/ARGOSJ8_IA_/install/argj801_sensors_msgs/include/argj801_sensors_msgs/argj801_sensors_msgs/msg/rosidl_typesupport_fastrtps_c__visibility_control.h
[30.133s] -- Installing: /home/rhobtor/PHD/ARGOJ8_IA/ARGOSJ8_IA_/install/argj801_sensors_msgs/lib/libargj801_sensors_msgs__rosidl_typesupport_fastrtps_c.so
[30.133s] -- Set non-toolchain portion of runtime path of "/home/rhobtor/PHD/ARGOJ8_IA/ARGOSJ8_IA_/install/argj801_sensors_msgs/lib/libargj801_sensors_msgs__rosidl_typesupport_fastrtps_c.so" to ""
[30.133s] -- Up-to-date: /home/rhobtor/PHD/ARGOJ8_IA/ARGOSJ8_IA_/install/argj801_sensors_msgs/include/argj801_sensors_msgs/argj801_sensors_msgs
[30.133s] -- Up-to-date: /home/rhobtor/PHD/ARGOJ8_IA/ARGOSJ8_IA_/install/argj801_sensors_msgs/include/argj801_sensors_msgs/argj801_sensors_msgs/msg
[30.133s] -- Installing: /home/rhobtor/PHD/ARGOJ8_IA/ARGOSJ8_IA_/install/argj801_sensors_msgs/include/argj801_sensors_msgs/argj801_sensors_msgs/msg/rosidl_typesupport_introspection_c__visibility_control.h
[30.133s] -- Up-to-date: /home/rhobtor/PHD/ARGOJ8_IA/ARGOSJ8_IA_/install/argj801_sensors_msgs/include/argj801_sensors_msgs/argj801_sensors_msgs/msg/detail
[30.133s] -- Installing: /home/rhobtor/PHD/ARGOJ8_IA/ARGOSJ8_IA_/install/argj801_sensors_msgs/include/argj801_sensors_msgs/argj801_sensors_msgs/msg/detail/motor_telemetry__type_support.c
[30.133s] -- Installing: /home/rhobtor/PHD/ARGOJ8_IA/ARGOSJ8_IA_/install/argj801_sensors_msgs/include/argj801_sensors_msgs/argj801_sensors_msgs/msg/detail/motor_telemetry__rosidl_typesupport_introspection_c.h
[30.134s] -- Installing: /home/rhobtor/PHD/ARGOJ8_IA/ARGOSJ8_IA_/install/argj801_sensors_msgs/include/argj801_sensors_msgs/argj801_sensors_msgs/msg/detail/odometer__rosidl_typesupport_introspection_c.h
[30.134s] -- Installing: /home/rhobtor/PHD/ARGOJ8_IA/ARGOSJ8_IA_/install/argj801_sensors_msgs/include/argj801_sensors_msgs/argj801_sensors_msgs/msg/detail/odometer__type_support.c
[30.134s] -- Installing: /home/rhobtor/PHD/ARGOJ8_IA/ARGOSJ8_IA_/install/argj801_sensors_msgs/lib/libargj801_sensors_msgs__rosidl_typesupport_introspection_c.so
[30.134s] -- Set non-toolchain portion of runtime path of "/home/rhobtor/PHD/ARGOJ8_IA/ARGOSJ8_IA_/install/argj801_sensors_msgs/lib/libargj801_sensors_msgs__rosidl_typesupport_introspection_c.so" to ""
[30.134s] -- Installing: /home/rhobtor/PHD/ARGOJ8_IA/ARGOSJ8_IA_/install/argj801_sensors_msgs/lib/libargj801_sensors_msgs__rosidl_typesupport_c.so
[30.134s] -- Set non-toolchain portion of runtime path of "/home/rhobtor/PHD/ARGOJ8_IA/ARGOSJ8_IA_/install/argj801_sensors_msgs/lib/libargj801_sensors_msgs__rosidl_typesupport_c.so" to ""
[30.134s] -- Up-to-date: /home/rhobtor/PHD/ARGOJ8_IA/ARGOSJ8_IA_/install/argj801_sensors_msgs/include/argj801_sensors_msgs/argj801_sensors_msgs
[30.146s] -- Up-to-date: /home/rhobtor/PHD/ARGOJ8_IA/ARGOSJ8_IA_/install/argj801_sensors_msgs/include/argj801_sensors_msgs/argj801_sensors_msgs/msg
[30.146s] -- Installing: /home/rhobtor/PHD/ARGOJ8_IA/ARGOSJ8_IA_/install/argj801_sensors_msgs/include/argj801_sensors_msgs/argj801_sensors_msgs/msg/rosidl_generator_cpp__visibility_control.hpp
[30.146s] -- Installing: /home/rhobtor/PHD/ARGOJ8_IA/ARGOSJ8_IA_/install/argj801_sensors_msgs/include/argj801_sensors_msgs/argj801_sensors_msgs/msg/odometer.hpp
[30.146s] -- Up-to-date: /home/rhobtor/PHD/ARGOJ8_IA/ARGOSJ8_IA_/install/argj801_sensors_msgs/include/argj801_sensors_msgs/argj801_sensors_msgs/msg/detail
[30.146s] -- Installing: /home/rhobtor/PHD/ARGOJ8_IA/ARGOSJ8_IA_/install/argj801_sensors_msgs/include/argj801_sensors_msgs/argj801_sensors_msgs/msg/detail/odometer__builder.hpp
[30.146s] -- Installing: /home/rhobtor/PHD/ARGOJ8_IA/ARGOSJ8_IA_/install/argj801_sensors_msgs/include/argj801_sensors_msgs/argj801_sensors_msgs/msg/detail/odometer__struct.hpp
[30.146s] -- Installing: /home/rhobtor/PHD/ARGOJ8_IA/ARGOSJ8_IA_/install/argj801_sensors_msgs/include/argj801_sensors_msgs/argj801_sensors_msgs/msg/detail/motor_telemetry__builder.hpp
[30.146s] -- Installing: /home/rhobtor/PHD/ARGOJ8_IA/ARGOSJ8_IA_/install/argj801_sensors_msgs/include/argj801_sensors_msgs/argj801_sensors_msgs/msg/detail/odometer__type_support.hpp
[30.147s] -- Installing: /home/rhobtor/PHD/ARGOJ8_IA/ARGOSJ8_IA_/install/argj801_sensors_msgs/include/argj801_sensors_msgs/argj801_sensors_msgs/msg/detail/motor_telemetry__struct.hpp
[30.147s] -- Installing: /home/rhobtor/PHD/ARGOJ8_IA/ARGOSJ8_IA_/install/argj801_sensors_msgs/include/argj801_sensors_msgs/argj801_sensors_msgs/msg/detail/motor_telemetry__type_support.hpp
[30.147s] -- Installing: /home/rhobtor/PHD/ARGOJ8_IA/ARGOSJ8_IA_/install/argj801_sensors_msgs/include/argj801_sensors_msgs/argj801_sensors_msgs/msg/detail/motor_telemetry__traits.hpp
[30.147s] -- Installing: /home/rhobtor/PHD/ARGOJ8_IA/ARGOSJ8_IA_/install/argj801_sensors_msgs/include/argj801_sensors_msgs/argj801_sensors_msgs/msg/detail/odometer__traits.hpp
[30.147s] -- Installing: /home/rhobtor/PHD/ARGOJ8_IA/ARGOSJ8_IA_/install/argj801_sensors_msgs/include/argj801_sensors_msgs/argj801_sensors_msgs/msg/motor_telemetry.hpp
[30.147s] -- Up-to-date: /home/rhobtor/PHD/ARGOJ8_IA/ARGOSJ8_IA_/install/argj801_sensors_msgs/include/argj801_sensors_msgs/argj801_sensors_msgs
[30.147s] -- Up-to-date: /home/rhobtor/PHD/ARGOJ8_IA/ARGOSJ8_IA_/install/argj801_sensors_msgs/include/argj801_sensors_msgs/argj801_sensors_msgs/msg
[30.147s] -- Installing: /home/rhobtor/PHD/ARGOJ8_IA/ARGOSJ8_IA_/install/argj801_sensors_msgs/include/argj801_sensors_msgs/argj801_sensors_msgs/msg/rosidl_typesupport_fastrtps_cpp__visibility_control.h
[30.147s] -- Up-to-date: /home/rhobtor/PHD/ARGOJ8_IA/ARGOSJ8_IA_/install/argj801_sensors_msgs/include/argj801_sensors_msgs/argj801_sensors_msgs/msg/detail
[30.147s] -- Installing: /home/rhobtor/PHD/ARGOJ8_IA/ARGOSJ8_IA_/install/argj801_sensors_msgs/include/argj801_sensors_msgs/argj801_sensors_msgs/msg/detail/motor_telemetry__rosidl_typesupport_fastrtps_cpp.hpp
[30.147s] -- Installing: /home/rhobtor/PHD/ARGOJ8_IA/ARGOSJ8_IA_/install/argj801_sensors_msgs/include/argj801_sensors_msgs/argj801_sensors_msgs/msg/detail/dds_fastrtps
[30.147s] -- Installing: /home/rhobtor/PHD/ARGOJ8_IA/ARGOSJ8_IA_/install/argj801_sensors_msgs/include/argj801_sensors_msgs/argj801_sensors_msgs/msg/detail/odometer__rosidl_typesupport_fastrtps_cpp.hpp
[30.148s] -- Installing: /home/rhobtor/PHD/ARGOJ8_IA/ARGOSJ8_IA_/install/argj801_sensors_msgs/lib/libargj801_sensors_msgs__rosidl_typesupport_fastrtps_cpp.so
[30.148s] -- Set non-toolchain portion of runtime path of "/home/rhobtor/PHD/ARGOJ8_IA/ARGOSJ8_IA_/install/argj801_sensors_msgs/lib/libargj801_sensors_msgs__rosidl_typesupport_fastrtps_cpp.so" to ""
[30.148s] -- Up-to-date: /home/rhobtor/PHD/ARGOJ8_IA/ARGOSJ8_IA_/install/argj801_sensors_msgs/include/argj801_sensors_msgs/argj801_sensors_msgs
[30.148s] -- Up-to-date: /home/rhobtor/PHD/ARGOJ8_IA/ARGOSJ8_IA_/install/argj801_sensors_msgs/include/argj801_sensors_msgs/argj801_sensors_msgs/msg
[30.156s] -- Up-to-date: /home/rhobtor/PHD/ARGOJ8_IA/ARGOSJ8_IA_/install/argj801_sensors_msgs/include/argj801_sensors_msgs/argj801_sensors_msgs/msg/detail
[30.156s] -- Installing: /home/rhobtor/PHD/ARGOJ8_IA/ARGOSJ8_IA_/install/argj801_sensors_msgs/include/argj801_sensors_msgs/argj801_sensors_msgs/msg/detail/odometer__type_support.cpp
[30.156s] -- Installing: /home/rhobtor/PHD/ARGOJ8_IA/ARGOSJ8_IA_/install/argj801_sensors_msgs/include/argj801_sensors_msgs/argj801_sensors_msgs/msg/detail/odometer__rosidl_typesupport_introspection_cpp.hpp
[30.156s] -- Installing: /home/rhobtor/PHD/ARGOJ8_IA/ARGOSJ8_IA_/install/argj801_sensors_msgs/include/argj801_sensors_msgs/argj801_sensors_msgs/msg/detail/motor_telemetry__rosidl_typesupport_introspection_cpp.hpp
[30.156s] -- Installing: /home/rhobtor/PHD/ARGOJ8_IA/ARGOSJ8_IA_/install/argj801_sensors_msgs/include/argj801_sensors_msgs/argj801_sensors_msgs/msg/detail/motor_telemetry__type_support.cpp
[30.156s] -- Installing: /home/rhobtor/PHD/ARGOJ8_IA/ARGOSJ8_IA_/install/argj801_sensors_msgs/lib/libargj801_sensors_msgs__rosidl_typesupport_introspection_cpp.so
[30.156s] -- Set non-toolchain portion of runtime path of "/home/rhobtor/PHD/ARGOJ8_IA/ARGOSJ8_IA_/install/argj801_sensors_msgs/lib/libargj801_sensors_msgs__rosidl_typesupport_introspection_cpp.so" to ""
[30.157s] -- Installing: /home/rhobtor/PHD/ARGOJ8_IA/ARGOSJ8_IA_/install/argj801_sensors_msgs/lib/libargj801_sensors_msgs__rosidl_typesupport_cpp.so
[30.157s] -- Set non-toolchain portion of runtime path of "/home/rhobtor/PHD/ARGOJ8_IA/ARGOSJ8_IA_/install/argj801_sensors_msgs/lib/libargj801_sensors_msgs__rosidl_typesupport_cpp.so" to ""
[30.157s] -- Installing: /home/rhobtor/PHD/ARGOJ8_IA/ARGOSJ8_IA_/install/argj801_sensors_msgs/share/argj801_sensors_msgs/environment/pythonpath.sh
[30.157s] -- Installing: /home/rhobtor/PHD/ARGOJ8_IA/ARGOSJ8_IA_/install/argj801_sensors_msgs/share/argj801_sensors_msgs/environment/pythonpath.dsv
[30.157s] -- Installing: /home/rhobtor/PHD/ARGOJ8_IA/ARGOSJ8_IA_/install/argj801_sensors_msgs/local/lib/python3.10/dist-packages/argj801_sensors_msgs-0.0.0-py3.10.egg-info
[30.157s] -- Installing: /home/rhobtor/PHD/ARGOJ8_IA/ARGOSJ8_IA_/install/argj801_sensors_msgs/local/lib/python3.10/dist-packages/argj801_sensors_msgs-0.0.0-py3.10.egg-info/top_level.txt
[30.157s] -- Installing: /home/rhobtor/PHD/ARGOJ8_IA/ARGOSJ8_IA_/install/argj801_sensors_msgs/local/lib/python3.10/dist-packages/argj801_sensors_msgs-0.0.0-py3.10.egg-info/SOURCES.txt
[30.157s] -- Installing: /home/rhobtor/PHD/ARGOJ8_IA/ARGOSJ8_IA_/install/argj801_sensors_msgs/local/lib/python3.10/dist-packages/argj801_sensors_msgs-0.0.0-py3.10.egg-info/PKG-INFO
[30.157s] -- Installing: /home/rhobtor/PHD/ARGOJ8_IA/ARGOSJ8_IA_/install/argj801_sensors_msgs/local/lib/python3.10/dist-packages/argj801_sensors_msgs-0.0.0-py3.10.egg-info/dependency_links.txt
[30.157s] -- Installing: /home/rhobtor/PHD/ARGOJ8_IA/ARGOSJ8_IA_/install/argj801_sensors_msgs/local/lib/python3.10/dist-packages/argj801_sensors_msgs
[30.157s] -- Installing: /home/rhobtor/PHD/ARGOJ8_IA/ARGOSJ8_IA_/install/argj801_sensors_msgs/local/lib/python3.10/dist-packages/argj801_sensors_msgs/_argj801_sensors_msgs_s.ep.rosidl_typesupport_introspection_c.c
[30.157s] -- Installing: /home/rhobtor/PHD/ARGOJ8_IA/ARGOSJ8_IA_/install/argj801_sensors_msgs/local/lib/python3.10/dist-packages/argj801_sensors_msgs/argj801_sensors_msgs_s__rosidl_typesupport_c.cpython-310-x86_64-linux-gnu.so
[30.157s] -- Installing: /home/rhobtor/PHD/ARGOJ8_IA/ARGOSJ8_IA_/install/argj801_sensors_msgs/local/lib/python3.10/dist-packages/argj801_sensors_msgs/argj801_sensors_msgs_s__rosidl_typesupport_fastrtps_c.cpython-310-x86_64-linux-gnu.so
[30.158s] -- Installing: /home/rhobtor/PHD/ARGOJ8_IA/ARGOSJ8_IA_/install/argj801_sensors_msgs/local/lib/python3.10/dist-packages/argj801_sensors_msgs/libargj801_sensors_msgs__rosidl_generator_py.so
[30.158s] -- Installing: /home/rhobtor/PHD/ARGOJ8_IA/ARGOSJ8_IA_/install/argj801_sensors_msgs/local/lib/python3.10/dist-packages/argj801_sensors_msgs/__init__.py
[30.158s] -- Installing: /home/rhobtor/PHD/ARGOJ8_IA/ARGOSJ8_IA_/install/argj801_sensors_msgs/local/lib/python3.10/dist-packages/argj801_sensors_msgs/argj801_sensors_msgs_s__rosidl_typesupport_introspection_c.cpython-310-x86_64-linux-gnu.so
[30.158s] -- Installing: /home/rhobtor/PHD/ARGOJ8_IA/ARGOSJ8_IA_/install/argj801_sensors_msgs/local/lib/python3.10/dist-packages/argj801_sensors_msgs/_argj801_sensors_msgs_s.ep.rosidl_typesupport_c.c
[30.158s] -- Installing: /home/rhobtor/PHD/ARGOJ8_IA/ARGOSJ8_IA_/install/argj801_sensors_msgs/local/lib/python3.10/dist-packages/argj801_sensors_msgs/_argj801_sensors_msgs_s.ep.rosidl_typesupport_fastrtps_c.c
[30.158s] -- Installing: /home/rhobtor/PHD/ARGOJ8_IA/ARGOSJ8_IA_/install/argj801_sensors_msgs/local/lib/python3.10/dist-packages/argj801_sensors_msgs/msg
[30.158s] -- Installing: /home/rhobtor/PHD/ARGOJ8_IA/ARGOSJ8_IA_/install/argj801_sensors_msgs/local/lib/python3.10/dist-packages/argj801_sensors_msgs/msg/_motor_telemetry_s.c
[30.158s] -- Installing: /home/rhobtor/PHD/ARGOJ8_IA/ARGOSJ8_IA_/install/argj801_sensors_msgs/local/lib/python3.10/dist-packages/argj801_sensors_msgs/msg/_motor_telemetry.py
[30.158s] -- Installing: /home/rhobtor/PHD/ARGOJ8_IA/ARGOSJ8_IA_/install/argj801_sensors_msgs/local/lib/python3.10/dist-packages/argj801_sensors_msgs/msg/__init__.py
[30.158s] -- Installing: /home/rhobtor/PHD/ARGOJ8_IA/ARGOSJ8_IA_/install/argj801_sensors_msgs/local/lib/python3.10/dist-packages/argj801_sensors_msgs/msg/_odometer_s.c
[30.158s] -- Installing: /home/rhobtor/PHD/ARGOJ8_IA/ARGOSJ8_IA_/install/argj801_sensors_msgs/local/lib/python3.10/dist-packages/argj801_sensors_msgs/msg/_odometer.py
[30.158s] Listing '/home/rhobtor/PHD/ARGOJ8_IA/ARGOSJ8_IA_/install/argj801_sensors_msgs/local/lib/python3.10/dist-packages/argj801_sensors_msgs'...
[30.158s] Compiling '/home/rhobtor/PHD/ARGOJ8_IA/ARGOSJ8_IA_/install/argj801_sensors_msgs/local/lib/python3.10/dist-packages/argj801_sensors_msgs/__init__.py'...
[30.158s] Listing '/home/rhobtor/PHD/ARGOJ8_IA/ARGOSJ8_IA_/install/argj801_sensors_msgs/local/lib/python3.10/dist-packages/argj801_sensors_msgs/msg'...
[30.159s] Compiling '/home/rhobtor/PHD/ARGOJ8_IA/ARGOSJ8_IA_/install/argj801_sensors_msgs/local/lib/python3.10/dist-packages/argj801_sensors_msgs/msg/__init__.py'...
[30.159s] Compiling '/home/rhobtor/PHD/ARGOJ8_IA/ARGOSJ8_IA_/install/argj801_sensors_msgs/local/lib/python3.10/dist-packages/argj801_sensors_msgs/msg/_motor_telemetry.py'...
[30.159s] Compiling '/home/rhobtor/PHD/ARGOJ8_IA/ARGOSJ8_IA_/install/argj801_sensors_msgs/local/lib/python3.10/dist-packages/argj801_sensors_msgs/msg/_odometer.py'...
[30.159s] -- Installing: /home/rhobtor/PHD/ARGOJ8_IA/ARGOSJ8_IA_/install/argj801_sensors_msgs/local/lib/python3.10/dist-packages/argj801_sensors_msgs/argj801_sensors_msgs_s__rosidl_typesupport_fastrtps_c.cpython-310-x86_64-linux-gnu.so
[30.159s] -- Set non-toolchain portion of runtime path of "/home/rhobtor/PHD/ARGOJ8_IA/ARGOSJ8_IA_/install/argj801_sensors_msgs/local/lib/python3.10/dist-packages/argj801_sensors_msgs/argj801_sensors_msgs_s__rosidl_typesupport_fastrtps_c.cpython-310-x86_64-linux-gnu.so" to ""
[30.159s] -- Installing: /home/rhobtor/PHD/ARGOJ8_IA/ARGOSJ8_IA_/install/argj801_sensors_msgs/local/lib/python3.10/dist-packages/argj801_sensors_msgs/argj801_sensors_msgs_s__rosidl_typesupport_introspection_c.cpython-310-x86_64-linux-gnu.so
[30.159s] -- Set non-toolchain portion of runtime path of "/home/rhobtor/PHD/ARGOJ8_IA/ARGOSJ8_IA_/install/argj801_sensors_msgs/local/lib/python3.10/dist-packages/argj801_sensors_msgs/argj801_sensors_msgs_s__rosidl_typesupport_introspection_c.cpython-310-x86_64-linux-gnu.so" to ""
[30.159s] -- Installing: /home/rhobtor/PHD/ARGOJ8_IA/ARGOSJ8_IA_/install/argj801_sensors_msgs/local/lib/python3.10/dist-packages/argj801_sensors_msgs/argj801_sensors_msgs_s__rosidl_typesupport_c.cpython-310-x86_64-linux-gnu.so
[30.159s] -- Set non-toolchain portion of runtime path of "/home/rhobtor/PHD/ARGOJ8_IA/ARGOSJ8_IA_/install/argj801_sensors_msgs/local/lib/python3.10/dist-packages/argj801_sensors_msgs/argj801_sensors_msgs_s__rosidl_typesupport_c.cpython-310-x86_64-linux-gnu.so" to ""
[30.159s] -- Installing: /home/rhobtor/PHD/ARGOJ8_IA/ARGOSJ8_IA_/install/argj801_sensors_msgs/lib/libargj801_sensors_msgs__rosidl_generator_py.so
[30.159s] -- Set non-toolchain portion of runtime path of "/home/rhobtor/PHD/ARGOJ8_IA/ARGOSJ8_IA_/install/argj801_sensors_msgs/lib/libargj801_sensors_msgs__rosidl_generator_py.so" to ""
[30.159s] -- Installing: /home/rhobtor/PHD/ARGOJ8_IA/ARGOSJ8_IA_/install/argj801_sensors_msgs/share/argj801_sensors_msgs/msg/MotorTelemetry.idl
[30.159s] -- Installing: /home/rhobtor/PHD/ARGOJ8_IA/ARGOSJ8_IA_/install/argj801_sensors_msgs/share/argj801_sensors_msgs/msg/Odometer.idl
[30.179s] -- Installing: /home/rhobtor/PHD/ARGOJ8_IA/ARGOSJ8_IA_/install/argj801_sensors_msgs/share/argj801_sensors_msgs/msg/MotorTelemetry.msg
[30.180s] -- Installing: /home/rhobtor/PHD/ARGOJ8_IA/ARGOSJ8_IA_/install/argj801_sensors_msgs/share/argj801_sensors_msgs/msg/Odometer.msg
[30.180s] -- Installing: /home/rhobtor/PHD/ARGOJ8_IA/ARGOSJ8_IA_/install/argj801_sensors_msgs/share/ament_index/resource_index/package_run_dependencies/argj801_sensors_msgs
[30.180s] -- Installing: /home/rhobtor/PHD/ARGOJ8_IA/ARGOSJ8_IA_/install/argj801_sensors_msgs/share/ament_index/resource_index/parent_prefix_path/argj801_sensors_msgs
[30.180s] -- Installing: /home/rhobtor/PHD/ARGOJ8_IA/ARGOSJ8_IA_/install/argj801_sensors_msgs/share/argj801_sensors_msgs/environment/ament_prefix_path.sh
[30.181s] -- Installing: /home/rhobtor/PHD/ARGOJ8_IA/ARGOSJ8_IA_/install/argj801_sensors_msgs/share/argj801_sensors_msgs/environment/ament_prefix_path.dsv
[30.181s] -- Installing: /home/rhobtor/PHD/ARGOJ8_IA/ARGOSJ8_IA_/install/argj801_sensors_msgs/share/argj801_sensors_msgs/environment/path.sh
[30.181s] -- Installing: /home/rhobtor/PHD/ARGOJ8_IA/ARGOSJ8_IA_/install/argj801_sensors_msgs/share/argj801_sensors_msgs/environment/path.dsv
[30.181s] -- Installing: /home/rhobtor/PHD/ARGOJ8_IA/ARGOSJ8_IA_/install/argj801_sensors_msgs/share/argj801_sensors_msgs/local_setup.bash
[30.181s] -- Installing: /home/rhobtor/PHD/ARGOJ8_IA/ARGOSJ8_IA_/install/argj801_sensors_msgs/share/argj801_sensors_msgs/local_setup.sh
[30.181s] -- Installing: /home/rhobtor/PHD/ARGOJ8_IA/ARGOSJ8_IA_/install/argj801_sensors_msgs/share/argj801_sensors_msgs/local_setup.zsh
[30.181s] -- Installing: /home/rhobtor/PHD/ARGOJ8_IA/ARGOSJ8_IA_/install/argj801_sensors_msgs/share/argj801_sensors_msgs/local_setup.dsv
[30.181s] -- Installing: /home/rhobtor/PHD/ARGOJ8_IA/ARGOSJ8_IA_/install/argj801_sensors_msgs/share/argj801_sensors_msgs/package.dsv
[30.181s] -- Installing: /home/rhobtor/PHD/ARGOJ8_IA/ARGOSJ8_IA_/install/argj801_sensors_msgs/share/ament_index/resource_index/packages/argj801_sensors_msgs
[30.181s] -- Installing: /home/rhobtor/PHD/ARGOJ8_IA/ARGOSJ8_IA_/install/argj801_sensors_msgs/share/argj801_sensors_msgs/cmake/export_argj801_sensors_msgs__rosidl_generator_cExport.cmake
[30.181s] -- Installing: /home/rhobtor/PHD/ARGOJ8_IA/ARGOSJ8_IA_/install/argj801_sensors_msgs/share/argj801_sensors_msgs/cmake/export_argj801_sensors_msgs__rosidl_generator_cExport-noconfig.cmake
[30.181s] -- Installing: /home/rhobtor/PHD/ARGOJ8_IA/ARGOSJ8_IA_/install/argj801_sensors_msgs/share/argj801_sensors_msgs/cmake/export_argj801_sensors_msgs__rosidl_typesupport_fastrtps_cExport.cmake
[30.181s] -- Installing: /home/rhobtor/PHD/ARGOJ8_IA/ARGOSJ8_IA_/install/argj801_sensors_msgs/share/argj801_sensors_msgs/cmake/export_argj801_sensors_msgs__rosidl_typesupport_fastrtps_cExport-noconfig.cmake
[30.181s] -- Installing: /home/rhobtor/PHD/ARGOJ8_IA/ARGOSJ8_IA_/install/argj801_sensors_msgs/share/argj801_sensors_msgs/cmake/argj801_sensors_msgs__rosidl_typesupport_introspection_cExport.cmake
[30.182s] -- Installing: /home/rhobtor/PHD/ARGOJ8_IA/ARGOSJ8_IA_/install/argj801_sensors_msgs/share/argj801_sensors_msgs/cmake/argj801_sensors_msgs__rosidl_typesupport_introspection_cExport-noconfig.cmake
[30.182s] -- Installing: /home/rhobtor/PHD/ARGOJ8_IA/ARGOSJ8_IA_/install/argj801_sensors_msgs/share/argj801_sensors_msgs/cmake/argj801_sensors_msgs__rosidl_typesupport_cExport.cmake
[30.182s] -- Installing: /home/rhobtor/PHD/ARGOJ8_IA/ARGOSJ8_IA_/install/argj801_sensors_msgs/share/argj801_sensors_msgs/cmake/argj801_sensors_msgs__rosidl_typesupport_cExport-noconfig.cmake
[30.182s] -- Installing: /home/rhobtor/PHD/ARGOJ8_IA/ARGOSJ8_IA_/install/argj801_sensors_msgs/share/argj801_sensors_msgs/cmake/export_argj801_sensors_msgs__rosidl_generator_cppExport.cmake
[30.183s] -- Installing: /home/rhobtor/PHD/ARGOJ8_IA/ARGOSJ8_IA_/install/argj801_sensors_msgs/share/argj801_sensors_msgs/cmake/export_argj801_sensors_msgs__rosidl_typesupport_fastrtps_cppExport.cmake
[30.183s] -- Installing: /home/rhobtor/PHD/ARGOJ8_IA/ARGOSJ8_IA_/install/argj801_sensors_msgs/share/argj801_sensors_msgs/cmake/export_argj801_sensors_msgs__rosidl_typesupport_fastrtps_cppExport-noconfig.cmake
[30.183s] -- Installing: /home/rhobtor/PHD/ARGOJ8_IA/ARGOSJ8_IA_/install/argj801_sensors_msgs/share/argj801_sensors_msgs/cmake/argj801_sensors_msgs__rosidl_typesupport_introspection_cppExport.cmake
[30.183s] -- Installing: /home/rhobtor/PHD/ARGOJ8_IA/ARGOSJ8_IA_/install/argj801_sensors_msgs/share/argj801_sensors_msgs/cmake/argj801_sensors_msgs__rosidl_typesupport_introspection_cppExport-noconfig.cmake
[30.183s] -- Installing: /home/rhobtor/PHD/ARGOJ8_IA/ARGOSJ8_IA_/install/argj801_sensors_msgs/share/argj801_sensors_msgs/cmake/argj801_sensors_msgs__rosidl_typesupport_cppExport.cmake
[30.183s] -- Installing: /home/rhobtor/PHD/ARGOJ8_IA/ARGOSJ8_IA_/install/argj801_sensors_msgs/share/argj801_sensors_msgs/cmake/argj801_sensors_msgs__rosidl_typesupport_cppExport-noconfig.cmake
[30.183s] -- Installing: /home/rhobtor/PHD/ARGOJ8_IA/ARGOSJ8_IA_/install/argj801_sensors_msgs/share/argj801_sensors_msgs/cmake/export_argj801_sensors_msgs__rosidl_generator_pyExport.cmake
[30.183s] -- Installing: /home/rhobtor/PHD/ARGOJ8_IA/ARGOSJ8_IA_/install/argj801_sensors_msgs/share/argj801_sensors_msgs/cmake/export_argj801_sensors_msgs__rosidl_generator_pyExport-noconfig.cmake
[30.183s] -- Installing: /home/rhobtor/PHD/ARGOJ8_IA/ARGOSJ8_IA_/install/argj801_sensors_msgs/share/argj801_sensors_msgs/cmake/rosidl_cmake-extras.cmake
[30.183s] -- Installing: /home/rhobtor/PHD/ARGOJ8_IA/ARGOSJ8_IA_/install/argj801_sensors_msgs/share/argj801_sensors_msgs/cmake/ament_cmake_export_dependencies-extras.cmake
[30.183s] -- Installing: /home/rhobtor/PHD/ARGOJ8_IA/ARGOSJ8_IA_/install/argj801_sensors_msgs/share/argj801_sensors_msgs/cmake/ament_cmake_export_include_directories-extras.cmake
[30.183s] -- Installing: /home/rhobtor/PHD/ARGOJ8_IA/ARGOSJ8_IA_/install/argj801_sensors_msgs/share/argj801_sensors_msgs/cmake/ament_cmake_export_libraries-extras.cmake
[30.183s] -- Installing: /home/rhobtor/PHD/ARGOJ8_IA/ARGOSJ8_IA_/install/argj801_sensors_msgs/share/argj801_sensors_msgs/cmake/ament_cmake_export_targets-extras.cmake
[30.183s] -- Installing: /home/rhobtor/PHD/ARGOJ8_IA/ARGOSJ8_IA_/install/argj801_sensors_msgs/share/argj801_sensors_msgs/cmake/rosidl_cmake_export_typesupport_targets-extras.cmake
[30.184s] -- Installing: /home/rhobtor/PHD/ARGOJ8_IA/ARGOSJ8_IA_/install/argj801_sensors_msgs/share/argj801_sensors_msgs/cmake/rosidl_cmake_export_typesupport_libraries-extras.cmake
[30.184s] -- Installing: /home/rhobtor/PHD/ARGOJ8_IA/ARGOSJ8_IA_/install/argj801_sensors_msgs/share/argj801_sensors_msgs/cmake/argj801_sensors_msgsConfig.cmake
[30.189s] -- Installing: /home/rhobtor/PHD/ARGOJ8_IA/ARGOSJ8_IA_/install/argj801_sensors_msgs/share/argj801_sensors_msgs/cmake/argj801_sensors_msgsConfig-version.cmake
[30.189s] -- Installing: /home/rhobtor/PHD/ARGOJ8_IA/ARGOSJ8_IA_/install/argj801_sensors_msgs/share/argj801_sensors_msgs/package.xml
[30.212s] Invoked command in '/home/rhobtor/PHD/ARGOJ8_IA/ARGOSJ8_IA_/build/argj801_sensors_msgs' returned '0': CMAKE_PREFIX_PATH=${CMAKE_PREFIX_PATH}:/home/rhobtor/PHD/reactive/Reactive-Navegation/workspace_full_conected/install/car:/opt/ros/humble /opt/st/stm32cubeclt_1.18.0/CMake/bin/cmake --install /home/rhobtor/PHD/ARGOJ8_IA/ARGOSJ8_IA_/build/argj801_sensors_msgs
